
 /----------------------------------------------------------------------------\
 |  yosys -- Yosys Open SYnthesis Suite                                       |
 |  Copyright (C) 2012 - 2026  Claire Xenia Wolf <claire@yosyshq.com>         |
 |  Distributed under an ISC-like license, type "license" to see terms        |
 \----------------------------------------------------------------------------/
 Yosys 0.64 (git sha1 6d2c445ae, g++ 13.3.0-6ubuntu2~24.04.1 -fPIC -O3)

1. Executing Verilog-2005 frontend: /foss/designs/acoustic-ranger-dvl-processor/layout/digital/i2c_wb_master/runs/RUN_2026-08-31_15-54-07/tmp/572028f0799144e6ba908f4819b4e7ae.bb.v
Parsing SystemVerilog input from `/foss/designs/acoustic-ranger-dvl-processor/layout/digital/i2c_wb_master/runs/RUN_2026-08-31_15-54-07/tmp/572028f0799144e6ba908f4819b4e7ae.bb.v' to AST representation.
Generating RTLIL representation for module `\gf180mcu_fd_sc_mcu7t5v0__addf_1'.
Generating RTLIL representation for module `\gf180mcu_fd_sc_mcu7t5v0__addf_2'.
Generating RTLIL representation for module `\gf180mcu_fd_sc_mcu7t5v0__addf_4'.
Generating RTLIL representation for module `\gf180mcu_fd_sc_mcu7t5v0__addf_func'.
Generating RTLIL representation for module `\gf180mcu_fd_sc_mcu7t5v0__addh_1'.
Generating RTLIL representation for module `\gf180mcu_fd_sc_mcu7t5v0__addh_2'.
Generating RTLIL representation for module `\gf180mcu_fd_sc_mcu7t5v0__addh_4'.
Generating RTLIL representation for module `\gf180mcu_fd_sc_mcu7t5v0__addh_func'.
Generating RTLIL representation for module `\gf180mcu_fd_sc_mcu7t5v0__and2_1'.
Generating RTLIL representation for module `\gf180mcu_fd_sc_mcu7t5v0__and2_2'.
Generating RTLIL representation for module `\gf180mcu_fd_sc_mcu7t5v0__and2_4'.
Generating RTLIL representation for module `\gf180mcu_fd_sc_mcu7t5v0__and2_func'.
Generating RTLIL representation for module `\gf180mcu_fd_sc_mcu7t5v0__and3_1'.
Generating RTLIL representation for module `\gf180mcu_fd_sc_mcu7t5v0__and3_2'.
Generating RTLIL representation for module `\gf180mcu_fd_sc_mcu7t5v0__and3_4'.
Generating RTLIL representation for module `\gf180mcu_fd_sc_mcu7t5v0__and3_func'.
Generating RTLIL representation for module `\gf180mcu_fd_sc_mcu7t5v0__and4_1'.
Generating RTLIL representation for module `\gf180mcu_fd_sc_mcu7t5v0__and4_2'.
Generating RTLIL representation for module `\gf180mcu_fd_sc_mcu7t5v0__and4_4'.
Generating RTLIL representation for module `\gf180mcu_fd_sc_mcu7t5v0__and4_func'.
Generating RTLIL representation for module `\gf180mcu_fd_sc_mcu7t5v0__antenna'.
Generating RTLIL representation for module `\gf180mcu_fd_sc_mcu7t5v0__antenna_func'.
Generating RTLIL representation for module `\gf180mcu_fd_sc_mcu7t5v0__aoi211_1'.
Generating RTLIL representation for module `\gf180mcu_fd_sc_mcu7t5v0__aoi211_2'.
Generating RTLIL representation for module `\gf180mcu_fd_sc_mcu7t5v0__aoi211_4'.
Generating RTLIL representation for module `\gf180mcu_fd_sc_mcu7t5v0__aoi211_func'.
Generating RTLIL representation for module `\gf180mcu_fd_sc_mcu7t5v0__aoi21_1'.
Generating RTLIL representation for module `\gf180mcu_fd_sc_mcu7t5v0__aoi21_2'.
Generating RTLIL representation for module `\gf180mcu_fd_sc_mcu7t5v0__aoi21_4'.
Generating RTLIL representation for module `\gf180mcu_fd_sc_mcu7t5v0__aoi21_func'.
Generating RTLIL representation for module `\gf180mcu_fd_sc_mcu7t5v0__aoi221_1'.
Generating RTLIL representation for module `\gf180mcu_fd_sc_mcu7t5v0__aoi221_2'.
Generating RTLIL representation for module `\gf180mcu_fd_sc_mcu7t5v0__aoi221_4'.
Generating RTLIL representation for module `\gf180mcu_fd_sc_mcu7t5v0__aoi221_func'.
Generating RTLIL representation for module `\gf180mcu_fd_sc_mcu7t5v0__aoi222_1'.
Generating RTLIL representation for module `\gf180mcu_fd_sc_mcu7t5v0__aoi222_2'.
Generating RTLIL representation for module `\gf180mcu_fd_sc_mcu7t5v0__aoi222_4'.
Generating RTLIL representation for module `\gf180mcu_fd_sc_mcu7t5v0__aoi222_func'.
Generating RTLIL representation for module `\gf180mcu_fd_sc_mcu7t5v0__aoi22_1'.
Generating RTLIL representation for module `\gf180mcu_fd_sc_mcu7t5v0__aoi22_2'.
Generating RTLIL representation for module `\gf180mcu_fd_sc_mcu7t5v0__aoi22_4'.
Generating RTLIL representation for module `\gf180mcu_fd_sc_mcu7t5v0__aoi22_func'.
Generating RTLIL representation for module `\gf180mcu_fd_sc_mcu7t5v0__buf_1'.
Generating RTLIL representation for module `\gf180mcu_fd_sc_mcu7t5v0__buf_12'.
Generating RTLIL representation for module `\gf180mcu_fd_sc_mcu7t5v0__buf_16'.
Generating RTLIL representation for module `\gf180mcu_fd_sc_mcu7t5v0__buf_2'.
Generating RTLIL representation for module `\gf180mcu_fd_sc_mcu7t5v0__buf_20'.
Generating RTLIL representation for module `\gf180mcu_fd_sc_mcu7t5v0__buf_3'.
Generating RTLIL representation for module `\gf180mcu_fd_sc_mcu7t5v0__buf_4'.
Generating RTLIL representation for module `\gf180mcu_fd_sc_mcu7t5v0__buf_8'.
Generating RTLIL representation for module `\gf180mcu_fd_sc_mcu7t5v0__buf_func'.
Generating RTLIL representation for module `\gf180mcu_fd_sc_mcu7t5v0__bufz_1'.
Generating RTLIL representation for module `\gf180mcu_fd_sc_mcu7t5v0__bufz_12'.
Generating RTLIL representation for module `\gf180mcu_fd_sc_mcu7t5v0__bufz_16'.
Generating RTLIL representation for module `\gf180mcu_fd_sc_mcu7t5v0__bufz_2'.
Generating RTLIL representation for module `\gf180mcu_fd_sc_mcu7t5v0__bufz_3'.
Generating RTLIL representation for module `\gf180mcu_fd_sc_mcu7t5v0__bufz_4'.
Generating RTLIL representation for module `\gf180mcu_fd_sc_mcu7t5v0__bufz_8'.
Generating RTLIL representation for module `\gf180mcu_fd_sc_mcu7t5v0__bufz_func'.
Generating RTLIL representation for module `\gf180mcu_fd_sc_mcu7t5v0__clkbuf_1'.
Generating RTLIL representation for module `\gf180mcu_fd_sc_mcu7t5v0__clkbuf_12'.
Generating RTLIL representation for module `\gf180mcu_fd_sc_mcu7t5v0__clkbuf_16'.
Generating RTLIL representation for module `\gf180mcu_fd_sc_mcu7t5v0__clkbuf_2'.
Generating RTLIL representation for module `\gf180mcu_fd_sc_mcu7t5v0__clkbuf_20'.
Generating RTLIL representation for module `\gf180mcu_fd_sc_mcu7t5v0__clkbuf_3'.
Generating RTLIL representation for module `\gf180mcu_fd_sc_mcu7t5v0__clkbuf_4'.
Generating RTLIL representation for module `\gf180mcu_fd_sc_mcu7t5v0__clkbuf_8'.
Generating RTLIL representation for module `\gf180mcu_fd_sc_mcu7t5v0__clkbuf_func'.
Generating RTLIL representation for module `\gf180mcu_fd_sc_mcu7t5v0__clkinv_1'.
Generating RTLIL representation for module `\gf180mcu_fd_sc_mcu7t5v0__clkinv_12'.
Generating RTLIL representation for module `\gf180mcu_fd_sc_mcu7t5v0__clkinv_16'.
Generating RTLIL representation for module `\gf180mcu_fd_sc_mcu7t5v0__clkinv_2'.
Generating RTLIL representation for module `\gf180mcu_fd_sc_mcu7t5v0__clkinv_20'.
Generating RTLIL representation for module `\gf180mcu_fd_sc_mcu7t5v0__clkinv_3'.
Generating RTLIL representation for module `\gf180mcu_fd_sc_mcu7t5v0__clkinv_4'.
Generating RTLIL representation for module `\gf180mcu_fd_sc_mcu7t5v0__clkinv_8'.
Generating RTLIL representation for module `\gf180mcu_fd_sc_mcu7t5v0__clkinv_func'.
Generating RTLIL representation for module `\gf180mcu_fd_sc_mcu7t5v0__dffnq_1'.
Generating RTLIL representation for module `\gf180mcu_fd_sc_mcu7t5v0__dffnq_2'.
Generating RTLIL representation for module `\gf180mcu_fd_sc_mcu7t5v0__dffnq_4'.
Generating RTLIL representation for module `\gf180mcu_fd_sc_mcu7t5v0__dffnq_func'.
Generating RTLIL representation for module `\gf180mcu_fd_sc_mcu7t5v0__dffnrnq_1'.
Generating RTLIL representation for module `\gf180mcu_fd_sc_mcu7t5v0__dffnrnq_2'.
Generating RTLIL representation for module `\gf180mcu_fd_sc_mcu7t5v0__dffnrnq_4'.
Generating RTLIL representation for module `\gf180mcu_fd_sc_mcu7t5v0__dffnrnq_func'.
Generating RTLIL representation for module `\gf180mcu_fd_sc_mcu7t5v0__dffnrsnq_1'.
Generating RTLIL representation for module `\gf180mcu_fd_sc_mcu7t5v0__dffnrsnq_2'.
Generating RTLIL representation for module `\gf180mcu_fd_sc_mcu7t5v0__dffnrsnq_4'.
Generating RTLIL representation for module `\gf180mcu_fd_sc_mcu7t5v0__dffnrsnq_func'.
Generating RTLIL representation for module `\gf180mcu_fd_sc_mcu7t5v0__dffnsnq_1'.
Generating RTLIL representation for module `\gf180mcu_fd_sc_mcu7t5v0__dffnsnq_2'.
Generating RTLIL representation for module `\gf180mcu_fd_sc_mcu7t5v0__dffnsnq_4'.
Generating RTLIL representation for module `\gf180mcu_fd_sc_mcu7t5v0__dffnsnq_func'.
Generating RTLIL representation for module `\gf180mcu_fd_sc_mcu7t5v0__dffq_1'.
Generating RTLIL representation for module `\gf180mcu_fd_sc_mcu7t5v0__dffq_2'.
Generating RTLIL representation for module `\gf180mcu_fd_sc_mcu7t5v0__dffq_4'.
Generating RTLIL representation for module `\gf180mcu_fd_sc_mcu7t5v0__dffq_func'.
Generating RTLIL representation for module `\gf180mcu_fd_sc_mcu7t5v0__dffrnq_1'.
Generating RTLIL representation for module `\gf180mcu_fd_sc_mcu7t5v0__dffrnq_2'.
Generating RTLIL representation for module `\gf180mcu_fd_sc_mcu7t5v0__dffrnq_4'.
Generating RTLIL representation for module `\gf180mcu_fd_sc_mcu7t5v0__dffrnq_func'.
Generating RTLIL representation for module `\gf180mcu_fd_sc_mcu7t5v0__dffrsnq_1'.
Generating RTLIL representation for module `\gf180mcu_fd_sc_mcu7t5v0__dffrsnq_2'.
Generating RTLIL representation for module `\gf180mcu_fd_sc_mcu7t5v0__dffrsnq_4'.
Generating RTLIL representation for module `\gf180mcu_fd_sc_mcu7t5v0__dffrsnq_func'.
Generating RTLIL representation for module `\gf180mcu_fd_sc_mcu7t5v0__dffsnq_1'.
Generating RTLIL representation for module `\gf180mcu_fd_sc_mcu7t5v0__dffsnq_2'.
Generating RTLIL representation for module `\gf180mcu_fd_sc_mcu7t5v0__dffsnq_4'.
Generating RTLIL representation for module `\gf180mcu_fd_sc_mcu7t5v0__dffsnq_func'.
Generating RTLIL representation for module `\gf180mcu_fd_sc_mcu7t5v0__dlya_1'.
Generating RTLIL representation for module `\gf180mcu_fd_sc_mcu7t5v0__dlya_2'.
Generating RTLIL representation for module `\gf180mcu_fd_sc_mcu7t5v0__dlya_4'.
Generating RTLIL representation for module `\gf180mcu_fd_sc_mcu7t5v0__dlya_func'.
Generating RTLIL representation for module `\gf180mcu_fd_sc_mcu7t5v0__dlyb_1'.
Generating RTLIL representation for module `\gf180mcu_fd_sc_mcu7t5v0__dlyb_2'.
Generating RTLIL representation for module `\gf180mcu_fd_sc_mcu7t5v0__dlyb_4'.
Generating RTLIL representation for module `\gf180mcu_fd_sc_mcu7t5v0__dlyb_func'.
Generating RTLIL representation for module `\gf180mcu_fd_sc_mcu7t5v0__dlyc_1'.
Generating RTLIL representation for module `\gf180mcu_fd_sc_mcu7t5v0__dlyc_2'.
Generating RTLIL representation for module `\gf180mcu_fd_sc_mcu7t5v0__dlyc_4'.
Generating RTLIL representation for module `\gf180mcu_fd_sc_mcu7t5v0__dlyc_func'.
Generating RTLIL representation for module `\gf180mcu_fd_sc_mcu7t5v0__dlyd_1'.
Generating RTLIL representation for module `\gf180mcu_fd_sc_mcu7t5v0__dlyd_2'.
Generating RTLIL representation for module `\gf180mcu_fd_sc_mcu7t5v0__dlyd_4'.
Generating RTLIL representation for module `\gf180mcu_fd_sc_mcu7t5v0__dlyd_func'.
Generating RTLIL representation for module `\gf180mcu_fd_sc_mcu7t5v0__endcap'.
Generating RTLIL representation for module `\gf180mcu_fd_sc_mcu7t5v0__endcap_func'.
Generating RTLIL representation for module `\gf180mcu_fd_sc_mcu7t5v0__fill_1'.
Generating RTLIL representation for module `\gf180mcu_fd_sc_mcu7t5v0__fill_16'.
Generating RTLIL representation for module `\gf180mcu_fd_sc_mcu7t5v0__fill_2'.
Generating RTLIL representation for module `\gf180mcu_fd_sc_mcu7t5v0__fill_32'.
Generating RTLIL representation for module `\gf180mcu_fd_sc_mcu7t5v0__fill_4'.
Generating RTLIL representation for module `\gf180mcu_fd_sc_mcu7t5v0__fill_64'.
Generating RTLIL representation for module `\gf180mcu_fd_sc_mcu7t5v0__fill_8'.
Generating RTLIL representation for module `\gf180mcu_fd_sc_mcu7t5v0__fill_func'.
Generating RTLIL representation for module `\gf180mcu_fd_sc_mcu7t5v0__fillcap_16'.
Generating RTLIL representation for module `\gf180mcu_fd_sc_mcu7t5v0__fillcap_32'.
Generating RTLIL representation for module `\gf180mcu_fd_sc_mcu7t5v0__fillcap_4'.
Generating RTLIL representation for module `\gf180mcu_fd_sc_mcu7t5v0__fillcap_64'.
Generating RTLIL representation for module `\gf180mcu_fd_sc_mcu7t5v0__fillcap_8'.
Generating RTLIL representation for module `\gf180mcu_fd_sc_mcu7t5v0__fillcap_func'.
Generating RTLIL representation for module `\gf180mcu_fd_sc_mcu7t5v0__filltie'.
Generating RTLIL representation for module `\gf180mcu_fd_sc_mcu7t5v0__filltie_func'.
Generating RTLIL representation for module `\gf180mcu_fd_sc_mcu7t5v0__hold'.
Generating RTLIL representation for module `\gf180mcu_fd_sc_mcu7t5v0__hold_func'.
Generating RTLIL representation for module `\gf180mcu_fd_sc_mcu7t5v0__icgtn_1'.
Generating RTLIL representation for module `\gf180mcu_fd_sc_mcu7t5v0__icgtn_2'.
Generating RTLIL representation for module `\gf180mcu_fd_sc_mcu7t5v0__icgtn_4'.
Generating RTLIL representation for module `\gf180mcu_fd_sc_mcu7t5v0__icgtn_func'.
Generating RTLIL representation for module `\gf180mcu_fd_sc_mcu7t5v0__icgtp_1'.
Generating RTLIL representation for module `\gf180mcu_fd_sc_mcu7t5v0__icgtp_2'.
Generating RTLIL representation for module `\gf180mcu_fd_sc_mcu7t5v0__icgtp_4'.
Generating RTLIL representation for module `\gf180mcu_fd_sc_mcu7t5v0__icgtp_func'.
Generating RTLIL representation for module `\gf180mcu_fd_sc_mcu7t5v0__inv_1'.
Generating RTLIL representation for module `\gf180mcu_fd_sc_mcu7t5v0__inv_12'.
Generating RTLIL representation for module `\gf180mcu_fd_sc_mcu7t5v0__inv_16'.
Generating RTLIL representation for module `\gf180mcu_fd_sc_mcu7t5v0__inv_2'.
Generating RTLIL representation for module `\gf180mcu_fd_sc_mcu7t5v0__inv_20'.
Generating RTLIL representation for module `\gf180mcu_fd_sc_mcu7t5v0__inv_3'.
Generating RTLIL representation for module `\gf180mcu_fd_sc_mcu7t5v0__inv_4'.
Generating RTLIL representation for module `\gf180mcu_fd_sc_mcu7t5v0__inv_8'.
Generating RTLIL representation for module `\gf180mcu_fd_sc_mcu7t5v0__inv_func'.
Generating RTLIL representation for module `\gf180mcu_fd_sc_mcu7t5v0__invz_1'.
Generating RTLIL representation for module `\gf180mcu_fd_sc_mcu7t5v0__invz_12'.
Generating RTLIL representation for module `\gf180mcu_fd_sc_mcu7t5v0__invz_16'.
Generating RTLIL representation for module `\gf180mcu_fd_sc_mcu7t5v0__invz_2'.
Generating RTLIL representation for module `\gf180mcu_fd_sc_mcu7t5v0__invz_3'.
Generating RTLIL representation for module `\gf180mcu_fd_sc_mcu7t5v0__invz_4'.
Generating RTLIL representation for module `\gf180mcu_fd_sc_mcu7t5v0__invz_8'.
Generating RTLIL representation for module `\gf180mcu_fd_sc_mcu7t5v0__invz_func'.
Generating RTLIL representation for module `\gf180mcu_fd_sc_mcu7t5v0__latq_1'.
Generating RTLIL representation for module `\gf180mcu_fd_sc_mcu7t5v0__latq_2'.
Generating RTLIL representation for module `\gf180mcu_fd_sc_mcu7t5v0__latq_4'.
Generating RTLIL representation for module `\gf180mcu_fd_sc_mcu7t5v0__latq_func'.
Generating RTLIL representation for module `\gf180mcu_fd_sc_mcu7t5v0__latrnq_1'.
Generating RTLIL representation for module `\gf180mcu_fd_sc_mcu7t5v0__latrnq_2'.
Generating RTLIL representation for module `\gf180mcu_fd_sc_mcu7t5v0__latrnq_4'.
Generating RTLIL representation for module `\gf180mcu_fd_sc_mcu7t5v0__latrnq_func'.
Generating RTLIL representation for module `\gf180mcu_fd_sc_mcu7t5v0__latrsnq_1'.
Generating RTLIL representation for module `\gf180mcu_fd_sc_mcu7t5v0__latrsnq_2'.
Generating RTLIL representation for module `\gf180mcu_fd_sc_mcu7t5v0__latrsnq_4'.
Generating RTLIL representation for module `\gf180mcu_fd_sc_mcu7t5v0__latrsnq_func'.
Generating RTLIL representation for module `\gf180mcu_fd_sc_mcu7t5v0__latsnq_1'.
Generating RTLIL representation for module `\gf180mcu_fd_sc_mcu7t5v0__latsnq_2'.
Generating RTLIL representation for module `\gf180mcu_fd_sc_mcu7t5v0__latsnq_4'.
Generating RTLIL representation for module `\gf180mcu_fd_sc_mcu7t5v0__latsnq_func'.
Generating RTLIL representation for module `\gf180mcu_fd_sc_mcu7t5v0__mux2_1'.
Generating RTLIL representation for module `\gf180mcu_fd_sc_mcu7t5v0__mux2_2'.
Generating RTLIL representation for module `\gf180mcu_fd_sc_mcu7t5v0__mux2_4'.
Generating RTLIL representation for module `\gf180mcu_fd_sc_mcu7t5v0__mux2_func'.
Generating RTLIL representation for module `\gf180mcu_fd_sc_mcu7t5v0__mux4_1'.
Generating RTLIL representation for module `\gf180mcu_fd_sc_mcu7t5v0__mux4_2'.
Generating RTLIL representation for module `\gf180mcu_fd_sc_mcu7t5v0__mux4_4'.
Generating RTLIL representation for module `\gf180mcu_fd_sc_mcu7t5v0__mux4_func'.
Generating RTLIL representation for module `\gf180mcu_fd_sc_mcu7t5v0__nand2_1'.
Generating RTLIL representation for module `\gf180mcu_fd_sc_mcu7t5v0__nand2_2'.
Generating RTLIL representation for module `\gf180mcu_fd_sc_mcu7t5v0__nand2_4'.
Generating RTLIL representation for module `\gf180mcu_fd_sc_mcu7t5v0__nand2_func'.
Generating RTLIL representation for module `\gf180mcu_fd_sc_mcu7t5v0__nand3_1'.
Generating RTLIL representation for module `\gf180mcu_fd_sc_mcu7t5v0__nand3_2'.
Generating RTLIL representation for module `\gf180mcu_fd_sc_mcu7t5v0__nand3_4'.
Generating RTLIL representation for module `\gf180mcu_fd_sc_mcu7t5v0__nand3_func'.
Generating RTLIL representation for module `\gf180mcu_fd_sc_mcu7t5v0__nand4_1'.
Generating RTLIL representation for module `\gf180mcu_fd_sc_mcu7t5v0__nand4_2'.
Generating RTLIL representation for module `\gf180mcu_fd_sc_mcu7t5v0__nand4_4'.
Generating RTLIL representation for module `\gf180mcu_fd_sc_mcu7t5v0__nand4_func'.
Generating RTLIL representation for module `\gf180mcu_fd_sc_mcu7t5v0__nor2_1'.
Generating RTLIL representation for module `\gf180mcu_fd_sc_mcu7t5v0__nor2_2'.
Generating RTLIL representation for module `\gf180mcu_fd_sc_mcu7t5v0__nor2_4'.
Generating RTLIL representation for module `\gf180mcu_fd_sc_mcu7t5v0__nor2_func'.
Generating RTLIL representation for module `\gf180mcu_fd_sc_mcu7t5v0__nor3_1'.
Generating RTLIL representation for module `\gf180mcu_fd_sc_mcu7t5v0__nor3_2'.
Generating RTLIL representation for module `\gf180mcu_fd_sc_mcu7t5v0__nor3_4'.
Generating RTLIL representation for module `\gf180mcu_fd_sc_mcu7t5v0__nor3_func'.
Generating RTLIL representation for module `\gf180mcu_fd_sc_mcu7t5v0__nor4_1'.
Generating RTLIL representation for module `\gf180mcu_fd_sc_mcu7t5v0__nor4_2'.
Generating RTLIL representation for module `\gf180mcu_fd_sc_mcu7t5v0__nor4_4'.
Generating RTLIL representation for module `\gf180mcu_fd_sc_mcu7t5v0__nor4_func'.
Generating RTLIL representation for module `\gf180mcu_fd_sc_mcu7t5v0__oai211_1'.
Generating RTLIL representation for module `\gf180mcu_fd_sc_mcu7t5v0__oai211_2'.
Generating RTLIL representation for module `\gf180mcu_fd_sc_mcu7t5v0__oai211_4'.
Generating RTLIL representation for module `\gf180mcu_fd_sc_mcu7t5v0__oai211_func'.
Generating RTLIL representation for module `\gf180mcu_fd_sc_mcu7t5v0__oai21_1'.
Generating RTLIL representation for module `\gf180mcu_fd_sc_mcu7t5v0__oai21_2'.
Generating RTLIL representation for module `\gf180mcu_fd_sc_mcu7t5v0__oai21_4'.
Generating RTLIL representation for module `\gf180mcu_fd_sc_mcu7t5v0__oai21_func'.
Generating RTLIL representation for module `\gf180mcu_fd_sc_mcu7t5v0__oai221_1'.
Generating RTLIL representation for module `\gf180mcu_fd_sc_mcu7t5v0__oai221_2'.
Generating RTLIL representation for module `\gf180mcu_fd_sc_mcu7t5v0__oai221_4'.
Generating RTLIL representation for module `\gf180mcu_fd_sc_mcu7t5v0__oai221_func'.
Generating RTLIL representation for module `\gf180mcu_fd_sc_mcu7t5v0__oai222_1'.
Generating RTLIL representation for module `\gf180mcu_fd_sc_mcu7t5v0__oai222_2'.
Generating RTLIL representation for module `\gf180mcu_fd_sc_mcu7t5v0__oai222_4'.
Generating RTLIL representation for module `\gf180mcu_fd_sc_mcu7t5v0__oai222_func'.
Generating RTLIL representation for module `\gf180mcu_fd_sc_mcu7t5v0__oai22_1'.
Generating RTLIL representation for module `\gf180mcu_fd_sc_mcu7t5v0__oai22_2'.
Generating RTLIL representation for module `\gf180mcu_fd_sc_mcu7t5v0__oai22_4'.
Generating RTLIL representation for module `\gf180mcu_fd_sc_mcu7t5v0__oai22_func'.
Generating RTLIL representation for module `\gf180mcu_fd_sc_mcu7t5v0__oai31_1'.
Generating RTLIL representation for module `\gf180mcu_fd_sc_mcu7t5v0__oai31_2'.
Generating RTLIL representation for module `\gf180mcu_fd_sc_mcu7t5v0__oai31_4'.
Generating RTLIL representation for module `\gf180mcu_fd_sc_mcu7t5v0__oai31_func'.
Generating RTLIL representation for module `\gf180mcu_fd_sc_mcu7t5v0__oai32_1'.
Generating RTLIL representation for module `\gf180mcu_fd_sc_mcu7t5v0__oai32_2'.
Generating RTLIL representation for module `\gf180mcu_fd_sc_mcu7t5v0__oai32_4'.
Generating RTLIL representation for module `\gf180mcu_fd_sc_mcu7t5v0__oai32_func'.
Generating RTLIL representation for module `\gf180mcu_fd_sc_mcu7t5v0__oai33_1'.
Generating RTLIL representation for module `\gf180mcu_fd_sc_mcu7t5v0__oai33_2'.
Generating RTLIL representation for module `\gf180mcu_fd_sc_mcu7t5v0__oai33_4'.
Generating RTLIL representation for module `\gf180mcu_fd_sc_mcu7t5v0__oai33_func'.
Generating RTLIL representation for module `\gf180mcu_fd_sc_mcu7t5v0__or2_1'.
Generating RTLIL representation for module `\gf180mcu_fd_sc_mcu7t5v0__or2_2'.
Generating RTLIL representation for module `\gf180mcu_fd_sc_mcu7t5v0__or2_4'.
Generating RTLIL representation for module `\gf180mcu_fd_sc_mcu7t5v0__or2_func'.
Generating RTLIL representation for module `\gf180mcu_fd_sc_mcu7t5v0__or3_1'.
Generating RTLIL representation for module `\gf180mcu_fd_sc_mcu7t5v0__or3_2'.
Generating RTLIL representation for module `\gf180mcu_fd_sc_mcu7t5v0__or3_4'.
Generating RTLIL representation for module `\gf180mcu_fd_sc_mcu7t5v0__or3_func'.
Generating RTLIL representation for module `\gf180mcu_fd_sc_mcu7t5v0__or4_1'.
Generating RTLIL representation for module `\gf180mcu_fd_sc_mcu7t5v0__or4_2'.
Generating RTLIL representation for module `\gf180mcu_fd_sc_mcu7t5v0__or4_4'.
Generating RTLIL representation for module `\gf180mcu_fd_sc_mcu7t5v0__or4_func'.
Generating RTLIL representation for module `\gf180mcu_fd_sc_mcu7t5v0__sdffq_1'.
Generating RTLIL representation for module `\gf180mcu_fd_sc_mcu7t5v0__sdffq_2'.
Generating RTLIL representation for module `\gf180mcu_fd_sc_mcu7t5v0__sdffq_4'.
Generating RTLIL representation for module `\gf180mcu_fd_sc_mcu7t5v0__sdffq_func'.
Generating RTLIL representation for module `\gf180mcu_fd_sc_mcu7t5v0__sdffrnq_1'.
Generating RTLIL representation for module `\gf180mcu_fd_sc_mcu7t5v0__sdffrnq_2'.
Generating RTLIL representation for module `\gf180mcu_fd_sc_mcu7t5v0__sdffrnq_4'.
Generating RTLIL representation for module `\gf180mcu_fd_sc_mcu7t5v0__sdffrnq_func'.
Generating RTLIL representation for module `\gf180mcu_fd_sc_mcu7t5v0__sdffrsnq_1'.
Generating RTLIL representation for module `\gf180mcu_fd_sc_mcu7t5v0__sdffrsnq_2'.
Generating RTLIL representation for module `\gf180mcu_fd_sc_mcu7t5v0__sdffrsnq_4'.
Generating RTLIL representation for module `\gf180mcu_fd_sc_mcu7t5v0__sdffrsnq_func'.
Generating RTLIL representation for module `\gf180mcu_fd_sc_mcu7t5v0__sdffsnq_1'.
Generating RTLIL representation for module `\gf180mcu_fd_sc_mcu7t5v0__sdffsnq_2'.
Generating RTLIL representation for module `\gf180mcu_fd_sc_mcu7t5v0__sdffsnq_4'.
Generating RTLIL representation for module `\gf180mcu_fd_sc_mcu7t5v0__sdffsnq_func'.
Generating RTLIL representation for module `\gf180mcu_fd_sc_mcu7t5v0__tieh'.
Generating RTLIL representation for module `\gf180mcu_fd_sc_mcu7t5v0__tieh_func'.
Generating RTLIL representation for module `\gf180mcu_fd_sc_mcu7t5v0__tiel'.
Generating RTLIL representation for module `\gf180mcu_fd_sc_mcu7t5v0__tiel_func'.
Generating RTLIL representation for module `\gf180mcu_fd_sc_mcu7t5v0__xnor2_1'.
Generating RTLIL representation for module `\gf180mcu_fd_sc_mcu7t5v0__xnor2_2'.
Generating RTLIL representation for module `\gf180mcu_fd_sc_mcu7t5v0__xnor2_4'.
Generating RTLIL representation for module `\gf180mcu_fd_sc_mcu7t5v0__xnor2_func'.
Generating RTLIL representation for module `\gf180mcu_fd_sc_mcu7t5v0__xnor3_1'.
Generating RTLIL representation for module `\gf180mcu_fd_sc_mcu7t5v0__xnor3_2'.
Generating RTLIL representation for module `\gf180mcu_fd_sc_mcu7t5v0__xnor3_4'.
Generating RTLIL representation for module `\gf180mcu_fd_sc_mcu7t5v0__xnor3_func'.
Generating RTLIL representation for module `\gf180mcu_fd_sc_mcu7t5v0__xor2_1'.
Generating RTLIL representation for module `\gf180mcu_fd_sc_mcu7t5v0__xor2_2'.
Generating RTLIL representation for module `\gf180mcu_fd_sc_mcu7t5v0__xor2_4'.
Generating RTLIL representation for module `\gf180mcu_fd_sc_mcu7t5v0__xor2_func'.
Generating RTLIL representation for module `\gf180mcu_fd_sc_mcu7t5v0__xor3_1'.
Generating RTLIL representation for module `\gf180mcu_fd_sc_mcu7t5v0__xor3_2'.
Generating RTLIL representation for module `\gf180mcu_fd_sc_mcu7t5v0__xor3_4'.
Generating RTLIL representation for module `\gf180mcu_fd_sc_mcu7t5v0__xor3_func'.
Successfully finished Verilog frontend.
wtaf

2. Executing Verilog-2005 frontend: /foss/designs/acoustic-ranger-dvl-processor/design/digital/I2C/i2c_controller_wb_master.v
Parsing SystemVerilog input from `/foss/designs/acoustic-ranger-dvl-processor/design/digital/I2C/i2c_controller_wb_master.v' to AST representation.
Storing AST representation for module `$abstract\i2c_controller'.
Successfully finished Verilog frontend.

3. Executing HIERARCHY pass (managing design hierarchy).

4. Executing AST frontend in derive mode using pre-parsed AST for module `\i2c_controller'.
Generating RTLIL representation for module `\i2c_controller'.

4.1. Analyzing design hierarchy..
Top module:  \i2c_controller

4.2. Analyzing design hierarchy..
Top module:  \i2c_controller
Removing unused module `$abstract\i2c_controller'.
Removed 1 unused modules.
Renaming module i2c_controller to i2c_controller.

5. Executing PROC pass (convert processes to netlists).

5.1. Executing PROC_CLEAN pass (remove empty switches from decision trees).
Cleaned up 0 empty switches.

5.2. Executing PROC_RMDEAD pass (remove dead branches from decision trees).
Marked 17 switch rules as full_case in process $proc$/foss/designs/acoustic-ranger-dvl-processor/design/digital/I2C/i2c_controller_wb_master.v:336$48 in module i2c_controller.
Marked 1 switch rules as full_case in process $proc$/foss/designs/acoustic-ranger-dvl-processor/design/digital/I2C/i2c_controller_wb_master.v:316$46 in module i2c_controller.
Marked 1 switch rules as full_case in process $proc$/foss/designs/acoustic-ranger-dvl-processor/design/digital/I2C/i2c_controller_wb_master.v:300$40 in module i2c_controller.
Marked 1 switch rules as full_case in process $proc$/foss/designs/acoustic-ranger-dvl-processor/design/digital/I2C/i2c_controller_wb_master.v:289$38 in module i2c_controller.
Marked 6 switch rules as full_case in process $proc$/foss/designs/acoustic-ranger-dvl-processor/design/digital/I2C/i2c_controller_wb_master.v:117$9 in module i2c_controller.
Marked 1 switch rules as full_case in process $proc$/foss/designs/acoustic-ranger-dvl-processor/design/digital/I2C/i2c_controller_wb_master.v:92$3 in module i2c_controller.
Marked 1 switch rules as full_case in process $proc$/foss/designs/acoustic-ranger-dvl-processor/design/digital/I2C/i2c_controller_wb_master.v:82$1 in module i2c_controller.
Removed a total of 0 dead cases.

5.3. Executing PROC_PRUNE pass (remove redundant assignments in processes).
Removed 4 redundant assignments.
Promoted 4 assignments to connections.

5.4. Executing PROC_INIT pass (extract init attributes).

5.5. Executing PROC_ARST pass (detect async resets in processes).

5.6. Executing PROC_ROM pass (convert switches to ROMs).
Converted 0 switches.
<suppressed ~38 debug messages>

5.7. Executing PROC_MUX pass (convert decision trees to multiplexers).
Creating decoders for process `\i2c_controller.$proc$/foss/designs/acoustic-ranger-dvl-processor/design/digital/I2C/i2c_controller_wb_master.v:336$48'.
     1/10: $0\address_data_buffer_internal[7:0]
     2/10: $0\iteration[3:0]
     3/10: $0\i2c_next_state_routine_block[1:0]
     4/10: $0\register_content_data_flag[0:0]
     5/10: $0\register_addr_data_flag[0:0]
     6/10: $0\read_request_internal_flag[0:0]
     7/10: $0\received_data_internal_flag[0:0]
     8/10: $0\write_request_internal_flag[0:0]
     9/10: $0\recv_data_buffer[7:0]
    10/10: $0\i2c_sda_out_pin_ctrl[0:0]
Creating decoders for process `\i2c_controller.$proc$/foss/designs/acoustic-ranger-dvl-processor/design/digital/I2C/i2c_controller_wb_master.v:316$46'.
     1/1: $0\i2c_state[1:0]
Creating decoders for process `\i2c_controller.$proc$/foss/designs/acoustic-ranger-dvl-processor/design/digital/I2C/i2c_controller_wb_master.v:300$40'.
     1/1: $0\previous_state[0:0]
Creating decoders for process `\i2c_controller.$proc$/foss/designs/acoustic-ranger-dvl-processor/design/digital/I2C/i2c_controller_wb_master.v:289$38'.
     1/1: $0\sda_previous_state[0:0]
Creating decoders for process `\i2c_controller.$proc$/foss/designs/acoustic-ranger-dvl-processor/design/digital/I2C/i2c_controller_wb_master.v:276$31'.
Creating decoders for process `\i2c_controller.$proc$/foss/designs/acoustic-ranger-dvl-processor/design/digital/I2C/i2c_controller_wb_master.v:117$9'.
     1/9: $0\wb_master_next_state[1:0]
     2/9: $0\addr_pointer_register_internal[7:0]
     3/9: $0\send_data_buffer[7:0]
     4/9: $0\addr_set_register[7:0]
     5/9: $0\WE_O[0:0]
     6/9: $0\STB_O[0:0]
     7/9: $0\CYC_O[0:0]
     8/9: $0\DAT_O[7:0]
     9/9: $0\ADDR_O[7:0]
Creating decoders for process `\i2c_controller.$proc$/foss/designs/acoustic-ranger-dvl-processor/design/digital/I2C/i2c_controller_wb_master.v:92$3'.
     1/1: $0\wb_master_subroutine_iteration[1:0]
Creating decoders for process `\i2c_controller.$proc$/foss/designs/acoustic-ranger-dvl-processor/design/digital/I2C/i2c_controller_wb_master.v:82$1'.
     1/1: $0\wb_master_state[1:0]

5.8. Executing PROC_DLATCH pass (convert process syncs to latches).

5.9. Executing PROC_DFF pass (convert process syncs to FFs).
Creating register for signal `\i2c_controller.\i2c_sda_out_pin_ctrl' using process `\i2c_controller.$proc$/foss/designs/acoustic-ranger-dvl-processor/design/digital/I2C/i2c_controller_wb_master.v:336$48'.
  created $dff cell `$procdff$639' with positive edge clock.
Creating register for signal `\i2c_controller.\recv_data_buffer' using process `\i2c_controller.$proc$/foss/designs/acoustic-ranger-dvl-processor/design/digital/I2C/i2c_controller_wb_master.v:336$48'.
  created $dff cell `$procdff$640' with positive edge clock.
Creating register for signal `\i2c_controller.\write_request_internal_flag' using process `\i2c_controller.$proc$/foss/designs/acoustic-ranger-dvl-processor/design/digital/I2C/i2c_controller_wb_master.v:336$48'.
  created $dff cell `$procdff$641' with positive edge clock.
Creating register for signal `\i2c_controller.\received_data_internal_flag' using process `\i2c_controller.$proc$/foss/designs/acoustic-ranger-dvl-processor/design/digital/I2C/i2c_controller_wb_master.v:336$48'.
  created $dff cell `$procdff$642' with positive edge clock.
Creating register for signal `\i2c_controller.\read_request_internal_flag' using process `\i2c_controller.$proc$/foss/designs/acoustic-ranger-dvl-processor/design/digital/I2C/i2c_controller_wb_master.v:336$48'.
  created $dff cell `$procdff$643' with positive edge clock.
Creating register for signal `\i2c_controller.\register_addr_data_flag' using process `\i2c_controller.$proc$/foss/designs/acoustic-ranger-dvl-processor/design/digital/I2C/i2c_controller_wb_master.v:336$48'.
  created $dff cell `$procdff$644' with positive edge clock.
Creating register for signal `\i2c_controller.\register_content_data_flag' using process `\i2c_controller.$proc$/foss/designs/acoustic-ranger-dvl-processor/design/digital/I2C/i2c_controller_wb_master.v:336$48'.
  created $dff cell `$procdff$645' with positive edge clock.
Creating register for signal `\i2c_controller.\i2c_next_state_routine_block' using process `\i2c_controller.$proc$/foss/designs/acoustic-ranger-dvl-processor/design/digital/I2C/i2c_controller_wb_master.v:336$48'.
  created $dff cell `$procdff$646' with positive edge clock.
Creating register for signal `\i2c_controller.\iteration' using process `\i2c_controller.$proc$/foss/designs/acoustic-ranger-dvl-processor/design/digital/I2C/i2c_controller_wb_master.v:336$48'.
  created $dff cell `$procdff$647' with positive edge clock.
Creating register for signal `\i2c_controller.\address_data_buffer_internal' using process `\i2c_controller.$proc$/foss/designs/acoustic-ranger-dvl-processor/design/digital/I2C/i2c_controller_wb_master.v:336$48'.
  created $dff cell `$procdff$648' with positive edge clock.
Creating register for signal `\i2c_controller.\i2c_state' using process `\i2c_controller.$proc$/foss/designs/acoustic-ranger-dvl-processor/design/digital/I2C/i2c_controller_wb_master.v:316$46'.
  created $dff cell `$procdff$649' with positive edge clock.
Creating register for signal `\i2c_controller.\previous_state' using process `\i2c_controller.$proc$/foss/designs/acoustic-ranger-dvl-processor/design/digital/I2C/i2c_controller_wb_master.v:300$40'.
  created $dff cell `$procdff$650' with positive edge clock.
Creating register for signal `\i2c_controller.\rising_edge_detected' using process `\i2c_controller.$proc$/foss/designs/acoustic-ranger-dvl-processor/design/digital/I2C/i2c_controller_wb_master.v:300$40'.
  created $dff cell `$procdff$651' with positive edge clock.
Creating register for signal `\i2c_controller.\falling_edge_detected' using process `\i2c_controller.$proc$/foss/designs/acoustic-ranger-dvl-processor/design/digital/I2C/i2c_controller_wb_master.v:300$40'.
  created $dff cell `$procdff$652' with positive edge clock.
Creating register for signal `\i2c_controller.\sda_previous_state' using process `\i2c_controller.$proc$/foss/designs/acoustic-ranger-dvl-processor/design/digital/I2C/i2c_controller_wb_master.v:289$38'.
  created $dff cell `$procdff$653' with positive edge clock.
Creating register for signal `\i2c_controller.\scl_synchroniser_internal' using process `\i2c_controller.$proc$/foss/designs/acoustic-ranger-dvl-processor/design/digital/I2C/i2c_controller_wb_master.v:276$31'.
  created $dff cell `$procdff$654' with positive edge clock.
Creating register for signal `\i2c_controller.\sda_synchroniser_internal' using process `\i2c_controller.$proc$/foss/designs/acoustic-ranger-dvl-processor/design/digital/I2C/i2c_controller_wb_master.v:276$31'.
  created $dff cell `$procdff$655' with positive edge clock.
Creating register for signal `\i2c_controller.\ADDR_O' using process `\i2c_controller.$proc$/foss/designs/acoustic-ranger-dvl-processor/design/digital/I2C/i2c_controller_wb_master.v:117$9'.
  created $dff cell `$procdff$656' with positive edge clock.
Creating register for signal `\i2c_controller.\DAT_O' using process `\i2c_controller.$proc$/foss/designs/acoustic-ranger-dvl-processor/design/digital/I2C/i2c_controller_wb_master.v:117$9'.
  created $dff cell `$procdff$657' with positive edge clock.
Creating register for signal `\i2c_controller.\CYC_O' using process `\i2c_controller.$proc$/foss/designs/acoustic-ranger-dvl-processor/design/digital/I2C/i2c_controller_wb_master.v:117$9'.
  created $dff cell `$procdff$658' with positive edge clock.
Creating register for signal `\i2c_controller.\STB_O' using process `\i2c_controller.$proc$/foss/designs/acoustic-ranger-dvl-processor/design/digital/I2C/i2c_controller_wb_master.v:117$9'.
  created $dff cell `$procdff$659' with positive edge clock.
Creating register for signal `\i2c_controller.\WE_O' using process `\i2c_controller.$proc$/foss/designs/acoustic-ranger-dvl-processor/design/digital/I2C/i2c_controller_wb_master.v:117$9'.
  created $dff cell `$procdff$660' with positive edge clock.
Creating register for signal `\i2c_controller.\addr_set_register' using process `\i2c_controller.$proc$/foss/designs/acoustic-ranger-dvl-processor/design/digital/I2C/i2c_controller_wb_master.v:117$9'.
  created $dff cell `$procdff$661' with positive edge clock.
Creating register for signal `\i2c_controller.\send_data_buffer' using process `\i2c_controller.$proc$/foss/designs/acoustic-ranger-dvl-processor/design/digital/I2C/i2c_controller_wb_master.v:117$9'.
  created $dff cell `$procdff$662' with positive edge clock.
Creating register for signal `\i2c_controller.\addr_pointer_register_internal' using process `\i2c_controller.$proc$/foss/designs/acoustic-ranger-dvl-processor/design/digital/I2C/i2c_controller_wb_master.v:117$9'.
  created $dff cell `$procdff$663' with positive edge clock.
Creating register for signal `\i2c_controller.\wb_master_next_state' using process `\i2c_controller.$proc$/foss/designs/acoustic-ranger-dvl-processor/design/digital/I2C/i2c_controller_wb_master.v:117$9'.
  created $dff cell `$procdff$664' with positive edge clock.
Creating register for signal `\i2c_controller.\wb_master_subroutine_iteration' using process `\i2c_controller.$proc$/foss/designs/acoustic-ranger-dvl-processor/design/digital/I2C/i2c_controller_wb_master.v:92$3'.
  created $dff cell `$procdff$665' with positive edge clock.
Creating register for signal `\i2c_controller.\wb_master_state' using process `\i2c_controller.$proc$/foss/designs/acoustic-ranger-dvl-processor/design/digital/I2C/i2c_controller_wb_master.v:82$1'.
  created $dff cell `$procdff$666' with positive edge clock.

5.10. Executing PROC_MEMWR pass (convert process memory writes to cells).

5.11. Executing PROC_CLEAN pass (remove empty switches from decision trees).
Found and cleaned up 20 empty switches in `\i2c_controller.$proc$/foss/designs/acoustic-ranger-dvl-processor/design/digital/I2C/i2c_controller_wb_master.v:336$48'.
Removing empty process `i2c_controller.$proc$/foss/designs/acoustic-ranger-dvl-processor/design/digital/I2C/i2c_controller_wb_master.v:336$48'.
Found and cleaned up 1 empty switch in `\i2c_controller.$proc$/foss/designs/acoustic-ranger-dvl-processor/design/digital/I2C/i2c_controller_wb_master.v:316$46'.
Removing empty process `i2c_controller.$proc$/foss/designs/acoustic-ranger-dvl-processor/design/digital/I2C/i2c_controller_wb_master.v:316$46'.
Found and cleaned up 1 empty switch in `\i2c_controller.$proc$/foss/designs/acoustic-ranger-dvl-processor/design/digital/I2C/i2c_controller_wb_master.v:300$40'.
Removing empty process `i2c_controller.$proc$/foss/designs/acoustic-ranger-dvl-processor/design/digital/I2C/i2c_controller_wb_master.v:300$40'.
Found and cleaned up 1 empty switch in `\i2c_controller.$proc$/foss/designs/acoustic-ranger-dvl-processor/design/digital/I2C/i2c_controller_wb_master.v:289$38'.
Removing empty process `i2c_controller.$proc$/foss/designs/acoustic-ranger-dvl-processor/design/digital/I2C/i2c_controller_wb_master.v:289$38'.
Removing empty process `i2c_controller.$proc$/foss/designs/acoustic-ranger-dvl-processor/design/digital/I2C/i2c_controller_wb_master.v:276$31'.
Found and cleaned up 10 empty switches in `\i2c_controller.$proc$/foss/designs/acoustic-ranger-dvl-processor/design/digital/I2C/i2c_controller_wb_master.v:117$9'.
Removing empty process `i2c_controller.$proc$/foss/designs/acoustic-ranger-dvl-processor/design/digital/I2C/i2c_controller_wb_master.v:117$9'.
Found and cleaned up 4 empty switches in `\i2c_controller.$proc$/foss/designs/acoustic-ranger-dvl-processor/design/digital/I2C/i2c_controller_wb_master.v:92$3'.
Removing empty process `i2c_controller.$proc$/foss/designs/acoustic-ranger-dvl-processor/design/digital/I2C/i2c_controller_wb_master.v:92$3'.
Found and cleaned up 1 empty switch in `\i2c_controller.$proc$/foss/designs/acoustic-ranger-dvl-processor/design/digital/I2C/i2c_controller_wb_master.v:82$1'.
Removing empty process `i2c_controller.$proc$/foss/designs/acoustic-ranger-dvl-processor/design/digital/I2C/i2c_controller_wb_master.v:82$1'.
Cleaned up 38 empty switches.

5.12. Executing OPT_EXPR pass (perform const folding).
Optimizing module i2c_controller.
<suppressed ~55 debug messages>

6. Executing FLATTEN pass (flatten design).

7. Executing OPT_CLEAN pass (remove unused cells and wires).
Finding unused cells or wires in module \i2c_controller..
Removed 14 unused cells and 198 unused wires.
<suppressed ~20 debug messages>
