Reading timing models for corner nom_tt_025C_5v00…
Reading timing library for the 'nom_tt_025C_5v00' corner at '/foss/pdks/gf180mcuD/libs.ref/gf180mcu_fd_sc_mcu7t5v0/lib/gf180mcu_fd_sc_mcu7t5v0__tt_025C_5v00.lib'…
Reading OpenROAD database at '/foss/designs/acoustic-ranger-dvl-processor/layout/digital/TDC/runs/RUN_2026-08-31_14-43-30/48-odb-reportdisconnectedpins/frequency_counter.odb'…
Reading design constraints file at '/foss/designs/acoustic-ranger-dvl-processor/layout/digital/TDC/constraint.sdc'…
[INFO] No information on clock propagation in input SDC file-- propagating all clocks.
gf180mcu_fd_sc_mcu7t5v0__fillcap_* gf180mcu_fd_sc_mcu7t5v0__fill_*
[INFO DPL-0001] Placed 952 filler instances.
Setting global connections for newly added cells…
[INFO] Setting global connections...
[INFO ODB-0403] 3808 connections made, 0 conflicts skipped.
Updating metrics…
Cell type report:                       Count       Area
  Endcap cell                             100     439.04
  Fill cell                               952    8919.10
  Tap cell                                260    1141.50
  Tie cell                                  1       8.78
  Buffer                                    6      79.03
  Clock buffer                             27    1804.45
  Timing Repair Buffer                    101    4675.78
  Inverter                                 49     434.65
  Clock inverter                           13     245.86
  Sequential cell                         166   10567.69
  Multi-Input combinational cell          593   10429.40
  Total                                  2268   38745.28
Writing OpenROAD database to '/foss/designs/acoustic-ranger-dvl-processor/layout/digital/TDC/runs/RUN_2026-08-31_14-43-30/52-openroad-fillinsertion/frequency_counter.odb'…
Writing netlist to '/foss/designs/acoustic-ranger-dvl-processor/layout/digital/TDC/runs/RUN_2026-08-31_14-43-30/52-openroad-fillinsertion/frequency_counter.nl.v'…
Writing powered netlist to '/foss/designs/acoustic-ranger-dvl-processor/layout/digital/TDC/runs/RUN_2026-08-31_14-43-30/52-openroad-fillinsertion/frequency_counter.pnl.v'…
Writing layout to '/foss/designs/acoustic-ranger-dvl-processor/layout/digital/TDC/runs/RUN_2026-08-31_14-43-30/52-openroad-fillinsertion/frequency_counter.def'…
Writing timing constraints to '/foss/designs/acoustic-ranger-dvl-processor/layout/digital/TDC/runs/RUN_2026-08-31_14-43-30/52-openroad-fillinsertion/frequency_counter.sdc'…
