Starting…
Running 'Verilator.Lint' at 'layout/digital/top_level_single_verilog/runs/RUN_2026-10-09_11-29-12/01-verilator-lint'…
Logging subprocess to [repr.filename]'layout/digital/top_level_single_verilog/runs/RUN_2026-10-09_11-29-12/01-verilator-lint/verilator-lint.log'[/repr.filename]…
Running 'Checker.LintTimingConstructs' at 'layout/digital/top_level_single_verilog/runs/RUN_2026-10-09_11-29-12/02-checker-linttimingconstructs'…
Check for Lint Timing Errors clear.
Running 'Checker.LintErrors' at 'layout/digital/top_level_single_verilog/runs/RUN_2026-10-09_11-29-12/03-checker-linterrors'…
Check for Lint errors clear.
Running 'Checker.LintWarnings' at 'layout/digital/top_level_single_verilog/runs/RUN_2026-10-09_11-29-12/04-checker-lintwarnings'…
336 Lint warnings found.
Running 'Yosys.JsonHeader' at 'layout/digital/top_level_single_verilog/runs/RUN_2026-10-09_11-29-12/05-yosys-jsonheader'…
Logging subprocess to [repr.filename]'layout/digital/top_level_single_verilog/runs/RUN_2026-10-09_11-29-12/05-yosys-jsonheader/yosys-jsonheader.log'[/repr.filename]…
Running 'Yosys.Synthesis' at 'layout/digital/top_level_single_verilog/runs/RUN_2026-10-09_11-29-12/06-yosys-synthesis'…
Logging subprocess to [repr.filename]'layout/digital/top_level_single_verilog/runs/RUN_2026-10-09_11-29-12/06-yosys-synthesis/yosys-synthesis.log'[/repr.filename]…
Parsing synthesis checks…
Running 'Checker.YosysUnmappedCells' at 'layout/digital/top_level_single_verilog/runs/RUN_2026-10-09_11-29-12/07-checker-yosysunmappedcells'…
Check for Unmapped Yosys instances clear.
Running 'Checker.YosysSynthChecks' at 'layout/digital/top_level_single_verilog/runs/RUN_2026-10-09_11-29-12/08-checker-yosyssynthchecks'…
Check for Yosys check errors clear.
Running 'Checker.NetlistAssignStatements' at 'layout/digital/top_level_single_verilog/runs/RUN_2026-10-09_11-29-12/09-checker-netlistassignstatements'…
Running 'OpenROAD.CheckSDCFiles' at 'layout/digital/top_level_single_verilog/runs/RUN_2026-10-09_11-29-12/10-openroad-checksdcfiles'…
Running 'OpenROAD.CheckMacroInstances' at 'layout/digital/top_level_single_verilog/runs/RUN_2026-10-09_11-29-12/11-openroad-checkmacroinstances'…
No macros found, skipping instance check…
Running 'OpenROAD.STAPrePNR' at 'layout/digital/top_level_single_verilog/runs/RUN_2026-10-09_11-29-12/12-openroad-staprepnr'…
Starting STA for the nom_tt_025C_5v00 timing corner…
Starting STA for the nom_ss_125C_4v50 timing corner…
Logging subprocess to [repr.filename]'layout/digital/top_level_single_verilog/runs/RUN_2026-10-09_11-29-12/12-openroad-staprepnr/nom_tt_025C_5v00/sta.log'[/repr.filename]…
Starting STA for the nom_ff_n40C_5v50 timing corner…
Skipping corner min_tt_025C_5v00 for STA (identical to nom_tt_025C_5v00 at this stage)…
Skipping corner min_ss_125C_4v50 for STA (identical to nom_ss_125C_4v50 at this stage)…
Skipping corner min_ff_n40C_5v50 for STA (identical to nom_ff_n40C_5v50 at this stage)…
Skipping corner max_tt_025C_5v00 for STA (identical to nom_tt_025C_5v00 at this stage)…
Skipping corner max_ss_125C_4v50 for STA (identical to nom_ss_125C_4v50 at this stage)…
Skipping corner max_ff_n40C_5v50 for STA (identical to nom_ff_n40C_5v50 at this stage)…
Logging subprocess to [repr.filename]'layout/digital/top_level_single_verilog/runs/RUN_2026-10-09_11-29-12/12-openroad-staprepnr/nom_ss_125C_4v50/sta.log'[/repr.filename]…
Logging subprocess to [repr.filename]'layout/digital/top_level_single_verilog/runs/RUN_2026-10-09_11-29-12/12-openroad-staprepnr/nom_ff_n40C_5v50/sta.log'[/repr.filename]…
Finished STA for the nom_tt_025C_5v00 timing corner.
Finished STA for the nom_ss_125C_4v50 timing corner.
Finished STA for the nom_ff_n40C_5v50 timing corner.
Running 'OpenROAD.Floorplan' at 'layout/digital/top_level_single_verilog/runs/RUN_2026-10-09_11-29-12/13-openroad-floorplan'…
Logging subprocess to [repr.filename]'layout/digital/top_level_single_verilog/runs/RUN_2026-10-09_11-29-12/13-openroad-floorplan/openroad-floorplan.log'[/repr.filename]…
[STA-0366] port 'CLK_I' not found.
[STA-0441] set_input_delay relative to a clock defined on the same port/pin not allowed.
Running 'OpenROAD.DumpRCValues' at 'layout/digital/top_level_single_verilog/runs/RUN_2026-10-09_11-29-12/14-openroad-dumprcvalues'…
Logging subprocess to [repr.filename]'layout/digital/top_level_single_verilog/runs/RUN_2026-10-09_11-29-12/14-openroad-dumprcvalues/openroad-dumprcvalues.log'[/repr.filename]…
Running 'Odb.CheckMacroAntennaProperties' at 'layout/digital/top_level_single_verilog/runs/RUN_2026-10-09_11-29-12/15-odb-checkmacroantennaproperties'…
No cells provided, skipping 'Odb.CheckMacroAntennaProperties'…
Running 'Odb.SetPowerConnections' at 'layout/digital/top_level_single_verilog/runs/RUN_2026-10-09_11-29-12/16-odb-setpowerconnections'…
Logging subprocess to [repr.filename]'layout/digital/top_level_single_verilog/runs/RUN_2026-10-09_11-29-12/16-odb-setpowerconnections/odb-setpowerconnections.log'[/repr.filename]…
Running 'Odb.ManualMacroPlacement' at 'layout/digital/top_level_single_verilog/runs/RUN_2026-10-09_11-29-12/17-odb-manualmacroplacement'…
No instances found, skipping 'Odb.ManualMacroPlacement'…
Running 'OpenROAD.CutRows' at 'layout/digital/top_level_single_verilog/runs/RUN_2026-10-09_11-29-12/18-openroad-cutrows'…
Logging subprocess to [repr.filename]'layout/digital/top_level_single_verilog/runs/RUN_2026-10-09_11-29-12/18-openroad-cutrows/openroad-cutrows.log'[/repr.filename]…
[STA-0366] port 'CLK_I' not found.
[STA-0441] set_input_delay relative to a clock defined on the same port/pin not allowed.
Running 'OpenROAD.TapEndcapInsertion' at 'layout/digital/top_level_single_verilog/runs/RUN_2026-10-09_11-29-12/19-openroad-tapendcapinsertion'…
Logging subprocess to [repr.filename]'layout/digital/top_level_single_verilog/runs/RUN_2026-10-09_11-29-12/19-openroad-tapendcapinsertion/openroad-tapendcapinsertion.log'[/repr.filename]…
[STA-0366] port 'CLK_I' not found.
[STA-0441] set_input_delay relative to a clock defined on the same port/pin not allowed.
Running 'Odb.AddPDNObstructions' at 'layout/digital/top_level_single_verilog/runs/RUN_2026-10-09_11-29-12/20-odb-addpdnobstructions'…
'PDN_OBSTRUCTIONS' is not defined. Skipping 'Odb.AddPDNObstructions'…
Running 'OpenROAD.GeneratePDN' at 'layout/digital/top_level_single_verilog/runs/RUN_2026-10-09_11-29-12/21-openroad-generatepdn'…
'PDN_CFG' not explicitly set, setting it to /usr/local/lib/python3.12/dist-packages/librelane/scripts/openroad/common/pdn_cfg.tcl…
Logging subprocess to [repr.filename]'layout/digital/top_level_single_verilog/runs/RUN_2026-10-09_11-29-12/21-openroad-generatepdn/openroad-generatepdn.log'[/repr.filename]…
[STA-0366] port 'CLK_I' not found.
[STA-0441] set_input_delay relative to a clock defined on the same port/pin not allowed.
Running 'Odb.RemovePDNObstructions' at 'layout/digital/top_level_single_verilog/runs/RUN_2026-10-09_11-29-12/22-odb-removepdnobstructions'…
'PDN_OBSTRUCTIONS' is not defined. Skipping 'Odb.RemovePDNObstructions'…
Running 'Odb.AddRoutingObstructions' at 'layout/digital/top_level_single_verilog/runs/RUN_2026-10-09_11-29-12/23-odb-addroutingobstructions'…
'ROUTING_OBSTRUCTIONS' is not defined. Skipping 'Odb.AddRoutingObstructions'…
Running 'OpenROAD.GlobalPlacementSkipIO' at 'layout/digital/top_level_single_verilog/runs/RUN_2026-10-09_11-29-12/24-openroad-globalplacementskipio'…
I/O pins to be placed from /foss/designs/acoustic-ranger-dvl-processor/layout/digital/top_level_single_verilog/pin_order.cfg. Returning state unaltered…
Running 'OpenROAD.IOPlacement' at 'layout/digital/top_level_single_verilog/runs/RUN_2026-10-09_11-29-12/25-openroad-ioplacement'…
IO_PIN_ORDER_CFG is set. Skipping 'OpenROAD.IOPlacement'…
Running 'Odb.CustomIOPlacement' at 'layout/digital/top_level_single_verilog/runs/RUN_2026-10-09_11-29-12/26-odb-customioplacement'…
Logging subprocess to [repr.filename]'layout/digital/top_level_single_verilog/runs/RUN_2026-10-09_11-29-12/26-odb-customioplacement/odb-customioplacement.log'[/repr.filename]…
VDD not found in design but found in config.
VSS not found in design but found in config.
Running 'Odb.ApplyDEFTemplate' at 'layout/digital/top_level_single_verilog/runs/RUN_2026-10-09_11-29-12/27-odb-applydeftemplate'…
No DEF template provided, skipping 'Odb.ApplyDEFTemplate'…
Running 'OpenROAD.GlobalPlacement' at 'layout/digital/top_level_single_verilog/runs/RUN_2026-10-09_11-29-12/28-openroad-globalplacement'…
'PL_TARGET_DENSITY_PCT' not explicitly set, using dynamically calculated target density: 63.901100…
Logging subprocess to [repr.filename]'layout/digital/top_level_single_verilog/runs/RUN_2026-10-09_11-29-12/28-openroad-globalplacement/openroad-globalplacement.log'[/repr.filename]…
[STA-0366] port 'CLK_I' not found.
[STA-0441] set_input_delay relative to a clock defined on the same port/pin not allowed.
Running 'Odb.WriteVerilogHeader' at 'layout/digital/top_level_single_verilog/runs/RUN_2026-10-09_11-29-12/29-odb-writeverilogheader'…
Logging subprocess to [repr.filename]'layout/digital/top_level_single_verilog/runs/RUN_2026-10-09_11-29-12/29-odb-writeverilogheader/odb-writeverilogheader.log'[/repr.filename]…
Running 'Checker.PowerGridViolations' at 'layout/digital/top_level_single_verilog/runs/RUN_2026-10-09_11-29-12/30-checker-powergridviolations'…
Check for power grid violations (as reported by OpenROAD PSM- you may ignore these if LVS passes) clear.
Running 'OpenROAD.STAMidPNR' at 'layout/digital/top_level_single_verilog/runs/RUN_2026-10-09_11-29-12/31-openroad-stamidpnr'…
Logging subprocess to [repr.filename]'layout/digital/top_level_single_verilog/runs/RUN_2026-10-09_11-29-12/31-openroad-stamidpnr/openroad-stamidpnr.log'[/repr.filename]…
[STA-0366] port 'CLK_I' not found.
[STA-0441] set_input_delay relative to a clock defined on the same port/pin not allowed.
Running 'OpenROAD.RepairDesignPostGPL' at 'layout/digital/top_level_single_verilog/runs/RUN_2026-10-09_11-29-12/32-openroad-repairdesignpostgpl'…
Logging subprocess to [repr.filename]'layout/digital/top_level_single_verilog/runs/RUN_2026-10-09_11-29-12/32-openroad-repairdesignpostgpl/openroad-repairdesignpostgpl.log'[/repr.filename]…
[STA-1140] /foss/pdks/gf180mcuD/libs.ref/gf180mcu_fd_sc_mcu7t5v0/lib/gf180mcu_fd_sc_mcu7t5v0__ff_n40C_5v50.lib line 17, library gf180mcu_fd_sc_mcu7t5v0__ff_n40C_5v50 already exists.
[STA-1140] /foss/pdks/gf180mcuD/libs.ref/gf180mcu_fd_sc_mcu7t5v0/lib/gf180mcu_fd_sc_mcu7t5v0__tt_025C_5v00.lib line 17, library gf180mcu_fd_sc_mcu7t5v0__tt_025C_5v00 already exists.
[STA-1140] /foss/pdks/gf180mcuD/libs.ref/gf180mcu_fd_sc_mcu7t5v0/lib/gf180mcu_fd_sc_mcu7t5v0__ff_n40C_5v50.lib line 17, library gf180mcu_fd_sc_mcu7t5v0__ff_n40C_5v50 already exists.
[STA-1140] /foss/pdks/gf180mcuD/libs.ref/gf180mcu_fd_sc_mcu7t5v0/lib/gf180mcu_fd_sc_mcu7t5v0__tt_025C_5v00.lib line 17, library gf180mcu_fd_sc_mcu7t5v0__tt_025C_5v00 already exists.
[STA-1140] /foss/pdks/gf180mcuD/libs.ref/gf180mcu_fd_sc_mcu7t5v0/lib/gf180mcu_fd_sc_mcu7t5v0__ss_125C_4v50.lib line 17, library gf180mcu_fd_sc_mcu7t5v0__ss_125C_4v50 already exists.
[STA-1140] /foss/pdks/gf180mcuD/libs.ref/gf180mcu_fd_sc_mcu7t5v0/lib/gf180mcu_fd_sc_mcu7t5v0__ss_125C_4v50.lib line 17, library gf180mcu_fd_sc_mcu7t5v0__ss_125C_4v50 already exists.
[STA-0366] port 'CLK_I' not found.
[STA-0441] set_input_delay relative to a clock defined on the same port/pin not allowed.
[RSZ-0020] found 2 floating nets.
Running 'Odb.ManualGlobalPlacement' at 'layout/digital/top_level_single_verilog/runs/RUN_2026-10-09_11-29-12/33-odb-manualglobalplacement'…
'MANUAL_GLOBAL_PLACEMENTS' not set. Skipping 'Odb.ManualGlobalPlacement'…
Running 'OpenROAD.DetailedPlacement' at 'layout/digital/top_level_single_verilog/runs/RUN_2026-10-09_11-29-12/34-openroad-detailedplacement'…
Logging subprocess to [repr.filename]'layout/digital/top_level_single_verilog/runs/RUN_2026-10-09_11-29-12/34-openroad-detailedplacement/openroad-detailedplacement.log'[/repr.filename]…
[STA-0366] port 'CLK_I' not found.
[STA-0441] set_input_delay relative to a clock defined on the same port/pin not allowed.
Running 'OpenROAD.CTS' at 'layout/digital/top_level_single_verilog/runs/RUN_2026-10-09_11-29-12/35-openroad-cts'…
Logging subprocess to [repr.filename]'layout/digital/top_level_single_verilog/runs/RUN_2026-10-09_11-29-12/35-openroad-cts/openroad-cts.log'[/repr.filename]…
[STA-1140] /foss/pdks/gf180mcuD/libs.ref/gf180mcu_fd_sc_mcu7t5v0/lib/gf180mcu_fd_sc_mcu7t5v0__ff_n40C_5v50.lib line 17, library gf180mcu_fd_sc_mcu7t5v0__ff_n40C_5v50 already exists.
[STA-1140] /foss/pdks/gf180mcuD/libs.ref/gf180mcu_fd_sc_mcu7t5v0/lib/gf180mcu_fd_sc_mcu7t5v0__tt_025C_5v00.lib line 17, library gf180mcu_fd_sc_mcu7t5v0__tt_025C_5v00 already exists.
[STA-1140] /foss/pdks/gf180mcuD/libs.ref/gf180mcu_fd_sc_mcu7t5v0/lib/gf180mcu_fd_sc_mcu7t5v0__ff_n40C_5v50.lib line 17, library gf180mcu_fd_sc_mcu7t5v0__ff_n40C_5v50 already exists.
[STA-1140] /foss/pdks/gf180mcuD/libs.ref/gf180mcu_fd_sc_mcu7t5v0/lib/gf180mcu_fd_sc_mcu7t5v0__tt_025C_5v00.lib line 17, library gf180mcu_fd_sc_mcu7t5v0__tt_025C_5v00 already exists.
[STA-1140] /foss/pdks/gf180mcuD/libs.ref/gf180mcu_fd_sc_mcu7t5v0/lib/gf180mcu_fd_sc_mcu7t5v0__ss_125C_4v50.lib line 17, library gf180mcu_fd_sc_mcu7t5v0__ss_125C_4v50 already exists.
[STA-1140] /foss/pdks/gf180mcuD/libs.ref/gf180mcu_fd_sc_mcu7t5v0/lib/gf180mcu_fd_sc_mcu7t5v0__ss_125C_4v50.lib line 17, library gf180mcu_fd_sc_mcu7t5v0__ss_125C_4v50 already exists.
[STA-0366] port 'CLK_I' not found.
[STA-0441] set_input_delay relative to a clock defined on the same port/pin not allowed.
[CTS-0041] Net "_1535_" has 1 sinks. Skipping...
[CTS-0041] Net "_0345_" has 1 sinks. Skipping...
[CTS-0041] Net "_1534_" has 1 sinks. Skipping...
[CTS-0041] Net "_0344_" has 1 sinks. Skipping...
[CTS-0041] Net "_0351_" has 1 sinks. Skipping...
[CTS-0041] Net "_1539_" has 1 sinks. Skipping...
[CTS-0041] Net "_0350_" has 1 sinks. Skipping...
[CTS-0041] Net "_1537_" has 1 sinks. Skipping...
[CTS-0041] Net "_1531_" has 1 sinks. Skipping...
[CTS-0041] Net "_0343_" has 1 sinks. Skipping...
[CTS-0041] Net "_1527_" has 1 sinks. Skipping...
[CTS-0041] Net "_0342_" has 1 sinks. Skipping...
[CTS-0041] Net "_0341_" has 1 sinks. Skipping...
[CTS-0041] Net "_1523_" has 1 sinks. Skipping...
[CTS-0041] Net "_1522_" has 1 sinks. Skipping...
[CTS-0041] Net "_0340_" has 1 sinks. Skipping...
[CTS-0041] Net "_1518_" has 1 sinks. Skipping...
[CTS-0041] Net "_0339_" has 1 sinks. Skipping...
[CTS-0041] Net "_1515_" has 1 sinks. Skipping...
[CTS-0041] Net "_0338_" has 1 sinks. Skipping...
[CTS-0041] Net "_1512_" has 1 sinks. Skipping...
[CTS-0041] Net "_0337_" has 1 sinks. Skipping...
[CTS-0041] Net "_1509_" has 1 sinks. Skipping...
[CTS-0041] Net "_0336_" has 1 sinks. Skipping...
[CTS-0041] Net "_1506_" has 1 sinks. Skipping...
[CTS-0041] Net "_0335_" has 1 sinks. Skipping...
[CTS-0041] Net "_1504_" has 1 sinks. Skipping...
[CTS-0041] Net "_0334_" has 1 sinks. Skipping...
[CTS-0041] Net "_1500_" has 1 sinks. Skipping...
[CTS-0041] Net "_0333_" has 1 sinks. Skipping...
[CTS-0041] Net "_1496_" has 1 sinks. Skipping...
[CTS-0041] Net "_0332_" has 1 sinks. Skipping...
[CTS-0041] Net "_1493_" has 1 sinks. Skipping...
[CTS-0041] Net "_0331_" has 1 sinks. Skipping...
[CTS-0041] Net "_1489_" has 1 sinks. Skipping...
[CTS-0041] Net "_0330_" has 1 sinks. Skipping...
[CTS-0041] Net "_1487_" has 1 sinks. Skipping...
[CTS-0041] Net "_0329_" has 1 sinks. Skipping...
[CTS-0041] Net "_1484_" has 1 sinks. Skipping...
[CTS-0041] Net "_0328_" has 1 sinks. Skipping...
[CTS-0041] Net "_1481_" has 1 sinks. Skipping...
[CTS-0041] Net "_0327_" has 1 sinks. Skipping...
[CTS-0041] Net "_1478_" has 1 sinks. Skipping...
[CTS-0041] Net "_0326_" has 1 sinks. Skipping...
[CTS-0041] Net "_1469_" has 1 sinks. Skipping...
[CTS-0041] Net "_0349_" has 1 sinks. Skipping...
[CTS-0041] Net "_0348_" has 1 sinks. Skipping...
[CTS-0041] Net "_0347_" has 1 sinks. Skipping...
[CTS-0041] Net "_0346_" has 1 sinks. Skipping...
Running 'OpenROAD.STAMidPNR-1' at 'layout/digital/top_level_single_verilog/runs/RUN_2026-10-09_11-29-12/36-openroad-stamidpnr-1'…
Logging subprocess to [repr.filename]'layout/digital/top_level_single_verilog/runs/RUN_2026-10-09_11-29-12/36-openroad-stamidpnr-1/openroad-stamidpnr-1.log'[/repr.filename]…
[STA-0366] port 'CLK_I' not found.
[STA-0441] set_input_delay relative to a clock defined on the same port/pin not allowed.
Running 'OpenROAD.ResizerTimingPostCTS' at 'layout/digital/top_level_single_verilog/runs/RUN_2026-10-09_11-29-12/37-openroad-resizertimingpostcts'…
Logging subprocess to [repr.filename]'layout/digital/top_level_single_verilog/runs/RUN_2026-10-09_11-29-12/37-openroad-resizertimingpostcts/openroad-resizertimingpostcts.log'[/repr.filename]…
[STA-1140] /foss/pdks/gf180mcuD/libs.ref/gf180mcu_fd_sc_mcu7t5v0/lib/gf180mcu_fd_sc_mcu7t5v0__ff_n40C_5v50.lib line 17, library gf180mcu_fd_sc_mcu7t5v0__ff_n40C_5v50 already exists.
[STA-1140] /foss/pdks/gf180mcuD/libs.ref/gf180mcu_fd_sc_mcu7t5v0/lib/gf180mcu_fd_sc_mcu7t5v0__tt_025C_5v00.lib line 17, library gf180mcu_fd_sc_mcu7t5v0__tt_025C_5v00 already exists.
[STA-1140] /foss/pdks/gf180mcuD/libs.ref/gf180mcu_fd_sc_mcu7t5v0/lib/gf180mcu_fd_sc_mcu7t5v0__ff_n40C_5v50.lib line 17, library gf180mcu_fd_sc_mcu7t5v0__ff_n40C_5v50 already exists.
[STA-1140] /foss/pdks/gf180mcuD/libs.ref/gf180mcu_fd_sc_mcu7t5v0/lib/gf180mcu_fd_sc_mcu7t5v0__tt_025C_5v00.lib line 17, library gf180mcu_fd_sc_mcu7t5v0__tt_025C_5v00 already exists.
[STA-1140] /foss/pdks/gf180mcuD/libs.ref/gf180mcu_fd_sc_mcu7t5v0/lib/gf180mcu_fd_sc_mcu7t5v0__ss_125C_4v50.lib line 17, library gf180mcu_fd_sc_mcu7t5v0__ss_125C_4v50 already exists.
[STA-1140] /foss/pdks/gf180mcuD/libs.ref/gf180mcu_fd_sc_mcu7t5v0/lib/gf180mcu_fd_sc_mcu7t5v0__ss_125C_4v50.lib line 17, library gf180mcu_fd_sc_mcu7t5v0__ss_125C_4v50 already exists.
[STA-0366] port 'CLK_I' not found.
[STA-0441] set_input_delay relative to a clock defined on the same port/pin not allowed.
Running 'OpenROAD.STAMidPNR-2' at 'layout/digital/top_level_single_verilog/runs/RUN_2026-10-09_11-29-12/38-openroad-stamidpnr-2'…
Logging subprocess to [repr.filename]'layout/digital/top_level_single_verilog/runs/RUN_2026-10-09_11-29-12/38-openroad-stamidpnr-2/openroad-stamidpnr-2.log'[/repr.filename]…
[STA-0366] port 'CLK_I' not found.
[STA-0441] set_input_delay relative to a clock defined on the same port/pin not allowed.
Running 'OpenROAD.GlobalRouting' at 'layout/digital/top_level_single_verilog/runs/RUN_2026-10-09_11-29-12/39-openroad-globalrouting'…
Logging subprocess to [repr.filename]'layout/digital/top_level_single_verilog/runs/RUN_2026-10-09_11-29-12/39-openroad-globalrouting/openroad-globalrouting.log'[/repr.filename]…
[STA-0366] port 'CLK_I' not found.
[STA-0441] set_input_delay relative to a clock defined on the same port/pin not allowed.
Running 'OpenROAD.CheckAntennas' at 'layout/digital/top_level_single_verilog/runs/RUN_2026-10-09_11-29-12/40-openroad-checkantennas'…
Logging subprocess to [repr.filename]'layout/digital/top_level_single_verilog/runs/RUN_2026-10-09_11-29-12/40-openroad-checkantennas/openroad-checkantennas.log'[/repr.filename]…
[STA-0366] port 'CLK_I' not found.
[STA-0441] set_input_delay relative to a clock defined on the same port/pin not allowed.
Gating variable for step 'OpenROAD.RepairDesignPostGRT' set to 'False'- the step will be skipped.
Skipping step 'Repair Design (Post-Global Routing)'…
Running 'Odb.DiodesOnPorts' at 'layout/digital/top_level_single_verilog/runs/RUN_2026-10-09_11-29-12/41-odb-diodesonports'…
'DIODE_ON_PORTS' is set to 'none': skipping 'Odb.DiodesOnPorts'…
Gating variable for step 'Odb.HeuristicDiodeInsertion' set to 'False'- the step will be skipped.
Skipping step 'Heuristic Diode Insertion'…
Running 'OpenROAD.RepairAntennas' at 'layout/digital/top_level_single_verilog/runs/RUN_2026-10-09_11-29-12/42-openroad-repairantennas'…
Running 'OpenROAD.DiodeInsertion' at 'layout/digital/top_level_single_verilog/runs/RUN_2026-10-09_11-29-12/42-openroad-repairantennas/1-openroad-diodeinsertion'…
Logging subprocess to [repr.filename]'layout/digital/top_level_single_verilog/runs/RUN_2026-10-09_11-29-12/42-openroad-repairantennas/1-openroad-diodeinsertion/openroad-diodeinsertion.log'[/repr.filename]…
[STA-0366] port 'CLK_I' not found.
[STA-0441] set_input_delay relative to a clock defined on the same port/pin not allowed.
Running 'OpenROAD.CheckAntennas' at 'layout/digital/top_level_single_verilog/runs/RUN_2026-10-09_11-29-12/42-openroad-repairantennas/2-openroad-checkantennas'…
Logging subprocess to [repr.filename]'layout/digital/top_level_single_verilog/runs/RUN_2026-10-09_11-29-12/42-openroad-repairantennas/2-openroad-checkantennas/openroad-checkantennas.log'[/repr.filename]…
[STA-0366] port 'CLK_I' not found.
[STA-0441] set_input_delay relative to a clock defined on the same port/pin not allowed.
Gating variable for step 'OpenROAD.ResizerTimingPostGRT' set to 'False'- the step will be skipped.
Skipping step 'Resizer Timing Optimizations (Post-Global Routing)'…
Running 'OpenROAD.STAMidPNR-3' at 'layout/digital/top_level_single_verilog/runs/RUN_2026-10-09_11-29-12/43-openroad-stamidpnr-3'…
Logging subprocess to [repr.filename]'layout/digital/top_level_single_verilog/runs/RUN_2026-10-09_11-29-12/43-openroad-stamidpnr-3/openroad-stamidpnr-3.log'[/repr.filename]…
[STA-0366] port 'CLK_I' not found.
[STA-0441] set_input_delay relative to a clock defined on the same port/pin not allowed.
Running 'OpenROAD.DetailedRouting' at 'layout/digital/top_level_single_verilog/runs/RUN_2026-10-09_11-29-12/44-openroad-detailedrouting'…
Running TritonRoute with 16 threads…
Logging subprocess to [repr.filename]'layout/digital/top_level_single_verilog/runs/RUN_2026-10-09_11-29-12/44-openroad-detailedrouting/openroad-detailedrouting.log'[/repr.filename]…
[STA-0366] port 'CLK_I' not found.
[STA-0441] set_input_delay relative to a clock defined on the same port/pin not allowed.
[DRT-0349] LEF58_ENCLOSURE with no CUTCLASS is not supported. Skipping for layer Via1
[DRT-0349] LEF58_ENCLOSURE with no CUTCLASS is not supported. Skipping for layer Via1
[DRT-0349] LEF58_ENCLOSURE with no CUTCLASS is not supported. Skipping for layer Via2
[DRT-0349] LEF58_ENCLOSURE with no CUTCLASS is not supported. Skipping for layer Via2
[DRT-0349] LEF58_ENCLOSURE with no CUTCLASS is not supported. Skipping for layer Via3
[DRT-0349] LEF58_ENCLOSURE with no CUTCLASS is not supported. Skipping for layer Via3
[DRT-0349] LEF58_ENCLOSURE with no CUTCLASS is not supported. Skipping for layer Via4
[DRT-0349] LEF58_ENCLOSURE with no CUTCLASS is not supported. Skipping for layer Via4
Running 'Odb.RemoveRoutingObstructions' at 'layout/digital/top_level_single_verilog/runs/RUN_2026-10-09_11-29-12/45-odb-removeroutingobstructions'…
'ROUTING_OBSTRUCTIONS' is not defined. Skipping 'Odb.RemoveRoutingObstructions'…
Running 'OpenROAD.CheckAntennas-1' at 'layout/digital/top_level_single_verilog/runs/RUN_2026-10-09_11-29-12/46-openroad-checkantennas-1'…
Logging subprocess to [repr.filename]'layout/digital/top_level_single_verilog/runs/RUN_2026-10-09_11-29-12/46-openroad-checkantennas-1/openroad-checkantennas-1.log'[/repr.filename]…
[STA-0366] port 'CLK_I' not found.
[STA-0441] set_input_delay relative to a clock defined on the same port/pin not allowed.
Running 'Checker.TrDRC' at 'layout/digital/top_level_single_verilog/runs/RUN_2026-10-09_11-29-12/47-checker-trdrc'…
Check for Routing DRC errors clear.
Running 'Odb.ReportDisconnectedPins' at 'layout/digital/top_level_single_verilog/runs/RUN_2026-10-09_11-29-12/48-odb-reportdisconnectedpins'…
Logging subprocess to [repr.filename]'layout/digital/top_level_single_verilog/runs/RUN_2026-10-09_11-29-12/48-odb-reportdisconnectedpins/odb-reportdisconnectedpins.log'[/repr.filename]…
Running 'Checker.DisconnectedPins' at 'layout/digital/top_level_single_verilog/runs/RUN_2026-10-09_11-29-12/49-checker-disconnectedpins'…
Check for critical disconnected pins clear.
Running 'Odb.ReportWireLength' at 'layout/digital/top_level_single_verilog/runs/RUN_2026-10-09_11-29-12/50-odb-reportwirelength'…
Logging subprocess to [repr.filename]'layout/digital/top_level_single_verilog/runs/RUN_2026-10-09_11-29-12/50-odb-reportwirelength/odb-reportwirelength.log'[/repr.filename]…
Running 'Checker.WireLength' at 'layout/digital/top_level_single_verilog/runs/RUN_2026-10-09_11-29-12/51-checker-wirelength'…
Threshold for Threshold-surpassing long wires is not set. The checker will be skipped.
Running 'OpenROAD.FillInsertion' at 'layout/digital/top_level_single_verilog/runs/RUN_2026-10-09_11-29-12/52-openroad-fillinsertion'…
Logging subprocess to [repr.filename]'layout/digital/top_level_single_verilog/runs/RUN_2026-10-09_11-29-12/52-openroad-fillinsertion/openroad-fillinsertion.log'[/repr.filename]…
[STA-0366] port 'CLK_I' not found.
[STA-0441] set_input_delay relative to a clock defined on the same port/pin not allowed.
Running 'Odb.CellFrequencyTables' at 'layout/digital/top_level_single_verilog/runs/RUN_2026-10-09_11-29-12/53-odb-cellfrequencytables'…
Logging subprocess to [repr.filename]'layout/digital/top_level_single_verilog/runs/RUN_2026-10-09_11-29-12/53-odb-cellfrequencytables/buffer_list.txt'[/repr.filename]…
Logging subprocess to [repr.filename]'layout/digital/top_level_single_verilog/runs/RUN_2026-10-09_11-29-12/53-odb-cellfrequencytables/odb-cellfrequencytables.log'[/repr.filename]…
Running 'OpenROAD.RCX' at 'layout/digital/top_level_single_verilog/runs/RUN_2026-10-09_11-29-12/54-openroad-rcx'…
Running RCX for corners matching nom_* (/foss/designs/acoustic-ranger-dvl-processor/layout/digital/top_level_single_verilog/runs/RUN_2026-10-09_11-29-12/54-openroad-rcx/nom/rcx.log)…
Running RCX for corners matching min_* (/foss/designs/acoustic-ranger-dvl-processor/layout/digital/top_level_single_verilog/runs/RUN_2026-10-09_11-29-12/54-openroad-rcx/min/rcx.log)…
Running RCX for corners matching max_* (/foss/designs/acoustic-ranger-dvl-processor/layout/digital/top_level_single_verilog/runs/RUN_2026-10-09_11-29-12/54-openroad-rcx/max/rcx.log)…
Logging subprocess to [repr.filename]'layout/digital/top_level_single_verilog/runs/RUN_2026-10-09_11-29-12/54-openroad-rcx/nom/rcx.log'[/repr.filename]…
Logging subprocess to [repr.filename]'layout/digital/top_level_single_verilog/runs/RUN_2026-10-09_11-29-12/54-openroad-rcx/min/rcx.log'[/repr.filename]…
Logging subprocess to [repr.filename]'layout/digital/top_level_single_verilog/runs/RUN_2026-10-09_11-29-12/54-openroad-rcx/max/rcx.log'[/repr.filename]…
Finished RCX for corners matching nom_*.
Finished RCX for corners matching min_*.
Finished RCX for corners matching max_*.
Running 'OpenROAD.STAPostPNR' at 'layout/digital/top_level_single_verilog/runs/RUN_2026-10-09_11-29-12/55-openroad-stapostpnr'…
Starting STA for the nom_tt_025C_5v00 timing corner…
Starting STA for the nom_ss_125C_4v50 timing corner…
Starting STA for the nom_ff_n40C_5v50 timing corner…
Starting STA for the min_tt_025C_5v00 timing corner…
Logging subprocess to [repr.filename]'layout/digital/top_level_single_verilog/runs/RUN_2026-10-09_11-29-12/55-openroad-stapostpnr/nom_tt_025C_5v00/sta.log'[/repr.filename]…
Starting STA for the min_ss_125C_4v50 timing corner…
Starting STA for the min_ff_n40C_5v50 timing corner…
Logging subprocess to [repr.filename]'layout/digital/top_level_single_verilog/runs/RUN_2026-10-09_11-29-12/55-openroad-stapostpnr/nom_ss_125C_4v50/sta.log'[/repr.filename]…
Starting STA for the max_tt_025C_5v00 timing corner…
Starting STA for the max_ss_125C_4v50 timing corner…
Starting STA for the max_ff_n40C_5v50 timing corner…
Logging subprocess to [repr.filename]'layout/digital/top_level_single_verilog/runs/RUN_2026-10-09_11-29-12/55-openroad-stapostpnr/nom_ff_n40C_5v50/sta.log'[/repr.filename]…
Logging subprocess to [repr.filename]'layout/digital/top_level_single_verilog/runs/RUN_2026-10-09_11-29-12/55-openroad-stapostpnr/min_tt_025C_5v00/sta.log'[/repr.filename]…
Logging subprocess to [repr.filename]'layout/digital/top_level_single_verilog/runs/RUN_2026-10-09_11-29-12/55-openroad-stapostpnr/min_ss_125C_4v50/sta.log'[/repr.filename]…
Logging subprocess to [repr.filename]'layout/digital/top_level_single_verilog/runs/RUN_2026-10-09_11-29-12/55-openroad-stapostpnr/min_ff_n40C_5v50/sta.log'[/repr.filename]…
Logging subprocess to [repr.filename]'layout/digital/top_level_single_verilog/runs/RUN_2026-10-09_11-29-12/55-openroad-stapostpnr/max_tt_025C_5v00/sta.log'[/repr.filename]…
Logging subprocess to [repr.filename]'layout/digital/top_level_single_verilog/runs/RUN_2026-10-09_11-29-12/55-openroad-stapostpnr/max_ff_n40C_5v50/sta.log'[/repr.filename]…
Logging subprocess to [repr.filename]'layout/digital/top_level_single_verilog/runs/RUN_2026-10-09_11-29-12/55-openroad-stapostpnr/max_ss_125C_4v50/sta.log'[/repr.filename]…
Finished STA for the min_tt_025C_5v00 timing corner.
Logging subprocess to [repr.filename]'layout/digital/top_level_single_verilog/runs/RUN_2026-10-09_11-29-12/55-openroad-stapostpnr/min_tt_025C_5v00/filter_unannotated.log'[/repr.filename]…
Finished STA for the max_tt_025C_5v00 timing corner.
Logging subprocess to [repr.filename]'layout/digital/top_level_single_verilog/runs/RUN_2026-10-09_11-29-12/55-openroad-stapostpnr/max_tt_025C_5v00/filter_unannotated.log'[/repr.filename]…
Finished STA for the nom_tt_025C_5v00 timing corner.
Finished STA for the nom_ss_125C_4v50 timing corner.
Logging subprocess to [repr.filename]'layout/digital/top_level_single_verilog/runs/RUN_2026-10-09_11-29-12/55-openroad-stapostpnr/nom_tt_025C_5v00/filter_unannotated.log'[/repr.filename]…
Finished STA for the min_ss_125C_4v50 timing corner.
Logging subprocess to [repr.filename]'layout/digital/top_level_single_verilog/runs/RUN_2026-10-09_11-29-12/55-openroad-stapostpnr/nom_ss_125C_4v50/filter_unannotated.log'[/repr.filename]…
Logging subprocess to [repr.filename]'layout/digital/top_level_single_verilog/runs/RUN_2026-10-09_11-29-12/55-openroad-stapostpnr/min_ss_125C_4v50/filter_unannotated.log'[/repr.filename]…
Finished STA for the min_ff_n40C_5v50 timing corner.
Finished STA for the max_ss_125C_4v50 timing corner.
Logging subprocess to [repr.filename]'layout/digital/top_level_single_verilog/runs/RUN_2026-10-09_11-29-12/55-openroad-stapostpnr/min_ff_n40C_5v50/filter_unannotated.log'[/repr.filename]…
Logging subprocess to [repr.filename]'layout/digital/top_level_single_verilog/runs/RUN_2026-10-09_11-29-12/55-openroad-stapostpnr/max_ss_125C_4v50/filter_unannotated.log'[/repr.filename]…
Finished STA for the nom_ff_n40C_5v50 timing corner.
Logging subprocess to [repr.filename]'layout/digital/top_level_single_verilog/runs/RUN_2026-10-09_11-29-12/55-openroad-stapostpnr/nom_ff_n40C_5v50/filter_unannotated.log'[/repr.filename]…
Finished STA for the max_ff_n40C_5v50 timing corner.
Logging subprocess to [repr.filename]'layout/digital/top_level_single_verilog/runs/RUN_2026-10-09_11-29-12/55-openroad-stapostpnr/max_ff_n40C_5v50/filter_unannotated.log'[/repr.filename]…
Running 'OpenROAD.IRDropReport' at 'layout/digital/top_level_single_verilog/runs/RUN_2026-10-09_11-29-12/56-openroad-irdropreport'…
'VSRC_LOC_FILES' was not given a value, which may make the results of IR drop analysis inaccurate. If you are not integrating a top-level chip for manufacture, you may ignore this warning, otherwise, see the documentation for 'VSRC_LOC_FILES'.
Logging subprocess to [repr.filename]'layout/digital/top_level_single_verilog/runs/RUN_2026-10-09_11-29-12/56-openroad-irdropreport/openroad-irdropreport.log'[/repr.filename]…
[STA-0366] port 'CLK_I' not found.
[STA-0441] set_input_delay relative to a clock defined on the same port/pin not allowed.
+ analyze_power_grid -net VDD -voltage_file /foss/designs/acoustic-ranger-dvl-processor/layout/digital/top_level_single_verilog/runs/RUN_2026-10-09_11-29-12/56-openroad-irdropreport/net-VDD.csv
[INFO PSM-0040] All shapes on net VDD are connected.
########## IR report #################
Net              : VDD
Corner           : nom_tt_025C_5v00
Total power      : 3.92e-03 W
Supply voltage   : 5.00e+00 V
Worstcase voltage: 5.00e+00 V
Average voltage  : 5.00e+00 V
Average IR drop  : 3.31e-05 V
Worstcase IR drop: 1.30e-04 V
Percentage drop  : 0.00 %
######################################
+ analyze_power_grid -net VSS -voltage_file /foss/designs/acoustic-ranger-dvl-processor/layout/digital/top_level_single_verilog/runs/RUN_2026-10-09_11-29-12/56-openroad-irdropreport/net-VSS.csv
[INFO PSM-0040] All shapes on net VSS are connected.
########## IR report #################
Net              : VSS
Corner           : nom_tt_025C_5v00
Total power      : 3.92e-03 W
Supply voltage   : 0.00e+00 V
Worstcase voltage: 1.06e-04 V
Average voltage  : 3.22e-05 V
Average IR drop  : 3.22e-05 V
Worstcase IR drop: 1.06e-04 V
Percentage drop  : 0.00 %
######################################

Running 'Magic.StreamOut' at 'layout/digital/top_level_single_verilog/runs/RUN_2026-10-09_11-29-12/57-magic-streamout'…
Logging subprocess to [repr.filename]'layout/digital/top_level_single_verilog/runs/RUN_2026-10-09_11-29-12/57-magic-streamout/magic-streamout.log'[/repr.filename]…
Running 'KLayout.StreamOut' at 'layout/digital/top_level_single_verilog/runs/RUN_2026-10-09_11-29-12/58-klayout-streamout'…
Logging subprocess to [repr.filename]'layout/digital/top_level_single_verilog/runs/RUN_2026-10-09_11-29-12/58-klayout-streamout/klayout-streamout.log'[/repr.filename]…
Running 'KLayout.Render' at 'layout/digital/top_level_single_verilog/runs/RUN_2026-10-09_11-29-12/59-klayout-render'…
Logging subprocess to [repr.filename]'layout/digital/top_level_single_verilog/runs/RUN_2026-10-09_11-29-12/59-klayout-render/klayout-render.log'[/repr.filename]…
Running 'Magic.WriteLEF' at 'layout/digital/top_level_single_verilog/runs/RUN_2026-10-09_11-29-12/60-magic-writelef'…
Logging subprocess to [repr.filename]'layout/digital/top_level_single_verilog/runs/RUN_2026-10-09_11-29-12/60-magic-writelef/magic-writelef.log'[/repr.filename]…
Running 'Odb.CheckDesignAntennaProperties' at 'layout/digital/top_level_single_verilog/runs/RUN_2026-10-09_11-29-12/61-odb-checkdesignantennaproperties'…
Logging subprocess to [repr.filename]'layout/digital/top_level_single_verilog/runs/RUN_2026-10-09_11-29-12/61-odb-checkdesignantennaproperties/odb-checkdesignantennaproperties.log'[/repr.filename]…
Cell 'top_level' has (7) input pin(s) without antenna gate information. They might not be connected to a gate.
Running 'KLayout.XOR' at 'layout/digital/top_level_single_verilog/runs/RUN_2026-10-09_11-29-12/62-klayout-xor'…
Running XOR with 16 threads…
Logging subprocess to [repr.filename]'layout/digital/top_level_single_verilog/runs/RUN_2026-10-09_11-29-12/62-klayout-xor/klayout-xor.log'[/repr.filename]…
Running 'Checker.XOR' at 'layout/digital/top_level_single_verilog/runs/RUN_2026-10-09_11-29-12/63-checker-xor'…
Check for XOR differences clear.
Running 'Magic.DRC' at 'layout/digital/top_level_single_verilog/runs/RUN_2026-10-09_11-29-12/64-magic-drc'…
Logging subprocess to [repr.filename]'layout/digital/top_level_single_verilog/runs/RUN_2026-10-09_11-29-12/64-magic-drc/magic-drc.log'[/repr.filename]…
Running 'KLayout.DRC' at 'layout/digital/top_level_single_verilog/runs/RUN_2026-10-09_11-29-12/65-klayout-drc'…
Running KLayout DRC with 16 threads…
Logging subprocess to [repr.filename]'layout/digital/top_level_single_verilog/runs/RUN_2026-10-09_11-29-12/65-klayout-drc/klayout-drc.log'[/repr.filename]…
Logging subprocess to [repr.filename]'layout/digital/top_level_single_verilog/runs/RUN_2026-10-09_11-29-12/65-klayout-drc/xml_drc_report_to_json.log'[/repr.filename]…
Running 'Checker.MagicDRC' at 'layout/digital/top_level_single_verilog/runs/RUN_2026-10-09_11-29-12/66-checker-magicdrc'…
Check for Magic DRC errors clear.
Running 'Checker.KLayoutDRC' at 'layout/digital/top_level_single_verilog/runs/RUN_2026-10-09_11-29-12/67-checker-klayoutdrc'…
Check for KLayout DRC errors clear.
Running 'Magic.SpiceExtraction' at 'layout/digital/top_level_single_verilog/runs/RUN_2026-10-09_11-29-12/68-magic-spiceextraction'…
Logging subprocess to [repr.filename]'layout/digital/top_level_single_verilog/runs/RUN_2026-10-09_11-29-12/68-magic-spiceextraction/magic-spiceextraction.log'[/repr.filename]…
Running 'Checker.IllegalOverlap' at 'layout/digital/top_level_single_verilog/runs/RUN_2026-10-09_11-29-12/69-checker-illegaloverlap'…
Check for Magic Illegal Overlap errors clear.
Running 'Netgen.LVS' at 'layout/digital/top_level_single_verilog/runs/RUN_2026-10-09_11-29-12/70-netgen-lvs'…
Logging subprocess to [repr.filename]'layout/digital/top_level_single_verilog/runs/RUN_2026-10-09_11-29-12/70-netgen-lvs/netgen-lvs.log'[/repr.filename]…
Running 'Checker.LVS' at 'layout/digital/top_level_single_verilog/runs/RUN_2026-10-09_11-29-12/71-checker-lvs'…
Check for LVS errors clear.
Gating variable for step 'Yosys.EQY' set to 'False'- the step will be skipped.
Skipping step 'Equivalence Check'…
Running 'Checker.SetupViolations' at 'layout/digital/top_level_single_verilog/runs/RUN_2026-10-09_11-29-12/72-checker-setupviolations'…
No setup violations found
Running 'Checker.HoldViolations' at 'layout/digital/top_level_single_verilog/runs/RUN_2026-10-09_11-29-12/73-checker-holdviolations'…
No hold violations found
Running 'Checker.MaxSlewViolations' at 'layout/digital/top_level_single_verilog/runs/RUN_2026-10-09_11-29-12/74-checker-maxslewviolations'…
No max slew violations found
Running 'Checker.MaxCapViolations' at 'layout/digital/top_level_single_verilog/runs/RUN_2026-10-09_11-29-12/75-checker-maxcapviolations'…
No max cap violations found
Running 'Misc.ReportManufacturability' at 'layout/digital/top_level_single_verilog/runs/RUN_2026-10-09_11-29-12/76-misc-reportmanufacturability'…
Saving views to '/foss/designs/acoustic-ranger-dvl-processor/layout/digital/top_level_single_verilog/runs/RUN_2026-10-09_11-29-12/final'…
Flow complete.
Starting…
Running 'KLayout.OpenGUI' at 'layout/digital/top_level_single_verilog/runs/RUN_2026-10-09_11-29-12/77-klayout-opengui'…
