336 Lint warnings found.
[STA-0366] port 'CLK_I' not found.
[STA-0441] set_input_delay relative to a clock defined on the same port/pin not allowed.
[STA-0366] port 'CLK_I' not found.
[STA-0441] set_input_delay relative to a clock defined on the same port/pin not allowed.
[STA-0366] port 'CLK_I' not found.
[STA-0441] set_input_delay relative to a clock defined on the same port/pin not allowed.
[STA-0366] port 'CLK_I' not found.
[STA-0441] set_input_delay relative to a clock defined on the same port/pin not allowed.
VDD not found in design but found in config.
VSS not found in design but found in config.
[STA-0366] port 'CLK_I' not found.
[STA-0441] set_input_delay relative to a clock defined on the same port/pin not allowed.
[STA-0366] port 'CLK_I' not found.
[STA-0441] set_input_delay relative to a clock defined on the same port/pin not allowed.
[STA-1140] /foss/pdks/gf180mcuD/libs.ref/gf180mcu_fd_sc_mcu7t5v0/lib/gf180mcu_fd_sc_mcu7t5v0__ff_n40C_5v50.lib line 17, library gf180mcu_fd_sc_mcu7t5v0__ff_n40C_5v50 already exists.
[STA-1140] /foss/pdks/gf180mcuD/libs.ref/gf180mcu_fd_sc_mcu7t5v0/lib/gf180mcu_fd_sc_mcu7t5v0__tt_025C_5v00.lib line 17, library gf180mcu_fd_sc_mcu7t5v0__tt_025C_5v00 already exists.
[STA-1140] /foss/pdks/gf180mcuD/libs.ref/gf180mcu_fd_sc_mcu7t5v0/lib/gf180mcu_fd_sc_mcu7t5v0__ff_n40C_5v50.lib line 17, library gf180mcu_fd_sc_mcu7t5v0__ff_n40C_5v50 already exists.
[STA-1140] /foss/pdks/gf180mcuD/libs.ref/gf180mcu_fd_sc_mcu7t5v0/lib/gf180mcu_fd_sc_mcu7t5v0__tt_025C_5v00.lib line 17, library gf180mcu_fd_sc_mcu7t5v0__tt_025C_5v00 already exists.
[STA-1140] /foss/pdks/gf180mcuD/libs.ref/gf180mcu_fd_sc_mcu7t5v0/lib/gf180mcu_fd_sc_mcu7t5v0__ss_125C_4v50.lib line 17, library gf180mcu_fd_sc_mcu7t5v0__ss_125C_4v50 already exists.
[STA-1140] /foss/pdks/gf180mcuD/libs.ref/gf180mcu_fd_sc_mcu7t5v0/lib/gf180mcu_fd_sc_mcu7t5v0__ss_125C_4v50.lib line 17, library gf180mcu_fd_sc_mcu7t5v0__ss_125C_4v50 already exists.
[STA-0366] port 'CLK_I' not found.
[STA-0441] set_input_delay relative to a clock defined on the same port/pin not allowed.
[RSZ-0020] found 2 floating nets.
[STA-0366] port 'CLK_I' not found.
[STA-0441] set_input_delay relative to a clock defined on the same port/pin not allowed.
[STA-1140] /foss/pdks/gf180mcuD/libs.ref/gf180mcu_fd_sc_mcu7t5v0/lib/gf180mcu_fd_sc_mcu7t5v0__ff_n40C_5v50.lib line 17, library gf180mcu_fd_sc_mcu7t5v0__ff_n40C_5v50 already exists.
[STA-1140] /foss/pdks/gf180mcuD/libs.ref/gf180mcu_fd_sc_mcu7t5v0/lib/gf180mcu_fd_sc_mcu7t5v0__tt_025C_5v00.lib line 17, library gf180mcu_fd_sc_mcu7t5v0__tt_025C_5v00 already exists.
[STA-1140] /foss/pdks/gf180mcuD/libs.ref/gf180mcu_fd_sc_mcu7t5v0/lib/gf180mcu_fd_sc_mcu7t5v0__ff_n40C_5v50.lib line 17, library gf180mcu_fd_sc_mcu7t5v0__ff_n40C_5v50 already exists.
[STA-1140] /foss/pdks/gf180mcuD/libs.ref/gf180mcu_fd_sc_mcu7t5v0/lib/gf180mcu_fd_sc_mcu7t5v0__tt_025C_5v00.lib line 17, library gf180mcu_fd_sc_mcu7t5v0__tt_025C_5v00 already exists.
[STA-1140] /foss/pdks/gf180mcuD/libs.ref/gf180mcu_fd_sc_mcu7t5v0/lib/gf180mcu_fd_sc_mcu7t5v0__ss_125C_4v50.lib line 17, library gf180mcu_fd_sc_mcu7t5v0__ss_125C_4v50 already exists.
[STA-1140] /foss/pdks/gf180mcuD/libs.ref/gf180mcu_fd_sc_mcu7t5v0/lib/gf180mcu_fd_sc_mcu7t5v0__ss_125C_4v50.lib line 17, library gf180mcu_fd_sc_mcu7t5v0__ss_125C_4v50 already exists.
[STA-0366] port 'CLK_I' not found.
[STA-0441] set_input_delay relative to a clock defined on the same port/pin not allowed.
[CTS-0041] Net "_1535_" has 1 sinks. Skipping...
[CTS-0041] Net "_0345_" has 1 sinks. Skipping...
[CTS-0041] Net "_1534_" has 1 sinks. Skipping...
[CTS-0041] Net "_0344_" has 1 sinks. Skipping...
[CTS-0041] Net "_0351_" has 1 sinks. Skipping...
[CTS-0041] Net "_1539_" has 1 sinks. Skipping...
[CTS-0041] Net "_0350_" has 1 sinks. Skipping...
[CTS-0041] Net "_1537_" has 1 sinks. Skipping...
[CTS-0041] Net "_1531_" has 1 sinks. Skipping...
[CTS-0041] Net "_0343_" has 1 sinks. Skipping...
[CTS-0041] Net "_1527_" has 1 sinks. Skipping...
[CTS-0041] Net "_0342_" has 1 sinks. Skipping...
[CTS-0041] Net "_0341_" has 1 sinks. Skipping...
[CTS-0041] Net "_1523_" has 1 sinks. Skipping...
[CTS-0041] Net "_1522_" has 1 sinks. Skipping...
[CTS-0041] Net "_0340_" has 1 sinks. Skipping...
[CTS-0041] Net "_1518_" has 1 sinks. Skipping...
[CTS-0041] Net "_0339_" has 1 sinks. Skipping...
[CTS-0041] Net "_1515_" has 1 sinks. Skipping...
[CTS-0041] Net "_0338_" has 1 sinks. Skipping...
[CTS-0041] Net "_1512_" has 1 sinks. Skipping...
[CTS-0041] Net "_0337_" has 1 sinks. Skipping...
[CTS-0041] Net "_1509_" has 1 sinks. Skipping...
[CTS-0041] Net "_0336_" has 1 sinks. Skipping...
[CTS-0041] Net "_1506_" has 1 sinks. Skipping...
[CTS-0041] Net "_0335_" has 1 sinks. Skipping...
[CTS-0041] Net "_1504_" has 1 sinks. Skipping...
[CTS-0041] Net "_0334_" has 1 sinks. Skipping...
[CTS-0041] Net "_1500_" has 1 sinks. Skipping...
[CTS-0041] Net "_0333_" has 1 sinks. Skipping...
[CTS-0041] Net "_1496_" has 1 sinks. Skipping...
[CTS-0041] Net "_0332_" has 1 sinks. Skipping...
[CTS-0041] Net "_1493_" has 1 sinks. Skipping...
[CTS-0041] Net "_0331_" has 1 sinks. Skipping...
[CTS-0041] Net "_1489_" has 1 sinks. Skipping...
[CTS-0041] Net "_0330_" has 1 sinks. Skipping...
[CTS-0041] Net "_1487_" has 1 sinks. Skipping...
[CTS-0041] Net "_0329_" has 1 sinks. Skipping...
[CTS-0041] Net "_1484_" has 1 sinks. Skipping...
[CTS-0041] Net "_0328_" has 1 sinks. Skipping...
[CTS-0041] Net "_1481_" has 1 sinks. Skipping...
[CTS-0041] Net "_0327_" has 1 sinks. Skipping...
[CTS-0041] Net "_1478_" has 1 sinks. Skipping...
[CTS-0041] Net "_0326_" has 1 sinks. Skipping...
[CTS-0041] Net "_1469_" has 1 sinks. Skipping...
[CTS-0041] Net "_0349_" has 1 sinks. Skipping...
[CTS-0041] Net "_0348_" has 1 sinks. Skipping...
[CTS-0041] Net "_0347_" has 1 sinks. Skipping...
[CTS-0041] Net "_0346_" has 1 sinks. Skipping...
[STA-0366] port 'CLK_I' not found.
[STA-0441] set_input_delay relative to a clock defined on the same port/pin not allowed.
[STA-1140] /foss/pdks/gf180mcuD/libs.ref/gf180mcu_fd_sc_mcu7t5v0/lib/gf180mcu_fd_sc_mcu7t5v0__ff_n40C_5v50.lib line 17, library gf180mcu_fd_sc_mcu7t5v0__ff_n40C_5v50 already exists.
[STA-1140] /foss/pdks/gf180mcuD/libs.ref/gf180mcu_fd_sc_mcu7t5v0/lib/gf180mcu_fd_sc_mcu7t5v0__tt_025C_5v00.lib line 17, library gf180mcu_fd_sc_mcu7t5v0__tt_025C_5v00 already exists.
[STA-1140] /foss/pdks/gf180mcuD/libs.ref/gf180mcu_fd_sc_mcu7t5v0/lib/gf180mcu_fd_sc_mcu7t5v0__ff_n40C_5v50.lib line 17, library gf180mcu_fd_sc_mcu7t5v0__ff_n40C_5v50 already exists.
[STA-1140] /foss/pdks/gf180mcuD/libs.ref/gf180mcu_fd_sc_mcu7t5v0/lib/gf180mcu_fd_sc_mcu7t5v0__tt_025C_5v00.lib line 17, library gf180mcu_fd_sc_mcu7t5v0__tt_025C_5v00 already exists.
[STA-1140] /foss/pdks/gf180mcuD/libs.ref/gf180mcu_fd_sc_mcu7t5v0/lib/gf180mcu_fd_sc_mcu7t5v0__ss_125C_4v50.lib line 17, library gf180mcu_fd_sc_mcu7t5v0__ss_125C_4v50 already exists.
[STA-1140] /foss/pdks/gf180mcuD/libs.ref/gf180mcu_fd_sc_mcu7t5v0/lib/gf180mcu_fd_sc_mcu7t5v0__ss_125C_4v50.lib line 17, library gf180mcu_fd_sc_mcu7t5v0__ss_125C_4v50 already exists.
[STA-0366] port 'CLK_I' not found.
[STA-0441] set_input_delay relative to a clock defined on the same port/pin not allowed.
[STA-0366] port 'CLK_I' not found.
[STA-0441] set_input_delay relative to a clock defined on the same port/pin not allowed.
[STA-0366] port 'CLK_I' not found.
[STA-0441] set_input_delay relative to a clock defined on the same port/pin not allowed.
[STA-0366] port 'CLK_I' not found.
[STA-0441] set_input_delay relative to a clock defined on the same port/pin not allowed.
[STA-0366] port 'CLK_I' not found.
[STA-0441] set_input_delay relative to a clock defined on the same port/pin not allowed.
[STA-0366] port 'CLK_I' not found.
[STA-0441] set_input_delay relative to a clock defined on the same port/pin not allowed.
[STA-0366] port 'CLK_I' not found.
[STA-0441] set_input_delay relative to a clock defined on the same port/pin not allowed.
[STA-0366] port 'CLK_I' not found.
[STA-0441] set_input_delay relative to a clock defined on the same port/pin not allowed.
[DRT-0349] LEF58_ENCLOSURE with no CUTCLASS is not supported. Skipping for layer Via1
[DRT-0349] LEF58_ENCLOSURE with no CUTCLASS is not supported. Skipping for layer Via1
[DRT-0349] LEF58_ENCLOSURE with no CUTCLASS is not supported. Skipping for layer Via2
[DRT-0349] LEF58_ENCLOSURE with no CUTCLASS is not supported. Skipping for layer Via2
[DRT-0349] LEF58_ENCLOSURE with no CUTCLASS is not supported. Skipping for layer Via3
[DRT-0349] LEF58_ENCLOSURE with no CUTCLASS is not supported. Skipping for layer Via3
[DRT-0349] LEF58_ENCLOSURE with no CUTCLASS is not supported. Skipping for layer Via4
[DRT-0349] LEF58_ENCLOSURE with no CUTCLASS is not supported. Skipping for layer Via4
[STA-0366] port 'CLK_I' not found.
[STA-0441] set_input_delay relative to a clock defined on the same port/pin not allowed.
Threshold for Threshold-surpassing long wires is not set. The checker will be skipped.
[STA-0366] port 'CLK_I' not found.
[STA-0441] set_input_delay relative to a clock defined on the same port/pin not allowed.
'VSRC_LOC_FILES' was not given a value, which may make the results of IR drop analysis inaccurate. If you are not integrating a top-level chip for manufacture, you may ignore this warning, otherwise, see the documentation for 'VSRC_LOC_FILES'.
[STA-0366] port 'CLK_I' not found.
[STA-0441] set_input_delay relative to a clock defined on the same port/pin not allowed.
Cell 'top_level' has (7) input pin(s) without antenna gate information. They might not be connected to a gate.
