Clock: system_clock
Sources: 
Generated: no
Virtual: yes
Propagated: no
Period: 100.000000

===========================================================================
report_clock_properties
============================================================================
Clock                   Period          Waveform
----------------------------------------------------
system_clock        100.000000    0.000000 50.000000

===========================================================================
report_clock_latency
============================================================================
Clock system_clock
rise -> rise
    min     max
0.000000 0.000000 source latency
20.973486         network latency _4016_/CLK
        21.022720 network latency _3841_/CLK
---------------
20.973486 21.022720 latency
        0.049234 skew

rise -> fall
    min     max
0.000000 0.000000 source latency
21.005308         network latency _4016_/CLK
        21.061052 network latency _3841_/CLK
---------------
21.005308 21.061052 latency
        0.055744 skew



===========================================================================
report_clock_min_period
============================================================================
system_clock period_min = 0.00 fmax = inf
Clock: signal_clock
Sources: signal_input 
Generated: no
Virtual: yes
Propagated: no
Period: 4000.000000

===========================================================================
report_clock_properties
============================================================================
Clock                   Period          Waveform
----------------------------------------------------
signal_clock        4000.000000    0.0000002000.000000

===========================================================================
report_clock_latency
============================================================================
Clock signal_clock
rise -> rise
    min     max
0.000000 0.000000 source latency
0.698108         network latency _4066_/CLK
        0.701005 network latency _4079_/CLK
---------------
0.698108 0.701005 latency
        0.002896 skew

fall -> fall
    min     max
0.000000 0.000000 source latency
0.683258         network latency _4066_/CLK
        0.686214 network latency _4076_/CLK
---------------
0.683258 0.686214 latency
        0.002956 skew



===========================================================================
report_clock_min_period
============================================================================
signal_clock period_min = 6.86 fmax = 145.78
