Reading timing models for corner nom_tt_025C_5v00…
Reading timing library for the 'nom_tt_025C_5v00' corner at '/foss/pdks/gf180mcuD/libs.ref/gf180mcu_fd_sc_mcu7t5v0/lib/gf180mcu_fd_sc_mcu7t5v0__tt_025C_5v00.lib'…
Reading OpenROAD database at '/foss/designs/acoustic-ranger-dvl-processor/layout/digital/TDC/runs/RUN_2026-09-01_09-22-52/16-odb-setpowerconnections/frequency_counter.odb'…
Reading design constraints file at '/foss/designs/acoustic-ranger-dvl-processor/layout/digital/TDC/constraint.sdc'…
[WARNING STA-0441] set_input_delay relative to a clock defined on the same port/pin not allowed.
[INFO] No information on clock propagation in input SDC file-- propagating all clocks.
+ cut_rows -halo_width_x 10 -halo_width_y 10 -endcap_master gf180mcu_fd_sc_mcu7t5v0__endcap
Setting global connections for newly added cells…
[INFO] Setting global connections...
[INFO ODB-0403] 0 connections made, 0 conflicts skipped.
Updating metrics…
Cell type report:                       Count       Area
  Tie cell                                  1       8.78
  Buffer                                    6      79.03
  Inverter                                 51     447.82
  Sequential cell                         166   10567.69
  Multi-Input combinational cell          593   10425.00
  Total                                   817   21528.33
Writing OpenROAD database to '/foss/designs/acoustic-ranger-dvl-processor/layout/digital/TDC/runs/RUN_2026-09-01_09-22-52/18-openroad-cutrows/frequency_counter.odb'…
Writing layout to '/foss/designs/acoustic-ranger-dvl-processor/layout/digital/TDC/runs/RUN_2026-09-01_09-22-52/18-openroad-cutrows/frequency_counter.def'…
