
===========================================================================
report_checks -unconstrained
===========================================================================
======================= nom_ss_125C_4v50 Corner ===================================

Startpoint: _4063_ (rising edge-triggered flip-flop clocked by signal_clock)
Endpoint: _4079_ (rising edge-triggered flip-flop clocked by signal_clock)
Path Group: signal_clock
Path Type: max

Fanout         Cap        Slew       Delay        Time   Description
---------------------------------------------------------------------------------------------
                                  0.000000    0.000000   clock signal_clock (rise edge)
                                  0.000000    0.000000   clock source latency
     2    0.066647    0.000000    0.000000    0.000000 ^ signal_input (in)
                                                         signal_input (net)
                      0.006974    0.002853    0.002853 ^ clkbuf_regs_0_signal_clock/I (gf180mcu_fd_sc_mcu7t5v0__clkbuf_16)
     1    0.023185    0.163039    0.370695    0.373548 ^ clkbuf_regs_0_signal_clock/Z (gf180mcu_fd_sc_mcu7t5v0__clkbuf_16)
                                                         signal_input_regs (net)
                      0.163039    0.000235    0.373783 ^ clkbuf_0_signal_input_regs/I (gf180mcu_fd_sc_mcu7t5v0__clkbuf_16)
     2    0.047688    0.201022    0.433345    0.807128 ^ clkbuf_0_signal_input_regs/Z (gf180mcu_fd_sc_mcu7t5v0__clkbuf_16)
                                                         clknet_0_signal_input_regs (net)
                      0.201022    0.000377    0.807505 ^ clkbuf_1_0__f_signal_input_regs/I (gf180mcu_fd_sc_mcu7t5v0__clkbuf_16)
     8    0.047373    0.200641    0.441176    1.248681 ^ clkbuf_1_0__f_signal_input_regs/Z (gf180mcu_fd_sc_mcu7t5v0__clkbuf_16)
                                                         clknet_1_0__leaf_signal_input_regs (net)
                      0.200641    0.000564    1.249245 ^ _4063_/CLK (gf180mcu_fd_sc_mcu7t5v0__dffq_1)
     2    0.012136    0.303804    1.304390    2.553635 v _4063_/Q (gf180mcu_fd_sc_mcu7t5v0__dffq_1)
                                                         tdc_module.measurement_pulse_done_internal_flag (net)
                      0.303804    0.000095    2.553731 v _1906_/I (gf180mcu_fd_sc_mcu7t5v0__clkinv_1)
     6    0.045295    1.305902    0.848232    3.401963 ^ _1906_/ZN (gf180mcu_fd_sc_mcu7t5v0__clkinv_1)
                                                         _1726_ (net)
                      1.305902    0.000656    3.402618 ^ _3398_/A3 (gf180mcu_fd_sc_mcu7t5v0__and3_1)
     5    0.030853    0.991209    1.249650    4.652268 ^ _3398_/Z (gf180mcu_fd_sc_mcu7t5v0__and3_1)
                                                         _1428_ (net)
                      0.991209    0.000397    4.652665 ^ _3404_/A3 (gf180mcu_fd_sc_mcu7t5v0__and3_1)
     5    0.027834    0.915486    1.192030    5.844695 ^ _3404_/Z (gf180mcu_fd_sc_mcu7t5v0__and3_1)
                                                         _1432_ (net)
                      0.915486    0.000286    5.844981 ^ _3410_/A3 (gf180mcu_fd_sc_mcu7t5v0__and3_1)
     5    0.030995    0.994048    1.240930    7.085911 ^ _3410_/Z (gf180mcu_fd_sc_mcu7t5v0__and3_1)
                                                         _1436_ (net)
                      0.994048    0.000954    7.086865 ^ _3414_/A3 (gf180mcu_fd_sc_mcu7t5v0__and3_1)
     4    0.017927    0.663220    1.027217    8.114082 ^ _3414_/Z (gf180mcu_fd_sc_mcu7t5v0__and3_1)
                                                         _1438_ (net)
                      0.663220    0.000350    8.114432 ^ _3423_/A4 (gf180mcu_fd_sc_mcu7t5v0__and4_1)
     5    0.028816    0.982092    1.416323    9.530755 ^ _3423_/Z (gf180mcu_fd_sc_mcu7t5v0__and4_1)
                                                         _1444_ (net)
                      0.982092    0.000478    9.531233 ^ _3428_/A3 (gf180mcu_fd_sc_mcu7t5v0__and3_1)
     3    0.017370    0.651071    1.016928   10.548161 ^ _3428_/Z (gf180mcu_fd_sc_mcu7t5v0__and3_1)
                                                         _1447_ (net)
                      0.651071    0.000241   10.548402 ^ _3430_/A2 (gf180mcu_fd_sc_mcu7t5v0__and2_1)
     3    0.014588    0.530513    0.736791   11.285192 ^ _3430_/Z (gf180mcu_fd_sc_mcu7t5v0__and2_1)
                                                         _1448_ (net)
                      0.530513    0.000183   11.285376 ^ _3433_/A2 (gf180mcu_fd_sc_mcu7t5v0__and2_1)
     3    0.015925    0.578199    0.749271   12.034646 ^ _3433_/Z (gf180mcu_fd_sc_mcu7t5v0__and2_1)
                                                         _1450_ (net)
                      0.578199    0.000115   12.034762 ^ _3436_/A2 (gf180mcu_fd_sc_mcu7t5v0__and2_1)
     3    0.017269    0.613021    0.775350   12.810112 ^ _3436_/Z (gf180mcu_fd_sc_mcu7t5v0__and2_1)
                                                         _1452_ (net)
                      0.613021    0.000151   12.810263 ^ _3439_/A2 (gf180mcu_fd_sc_mcu7t5v0__oai21_1)
     1    0.004926    0.587637    0.312473   13.122735 v _3439_/ZN (gf180mcu_fd_sc_mcu7t5v0__oai21_1)
                                                         _1454_ (net)
                      0.587637    0.000053   13.122788 v _3440_/B (gf180mcu_fd_sc_mcu7t5v0__aoi21_1)
     1    0.003221    0.550891    0.507939   13.630728 ^ _3440_/ZN (gf180mcu_fd_sc_mcu7t5v0__aoi21_1)
                                                         _0325_ (net)
                      0.550891    0.000060   13.630788 ^ _4079_/D (gf180mcu_fd_sc_mcu7t5v0__dffq_1)
                                             13.630788   data arrival time

                               4000.000000 4000.000000   clock signal_clock (rise edge)
                                  0.000000 4000.000000   clock source latency
     2    0.066647    0.000000    0.000000 4000.000000 ^ signal_input (in)
                                                         signal_input (net)
                      0.006974    0.002728 4000.002930 ^ clkbuf_regs_0_signal_clock/I (gf180mcu_fd_sc_mcu7t5v0__clkbuf_16)
     1    0.023185    0.163039    0.370619 4000.373535 ^ clkbuf_regs_0_signal_clock/Z (gf180mcu_fd_sc_mcu7t5v0__clkbuf_16)
                                                         signal_input_regs (net)
                      0.163039    0.000455 4000.374023 ^ clkbuf_0_signal_input_regs/I (gf180mcu_fd_sc_mcu7t5v0__clkbuf_16)
     2    0.047688    0.201022    0.433374 4000.807373 ^ clkbuf_0_signal_input_regs/Z (gf180mcu_fd_sc_mcu7t5v0__clkbuf_16)
                                                         clknet_0_signal_input_regs (net)
                      0.201022    0.000455 4000.807617 ^ clkbuf_1_1__f_signal_input_regs/I (gf180mcu_fd_sc_mcu7t5v0__clkbuf_16)
    10    0.050302    0.205014    0.444288 4001.251953 ^ clkbuf_1_1__f_signal_input_regs/Z (gf180mcu_fd_sc_mcu7t5v0__clkbuf_16)
                                                         clknet_1_1__leaf_signal_input_regs (net)
                      0.205016    0.001364 4001.253418 ^ _4079_/CLK (gf180mcu_fd_sc_mcu7t5v0__dffq_1)
                                  0.000000 4001.253418   clock reconvergence pessimism
                                 -0.502922 4000.750488   library setup time
                                           4000.750488   data required time
---------------------------------------------------------------------------------------------
                                           4000.750488   data required time
                                            -13.630788   data arrival time
---------------------------------------------------------------------------------------------
                                           3987.119873   slack (MET)




===========================================================================
report_checks --slack_max -0.01
============================================================================
======================= nom_ss_125C_4v50 Corner ===================================

No paths found.


===========================================================================
 report_check_types -max_slew -max_cap -max_fanout -violators
============================================================================
======================= nom_ss_125C_4v50 Corner ===================================



===========================================================================
report_parasitic_annotation -report_unannotated
============================================================================
Found 43 unannotated drivers.
 BPF_OUT
 IN_BPF
 IN_SCHMITT
 JUNCTION
 OTA_IN_M
 RX_IN_N
 RX_IN_P
 clkload0/Z
 clkload1/ZN
 clkload10/ZN
 clkload11/ZN
 clkload12/ZN
 clkload13/ZN
 clkload14/Z
 clkload15/ZN
 clkload16/ZN
 clkload17/ZN
 clkload18/ZN
 clkload19/ZN
 clkload2/ZN
 clkload20/ZN
 clkload21/ZN
 clkload22/Z
 clkload23/ZN
 clkload24/Z
 clkload25/Z
 clkload26/Z
 clkload27/ZN
 clkload28/Z
 clkload29/Z
 clkload3/Z
 clkload30/Z
 clkload31/Z
 clkload32/Z
 clkload33/Z
 clkload34/Z
 clkload35/ZN
 clkload4/ZN
 clkload5/ZN
 clkload6/ZN
 clkload7/Z
 clkload8/Z
 clkload9/Z
Found 0 partially unannotated drivers.

===========================================================================
max slew violation count 0
max fanout violation count 0
max cap violation count 0
============================================================================

===========================================================================
check_setup -verbose -unconstrained_endpoints -multiple_clock -no_clock -no_input_delay -loops -generated_clocks
===========================================================================
Warning: There are 396 unclocked register/latch pins.
  _3758_/CLK
  _3759_/CLK
  _3760_/CLK
  _3761_/CLK
  _3762_/CLK
  _3763_/CLK
  _3764_/CLK
  _3765_/CLK
  _3766_/CLK
  _3767_/CLK
  _3768_/CLK
  _3769_/CLK
  _3770_/CLK
  _3771_/CLK
  _3772_/CLK
  _3773_/CLK
  _3774_/CLK
  _3775_/CLK
  _3776_/CLK
  _3777_/CLK
  _3778_/CLK
  _3779_/CLK
  _3780_/CLK
  _3781_/CLK
  _3782_/CLK
  _3783_/CLK
  _3784_/CLK
  _3785_/CLK
  _3786_/CLK
  _3787_/CLK
  _3788_/CLK
  _3789_/CLK
  _3790_/CLK
  _3791_/CLK
  _3792_/CLK
  _3793_/CLK
  _3794_/CLK
  _3795_/CLK
  _3796_/CLK
  _3797_/CLK
  _3798_/CLK
  _3799_/CLK
  _3800_/CLK
  _3801_/CLK
  _3802_/CLK
  _3803_/CLK
  _3804_/CLK
  _3805_/CLK
  _3806_/CLK
  _3807_/CLK
  _3808_/CLK
  _3809_/CLK
  _3810_/CLK
  _3811_/CLK
  _3812_/CLK
  _3813_/CLK
  _3814_/CLK
  _3815_/CLK
  _3816_/CLK
  _3817_/CLK
  _3818_/CLK
  _3819_/CLK
  _3820_/CLK
  _3821_/CLK
  _3822_/CLK
  _3823_/CLK
  _3824_/CLK
  _3825_/CLK
  _3826_/CLK
  _3827_/CLK
  _3828_/CLK
  _3829_/CLK
  _3830_/CLK
  _3831_/CLK
  _3832_/CLK
  _3833_/CLK
  _3834_/CLK
  _3835_/CLK
  _3836_/CLK
  _3837_/CLK
  _3838_/CLK
  _3839_/CLK
  _3840_/CLK
  _3841_/CLK
  _3842_/CLK
  _3843_/CLK
  _3844_/CLK
  _3845_/CLK
  _3846_/CLK
  _3847_/CLK
  _3848_/CLK
  _3849_/CLK
  _3850_/CLK
  _3851_/CLK
  _3852_/CLK
  _3853_/CLK
  _3854_/CLK
  _3855_/CLK
  _3856_/CLK
  _3857_/CLK
  _3858_/CLK
  _3859_/CLK
  _3860_/CLK
  _3861_/CLK
  _3862_/CLK
  _3863_/CLK
  _3864_/CLK
  _3865_/CLK
  _3866_/CLK
  _3867_/CLK
  _3868_/CLK
  _3869_/CLK
  _3870_/CLK
  _3871_/CLK
  _3872_/CLK
  _3873_/CLK
  _3874_/CLK
  _3875_/CLK
  _3876_/CLK
  _3877_/CLK
  _3878_/CLK
  _3879_/CLK
  _3880_/CLK
  _3881_/CLK
  _3882_/CLK
  _3883_/CLK
  _3884_/CLK
  _3885_/CLK
  _3886_/CLK
  _3887_/CLK
  _3888_/CLK
  _3889_/CLK
  _3890_/CLK
  _3891_/CLK
  _3892_/CLK
  _3893_/CLK
  _3894_/CLK
  _3895_/CLK
  _3896_/CLK
  _3897_/CLK
  _3898_/CLK
  _3899_/CLK
  _3900_/CLK
  _3901_/CLK
  _3902_/CLK
  _3903_/CLK
  _3904_/CLK
  _3905_/CLK
  _3906_/CLK
  _3907_/CLK
  _3908_/CLK
  _3909_/CLK
  _3910_/CLK
  _3911_/CLK
  _3912_/CLK
  _3913_/CLK
  _3914_/CLK
  _3915_/CLK
  _3916_/CLK
  _3917_/CLK
  _3918_/CLK
  _3919_/CLK
  _3920_/CLK
  _3921_/CLK
  _3922_/CLK
  _3923_/CLK
  _3924_/CLK
  _3925_/CLK
  _3926_/CLK
  _3927_/CLK
  _3928_/CLK
  _3929_/CLK
  _3930_/CLK
  _3931_/CLK
  _3932_/CLK
  _3933_/CLK
  _3934_/CLK
  _3935_/CLK
  _3936_/CLK
  _3937_/CLK
  _3938_/CLK
  _3939_/CLK
  _3940_/CLK
  _3941_/CLK
  _3942_/CLK
  _3943_/CLK
  _3944_/CLK
  _3945_/CLK
  _3946_/CLK
  _3947_/CLK
  _3948_/CLK
  _3949_/CLK
  _3950_/CLK
  _3951_/CLK
  _3952_/CLK
  _3953_/CLK
  _3954_/CLK
  _3955_/CLK
  _3956_/CLK
  _3957_/CLK
  _3958_/CLK
  _3959_/CLK
  _3960_/CLK
  _3961_/CLK
  _3962_/CLK
  _3963_/CLK
  _3964_/CLK
  _3965_/CLK
  _3966_/CLK
  _3967_/CLK
  _3968_/CLK
  _3969_/CLK
  _3970_/CLK
  _3971_/CLK
  _3972_/CLK
  _3973_/CLK
  _3974_/CLK
  _3975_/CLK
  _3976_/CLK
  _3977_/CLK
  _3978_/CLK
  _3979_/CLK
  _3980_/CLK
  _3981_/CLK
  _3982_/CLK
  _3983_/CLK
  _3984_/CLK
  _3985_/CLK
  _3986_/CLK
  _3987_/CLK
  _3988_/CLK
  _3989_/CLK
  _3990_/CLK
  _3991_/CLK
  _3992_/CLK
  _3993_/CLK
  _3994_/CLK
  _3995_/CLK
  _3996_/CLK
  _3997_/CLK
  _3998_/CLK
  _3999_/CLK
  _4000_/CLK
  _4001_/CLK
  _4002_/CLK
  _4003_/CLK
  _4004_/CLK
  _4005_/CLK
  _4006_/CLK
  _4007_/CLK
  _4008_/CLK
  _4009_/CLK
  _4010_/CLK
  _4011_/CLK
  _4012_/CLK
  _4013_/CLK
  _4014_/CLK
  _4015_/CLK
  _4016_/CLK
  _4017_/CLK
  _4018_/CLK
  _4019_/CLK
  _4020_/CLK
  _4021_/CLK
  _4022_/CLK
  _4023_/CLK
  _4024_/CLK
  _4025_/CLK
  _4026_/CLK
  _4027_/CLK
  _4028_/CLK
  _4029_/CLK
  _4030_/CLK
  _4031_/CLK
  _4032_/CLK
  _4033_/CLK
  _4034_/CLK
  _4035_/CLK
  _4036_/CLK
  _4037_/CLK
  _4038_/CLK
  _4039_/CLK
  _4040_/CLK
  _4041_/CLK
  _4042_/CLK
  _4043_/CLK
  _4044_/CLK
  _4045_/CLK
  _4046_/CLK
  _4047_/CLK
  _4048_/CLK
  _4049_/CLK
  _4050_/CLK
  _4051_/CLK
  _4052_/CLK
  _4053_/CLK
  _4054_/CLK
  _4055_/CLK
  _4056_/CLK
  _4057_/CLK
  _4058_/CLK
  _4059_/CLK
  _4060_/CLK
  _4061_/CLK
  _4062_/CLK
  _4080_/CLK
  _4081_/CLK
  _4082_/CLK
  _4083_/CLK
  _4084_/CLK
  _4085_/CLK
  _4086_/CLK
  _4087_/CLK
  _4088_/CLK
  _4089_/CLK
  _4090_/CLK
  _4091_/CLK
  _4092_/CLK
  _4093_/CLK
  _4094_/CLK
  _4095_/CLK
  _4096_/CLK
  _4097_/CLK
  _4098_/CLK
  _4099_/CLK
  _4100_/CLK
  _4101_/CLK
  _4102_/CLK
  _4103_/CLK
  _4104_/CLK
  _4105_/CLK
  _4106_/CLK
  _4107_/CLK
  _4108_/CLK
  _4109_/CLK
  _4110_/CLK
  _4111_/CLK
  _4112_/CLK
  _4113_/CLK
  _4114_/CLK
  _4115_/CLK
  _4116_/CLK
  _4117_/CLK
  _4118_/CLK
  _4119_/CLK
  _4120_/CLK
  _4121_/CLK
  _4122_/CLK
  _4123_/CLK
  _4124_/CLK
  _4125_/CLK
  _4126_/CLK
  _4127_/CLK
  _4128_/CLK
  _4129_/CLK
  _4130_/CLK
  _4131_/CLK
  _4132_/CLK
  _4133_/CLK
  _4134_/CLK
  _4135_/CLK
  _4136_/CLK
  _4137_/CLK
  _4138_/CLK
  _4139_/CLK
  _4140_/CLK
  _4141_/CLK
  _4142_/CLK
  _4143_/CLK
  _4144_/CLK
  _4145_/CLK
  _4146_/CLK
  _4147_/CLK
  _4148_/CLK
  _4149_/CLK
  _4150_/CLK
  _4151_/CLK
  _4152_/CLK
  _4153_/CLK
  _4154_/CLK
  _4155_/CLK
  _4156_/CLK
  _4157_/CLK
  _4158_/CLK
  _4159_/CLK
  _4160_/CLK
  _4161_/CLK
  _4162_/CLK
  _4163_/CLK
  _4164_/CLK
  _4165_/CLK
  _4166_/CLK
  _4167_/CLK
  _4168_/CLK
  _4169_/CLK
  _4170_/CLK
Warning: There are 419 unconstrained endpoints.
  PAD_A[0]
  PAD_A[1]
  PAD_CS[0]
  PAD_CS[1]
  PAD_IE[0]
  PAD_IE[1]
  PAD_OE[0]
  PAD_OE[1]
  PAD_PD[0]
  PAD_PD[1]
  PAD_PU[0]
  PAD_PU[1]
  PAD_SL[0]
  PAD_SL[1]
  bypass_pin_control[0]
  bypass_pin_control[1]
  bypass_pin_control[2]
  i2c_sda_out_pin_ctrl
  i2c_sda_out_pin_ctrl_n
  pga_gain_control[0]
  pga_gain_control[1]
  pga_gain_control[2]
  trigger_signal_out
  _3758_/D
  _3759_/D
  _3760_/D
  _3761_/D
  _3762_/D
  _3763_/D
  _3764_/D
  _3765_/D
  _3766_/D
  _3767_/D
  _3768_/D
  _3769_/D
  _3770_/D
  _3771_/D
  _3772_/D
  _3773_/D
  _3774_/D
  _3775_/D
  _3776_/D
  _3777_/D
  _3778_/D
  _3779_/D
  _3780_/D
  _3781_/D
  _3782_/D
  _3783_/D
  _3784_/D
  _3785_/D
  _3786_/D
  _3787_/D
  _3788_/D
  _3789_/D
  _3790_/D
  _3791_/D
  _3792_/D
  _3793_/D
  _3794_/D
  _3795_/D
  _3796_/D
  _3797_/D
  _3798_/D
  _3799_/D
  _3800_/D
  _3801_/D
  _3802_/D
  _3803_/D
  _3804_/D
  _3805_/D
  _3806_/D
  _3807_/D
  _3808_/D
  _3809_/D
  _3810_/D
  _3811_/D
  _3812_/D
  _3813_/D
  _3814_/D
  _3815_/D
  _3816_/D
  _3817_/D
  _3818_/D
  _3819_/D
  _3820_/D
  _3821_/D
  _3822_/D
  _3823_/D
  _3824_/D
  _3825_/D
  _3826_/D
  _3827_/D
  _3828_/D
  _3829_/D
  _3830_/D
  _3831_/D
  _3832_/D
  _3833_/D
  _3834_/D
  _3835_/D
  _3836_/D
  _3837_/D
  _3838_/D
  _3839_/D
  _3840_/D
  _3841_/D
  _3842_/D
  _3843_/D
  _3844_/D
  _3845_/D
  _3846_/D
  _3847_/D
  _3848_/D
  _3849_/D
  _3850_/D
  _3851_/D
  _3852_/D
  _3853_/D
  _3854_/D
  _3855_/D
  _3856_/D
  _3857_/D
  _3858_/D
  _3859_/D
  _3860_/D
  _3861_/D
  _3862_/D
  _3863_/D
  _3864_/D
  _3865_/D
  _3866_/D
  _3867_/D
  _3868_/D
  _3869_/D
  _3870_/D
  _3871_/D
  _3872_/D
  _3873_/D
  _3874_/D
  _3875_/D
  _3876_/D
  _3877_/D
  _3878_/D
  _3879_/D
  _3880_/D
  _3881_/D
  _3882_/D
  _3883_/D
  _3884_/D
  _3885_/D
  _3886_/D
  _3887_/D
  _3888_/D
  _3889_/D
  _3890_/D
  _3891_/D
  _3892_/D
  _3893_/D
  _3894_/D
  _3895_/D
  _3896_/D
  _3897_/D
  _3898_/D
  _3899_/D
  _3900_/D
  _3901_/D
  _3902_/D
  _3903_/D
  _3904_/D
  _3905_/D
  _3906_/D
  _3907_/D
  _3908_/D
  _3909_/D
  _3910_/D
  _3911_/D
  _3912_/D
  _3913_/D
  _3914_/D
  _3915_/D
  _3916_/D
  _3917_/D
  _3918_/D
  _3919_/D
  _3920_/D
  _3921_/D
  _3922_/D
  _3923_/D
  _3924_/D
  _3925_/D
  _3926_/D
  _3927_/D
  _3928_/D
  _3929_/D
  _3930_/D
  _3931_/D
  _3932_/D
  _3933_/D
  _3934_/D
  _3935_/D
  _3936_/D
  _3937_/D
  _3938_/D
  _3939_/D
  _3940_/D
  _3941_/D
  _3942_/D
  _3943_/D
  _3944_/D
  _3945_/D
  _3946_/D
  _3947_/D
  _3948_/D
  _3949_/D
  _3950_/D
  _3951_/D
  _3952_/D
  _3953_/D
  _3954_/D
  _3955_/D
  _3956_/D
  _3957_/D
  _3958_/D
  _3959_/D
  _3960_/D
  _3961_/D
  _3962_/D
  _3963_/D
  _3964_/D
  _3965_/D
  _3966_/D
  _3967_/D
  _3968_/D
  _3969_/D
  _3970_/D
  _3971_/D
  _3972_/D
  _3973_/D
  _3974_/D
  _3975_/D
  _3976_/D
  _3977_/D
  _3978_/D
  _3979_/D
  _3980_/D
  _3981_/D
  _3982_/D
  _3983_/D
  _3984_/D
  _3985_/D
  _3986_/D
  _3987_/D
  _3988_/D
  _3989_/D
  _3990_/D
  _3991_/D
  _3992_/D
  _3993_/D
  _3994_/D
  _3995_/D
  _3996_/D
  _3997_/D
  _3998_/D
  _3999_/D
  _4000_/D
  _4001_/D
  _4002_/D
  _4003_/D
  _4004_/D
  _4005_/D
  _4006_/D
  _4007_/D
  _4008_/D
  _4009_/D
  _4010_/D
  _4011_/D
  _4012_/D
  _4013_/D
  _4014_/D
  _4015_/D
  _4016_/D
  _4017_/D
  _4018_/D
  _4019_/D
  _4020_/D
  _4021_/D
  _4022_/D
  _4023_/D
  _4024_/D
  _4025_/D
  _4026_/D
  _4027_/D
  _4028_/D
  _4029_/D
  _4030_/D
  _4031_/D
  _4032_/D
  _4033_/D
  _4034_/D
  _4035_/D
  _4036_/D
  _4037_/D
  _4038_/D
  _4039_/D
  _4040_/D
  _4041_/D
  _4042_/D
  _4043_/D
  _4044_/D
  _4045_/D
  _4046_/D
  _4047_/D
  _4048_/D
  _4049_/D
  _4050_/D
  _4051_/D
  _4052_/D
  _4053_/D
  _4054_/D
  _4055_/D
  _4056_/D
  _4057_/D
  _4058_/D
  _4059_/D
  _4060_/D
  _4061_/D
  _4062_/D
  _4080_/D
  _4081_/D
  _4082_/D
  _4083_/D
  _4084_/D
  _4085_/D
  _4086_/D
  _4087_/D
  _4088_/D
  _4089_/D
  _4090_/D
  _4091_/D
  _4092_/D
  _4093_/D
  _4094_/D
  _4095_/D
  _4096_/D
  _4097_/D
  _4098_/D
  _4099_/D
  _4100_/D
  _4101_/D
  _4102_/D
  _4103_/D
  _4104_/D
  _4105_/D
  _4106_/D
  _4107_/D
  _4108_/D
  _4109_/D
  _4110_/D
  _4111_/D
  _4112_/D
  _4113_/D
  _4114_/D
  _4115_/D
  _4116_/D
  _4117_/D
  _4118_/D
  _4119_/D
  _4120_/D
  _4121_/D
  _4122_/D
  _4123_/D
  _4124_/D
  _4125_/D
  _4126_/D
  _4127_/D
  _4128_/D
  _4129_/D
  _4130_/D
  _4131_/D
  _4132_/D
  _4133_/D
  _4134_/D
  _4135_/D
  _4136_/D
  _4137_/D
  _4138_/D
  _4139_/D
  _4140_/D
  _4141_/D
  _4142_/D
  _4143_/D
  _4144_/D
  _4145_/D
  _4146_/D
  _4147_/D
  _4148_/D
  _4149_/D
  _4150_/D
  _4151_/D
  _4152_/D
  _4153_/D
  _4154_/D
  _4155_/D
  _4156_/D
  _4157_/D
  _4158_/D
  _4159_/D
  _4160_/D
  _4161_/D
  _4162_/D
  _4163_/D
  _4164_/D
  _4165_/D
  _4166_/D
  _4167_/D
  _4168_/D
  _4169_/D
  _4170_/D
