Clock: system_clock
Sources: 
Generated: no
Virtual: yes
Propagated: no
Period: 100.000000

===========================================================================
report_clock_properties
============================================================================
Clock                   Period          Waveform
----------------------------------------------------
system_clock        100.000000    0.000000 50.000000

===========================================================================
report_clock_latency
============================================================================
Clock system_clock
rise -> rise
    min     max
0.000000 0.000000 source latency
21.736046         network latency _4016_/CLK
        21.817373 network latency _3841_/CLK
---------------
21.736046 21.817373 latency
        0.081327 skew

rise -> fall
    min     max
0.000000 0.000000 source latency
21.794621         network latency _4016_/CLK
        21.887764 network latency _3841_/CLK
---------------
21.794621 21.887764 latency
        0.093143 skew



===========================================================================
report_clock_min_period
============================================================================
system_clock period_min = 0.00 fmax = inf
Clock: signal_clock
Sources: signal_input 
Generated: no
Virtual: yes
Propagated: no
Period: 4000.000000

===========================================================================
report_clock_properties
============================================================================
Clock                   Period          Waveform
----------------------------------------------------
signal_clock        4000.000000    0.0000002000.000000

===========================================================================
report_clock_latency
============================================================================
Clock signal_clock
rise -> rise
    min     max
0.000000 0.000000 source latency
1.248954         network latency _4066_/CLK
        1.253266 network latency _4079_/CLK
---------------
1.248954 1.253266 latency
        0.004312 skew

fall -> fall
    min     max
0.000000 0.000000 source latency
1.221906         network latency _4066_/CLK
        1.226226 network latency _4076_/CLK
---------------
1.221906 1.226226 latency
        0.004320 skew



===========================================================================
report_clock_min_period
============================================================================
signal_clock period_min = 12.88 fmax = 77.64
