
===========================================================================
report_checks -path_delay min (Hold)
============================================================================
======================= nom_ss_125C_4v50 Corner ===================================

Startpoint: _4079_ (rising edge-triggered flip-flop clocked by signal_clock)
Endpoint: _4079_ (rising edge-triggered flip-flop clocked by signal_clock)
Path Group: signal_clock
Path Type: min

Fanout         Cap        Slew       Delay        Time   Description
---------------------------------------------------------------------------------------------
                                  0.000000    0.000000   clock signal_clock (rise edge)
                                  0.000000    0.000000   clock source latency
     2    0.066647    0.000000    0.000000    0.000000 ^ signal_input (in)
                                                         signal_input (net)
                      0.006974    0.002853    0.002853 ^ clkbuf_regs_0_signal_clock/I (gf180mcu_fd_sc_mcu7t5v0__clkbuf_16)
     1    0.023185    0.163039    0.370695    0.373548 ^ clkbuf_regs_0_signal_clock/Z (gf180mcu_fd_sc_mcu7t5v0__clkbuf_16)
                                                         signal_input_regs (net)
                      0.163039    0.000235    0.373783 ^ clkbuf_0_signal_input_regs/I (gf180mcu_fd_sc_mcu7t5v0__clkbuf_16)
     2    0.047688    0.201022    0.433345    0.807128 ^ clkbuf_0_signal_input_regs/Z (gf180mcu_fd_sc_mcu7t5v0__clkbuf_16)
                                                         clknet_0_signal_input_regs (net)
                      0.201022    0.000417    0.807545 ^ clkbuf_1_1__f_signal_input_regs/I (gf180mcu_fd_sc_mcu7t5v0__clkbuf_16)
    10    0.050302    0.205014    0.444498    1.252044 ^ clkbuf_1_1__f_signal_input_regs/Z (gf180mcu_fd_sc_mcu7t5v0__clkbuf_16)
                                                         clknet_1_1__leaf_signal_input_regs (net)
                      0.205016    0.001222    1.253266 ^ _4079_/CLK (gf180mcu_fd_sc_mcu7t5v0__dffq_1)
     4    0.027543    0.523351    1.470659    2.723925 v _4079_/Q (gf180mcu_fd_sc_mcu7t5v0__dffq_1)
                                                         tdc_module.measurement_state_machine[15] (net)
                      0.523351    0.000223    2.724148 v _3440_/A1 (gf180mcu_fd_sc_mcu7t5v0__aoi21_1)
     1    0.003221    0.393932    0.386622    3.110770 ^ _3440_/ZN (gf180mcu_fd_sc_mcu7t5v0__aoi21_1)
                                                         _0325_ (net)
                      0.393932    0.000060    3.110829 ^ _4079_/D (gf180mcu_fd_sc_mcu7t5v0__dffq_1)
                                              3.110829   data arrival time

                                  0.000000    0.000000   clock signal_clock (rise edge)
                                  0.000000    0.000000   clock source latency
     2    0.066647    0.000000    0.000000    0.000000 ^ signal_input (in)
                                                         signal_input (net)
                      0.006974    0.002853    0.002853 ^ clkbuf_regs_0_signal_clock/I (gf180mcu_fd_sc_mcu7t5v0__clkbuf_16)
     1    0.023185    0.163039    0.370695    0.373548 ^ clkbuf_regs_0_signal_clock/Z (gf180mcu_fd_sc_mcu7t5v0__clkbuf_16)
                                                         signal_input_regs (net)
                      0.163039    0.000235    0.373783 ^ clkbuf_0_signal_input_regs/I (gf180mcu_fd_sc_mcu7t5v0__clkbuf_16)
     2    0.047688    0.201022    0.433345    0.807128 ^ clkbuf_0_signal_input_regs/Z (gf180mcu_fd_sc_mcu7t5v0__clkbuf_16)
                                                         clknet_0_signal_input_regs (net)
                      0.201022    0.000417    0.807545 ^ clkbuf_1_1__f_signal_input_regs/I (gf180mcu_fd_sc_mcu7t5v0__clkbuf_16)
    10    0.050302    0.205014    0.444498    1.252044 ^ clkbuf_1_1__f_signal_input_regs/Z (gf180mcu_fd_sc_mcu7t5v0__clkbuf_16)
                                                         clknet_1_1__leaf_signal_input_regs (net)
                      0.205016    0.001222    1.253266 ^ _4079_/CLK (gf180mcu_fd_sc_mcu7t5v0__dffq_1)
                                  0.000000    1.253266   clock reconvergence pessimism
                                  0.062094    1.315360   library hold time
                                              1.315360   data required time
---------------------------------------------------------------------------------------------
                                              1.315360   data required time
                                             -3.110829   data arrival time
---------------------------------------------------------------------------------------------
                                              1.795470   slack (MET)


Startpoint: _4072_ (rising edge-triggered flip-flop clocked by signal_clock)
Endpoint: _4072_ (rising edge-triggered flip-flop clocked by signal_clock)
Path Group: signal_clock
Path Type: min

Fanout         Cap        Slew       Delay        Time   Description
---------------------------------------------------------------------------------------------
                                  0.000000    0.000000   clock signal_clock (rise edge)
                                  0.000000    0.000000   clock source latency
     2    0.066647    0.000000    0.000000    0.000000 ^ signal_input (in)
                                                         signal_input (net)
                      0.006974    0.002853    0.002853 ^ clkbuf_regs_0_signal_clock/I (gf180mcu_fd_sc_mcu7t5v0__clkbuf_16)
     1    0.023185    0.163039    0.370695    0.373548 ^ clkbuf_regs_0_signal_clock/Z (gf180mcu_fd_sc_mcu7t5v0__clkbuf_16)
                                                         signal_input_regs (net)
                      0.163039    0.000235    0.373783 ^ clkbuf_0_signal_input_regs/I (gf180mcu_fd_sc_mcu7t5v0__clkbuf_16)
     2    0.047688    0.201022    0.433345    0.807128 ^ clkbuf_0_signal_input_regs/Z (gf180mcu_fd_sc_mcu7t5v0__clkbuf_16)
                                                         clknet_0_signal_input_regs (net)
                      0.201022    0.000417    0.807545 ^ clkbuf_1_1__f_signal_input_regs/I (gf180mcu_fd_sc_mcu7t5v0__clkbuf_16)
    10    0.050302    0.205014    0.444498    1.252044 ^ clkbuf_1_1__f_signal_input_regs/Z (gf180mcu_fd_sc_mcu7t5v0__clkbuf_16)
                                                         clknet_1_1__leaf_signal_input_regs (net)
                      0.205014    0.000424    1.252468 ^ _4072_/CLK (gf180mcu_fd_sc_mcu7t5v0__dffq_1)
     5    0.028335    0.534795    1.478540    2.731008 v _4072_/Q (gf180mcu_fd_sc_mcu7t5v0__dffq_1)
                                                         tdc_module.measurement_state_machine[8] (net)
                      0.534795    0.000505    2.731512 v _3421_/A1 (gf180mcu_fd_sc_mcu7t5v0__aoi21_1)
     1    0.003202    0.395960    0.389516    3.121028 ^ _3421_/ZN (gf180mcu_fd_sc_mcu7t5v0__aoi21_1)
                                                         _0318_ (net)
                      0.395960    0.000034    3.121062 ^ _4072_/D (gf180mcu_fd_sc_mcu7t5v0__dffq_1)
                                              3.121062   data arrival time

                                  0.000000    0.000000   clock signal_clock (rise edge)
                                  0.000000    0.000000   clock source latency
     2    0.066647    0.000000    0.000000    0.000000 ^ signal_input (in)
                                                         signal_input (net)
                      0.006974    0.002853    0.002853 ^ clkbuf_regs_0_signal_clock/I (gf180mcu_fd_sc_mcu7t5v0__clkbuf_16)
     1    0.023185    0.163039    0.370695    0.373548 ^ clkbuf_regs_0_signal_clock/Z (gf180mcu_fd_sc_mcu7t5v0__clkbuf_16)
                                                         signal_input_regs (net)
                      0.163039    0.000235    0.373783 ^ clkbuf_0_signal_input_regs/I (gf180mcu_fd_sc_mcu7t5v0__clkbuf_16)
     2    0.047688    0.201022    0.433345    0.807128 ^ clkbuf_0_signal_input_regs/Z (gf180mcu_fd_sc_mcu7t5v0__clkbuf_16)
                                                         clknet_0_signal_input_regs (net)
                      0.201022    0.000417    0.807545 ^ clkbuf_1_1__f_signal_input_regs/I (gf180mcu_fd_sc_mcu7t5v0__clkbuf_16)
    10    0.050302    0.205014    0.444498    1.252044 ^ clkbuf_1_1__f_signal_input_regs/Z (gf180mcu_fd_sc_mcu7t5v0__clkbuf_16)
                                                         clknet_1_1__leaf_signal_input_regs (net)
                      0.205014    0.000424    1.252468 ^ _4072_/CLK (gf180mcu_fd_sc_mcu7t5v0__dffq_1)
                                  0.000000    1.252468   clock reconvergence pessimism
                                  0.061997    1.314464   library hold time
                                              1.314464   data required time
---------------------------------------------------------------------------------------------
                                              1.314464   data required time
                                             -3.121062   data arrival time
---------------------------------------------------------------------------------------------
                                              1.806598   slack (MET)


Startpoint: _4069_ (rising edge-triggered flip-flop clocked by signal_clock)
Endpoint: _4069_ (rising edge-triggered flip-flop clocked by signal_clock)
Path Group: signal_clock
Path Type: min

Fanout         Cap        Slew       Delay        Time   Description
---------------------------------------------------------------------------------------------
                                  0.000000    0.000000   clock signal_clock (rise edge)
                                  0.000000    0.000000   clock source latency
     2    0.066647    0.000000    0.000000    0.000000 ^ signal_input (in)
                                                         signal_input (net)
                      0.006974    0.002853    0.002853 ^ clkbuf_regs_0_signal_clock/I (gf180mcu_fd_sc_mcu7t5v0__clkbuf_16)
     1    0.023185    0.163039    0.370695    0.373548 ^ clkbuf_regs_0_signal_clock/Z (gf180mcu_fd_sc_mcu7t5v0__clkbuf_16)
                                                         signal_input_regs (net)
                      0.163039    0.000235    0.373783 ^ clkbuf_0_signal_input_regs/I (gf180mcu_fd_sc_mcu7t5v0__clkbuf_16)
     2    0.047688    0.201022    0.433345    0.807128 ^ clkbuf_0_signal_input_regs/Z (gf180mcu_fd_sc_mcu7t5v0__clkbuf_16)
                                                         clknet_0_signal_input_regs (net)
                      0.201022    0.000417    0.807545 ^ clkbuf_1_1__f_signal_input_regs/I (gf180mcu_fd_sc_mcu7t5v0__clkbuf_16)
    10    0.050302    0.205014    0.444498    1.252044 ^ clkbuf_1_1__f_signal_input_regs/Z (gf180mcu_fd_sc_mcu7t5v0__clkbuf_16)
                                                         clknet_1_1__leaf_signal_input_regs (net)
                      0.205015    0.000710    1.252753 ^ _4069_/CLK (gf180mcu_fd_sc_mcu7t5v0__dffq_1)
     6    0.041128    0.723079    1.606166    2.858920 v _4069_/Q (gf180mcu_fd_sc_mcu7t5v0__dffq_1)
                                                         tdc_module.measurement_state_machine[5] (net)
                      0.723081    0.001081    2.860001 v _3413_/A1 (gf180mcu_fd_sc_mcu7t5v0__aoi21_1)
     1    0.004105    0.433567    0.471304    3.331305 ^ _3413_/ZN (gf180mcu_fd_sc_mcu7t5v0__aoi21_1)
                                                         _0315_ (net)
                      0.433567    0.000108    3.331413 ^ _4069_/D (gf180mcu_fd_sc_mcu7t5v0__dffq_1)
                                              3.331413   data arrival time

                                  0.000000    0.000000   clock signal_clock (rise edge)
                                  0.000000    0.000000   clock source latency
     2    0.066647    0.000000    0.000000    0.000000 ^ signal_input (in)
                                                         signal_input (net)
                      0.006974    0.002853    0.002853 ^ clkbuf_regs_0_signal_clock/I (gf180mcu_fd_sc_mcu7t5v0__clkbuf_16)
     1    0.023185    0.163039    0.370695    0.373548 ^ clkbuf_regs_0_signal_clock/Z (gf180mcu_fd_sc_mcu7t5v0__clkbuf_16)
                                                         signal_input_regs (net)
                      0.163039    0.000235    0.373783 ^ clkbuf_0_signal_input_regs/I (gf180mcu_fd_sc_mcu7t5v0__clkbuf_16)
     2    0.047688    0.201022    0.433345    0.807128 ^ clkbuf_0_signal_input_regs/Z (gf180mcu_fd_sc_mcu7t5v0__clkbuf_16)
                                                         clknet_0_signal_input_regs (net)
                      0.201022    0.000417    0.807545 ^ clkbuf_1_1__f_signal_input_regs/I (gf180mcu_fd_sc_mcu7t5v0__clkbuf_16)
    10    0.050302    0.205014    0.444498    1.252044 ^ clkbuf_1_1__f_signal_input_regs/Z (gf180mcu_fd_sc_mcu7t5v0__clkbuf_16)
                                                         clknet_1_1__leaf_signal_input_regs (net)
                      0.205015    0.000710    1.252753 ^ _4069_/CLK (gf180mcu_fd_sc_mcu7t5v0__dffq_1)
                                  0.000000    1.252753   clock reconvergence pessimism
                                  0.060205    1.312959   library hold time
                                              1.312959   data required time
---------------------------------------------------------------------------------------------
                                              1.312959   data required time
                                             -3.331413   data arrival time
---------------------------------------------------------------------------------------------
                                              2.018454   slack (MET)


Startpoint: _4067_ (rising edge-triggered flip-flop clocked by signal_clock)
Endpoint: _4067_ (rising edge-triggered flip-flop clocked by signal_clock)
Path Group: signal_clock
Path Type: min

Fanout         Cap        Slew       Delay        Time   Description
---------------------------------------------------------------------------------------------
                                  0.000000    0.000000   clock signal_clock (rise edge)
                                  0.000000    0.000000   clock source latency
     2    0.066647    0.000000    0.000000    0.000000 ^ signal_input (in)
                                                         signal_input (net)
                      0.006974    0.002853    0.002853 ^ clkbuf_regs_0_signal_clock/I (gf180mcu_fd_sc_mcu7t5v0__clkbuf_16)
     1    0.023185    0.163039    0.370695    0.373548 ^ clkbuf_regs_0_signal_clock/Z (gf180mcu_fd_sc_mcu7t5v0__clkbuf_16)
                                                         signal_input_regs (net)
                      0.163039    0.000235    0.373783 ^ clkbuf_0_signal_input_regs/I (gf180mcu_fd_sc_mcu7t5v0__clkbuf_16)
     2    0.047688    0.201022    0.433345    0.807128 ^ clkbuf_0_signal_input_regs/Z (gf180mcu_fd_sc_mcu7t5v0__clkbuf_16)
                                                         clknet_0_signal_input_regs (net)
                      0.201022    0.000377    0.807505 ^ clkbuf_1_0__f_signal_input_regs/I (gf180mcu_fd_sc_mcu7t5v0__clkbuf_16)
     8    0.047373    0.200641    0.441176    1.248681 ^ clkbuf_1_0__f_signal_input_regs/Z (gf180mcu_fd_sc_mcu7t5v0__clkbuf_16)
                                                         clknet_1_0__leaf_signal_input_regs (net)
                      0.200641    0.000292    1.248973 ^ _4067_/CLK (gf180mcu_fd_sc_mcu7t5v0__dffq_1)
     7    0.043669    0.762054    1.630201    2.879175 v _4067_/Q (gf180mcu_fd_sc_mcu7t5v0__dffq_1)
                                                         tdc_module.measurement_state_machine[3] (net)
                      0.762054    0.000615    2.879789 v _3408_/A1 (gf180mcu_fd_sc_mcu7t5v0__aoi21_1)
     1    0.003074    0.398593    0.448874    3.328663 ^ _3408_/ZN (gf180mcu_fd_sc_mcu7t5v0__aoi21_1)
                                                         _0313_ (net)
                      0.398593    0.000032    3.328695 ^ _4067_/D (gf180mcu_fd_sc_mcu7t5v0__dffq_1)
                                              3.328695   data arrival time

                                  0.000000    0.000000   clock signal_clock (rise edge)
                                  0.000000    0.000000   clock source latency
     2    0.066647    0.000000    0.000000    0.000000 ^ signal_input (in)
                                                         signal_input (net)
                      0.006974    0.002853    0.002853 ^ clkbuf_regs_0_signal_clock/I (gf180mcu_fd_sc_mcu7t5v0__clkbuf_16)
     1    0.023185    0.163039    0.370695    0.373548 ^ clkbuf_regs_0_signal_clock/Z (gf180mcu_fd_sc_mcu7t5v0__clkbuf_16)
                                                         signal_input_regs (net)
                      0.163039    0.000235    0.373783 ^ clkbuf_0_signal_input_regs/I (gf180mcu_fd_sc_mcu7t5v0__clkbuf_16)
     2    0.047688    0.201022    0.433345    0.807128 ^ clkbuf_0_signal_input_regs/Z (gf180mcu_fd_sc_mcu7t5v0__clkbuf_16)
                                                         clknet_0_signal_input_regs (net)
                      0.201022    0.000377    0.807505 ^ clkbuf_1_0__f_signal_input_regs/I (gf180mcu_fd_sc_mcu7t5v0__clkbuf_16)
     8    0.047373    0.200641    0.441176    1.248681 ^ clkbuf_1_0__f_signal_input_regs/Z (gf180mcu_fd_sc_mcu7t5v0__clkbuf_16)
                                                         clknet_1_0__leaf_signal_input_regs (net)
                      0.200641    0.000292    1.248973 ^ _4067_/CLK (gf180mcu_fd_sc_mcu7t5v0__dffq_1)
                                  0.000000    1.248973   clock reconvergence pessimism
                                  0.060837    1.309810   library hold time
                                              1.309810   data required time
---------------------------------------------------------------------------------------------
                                              1.309810   data required time
                                             -3.328695   data arrival time
---------------------------------------------------------------------------------------------
                                              2.018885   slack (MET)


Startpoint: _4063_ (rising edge-triggered flip-flop clocked by signal_clock)
Endpoint: _4063_ (rising edge-triggered flip-flop clocked by signal_clock)
Path Group: signal_clock
Path Type: min

Fanout         Cap        Slew       Delay        Time   Description
---------------------------------------------------------------------------------------------
                                  0.000000    0.000000   clock signal_clock (rise edge)
                                  0.000000    0.000000   clock source latency
     2    0.066647    0.000000    0.000000    0.000000 ^ signal_input (in)
                                                         signal_input (net)
                      0.006974    0.002853    0.002853 ^ clkbuf_regs_0_signal_clock/I (gf180mcu_fd_sc_mcu7t5v0__clkbuf_16)
     1    0.023185    0.163039    0.370695    0.373548 ^ clkbuf_regs_0_signal_clock/Z (gf180mcu_fd_sc_mcu7t5v0__clkbuf_16)
                                                         signal_input_regs (net)
                      0.163039    0.000235    0.373783 ^ clkbuf_0_signal_input_regs/I (gf180mcu_fd_sc_mcu7t5v0__clkbuf_16)
     2    0.047688    0.201022    0.433345    0.807128 ^ clkbuf_0_signal_input_regs/Z (gf180mcu_fd_sc_mcu7t5v0__clkbuf_16)
                                                         clknet_0_signal_input_regs (net)
                      0.201022    0.000377    0.807505 ^ clkbuf_1_0__f_signal_input_regs/I (gf180mcu_fd_sc_mcu7t5v0__clkbuf_16)
     8    0.047373    0.200641    0.441176    1.248681 ^ clkbuf_1_0__f_signal_input_regs/Z (gf180mcu_fd_sc_mcu7t5v0__clkbuf_16)
                                                         clknet_1_0__leaf_signal_input_regs (net)
                      0.200641    0.000564    1.249245 ^ _4063_/CLK (gf180mcu_fd_sc_mcu7t5v0__dffq_1)
     2    0.012136    0.303804    1.304390    2.553635 v _4063_/Q (gf180mcu_fd_sc_mcu7t5v0__dffq_1)
                                                         tdc_module.measurement_pulse_done_internal_flag (net)
                      0.303804    0.000165    2.553801 v _3394_/A1 (gf180mcu_fd_sc_mcu7t5v0__nor2_1)
     2    0.011200    0.822994    0.542654    3.096454 ^ _3394_/ZN (gf180mcu_fd_sc_mcu7t5v0__nor2_1)
                                                         _1425_ (net)
                      0.822994    0.000105    3.096560 ^ _3395_/A2 (gf180mcu_fd_sc_mcu7t5v0__nor2_1)
     1    0.003269    0.353537    0.276505    3.373065 v _3395_/ZN (gf180mcu_fd_sc_mcu7t5v0__nor2_1)
                                                         _0309_ (net)
                      0.353537    0.000034    3.373100 v _4063_/D (gf180mcu_fd_sc_mcu7t5v0__dffq_1)
                                              3.373100   data arrival time

                                  0.000000    0.000000   clock signal_clock (rise edge)
                                  0.000000    0.000000   clock source latency
     2    0.066647    0.000000    0.000000    0.000000 ^ signal_input (in)
                                                         signal_input (net)
                      0.006974    0.002853    0.002853 ^ clkbuf_regs_0_signal_clock/I (gf180mcu_fd_sc_mcu7t5v0__clkbuf_16)
     1    0.023185    0.163039    0.370695    0.373548 ^ clkbuf_regs_0_signal_clock/Z (gf180mcu_fd_sc_mcu7t5v0__clkbuf_16)
                                                         signal_input_regs (net)
                      0.163039    0.000235    0.373783 ^ clkbuf_0_signal_input_regs/I (gf180mcu_fd_sc_mcu7t5v0__clkbuf_16)
     2    0.047688    0.201022    0.433345    0.807128 ^ clkbuf_0_signal_input_regs/Z (gf180mcu_fd_sc_mcu7t5v0__clkbuf_16)
                                                         clknet_0_signal_input_regs (net)
                      0.201022    0.000377    0.807505 ^ clkbuf_1_0__f_signal_input_regs/I (gf180mcu_fd_sc_mcu7t5v0__clkbuf_16)
     8    0.047373    0.200641    0.441176    1.248681 ^ clkbuf_1_0__f_signal_input_regs/Z (gf180mcu_fd_sc_mcu7t5v0__clkbuf_16)
                                                         clknet_1_0__leaf_signal_input_regs (net)
                      0.200641    0.000564    1.249245 ^ _4063_/CLK (gf180mcu_fd_sc_mcu7t5v0__dffq_1)
                                  0.000000    1.249245   clock reconvergence pessimism
                                  0.096825    1.346070   library hold time
                                              1.346070   data required time
---------------------------------------------------------------------------------------------
                                              1.346070   data required time
                                             -3.373100   data arrival time
---------------------------------------------------------------------------------------------
                                              2.027029   slack (MET)


Startpoint: _4074_ (rising edge-triggered flip-flop clocked by signal_clock)
Endpoint: _4074_ (rising edge-triggered flip-flop clocked by signal_clock)
Path Group: signal_clock
Path Type: min

Fanout         Cap        Slew       Delay        Time   Description
---------------------------------------------------------------------------------------------
                                  0.000000    0.000000   clock signal_clock (rise edge)
                                  0.000000    0.000000   clock source latency
     2    0.066647    0.000000    0.000000    0.000000 ^ signal_input (in)
                                                         signal_input (net)
                      0.006974    0.002853    0.002853 ^ clkbuf_regs_0_signal_clock/I (gf180mcu_fd_sc_mcu7t5v0__clkbuf_16)
     1    0.023185    0.163039    0.370695    0.373548 ^ clkbuf_regs_0_signal_clock/Z (gf180mcu_fd_sc_mcu7t5v0__clkbuf_16)
                                                         signal_input_regs (net)
                      0.163039    0.000235    0.373783 ^ clkbuf_0_signal_input_regs/I (gf180mcu_fd_sc_mcu7t5v0__clkbuf_16)
     2    0.047688    0.201022    0.433345    0.807128 ^ clkbuf_0_signal_input_regs/Z (gf180mcu_fd_sc_mcu7t5v0__clkbuf_16)
                                                         clknet_0_signal_input_regs (net)
                      0.201022    0.000417    0.807545 ^ clkbuf_1_1__f_signal_input_regs/I (gf180mcu_fd_sc_mcu7t5v0__clkbuf_16)
    10    0.050302    0.205014    0.444498    1.252044 ^ clkbuf_1_1__f_signal_input_regs/Z (gf180mcu_fd_sc_mcu7t5v0__clkbuf_16)
                                                         clknet_1_1__leaf_signal_input_regs (net)
                      0.205015    0.000907    1.252951 ^ _4074_/CLK (gf180mcu_fd_sc_mcu7t5v0__dffq_1)
     7    0.045416    0.789092    1.648465    2.901416 v _4074_/Q (gf180mcu_fd_sc_mcu7t5v0__dffq_1)
                                                         tdc_module.measurement_state_machine[10] (net)
                      0.789092    0.000413    2.901829 v _3426_/A1 (gf180mcu_fd_sc_mcu7t5v0__aoi21_1)
     1    0.003103    0.411586    0.457274    3.359102 ^ _3426_/ZN (gf180mcu_fd_sc_mcu7t5v0__aoi21_1)
                                                         _0320_ (net)
                      0.411586    0.000031    3.359133 ^ _4074_/D (gf180mcu_fd_sc_mcu7t5v0__dffq_1)
                                              3.359133   data arrival time

                                  0.000000    0.000000   clock signal_clock (rise edge)
                                  0.000000    0.000000   clock source latency
     2    0.066647    0.000000    0.000000    0.000000 ^ signal_input (in)
                                                         signal_input (net)
                      0.006974    0.002853    0.002853 ^ clkbuf_regs_0_signal_clock/I (gf180mcu_fd_sc_mcu7t5v0__clkbuf_16)
     1    0.023185    0.163039    0.370695    0.373548 ^ clkbuf_regs_0_signal_clock/Z (gf180mcu_fd_sc_mcu7t5v0__clkbuf_16)
                                                         signal_input_regs (net)
                      0.163039    0.000235    0.373783 ^ clkbuf_0_signal_input_regs/I (gf180mcu_fd_sc_mcu7t5v0__clkbuf_16)
     2    0.047688    0.201022    0.433345    0.807128 ^ clkbuf_0_signal_input_regs/Z (gf180mcu_fd_sc_mcu7t5v0__clkbuf_16)
                                                         clknet_0_signal_input_regs (net)
                      0.201022    0.000417    0.807545 ^ clkbuf_1_1__f_signal_input_regs/I (gf180mcu_fd_sc_mcu7t5v0__clkbuf_16)
    10    0.050302    0.205014    0.444498    1.252044 ^ clkbuf_1_1__f_signal_input_regs/Z (gf180mcu_fd_sc_mcu7t5v0__clkbuf_16)
                                                         clknet_1_1__leaf_signal_input_regs (net)
                      0.205015    0.000907    1.252951 ^ _4074_/CLK (gf180mcu_fd_sc_mcu7t5v0__dffq_1)
                                  0.000000    1.252951   clock reconvergence pessimism
                                  0.061253    1.314203   library hold time
                                              1.314203   data required time
---------------------------------------------------------------------------------------------
                                              1.314203   data required time
                                             -3.359133   data arrival time
---------------------------------------------------------------------------------------------
                                              2.044930   slack (MET)


Startpoint: _4065_ (rising edge-triggered flip-flop clocked by signal_clock)
Endpoint: _4065_ (rising edge-triggered flip-flop clocked by signal_clock)
Path Group: signal_clock
Path Type: min

Fanout         Cap        Slew       Delay        Time   Description
---------------------------------------------------------------------------------------------
                                  0.000000    0.000000   clock signal_clock (rise edge)
                                  0.000000    0.000000   clock source latency
     2    0.066647    0.000000    0.000000    0.000000 ^ signal_input (in)
                                                         signal_input (net)
                      0.006974    0.002853    0.002853 ^ clkbuf_regs_0_signal_clock/I (gf180mcu_fd_sc_mcu7t5v0__clkbuf_16)
     1    0.023185    0.163039    0.370695    0.373548 ^ clkbuf_regs_0_signal_clock/Z (gf180mcu_fd_sc_mcu7t5v0__clkbuf_16)
                                                         signal_input_regs (net)
                      0.163039    0.000235    0.373783 ^ clkbuf_0_signal_input_regs/I (gf180mcu_fd_sc_mcu7t5v0__clkbuf_16)
     2    0.047688    0.201022    0.433345    0.807128 ^ clkbuf_0_signal_input_regs/Z (gf180mcu_fd_sc_mcu7t5v0__clkbuf_16)
                                                         clknet_0_signal_input_regs (net)
                      0.201022    0.000377    0.807505 ^ clkbuf_1_0__f_signal_input_regs/I (gf180mcu_fd_sc_mcu7t5v0__clkbuf_16)
     8    0.047373    0.200641    0.441176    1.248681 ^ clkbuf_1_0__f_signal_input_regs/Z (gf180mcu_fd_sc_mcu7t5v0__clkbuf_16)
                                                         clknet_1_0__leaf_signal_input_regs (net)
                      0.200641    0.000513    1.249194 ^ _4065_/CLK (gf180mcu_fd_sc_mcu7t5v0__dffq_1)
     7    0.045578    0.791544    1.649004    2.898198 v _4065_/Q (gf180mcu_fd_sc_mcu7t5v0__dffq_1)
                                                         tdc_module.measurement_state_machine[1] (net)
                      0.791544    0.000617    2.898815 v _3403_/A1 (gf180mcu_fd_sc_mcu7t5v0__aoi21_1)
     1    0.003065    0.404932    0.456712    3.355527 ^ _3403_/ZN (gf180mcu_fd_sc_mcu7t5v0__aoi21_1)
                                                         _0311_ (net)
                      0.404932    0.000055    3.355581 ^ _4065_/D (gf180mcu_fd_sc_mcu7t5v0__dffq_1)
                                              3.355581   data arrival time

                                  0.000000    0.000000   clock signal_clock (rise edge)
                                  0.000000    0.000000   clock source latency
     2    0.066647    0.000000    0.000000    0.000000 ^ signal_input (in)
                                                         signal_input (net)
                      0.006974    0.002853    0.002853 ^ clkbuf_regs_0_signal_clock/I (gf180mcu_fd_sc_mcu7t5v0__clkbuf_16)
     1    0.023185    0.163039    0.370695    0.373548 ^ clkbuf_regs_0_signal_clock/Z (gf180mcu_fd_sc_mcu7t5v0__clkbuf_16)
                                                         signal_input_regs (net)
                      0.163039    0.000235    0.373783 ^ clkbuf_0_signal_input_regs/I (gf180mcu_fd_sc_mcu7t5v0__clkbuf_16)
     2    0.047688    0.201022    0.433345    0.807128 ^ clkbuf_0_signal_input_regs/Z (gf180mcu_fd_sc_mcu7t5v0__clkbuf_16)
                                                         clknet_0_signal_input_regs (net)
                      0.201022    0.000377    0.807505 ^ clkbuf_1_0__f_signal_input_regs/I (gf180mcu_fd_sc_mcu7t5v0__clkbuf_16)
     8    0.047373    0.200641    0.441176    1.248681 ^ clkbuf_1_0__f_signal_input_regs/Z (gf180mcu_fd_sc_mcu7t5v0__clkbuf_16)
                                                         clknet_1_0__leaf_signal_input_regs (net)
                      0.200641    0.000513    1.249194 ^ _4065_/CLK (gf180mcu_fd_sc_mcu7t5v0__dffq_1)
                                  0.000000    1.249194   clock reconvergence pessimism
                                  0.060534    1.309728   library hold time
                                              1.309728   data required time
---------------------------------------------------------------------------------------------
                                              1.309728   data required time
                                             -3.355581   data arrival time
---------------------------------------------------------------------------------------------
                                              2.045854   slack (MET)


Startpoint: _4077_ (rising edge-triggered flip-flop clocked by signal_clock)
Endpoint: _4077_ (rising edge-triggered flip-flop clocked by signal_clock)
Path Group: signal_clock
Path Type: min

Fanout         Cap        Slew       Delay        Time   Description
---------------------------------------------------------------------------------------------
                                  0.000000    0.000000   clock signal_clock (rise edge)
                                  0.000000    0.000000   clock source latency
     2    0.066647    0.000000    0.000000    0.000000 ^ signal_input (in)
                                                         signal_input (net)
                      0.006974    0.002853    0.002853 ^ clkbuf_regs_0_signal_clock/I (gf180mcu_fd_sc_mcu7t5v0__clkbuf_16)
     1    0.023185    0.163039    0.370695    0.373548 ^ clkbuf_regs_0_signal_clock/Z (gf180mcu_fd_sc_mcu7t5v0__clkbuf_16)
                                                         signal_input_regs (net)
                      0.163039    0.000235    0.373783 ^ clkbuf_0_signal_input_regs/I (gf180mcu_fd_sc_mcu7t5v0__clkbuf_16)
     2    0.047688    0.201022    0.433345    0.807128 ^ clkbuf_0_signal_input_regs/Z (gf180mcu_fd_sc_mcu7t5v0__clkbuf_16)
                                                         clknet_0_signal_input_regs (net)
                      0.201022    0.000417    0.807545 ^ clkbuf_1_1__f_signal_input_regs/I (gf180mcu_fd_sc_mcu7t5v0__clkbuf_16)
    10    0.050302    0.205014    0.444498    1.252044 ^ clkbuf_1_1__f_signal_input_regs/Z (gf180mcu_fd_sc_mcu7t5v0__clkbuf_16)
                                                         clknet_1_1__leaf_signal_input_regs (net)
                      0.205016    0.001215    1.253258 ^ _4077_/CLK (gf180mcu_fd_sc_mcu7t5v0__dffq_1)
     4    0.028106    0.531480    1.476281    2.729540 v _4077_/Q (gf180mcu_fd_sc_mcu7t5v0__dffq_1)
                                                         tdc_module.measurement_state_machine[13] (net)
                      0.531480    0.000254    2.729794 v _3434_/A1 (gf180mcu_fd_sc_mcu7t5v0__oai21_1)
     1    0.004763    0.530705    0.458679    3.188473 ^ _3434_/ZN (gf180mcu_fd_sc_mcu7t5v0__oai21_1)
                                                         _1451_ (net)
                      0.530705    0.000089    3.188562 ^ _3435_/A2 (gf180mcu_fd_sc_mcu7t5v0__nor2_1)
     1    0.002765    0.241129    0.243022    3.431584 v _3435_/ZN (gf180mcu_fd_sc_mcu7t5v0__nor2_1)
                                                         _0323_ (net)
                      0.241129    0.000026    3.431610 v _4077_/D (gf180mcu_fd_sc_mcu7t5v0__dffq_1)
                                              3.431610   data arrival time

                                  0.000000    0.000000   clock signal_clock (rise edge)
                                  0.000000    0.000000   clock source latency
     2    0.066647    0.000000    0.000000    0.000000 ^ signal_input (in)
                                                         signal_input (net)
                      0.006974    0.002853    0.002853 ^ clkbuf_regs_0_signal_clock/I (gf180mcu_fd_sc_mcu7t5v0__clkbuf_16)
     1    0.023185    0.163039    0.370695    0.373548 ^ clkbuf_regs_0_signal_clock/Z (gf180mcu_fd_sc_mcu7t5v0__clkbuf_16)
                                                         signal_input_regs (net)
                      0.163039    0.000235    0.373783 ^ clkbuf_0_signal_input_regs/I (gf180mcu_fd_sc_mcu7t5v0__clkbuf_16)
     2    0.047688    0.201022    0.433345    0.807128 ^ clkbuf_0_signal_input_regs/Z (gf180mcu_fd_sc_mcu7t5v0__clkbuf_16)
                                                         clknet_0_signal_input_regs (net)
                      0.201022    0.000417    0.807545 ^ clkbuf_1_1__f_signal_input_regs/I (gf180mcu_fd_sc_mcu7t5v0__clkbuf_16)
    10    0.050302    0.205014    0.444498    1.252044 ^ clkbuf_1_1__f_signal_input_regs/Z (gf180mcu_fd_sc_mcu7t5v0__clkbuf_16)
                                                         clknet_1_1__leaf_signal_input_regs (net)
                      0.205016    0.001215    1.253258 ^ _4077_/CLK (gf180mcu_fd_sc_mcu7t5v0__dffq_1)
                                  0.000000    1.253258   clock reconvergence pessimism
                                  0.130994    1.384252   library hold time
                                              1.384252   data required time
---------------------------------------------------------------------------------------------
                                              1.384252   data required time
                                             -3.431610   data arrival time
---------------------------------------------------------------------------------------------
                                              2.047359   slack (MET)


Startpoint: _4068_ (rising edge-triggered flip-flop clocked by signal_clock)
Endpoint: _4068_ (rising edge-triggered flip-flop clocked by signal_clock)
Path Group: signal_clock
Path Type: min

Fanout         Cap        Slew       Delay        Time   Description
---------------------------------------------------------------------------------------------
                                  0.000000    0.000000   clock signal_clock (rise edge)
                                  0.000000    0.000000   clock source latency
     2    0.066647    0.000000    0.000000    0.000000 ^ signal_input (in)
                                                         signal_input (net)
                      0.006974    0.002853    0.002853 ^ clkbuf_regs_0_signal_clock/I (gf180mcu_fd_sc_mcu7t5v0__clkbuf_16)
     1    0.023185    0.163039    0.370695    0.373548 ^ clkbuf_regs_0_signal_clock/Z (gf180mcu_fd_sc_mcu7t5v0__clkbuf_16)
                                                         signal_input_regs (net)
                      0.163039    0.000235    0.373783 ^ clkbuf_0_signal_input_regs/I (gf180mcu_fd_sc_mcu7t5v0__clkbuf_16)
     2    0.047688    0.201022    0.433345    0.807128 ^ clkbuf_0_signal_input_regs/Z (gf180mcu_fd_sc_mcu7t5v0__clkbuf_16)
                                                         clknet_0_signal_input_regs (net)
                      0.201022    0.000377    0.807505 ^ clkbuf_1_0__f_signal_input_regs/I (gf180mcu_fd_sc_mcu7t5v0__clkbuf_16)
     8    0.047373    0.200641    0.441176    1.248681 ^ clkbuf_1_0__f_signal_input_regs/Z (gf180mcu_fd_sc_mcu7t5v0__clkbuf_16)
                                                         clknet_1_0__leaf_signal_input_regs (net)
                      0.200641    0.000407    1.249088 ^ _4068_/CLK (gf180mcu_fd_sc_mcu7t5v0__dffq_1)
     4    0.025547    0.494499    1.449489    2.698577 v _4068_/Q (gf180mcu_fd_sc_mcu7t5v0__dffq_1)
                                                         tdc_module.measurement_state_machine[4] (net)
                      0.494499    0.000199    2.698776 v _3409_/B (gf180mcu_fd_sc_mcu7t5v0__aoi21_1)
     1    0.006436    0.519512    0.451852    3.150628 ^ _3409_/ZN (gf180mcu_fd_sc_mcu7t5v0__aoi21_1)
                                                         _1435_ (net)
                      0.519512    0.000138    3.150766 ^ _3411_/A2 (gf180mcu_fd_sc_mcu7t5v0__nor3_1)
     1    0.003042    0.322075    0.299465    3.450231 v _3411_/ZN (gf180mcu_fd_sc_mcu7t5v0__nor3_1)
                                                         _0314_ (net)
                      0.322075    0.000031    3.450262 v _4068_/D (gf180mcu_fd_sc_mcu7t5v0__dffq_1)
                                              3.450262   data arrival time

                                  0.000000    0.000000   clock signal_clock (rise edge)
                                  0.000000    0.000000   clock source latency
     2    0.066647    0.000000    0.000000    0.000000 ^ signal_input (in)
                                                         signal_input (net)
                      0.006974    0.002853    0.002853 ^ clkbuf_regs_0_signal_clock/I (gf180mcu_fd_sc_mcu7t5v0__clkbuf_16)
     1    0.023185    0.163039    0.370695    0.373548 ^ clkbuf_regs_0_signal_clock/Z (gf180mcu_fd_sc_mcu7t5v0__clkbuf_16)
                                                         signal_input_regs (net)
                      0.163039    0.000235    0.373783 ^ clkbuf_0_signal_input_regs/I (gf180mcu_fd_sc_mcu7t5v0__clkbuf_16)
     2    0.047688    0.201022    0.433345    0.807128 ^ clkbuf_0_signal_input_regs/Z (gf180mcu_fd_sc_mcu7t5v0__clkbuf_16)
                                                         clknet_0_signal_input_regs (net)
                      0.201022    0.000377    0.807505 ^ clkbuf_1_0__f_signal_input_regs/I (gf180mcu_fd_sc_mcu7t5v0__clkbuf_16)
     8    0.047373    0.200641    0.441176    1.248681 ^ clkbuf_1_0__f_signal_input_regs/Z (gf180mcu_fd_sc_mcu7t5v0__clkbuf_16)
                                                         clknet_1_0__leaf_signal_input_regs (net)
                      0.200641    0.000407    1.249088 ^ _4068_/CLK (gf180mcu_fd_sc_mcu7t5v0__dffq_1)
                                  0.000000    1.249088   clock reconvergence pessimism
                                  0.106128    1.355216   library hold time
                                              1.355216   data required time
---------------------------------------------------------------------------------------------
                                              1.355216   data required time
                                             -3.450262   data arrival time
---------------------------------------------------------------------------------------------
                                              2.095046   slack (MET)


Startpoint: _4066_ (rising edge-triggered flip-flop clocked by signal_clock)
Endpoint: _4066_ (rising edge-triggered flip-flop clocked by signal_clock)
Path Group: signal_clock
Path Type: min

Fanout         Cap        Slew       Delay        Time   Description
---------------------------------------------------------------------------------------------
                                  0.000000    0.000000   clock signal_clock (rise edge)
                                  0.000000    0.000000   clock source latency
     2    0.066647    0.000000    0.000000    0.000000 ^ signal_input (in)
                                                         signal_input (net)
                      0.006974    0.002853    0.002853 ^ clkbuf_regs_0_signal_clock/I (gf180mcu_fd_sc_mcu7t5v0__clkbuf_16)
     1    0.023185    0.163039    0.370695    0.373548 ^ clkbuf_regs_0_signal_clock/Z (gf180mcu_fd_sc_mcu7t5v0__clkbuf_16)
                                                         signal_input_regs (net)
                      0.163039    0.000235    0.373783 ^ clkbuf_0_signal_input_regs/I (gf180mcu_fd_sc_mcu7t5v0__clkbuf_16)
     2    0.047688    0.201022    0.433345    0.807128 ^ clkbuf_0_signal_input_regs/Z (gf180mcu_fd_sc_mcu7t5v0__clkbuf_16)
                                                         clknet_0_signal_input_regs (net)
                      0.201022    0.000377    0.807505 ^ clkbuf_1_0__f_signal_input_regs/I (gf180mcu_fd_sc_mcu7t5v0__clkbuf_16)
     8    0.047373    0.200641    0.441176    1.248681 ^ clkbuf_1_0__f_signal_input_regs/Z (gf180mcu_fd_sc_mcu7t5v0__clkbuf_16)
                                                         clknet_1_0__leaf_signal_input_regs (net)
                      0.200641    0.000273    1.248954 ^ _4066_/CLK (gf180mcu_fd_sc_mcu7t5v0__dffq_1)
     4    0.026212    0.504043    1.456073    2.705027 v _4066_/Q (gf180mcu_fd_sc_mcu7t5v0__dffq_1)
                                                         tdc_module.measurement_state_machine[2] (net)
                      0.504043    0.000467    2.705495 v _3405_/B (gf180mcu_fd_sc_mcu7t5v0__aoi21_1)
     1    0.004621    0.460457    0.410902    3.116397 ^ _3405_/ZN (gf180mcu_fd_sc_mcu7t5v0__aoi21_1)
                                                         _1433_ (net)
                      0.460457    0.000046    3.116443 ^ _3406_/A3 (gf180mcu_fd_sc_mcu7t5v0__nor3_1)
     1    0.003696    0.368561    0.322281    3.438724 v _3406_/ZN (gf180mcu_fd_sc_mcu7t5v0__nor3_1)
                                                         _0312_ (net)
                      0.368561    0.000041    3.438765 v _4066_/D (gf180mcu_fd_sc_mcu7t5v0__dffq_1)
                                              3.438765   data arrival time

                                  0.000000    0.000000   clock signal_clock (rise edge)
                                  0.000000    0.000000   clock source latency
     2    0.066647    0.000000    0.000000    0.000000 ^ signal_input (in)
                                                         signal_input (net)
                      0.006974    0.002853    0.002853 ^ clkbuf_regs_0_signal_clock/I (gf180mcu_fd_sc_mcu7t5v0__clkbuf_16)
     1    0.023185    0.163039    0.370695    0.373548 ^ clkbuf_regs_0_signal_clock/Z (gf180mcu_fd_sc_mcu7t5v0__clkbuf_16)
                                                         signal_input_regs (net)
                      0.163039    0.000235    0.373783 ^ clkbuf_0_signal_input_regs/I (gf180mcu_fd_sc_mcu7t5v0__clkbuf_16)
     2    0.047688    0.201022    0.433345    0.807128 ^ clkbuf_0_signal_input_regs/Z (gf180mcu_fd_sc_mcu7t5v0__clkbuf_16)
                                                         clknet_0_signal_input_regs (net)
                      0.201022    0.000377    0.807505 ^ clkbuf_1_0__f_signal_input_regs/I (gf180mcu_fd_sc_mcu7t5v0__clkbuf_16)
     8    0.047373    0.200641    0.441176    1.248681 ^ clkbuf_1_0__f_signal_input_regs/Z (gf180mcu_fd_sc_mcu7t5v0__clkbuf_16)
                                                         clknet_1_0__leaf_signal_input_regs (net)
                      0.200641    0.000273    1.248954 ^ _4066_/CLK (gf180mcu_fd_sc_mcu7t5v0__dffq_1)
                                  0.000000    1.248954   clock reconvergence pessimism
                                  0.092382    1.341336   library hold time
                                              1.341336   data required time
---------------------------------------------------------------------------------------------
                                              1.341336   data required time
                                             -3.438765   data arrival time
---------------------------------------------------------------------------------------------
                                              2.097429   slack (MET)


Startpoint: _4078_ (rising edge-triggered flip-flop clocked by signal_clock)
Endpoint: _4078_ (rising edge-triggered flip-flop clocked by signal_clock)
Path Group: signal_clock
Path Type: min

Fanout         Cap        Slew       Delay        Time   Description
---------------------------------------------------------------------------------------------
                                  0.000000    0.000000   clock signal_clock (rise edge)
                                  0.000000    0.000000   clock source latency
     2    0.066647    0.000000    0.000000    0.000000 ^ signal_input (in)
                                                         signal_input (net)
                      0.006974    0.002853    0.002853 ^ clkbuf_regs_0_signal_clock/I (gf180mcu_fd_sc_mcu7t5v0__clkbuf_16)
     1    0.023185    0.163039    0.370695    0.373548 ^ clkbuf_regs_0_signal_clock/Z (gf180mcu_fd_sc_mcu7t5v0__clkbuf_16)
                                                         signal_input_regs (net)
                      0.163039    0.000235    0.373783 ^ clkbuf_0_signal_input_regs/I (gf180mcu_fd_sc_mcu7t5v0__clkbuf_16)
     2    0.047688    0.201022    0.433345    0.807128 ^ clkbuf_0_signal_input_regs/Z (gf180mcu_fd_sc_mcu7t5v0__clkbuf_16)
                                                         clknet_0_signal_input_regs (net)
                      0.201022    0.000417    0.807545 ^ clkbuf_1_1__f_signal_input_regs/I (gf180mcu_fd_sc_mcu7t5v0__clkbuf_16)
    10    0.050302    0.205014    0.444498    1.252044 ^ clkbuf_1_1__f_signal_input_regs/Z (gf180mcu_fd_sc_mcu7t5v0__clkbuf_16)
                                                         clknet_1_1__leaf_signal_input_regs (net)
                      0.205016    0.001204    1.253247 ^ _4078_/CLK (gf180mcu_fd_sc_mcu7t5v0__dffq_1)
     4    0.027669    0.525159    1.471879    2.725127 v _4078_/Q (gf180mcu_fd_sc_mcu7t5v0__dffq_1)
                                                         tdc_module.measurement_state_machine[14] (net)
                      0.525159    0.000324    2.725451 v _3437_/A1 (gf180mcu_fd_sc_mcu7t5v0__oai21_1)
     1    0.006482    0.612181    0.507696    3.233147 ^ _3437_/ZN (gf180mcu_fd_sc_mcu7t5v0__oai21_1)
                                                         _1453_ (net)
                      0.612181    0.000138    3.233284 ^ _3438_/A2 (gf180mcu_fd_sc_mcu7t5v0__nor2_1)
     1    0.003288    0.259760    0.261532    3.494817 v _3438_/ZN (gf180mcu_fd_sc_mcu7t5v0__nor2_1)
                                                         _0324_ (net)
                      0.259760    0.000034    3.494851 v _4078_/D (gf180mcu_fd_sc_mcu7t5v0__dffq_1)
                                              3.494851   data arrival time

                                  0.000000    0.000000   clock signal_clock (rise edge)
                                  0.000000    0.000000   clock source latency
     2    0.066647    0.000000    0.000000    0.000000 ^ signal_input (in)
                                                         signal_input (net)
                      0.006974    0.002853    0.002853 ^ clkbuf_regs_0_signal_clock/I (gf180mcu_fd_sc_mcu7t5v0__clkbuf_16)
     1    0.023185    0.163039    0.370695    0.373548 ^ clkbuf_regs_0_signal_clock/Z (gf180mcu_fd_sc_mcu7t5v0__clkbuf_16)
                                                         signal_input_regs (net)
                      0.163039    0.000235    0.373783 ^ clkbuf_0_signal_input_regs/I (gf180mcu_fd_sc_mcu7t5v0__clkbuf_16)
     2    0.047688    0.201022    0.433345    0.807128 ^ clkbuf_0_signal_input_regs/Z (gf180mcu_fd_sc_mcu7t5v0__clkbuf_16)
                                                         clknet_0_signal_input_regs (net)
                      0.201022    0.000417    0.807545 ^ clkbuf_1_1__f_signal_input_regs/I (gf180mcu_fd_sc_mcu7t5v0__clkbuf_16)
    10    0.050302    0.205014    0.444498    1.252044 ^ clkbuf_1_1__f_signal_input_regs/Z (gf180mcu_fd_sc_mcu7t5v0__clkbuf_16)
                                                         clknet_1_1__leaf_signal_input_regs (net)
                      0.205016    0.001204    1.253247 ^ _4078_/CLK (gf180mcu_fd_sc_mcu7t5v0__dffq_1)
                                  0.000000    1.253247   clock reconvergence pessimism
                                  0.125474    1.378721   library hold time
                                              1.378721   data required time
---------------------------------------------------------------------------------------------
                                              1.378721   data required time
                                             -3.494851   data arrival time
---------------------------------------------------------------------------------------------
                                              2.116130   slack (MET)


Startpoint: _4072_ (rising edge-triggered flip-flop clocked by signal_clock)
Endpoint: _4073_ (rising edge-triggered flip-flop clocked by signal_clock)
Path Group: signal_clock
Path Type: min

Fanout         Cap        Slew       Delay        Time   Description
---------------------------------------------------------------------------------------------
                                  0.000000    0.000000   clock signal_clock (rise edge)
                                  0.000000    0.000000   clock source latency
     2    0.066647    0.000000    0.000000    0.000000 ^ signal_input (in)
                                                         signal_input (net)
                      0.006974    0.002853    0.002853 ^ clkbuf_regs_0_signal_clock/I (gf180mcu_fd_sc_mcu7t5v0__clkbuf_16)
     1    0.023185    0.163039    0.370695    0.373548 ^ clkbuf_regs_0_signal_clock/Z (gf180mcu_fd_sc_mcu7t5v0__clkbuf_16)
                                                         signal_input_regs (net)
                      0.163039    0.000235    0.373783 ^ clkbuf_0_signal_input_regs/I (gf180mcu_fd_sc_mcu7t5v0__clkbuf_16)
     2    0.047688    0.201022    0.433345    0.807128 ^ clkbuf_0_signal_input_regs/Z (gf180mcu_fd_sc_mcu7t5v0__clkbuf_16)
                                                         clknet_0_signal_input_regs (net)
                      0.201022    0.000417    0.807545 ^ clkbuf_1_1__f_signal_input_regs/I (gf180mcu_fd_sc_mcu7t5v0__clkbuf_16)
    10    0.050302    0.205014    0.444498    1.252044 ^ clkbuf_1_1__f_signal_input_regs/Z (gf180mcu_fd_sc_mcu7t5v0__clkbuf_16)
                                                         clknet_1_1__leaf_signal_input_regs (net)
                      0.205014    0.000424    1.252468 ^ _4072_/CLK (gf180mcu_fd_sc_mcu7t5v0__dffq_1)
     5    0.028335    0.534795    1.478540    2.731008 v _4072_/Q (gf180mcu_fd_sc_mcu7t5v0__dffq_1)
                                                         tdc_module.measurement_state_machine[8] (net)
                      0.534796    0.000572    2.731580 v _3422_/A1 (gf180mcu_fd_sc_mcu7t5v0__aoi21_1)
     1    0.005232    0.484739    0.451305    3.182885 ^ _3422_/ZN (gf180mcu_fd_sc_mcu7t5v0__aoi21_1)
                                                         _1443_ (net)
                      0.484739    0.000102    3.182987 ^ _3424_/A2 (gf180mcu_fd_sc_mcu7t5v0__nor3_1)
     1    0.005759    0.373777    0.345089    3.528076 v _3424_/ZN (gf180mcu_fd_sc_mcu7t5v0__nor3_1)
                                                         _0319_ (net)
                      0.373777    0.000127    3.528204 v _4073_/D (gf180mcu_fd_sc_mcu7t5v0__dffq_1)
                                              3.528204   data arrival time

                                  0.000000    0.000000   clock signal_clock (rise edge)
                                  0.000000    0.000000   clock source latency
     2    0.066647    0.000000    0.000000    0.000000 ^ signal_input (in)
                                                         signal_input (net)
                      0.006974    0.002853    0.002853 ^ clkbuf_regs_0_signal_clock/I (gf180mcu_fd_sc_mcu7t5v0__clkbuf_16)
     1    0.023185    0.163039    0.370695    0.373548 ^ clkbuf_regs_0_signal_clock/Z (gf180mcu_fd_sc_mcu7t5v0__clkbuf_16)
                                                         signal_input_regs (net)
                      0.163039    0.000235    0.373783 ^ clkbuf_0_signal_input_regs/I (gf180mcu_fd_sc_mcu7t5v0__clkbuf_16)
     2    0.047688    0.201022    0.433345    0.807128 ^ clkbuf_0_signal_input_regs/Z (gf180mcu_fd_sc_mcu7t5v0__clkbuf_16)
                                                         clknet_0_signal_input_regs (net)
                      0.201022    0.000377    0.807505 ^ clkbuf_1_0__f_signal_input_regs/I (gf180mcu_fd_sc_mcu7t5v0__clkbuf_16)
     8    0.047373    0.200641    0.441176    1.248681 ^ clkbuf_1_0__f_signal_input_regs/Z (gf180mcu_fd_sc_mcu7t5v0__clkbuf_16)
                                                         clknet_1_0__leaf_signal_input_regs (net)
                      0.200641    0.000474    1.249155 ^ _4073_/CLK (gf180mcu_fd_sc_mcu7t5v0__dffq_1)
                                  0.000000    1.249155   clock reconvergence pessimism
                                  0.090840    1.339995   library hold time
                                              1.339995   data required time
---------------------------------------------------------------------------------------------
                                              1.339995   data required time
                                             -3.528204   data arrival time
---------------------------------------------------------------------------------------------
                                              2.188209   slack (MET)


Startpoint: _4075_ (rising edge-triggered flip-flop clocked by signal_clock)
Endpoint: _4075_ (rising edge-triggered flip-flop clocked by signal_clock)
Path Group: signal_clock
Path Type: min

Fanout         Cap        Slew       Delay        Time   Description
---------------------------------------------------------------------------------------------
                                  0.000000    0.000000   clock signal_clock (rise edge)
                                  0.000000    0.000000   clock source latency
     2    0.066647    0.000000    0.000000    0.000000 ^ signal_input (in)
                                                         signal_input (net)
                      0.006974    0.002853    0.002853 ^ clkbuf_regs_0_signal_clock/I (gf180mcu_fd_sc_mcu7t5v0__clkbuf_16)
     1    0.023185    0.163039    0.370695    0.373548 ^ clkbuf_regs_0_signal_clock/Z (gf180mcu_fd_sc_mcu7t5v0__clkbuf_16)
                                                         signal_input_regs (net)
                      0.163039    0.000235    0.373783 ^ clkbuf_0_signal_input_regs/I (gf180mcu_fd_sc_mcu7t5v0__clkbuf_16)
     2    0.047688    0.201022    0.433345    0.807128 ^ clkbuf_0_signal_input_regs/Z (gf180mcu_fd_sc_mcu7t5v0__clkbuf_16)
                                                         clknet_0_signal_input_regs (net)
                      0.201022    0.000417    0.807545 ^ clkbuf_1_1__f_signal_input_regs/I (gf180mcu_fd_sc_mcu7t5v0__clkbuf_16)
    10    0.050302    0.205014    0.444498    1.252044 ^ clkbuf_1_1__f_signal_input_regs/Z (gf180mcu_fd_sc_mcu7t5v0__clkbuf_16)
                                                         clknet_1_1__leaf_signal_input_regs (net)
                      0.205015    0.000775    1.252819 ^ _4075_/CLK (gf180mcu_fd_sc_mcu7t5v0__dffq_1)
     5    0.030245    0.562557    1.497836    2.750655 v _4075_/Q (gf180mcu_fd_sc_mcu7t5v0__dffq_1)
                                                         tdc_module.measurement_state_machine[11] (net)
                      0.562557    0.000375    2.751030 v _3427_/B (gf180mcu_fd_sc_mcu7t5v0__aoi21_1)
     1    0.007123    0.557349    0.482649    3.233679 ^ _3427_/ZN (gf180mcu_fd_sc_mcu7t5v0__aoi21_1)
                                                         _1446_ (net)
                      0.557349    0.000100    3.233779 ^ _3429_/A2 (gf180mcu_fd_sc_mcu7t5v0__nor3_1)
     1    0.003320    0.337136    0.312704    3.546483 v _3429_/ZN (gf180mcu_fd_sc_mcu7t5v0__nor3_1)
                                                         _0321_ (net)
                      0.337136    0.000035    3.546518 v _4075_/D (gf180mcu_fd_sc_mcu7t5v0__dffq_1)
                                              3.546518   data arrival time

                                  0.000000    0.000000   clock signal_clock (rise edge)
                                  0.000000    0.000000   clock source latency
     2    0.066647    0.000000    0.000000    0.000000 ^ signal_input (in)
                                                         signal_input (net)
                      0.006974    0.002853    0.002853 ^ clkbuf_regs_0_signal_clock/I (gf180mcu_fd_sc_mcu7t5v0__clkbuf_16)
     1    0.023185    0.163039    0.370695    0.373548 ^ clkbuf_regs_0_signal_clock/Z (gf180mcu_fd_sc_mcu7t5v0__clkbuf_16)
                                                         signal_input_regs (net)
                      0.163039    0.000235    0.373783 ^ clkbuf_0_signal_input_regs/I (gf180mcu_fd_sc_mcu7t5v0__clkbuf_16)
     2    0.047688    0.201022    0.433345    0.807128 ^ clkbuf_0_signal_input_regs/Z (gf180mcu_fd_sc_mcu7t5v0__clkbuf_16)
                                                         clknet_0_signal_input_regs (net)
                      0.201022    0.000417    0.807545 ^ clkbuf_1_1__f_signal_input_regs/I (gf180mcu_fd_sc_mcu7t5v0__clkbuf_16)
    10    0.050302    0.205014    0.444498    1.252044 ^ clkbuf_1_1__f_signal_input_regs/Z (gf180mcu_fd_sc_mcu7t5v0__clkbuf_16)
                                                         clknet_1_1__leaf_signal_input_regs (net)
                      0.205015    0.000775    1.252819 ^ _4075_/CLK (gf180mcu_fd_sc_mcu7t5v0__dffq_1)
                                  0.000000    1.252819   clock reconvergence pessimism
                                  0.102550    1.355368   library hold time
                                              1.355368   data required time
---------------------------------------------------------------------------------------------
                                              1.355368   data required time
                                             -3.546518   data arrival time
---------------------------------------------------------------------------------------------
                                              2.191149   slack (MET)


Startpoint: _4076_ (rising edge-triggered flip-flop clocked by signal_clock)
Endpoint: _4076_ (rising edge-triggered flip-flop clocked by signal_clock)
Path Group: signal_clock
Path Type: min

Fanout         Cap        Slew       Delay        Time   Description
---------------------------------------------------------------------------------------------
                                  0.000000    0.000000   clock signal_clock (rise edge)
                                  0.000000    0.000000   clock source latency
     2    0.066647    0.000000    0.000000    0.000000 ^ signal_input (in)
                                                         signal_input (net)
                      0.006974    0.002853    0.002853 ^ clkbuf_regs_0_signal_clock/I (gf180mcu_fd_sc_mcu7t5v0__clkbuf_16)
     1    0.023185    0.163039    0.370695    0.373548 ^ clkbuf_regs_0_signal_clock/Z (gf180mcu_fd_sc_mcu7t5v0__clkbuf_16)
                                                         signal_input_regs (net)
                      0.163039    0.000235    0.373783 ^ clkbuf_0_signal_input_regs/I (gf180mcu_fd_sc_mcu7t5v0__clkbuf_16)
     2    0.047688    0.201022    0.433345    0.807128 ^ clkbuf_0_signal_input_regs/Z (gf180mcu_fd_sc_mcu7t5v0__clkbuf_16)
                                                         clknet_0_signal_input_regs (net)
                      0.201022    0.000417    0.807545 ^ clkbuf_1_1__f_signal_input_regs/I (gf180mcu_fd_sc_mcu7t5v0__clkbuf_16)
    10    0.050302    0.205014    0.444498    1.252044 ^ clkbuf_1_1__f_signal_input_regs/Z (gf180mcu_fd_sc_mcu7t5v0__clkbuf_16)
                                                         clknet_1_1__leaf_signal_input_regs (net)
                      0.205016    0.001077    1.253120 ^ _4076_/CLK (gf180mcu_fd_sc_mcu7t5v0__dffq_1)
     5    0.032970    0.602298    1.525210    2.778330 v _4076_/Q (gf180mcu_fd_sc_mcu7t5v0__dffq_1)
                                                         tdc_module.measurement_state_machine[12] (net)
                      0.602298    0.000570    2.778900 v _3431_/A1 (gf180mcu_fd_sc_mcu7t5v0__oai21_1)
     1    0.006593    0.631463    0.533724    3.312624 ^ _3431_/ZN (gf180mcu_fd_sc_mcu7t5v0__oai21_1)
                                                         _1449_ (net)
                      0.631463    0.000086    3.312710 ^ _3432_/A2 (gf180mcu_fd_sc_mcu7t5v0__nor2_1)
     1    0.003842    0.253847    0.274146    3.586855 v _3432_/ZN (gf180mcu_fd_sc_mcu7t5v0__nor2_1)
                                                         _0322_ (net)
                      0.253847    0.000045    3.586900 v _4076_/D (gf180mcu_fd_sc_mcu7t5v0__dffq_1)
                                              3.586900   data arrival time

                                  0.000000    0.000000   clock signal_clock (rise edge)
                                  0.000000    0.000000   clock source latency
     2    0.066647    0.000000    0.000000    0.000000 ^ signal_input (in)
                                                         signal_input (net)
                      0.006974    0.002853    0.002853 ^ clkbuf_regs_0_signal_clock/I (gf180mcu_fd_sc_mcu7t5v0__clkbuf_16)
     1    0.023185    0.163039    0.370695    0.373548 ^ clkbuf_regs_0_signal_clock/Z (gf180mcu_fd_sc_mcu7t5v0__clkbuf_16)
                                                         signal_input_regs (net)
                      0.163039    0.000235    0.373783 ^ clkbuf_0_signal_input_regs/I (gf180mcu_fd_sc_mcu7t5v0__clkbuf_16)
     2    0.047688    0.201022    0.433345    0.807128 ^ clkbuf_0_signal_input_regs/Z (gf180mcu_fd_sc_mcu7t5v0__clkbuf_16)
                                                         clknet_0_signal_input_regs (net)
                      0.201022    0.000417    0.807545 ^ clkbuf_1_1__f_signal_input_regs/I (gf180mcu_fd_sc_mcu7t5v0__clkbuf_16)
    10    0.050302    0.205014    0.444498    1.252044 ^ clkbuf_1_1__f_signal_input_regs/Z (gf180mcu_fd_sc_mcu7t5v0__clkbuf_16)
                                                         clknet_1_1__leaf_signal_input_regs (net)
                      0.205016    0.001077    1.253120 ^ _4076_/CLK (gf180mcu_fd_sc_mcu7t5v0__dffq_1)
                                  0.000000    1.253120   clock reconvergence pessimism
                                  0.127225    1.380346   library hold time
                                              1.380346   data required time
---------------------------------------------------------------------------------------------
                                              1.380346   data required time
                                             -3.586900   data arrival time
---------------------------------------------------------------------------------------------
                                              2.206555   slack (MET)


Startpoint: _4064_ (rising edge-triggered flip-flop clocked by signal_clock)
Endpoint: _4064_ (rising edge-triggered flip-flop clocked by signal_clock)
Path Group: signal_clock
Path Type: min

Fanout         Cap        Slew       Delay        Time   Description
---------------------------------------------------------------------------------------------
                                  0.000000    0.000000   clock signal_clock (rise edge)
                                  0.000000    0.000000   clock source latency
     2    0.066647    0.000000    0.000000    0.000000 ^ signal_input (in)
                                                         signal_input (net)
                      0.006974    0.002853    0.002853 ^ clkbuf_regs_0_signal_clock/I (gf180mcu_fd_sc_mcu7t5v0__clkbuf_16)
     1    0.023185    0.163039    0.370695    0.373548 ^ clkbuf_regs_0_signal_clock/Z (gf180mcu_fd_sc_mcu7t5v0__clkbuf_16)
                                                         signal_input_regs (net)
                      0.163039    0.000235    0.373783 ^ clkbuf_0_signal_input_regs/I (gf180mcu_fd_sc_mcu7t5v0__clkbuf_16)
     2    0.047688    0.201022    0.433345    0.807128 ^ clkbuf_0_signal_input_regs/Z (gf180mcu_fd_sc_mcu7t5v0__clkbuf_16)
                                                         clknet_0_signal_input_regs (net)
                      0.201022    0.000377    0.807505 ^ clkbuf_1_0__f_signal_input_regs/I (gf180mcu_fd_sc_mcu7t5v0__clkbuf_16)
     8    0.047373    0.200641    0.441176    1.248681 ^ clkbuf_1_0__f_signal_input_regs/Z (gf180mcu_fd_sc_mcu7t5v0__clkbuf_16)
                                                         clknet_1_0__leaf_signal_input_regs (net)
                      0.200641    0.000570    1.249251 ^ _4064_/CLK (gf180mcu_fd_sc_mcu7t5v0__dffq_1)
     5    0.032931    0.601742    1.523969    2.773220 v _4064_/Q (gf180mcu_fd_sc_mcu7t5v0__dffq_1)
                                                         tdc_module.measurement_state_machine[0] (net)
                      0.601742    0.000454    2.773674 v _3396_/B (gf180mcu_fd_sc_mcu7t5v0__aoi21_1)
     1    0.006665    0.548059    0.479177    3.252851 ^ _3396_/ZN (gf180mcu_fd_sc_mcu7t5v0__aoi21_1)
                                                         _1426_ (net)
                      0.548059    0.000092    3.252944 ^ _3399_/A2 (gf180mcu_fd_sc_mcu7t5v0__nor3_1)
     1    0.003736    0.344585    0.319272    3.572215 v _3399_/ZN (gf180mcu_fd_sc_mcu7t5v0__nor3_1)
                                                         _0310_ (net)
                      0.344585    0.000042    3.572257 v _4064_/D (gf180mcu_fd_sc_mcu7t5v0__dffq_1)
                                              3.572257   data arrival time

                                  0.000000    0.000000   clock signal_clock (rise edge)
                                  0.000000    0.000000   clock source latency
     2    0.066647    0.000000    0.000000    0.000000 ^ signal_input (in)
                                                         signal_input (net)
                      0.006974    0.002853    0.002853 ^ clkbuf_regs_0_signal_clock/I (gf180mcu_fd_sc_mcu7t5v0__clkbuf_16)
     1    0.023185    0.163039    0.370695    0.373548 ^ clkbuf_regs_0_signal_clock/Z (gf180mcu_fd_sc_mcu7t5v0__clkbuf_16)
                                                         signal_input_regs (net)
                      0.163039    0.000235    0.373783 ^ clkbuf_0_signal_input_regs/I (gf180mcu_fd_sc_mcu7t5v0__clkbuf_16)
     2    0.047688    0.201022    0.433345    0.807128 ^ clkbuf_0_signal_input_regs/Z (gf180mcu_fd_sc_mcu7t5v0__clkbuf_16)
                                                         clknet_0_signal_input_regs (net)
                      0.201022    0.000377    0.807505 ^ clkbuf_1_0__f_signal_input_regs/I (gf180mcu_fd_sc_mcu7t5v0__clkbuf_16)
     8    0.047373    0.200641    0.441176    1.248681 ^ clkbuf_1_0__f_signal_input_regs/Z (gf180mcu_fd_sc_mcu7t5v0__clkbuf_16)
                                                         clknet_1_0__leaf_signal_input_regs (net)
                      0.200641    0.000570    1.249251 ^ _4064_/CLK (gf180mcu_fd_sc_mcu7t5v0__dffq_1)
                                  0.000000    1.249251   clock reconvergence pessimism
                                  0.099472    1.348723   library hold time
                                              1.348723   data required time
---------------------------------------------------------------------------------------------
                                              1.348723   data required time
                                             -3.572257   data arrival time
---------------------------------------------------------------------------------------------
                                              2.223534   slack (MET)


Startpoint: _4070_ (rising edge-triggered flip-flop clocked by signal_clock)
Endpoint: _4070_ (rising edge-triggered flip-flop clocked by signal_clock)
Path Group: signal_clock
Path Type: min

Fanout         Cap        Slew       Delay        Time   Description
---------------------------------------------------------------------------------------------
                                  0.000000    0.000000   clock signal_clock (rise edge)
                                  0.000000    0.000000   clock source latency
     2    0.066647    0.000000    0.000000    0.000000 ^ signal_input (in)
                                                         signal_input (net)
                      0.006974    0.002853    0.002853 ^ clkbuf_regs_0_signal_clock/I (gf180mcu_fd_sc_mcu7t5v0__clkbuf_16)
     1    0.023185    0.163039    0.370695    0.373548 ^ clkbuf_regs_0_signal_clock/Z (gf180mcu_fd_sc_mcu7t5v0__clkbuf_16)
                                                         signal_input_regs (net)
                      0.163039    0.000235    0.373783 ^ clkbuf_0_signal_input_regs/I (gf180mcu_fd_sc_mcu7t5v0__clkbuf_16)
     2    0.047688    0.201022    0.433345    0.807128 ^ clkbuf_0_signal_input_regs/Z (gf180mcu_fd_sc_mcu7t5v0__clkbuf_16)
                                                         clknet_0_signal_input_regs (net)
                      0.201022    0.000417    0.807545 ^ clkbuf_1_1__f_signal_input_regs/I (gf180mcu_fd_sc_mcu7t5v0__clkbuf_16)
    10    0.050302    0.205014    0.444498    1.252044 ^ clkbuf_1_1__f_signal_input_regs/Z (gf180mcu_fd_sc_mcu7t5v0__clkbuf_16)
                                                         clknet_1_1__leaf_signal_input_regs (net)
                      0.205015    0.000697    1.252741 ^ _4070_/CLK (gf180mcu_fd_sc_mcu7t5v0__dffq_1)
     5    0.037776    0.671723    1.573055    2.825796 v _4070_/Q (gf180mcu_fd_sc_mcu7t5v0__dffq_1)
                                                         tdc_module.measurement_state_machine[6] (net)
                      0.671723    0.000659    2.826456 v _3415_/B (gf180mcu_fd_sc_mcu7t5v0__aoi21_1)
     1    0.005334    0.513680    0.460062    3.286518 ^ _3415_/ZN (gf180mcu_fd_sc_mcu7t5v0__aoi21_1)
                                                         _1439_ (net)
                      0.513680    0.000060    3.286577 ^ _3416_/A3 (gf180mcu_fd_sc_mcu7t5v0__nor3_1)
     1    0.002909    0.351218    0.317643    3.604221 v _3416_/ZN (gf180mcu_fd_sc_mcu7t5v0__nor3_1)
                                                         _0316_ (net)
                      0.351218    0.000029    3.604249 v _4070_/D (gf180mcu_fd_sc_mcu7t5v0__dffq_1)
                                              3.604249   data arrival time

                                  0.000000    0.000000   clock signal_clock (rise edge)
                                  0.000000    0.000000   clock source latency
     2    0.066647    0.000000    0.000000    0.000000 ^ signal_input (in)
                                                         signal_input (net)
                      0.006974    0.002853    0.002853 ^ clkbuf_regs_0_signal_clock/I (gf180mcu_fd_sc_mcu7t5v0__clkbuf_16)
     1    0.023185    0.163039    0.370695    0.373548 ^ clkbuf_regs_0_signal_clock/Z (gf180mcu_fd_sc_mcu7t5v0__clkbuf_16)
                                                         signal_input_regs (net)
                      0.163039    0.000235    0.373783 ^ clkbuf_0_signal_input_regs/I (gf180mcu_fd_sc_mcu7t5v0__clkbuf_16)
     2    0.047688    0.201022    0.433345    0.807128 ^ clkbuf_0_signal_input_regs/Z (gf180mcu_fd_sc_mcu7t5v0__clkbuf_16)
                                                         clknet_0_signal_input_regs (net)
                      0.201022    0.000417    0.807545 ^ clkbuf_1_1__f_signal_input_regs/I (gf180mcu_fd_sc_mcu7t5v0__clkbuf_16)
    10    0.050302    0.205014    0.444498    1.252044 ^ clkbuf_1_1__f_signal_input_regs/Z (gf180mcu_fd_sc_mcu7t5v0__clkbuf_16)
                                                         clknet_1_1__leaf_signal_input_regs (net)
                      0.205015    0.000697    1.252741 ^ _4070_/CLK (gf180mcu_fd_sc_mcu7t5v0__dffq_1)
                                  0.000000    1.252741   clock reconvergence pessimism
                                  0.098378    1.351119   library hold time
                                              1.351119   data required time
---------------------------------------------------------------------------------------------
                                              1.351119   data required time
                                             -3.604249   data arrival time
---------------------------------------------------------------------------------------------
                                              2.253131   slack (MET)


Startpoint: _4071_ (rising edge-triggered flip-flop clocked by signal_clock)
Endpoint: _4071_ (rising edge-triggered flip-flop clocked by signal_clock)
Path Group: signal_clock
Path Type: min

Fanout         Cap        Slew       Delay        Time   Description
---------------------------------------------------------------------------------------------
                                  0.000000    0.000000   clock signal_clock (rise edge)
                                  0.000000    0.000000   clock source latency
     2    0.066647    0.000000    0.000000    0.000000 ^ signal_input (in)
                                                         signal_input (net)
                      0.006974    0.002853    0.002853 ^ clkbuf_regs_0_signal_clock/I (gf180mcu_fd_sc_mcu7t5v0__clkbuf_16)
     1    0.023185    0.163039    0.370695    0.373548 ^ clkbuf_regs_0_signal_clock/Z (gf180mcu_fd_sc_mcu7t5v0__clkbuf_16)
                                                         signal_input_regs (net)
                      0.163039    0.000235    0.373783 ^ clkbuf_0_signal_input_regs/I (gf180mcu_fd_sc_mcu7t5v0__clkbuf_16)
     2    0.047688    0.201022    0.433345    0.807128 ^ clkbuf_0_signal_input_regs/Z (gf180mcu_fd_sc_mcu7t5v0__clkbuf_16)
                                                         clknet_0_signal_input_regs (net)
                      0.201022    0.000417    0.807545 ^ clkbuf_1_1__f_signal_input_regs/I (gf180mcu_fd_sc_mcu7t5v0__clkbuf_16)
    10    0.050302    0.205014    0.444498    1.252044 ^ clkbuf_1_1__f_signal_input_regs/Z (gf180mcu_fd_sc_mcu7t5v0__clkbuf_16)
                                                         clknet_1_1__leaf_signal_input_regs (net)
                      0.205015    0.000598    1.252642 ^ _4071_/CLK (gf180mcu_fd_sc_mcu7t5v0__dffq_1)
     6    0.041167    0.723693    1.606603    2.859245 v _4071_/Q (gf180mcu_fd_sc_mcu7t5v0__dffq_1)
                                                         tdc_module.measurement_state_machine[7] (net)
                      0.723693    0.000833    2.860078 v _3417_/A1 (gf180mcu_fd_sc_mcu7t5v0__nor2_1)
     1    0.004918    0.502392    0.477412    3.337490 ^ _3417_/ZN (gf180mcu_fd_sc_mcu7t5v0__nor2_1)
                                                         _1440_ (net)
                      0.502392    0.000094    3.337584 ^ _3419_/A2 (gf180mcu_fd_sc_mcu7t5v0__nor3_1)
     1    0.004812    0.356231    0.330766    3.668350 v _3419_/ZN (gf180mcu_fd_sc_mcu7t5v0__nor3_1)
                                                         _0317_ (net)
                      0.356231    0.000065    3.668414 v _4071_/D (gf180mcu_fd_sc_mcu7t5v0__dffq_1)
                                              3.668414   data arrival time

                                  0.000000    0.000000   clock signal_clock (rise edge)
                                  0.000000    0.000000   clock source latency
     2    0.066647    0.000000    0.000000    0.000000 ^ signal_input (in)
                                                         signal_input (net)
                      0.006974    0.002853    0.002853 ^ clkbuf_regs_0_signal_clock/I (gf180mcu_fd_sc_mcu7t5v0__clkbuf_16)
     1    0.023185    0.163039    0.370695    0.373548 ^ clkbuf_regs_0_signal_clock/Z (gf180mcu_fd_sc_mcu7t5v0__clkbuf_16)
                                                         signal_input_regs (net)
                      0.163039    0.000235    0.373783 ^ clkbuf_0_signal_input_regs/I (gf180mcu_fd_sc_mcu7t5v0__clkbuf_16)
     2    0.047688    0.201022    0.433345    0.807128 ^ clkbuf_0_signal_input_regs/Z (gf180mcu_fd_sc_mcu7t5v0__clkbuf_16)
                                                         clknet_0_signal_input_regs (net)
                      0.201022    0.000417    0.807545 ^ clkbuf_1_1__f_signal_input_regs/I (gf180mcu_fd_sc_mcu7t5v0__clkbuf_16)
    10    0.050302    0.205014    0.444498    1.252044 ^ clkbuf_1_1__f_signal_input_regs/Z (gf180mcu_fd_sc_mcu7t5v0__clkbuf_16)
                                                         clknet_1_1__leaf_signal_input_regs (net)
                      0.205015    0.000598    1.252642 ^ _4071_/CLK (gf180mcu_fd_sc_mcu7t5v0__dffq_1)
                                  0.000000    1.252642   clock reconvergence pessimism
                                  0.096892    1.349534   library hold time
                                              1.349534   data required time
---------------------------------------------------------------------------------------------
                                              1.349534   data required time
                                             -3.668414   data arrival time
---------------------------------------------------------------------------------------------
                                              2.318880   slack (MET)



