Starting…
Running 'Verilator.Lint' at 'layout/digital/TDC/runs/RUN_2026-08-31_17-52-20/01-verilator-lint'…
Logging subprocess to [repr.filename]'layout/digital/TDC/runs/RUN_2026-08-31_17-52-20/01-verilator-lint/verilator-lint.log'[/repr.filename]…
Running 'Checker.LintTimingConstructs' at 'layout/digital/TDC/runs/RUN_2026-08-31_17-52-20/02-checker-linttimingconstructs'…
Check for Lint Timing Errors clear.
Running 'Checker.LintErrors' at 'layout/digital/TDC/runs/RUN_2026-08-31_17-52-20/03-checker-linterrors'…
Check for Lint errors clear.
Running 'Checker.LintWarnings' at 'layout/digital/TDC/runs/RUN_2026-08-31_17-52-20/04-checker-lintwarnings'…
310 Lint warnings found.
Running 'Yosys.JsonHeader' at 'layout/digital/TDC/runs/RUN_2026-08-31_17-52-20/05-yosys-jsonheader'…
Logging subprocess to [repr.filename]'layout/digital/TDC/runs/RUN_2026-08-31_17-52-20/05-yosys-jsonheader/yosys-jsonheader.log'[/repr.filename]…
Running 'Yosys.Synthesis' at 'layout/digital/TDC/runs/RUN_2026-08-31_17-52-20/06-yosys-synthesis'…
Logging subprocess to [repr.filename]'layout/digital/TDC/runs/RUN_2026-08-31_17-52-20/06-yosys-synthesis/yosys-synthesis.log'[/repr.filename]…
Parsing synthesis checks…
Running 'Checker.YosysUnmappedCells' at 'layout/digital/TDC/runs/RUN_2026-08-31_17-52-20/07-checker-yosysunmappedcells'…
Check for Unmapped Yosys instances clear.
Running 'Checker.YosysSynthChecks' at 'layout/digital/TDC/runs/RUN_2026-08-31_17-52-20/08-checker-yosyssynthchecks'…
Check for Yosys check errors clear.
Running 'Checker.NetlistAssignStatements' at 'layout/digital/TDC/runs/RUN_2026-08-31_17-52-20/09-checker-netlistassignstatements'…
Running 'OpenROAD.CheckSDCFiles' at 'layout/digital/TDC/runs/RUN_2026-08-31_17-52-20/10-openroad-checksdcfiles'…
Running 'OpenROAD.CheckMacroInstances' at 'layout/digital/TDC/runs/RUN_2026-08-31_17-52-20/11-openroad-checkmacroinstances'…
No macros found, skipping instance check…
Running 'OpenROAD.STAPrePNR' at 'layout/digital/TDC/runs/RUN_2026-08-31_17-52-20/12-openroad-staprepnr'…
Starting STA for the nom_tt_025C_5v00 timing corner…
Starting STA for the nom_ss_125C_4v50 timing corner…
Starting STA for the nom_ff_n40C_5v50 timing corner…
Skipping corner min_tt_025C_5v00 for STA (identical to nom_tt_025C_5v00 at this stage)…
Skipping corner min_ss_125C_4v50 for STA (identical to nom_ss_125C_4v50 at this stage)…
Skipping corner min_ff_n40C_5v50 for STA (identical to nom_ff_n40C_5v50 at this stage)…
Logging subprocess to [repr.filename]'layout/digital/TDC/runs/RUN_2026-08-31_17-52-20/12-openroad-staprepnr/nom_tt_025C_5v00/sta.log'[/repr.filename]…
Skipping corner max_tt_025C_5v00 for STA (identical to nom_tt_025C_5v00 at this stage)…
Logging subprocess to [repr.filename]'layout/digital/TDC/runs/RUN_2026-08-31_17-52-20/12-openroad-staprepnr/nom_ss_125C_4v50/sta.log'[/repr.filename]…
Skipping corner max_ss_125C_4v50 for STA (identical to nom_ss_125C_4v50 at this stage)…
Skipping corner max_ff_n40C_5v50 for STA (identical to nom_ff_n40C_5v50 at this stage)…
Logging subprocess to [repr.filename]'layout/digital/TDC/runs/RUN_2026-08-31_17-52-20/12-openroad-staprepnr/nom_ff_n40C_5v50/sta.log'[/repr.filename]…
Finished STA for the nom_ff_n40C_5v50 timing corner.
Finished STA for the nom_ss_125C_4v50 timing corner.
Finished STA for the nom_tt_025C_5v00 timing corner.
Running 'OpenROAD.Floorplan' at 'layout/digital/TDC/runs/RUN_2026-08-31_17-52-20/13-openroad-floorplan'…
Logging subprocess to [repr.filename]'layout/digital/TDC/runs/RUN_2026-08-31_17-52-20/13-openroad-floorplan/openroad-floorplan.log'[/repr.filename]…
Running 'OpenROAD.DumpRCValues' at 'layout/digital/TDC/runs/RUN_2026-08-31_17-52-20/14-openroad-dumprcvalues'…
Logging subprocess to [repr.filename]'layout/digital/TDC/runs/RUN_2026-08-31_17-52-20/14-openroad-dumprcvalues/openroad-dumprcvalues.log'[/repr.filename]…
Running 'Odb.CheckMacroAntennaProperties' at 'layout/digital/TDC/runs/RUN_2026-08-31_17-52-20/15-odb-checkmacroantennaproperties'…
No cells provided, skipping 'Odb.CheckMacroAntennaProperties'…
Running 'Odb.SetPowerConnections' at 'layout/digital/TDC/runs/RUN_2026-08-31_17-52-20/16-odb-setpowerconnections'…
Logging subprocess to [repr.filename]'layout/digital/TDC/runs/RUN_2026-08-31_17-52-20/16-odb-setpowerconnections/odb-setpowerconnections.log'[/repr.filename]…
Running 'Odb.ManualMacroPlacement' at 'layout/digital/TDC/runs/RUN_2026-08-31_17-52-20/17-odb-manualmacroplacement'…
No instances found, skipping 'Odb.ManualMacroPlacement'…
Running 'OpenROAD.CutRows' at 'layout/digital/TDC/runs/RUN_2026-08-31_17-52-20/18-openroad-cutrows'…
Logging subprocess to [repr.filename]'layout/digital/TDC/runs/RUN_2026-08-31_17-52-20/18-openroad-cutrows/openroad-cutrows.log'[/repr.filename]…
Running 'OpenROAD.TapEndcapInsertion' at 'layout/digital/TDC/runs/RUN_2026-08-31_17-52-20/19-openroad-tapendcapinsertion'…
Logging subprocess to [repr.filename]'layout/digital/TDC/runs/RUN_2026-08-31_17-52-20/19-openroad-tapendcapinsertion/openroad-tapendcapinsertion.log'[/repr.filename]…
Running 'Odb.AddPDNObstructions' at 'layout/digital/TDC/runs/RUN_2026-08-31_17-52-20/20-odb-addpdnobstructions'…
'PDN_OBSTRUCTIONS' is not defined. Skipping 'Odb.AddPDNObstructions'…
Running 'OpenROAD.GeneratePDN' at 'layout/digital/TDC/runs/RUN_2026-08-31_17-52-20/21-openroad-generatepdn'…
'PDN_CFG' not explicitly set, setting it to /usr/local/lib/python3.12/dist-packages/librelane/scripts/openroad/common/pdn_cfg.tcl…
Logging subprocess to [repr.filename]'layout/digital/TDC/runs/RUN_2026-08-31_17-52-20/21-openroad-generatepdn/openroad-generatepdn.log'[/repr.filename]…
Running 'Odb.RemovePDNObstructions' at 'layout/digital/TDC/runs/RUN_2026-08-31_17-52-20/22-odb-removepdnobstructions'…
'PDN_OBSTRUCTIONS' is not defined. Skipping 'Odb.RemovePDNObstructions'…
Running 'Odb.AddRoutingObstructions' at 'layout/digital/TDC/runs/RUN_2026-08-31_17-52-20/23-odb-addroutingobstructions'…
'ROUTING_OBSTRUCTIONS' is not defined. Skipping 'Odb.AddRoutingObstructions'…
Running 'OpenROAD.GlobalPlacementSkipIO' at 'layout/digital/TDC/runs/RUN_2026-08-31_17-52-20/24-openroad-globalplacementskipio'…
I/O pins to be placed from /foss/designs/acoustic-ranger-dvl-processor/layout/digital/TDC/pin_order.cfg. Returning state unaltered…
Running 'OpenROAD.IOPlacement' at 'layout/digital/TDC/runs/RUN_2026-08-31_17-52-20/25-openroad-ioplacement'…
IO_PIN_ORDER_CFG is set. Skipping 'OpenROAD.IOPlacement'…
Running 'Odb.CustomIOPlacement' at 'layout/digital/TDC/runs/RUN_2026-08-31_17-52-20/26-odb-customioplacement'…
Logging subprocess to [repr.filename]'layout/digital/TDC/runs/RUN_2026-08-31_17-52-20/26-odb-customioplacement/odb-customioplacement.log'[/repr.filename]…
Running 'Odb.ApplyDEFTemplate' at 'layout/digital/TDC/runs/RUN_2026-08-31_17-52-20/27-odb-applydeftemplate'…
No DEF template provided, skipping 'Odb.ApplyDEFTemplate'…
Running 'OpenROAD.GlobalPlacement' at 'layout/digital/TDC/runs/RUN_2026-08-31_17-52-20/28-openroad-globalplacement'…
Logging subprocess to [repr.filename]'layout/digital/TDC/runs/RUN_2026-08-31_17-52-20/28-openroad-globalplacement/openroad-globalplacement.log'[/repr.filename]…
[GPL-0302] Target density 0.0040 is too low for the available free area.
Running 'Odb.WriteVerilogHeader' at 'layout/digital/TDC/runs/RUN_2026-08-31_17-52-20/29-odb-writeverilogheader'…
Logging subprocess to [repr.filename]'layout/digital/TDC/runs/RUN_2026-08-31_17-52-20/29-odb-writeverilogheader/odb-writeverilogheader.log'[/repr.filename]…
Running 'Checker.PowerGridViolations' at 'layout/digital/TDC/runs/RUN_2026-08-31_17-52-20/30-checker-powergridviolations'…
Check for power grid violations (as reported by OpenROAD PSM- you may ignore these if LVS passes) clear.
Running 'OpenROAD.STAMidPNR' at 'layout/digital/TDC/runs/RUN_2026-08-31_17-52-20/31-openroad-stamidpnr'…
Logging subprocess to [repr.filename]'layout/digital/TDC/runs/RUN_2026-08-31_17-52-20/31-openroad-stamidpnr/openroad-stamidpnr.log'[/repr.filename]…
Running 'OpenROAD.RepairDesignPostGPL' at 'layout/digital/TDC/runs/RUN_2026-08-31_17-52-20/32-openroad-repairdesignpostgpl'…
Logging subprocess to [repr.filename]'layout/digital/TDC/runs/RUN_2026-08-31_17-52-20/32-openroad-repairdesignpostgpl/openroad-repairdesignpostgpl.log'[/repr.filename]…
[STA-1140] /foss/pdks/gf180mcuD/libs.ref/gf180mcu_fd_sc_mcu7t5v0/lib/gf180mcu_fd_sc_mcu7t5v0__ff_n40C_5v50.lib line 17, library gf180mcu_fd_sc_mcu7t5v0__ff_n40C_5v50 already exists.
[STA-1140] /foss/pdks/gf180mcuD/libs.ref/gf180mcu_fd_sc_mcu7t5v0/lib/gf180mcu_fd_sc_mcu7t5v0__tt_025C_5v00.lib line 17, library gf180mcu_fd_sc_mcu7t5v0__tt_025C_5v00 already exists.
[STA-1140] /foss/pdks/gf180mcuD/libs.ref/gf180mcu_fd_sc_mcu7t5v0/lib/gf180mcu_fd_sc_mcu7t5v0__ff_n40C_5v50.lib line 17, library gf180mcu_fd_sc_mcu7t5v0__ff_n40C_5v50 already exists.
[STA-1140] /foss/pdks/gf180mcuD/libs.ref/gf180mcu_fd_sc_mcu7t5v0/lib/gf180mcu_fd_sc_mcu7t5v0__tt_025C_5v00.lib line 17, library gf180mcu_fd_sc_mcu7t5v0__tt_025C_5v00 already exists.
[STA-1140] /foss/pdks/gf180mcuD/libs.ref/gf180mcu_fd_sc_mcu7t5v0/lib/gf180mcu_fd_sc_mcu7t5v0__ss_125C_4v50.lib line 17, library gf180mcu_fd_sc_mcu7t5v0__ss_125C_4v50 already exists.
[STA-1140] /foss/pdks/gf180mcuD/libs.ref/gf180mcu_fd_sc_mcu7t5v0/lib/gf180mcu_fd_sc_mcu7t5v0__ss_125C_4v50.lib line 17, library gf180mcu_fd_sc_mcu7t5v0__ss_125C_4v50 already exists.
[RSZ-0020] found 2 floating nets.
Running 'Odb.ManualGlobalPlacement' at 'layout/digital/TDC/runs/RUN_2026-08-31_17-52-20/33-odb-manualglobalplacement'…
'MANUAL_GLOBAL_PLACEMENTS' not set. Skipping 'Odb.ManualGlobalPlacement'…
Running 'OpenROAD.DetailedPlacement' at 'layout/digital/TDC/runs/RUN_2026-08-31_17-52-20/34-openroad-detailedplacement'…
Logging subprocess to [repr.filename]'layout/digital/TDC/runs/RUN_2026-08-31_17-52-20/34-openroad-detailedplacement/openroad-detailedplacement.log'[/repr.filename]…
Running 'OpenROAD.CTS' at 'layout/digital/TDC/runs/RUN_2026-08-31_17-52-20/35-openroad-cts'…
Logging subprocess to [repr.filename]'layout/digital/TDC/runs/RUN_2026-08-31_17-52-20/35-openroad-cts/openroad-cts.log'[/repr.filename]…
[STA-1140] /foss/pdks/gf180mcuD/libs.ref/gf180mcu_fd_sc_mcu7t5v0/lib/gf180mcu_fd_sc_mcu7t5v0__ff_n40C_5v50.lib line 17, library gf180mcu_fd_sc_mcu7t5v0__ff_n40C_5v50 already exists.
[STA-1140] /foss/pdks/gf180mcuD/libs.ref/gf180mcu_fd_sc_mcu7t5v0/lib/gf180mcu_fd_sc_mcu7t5v0__tt_025C_5v00.lib line 17, library gf180mcu_fd_sc_mcu7t5v0__tt_025C_5v00 already exists.
[STA-1140] /foss/pdks/gf180mcuD/libs.ref/gf180mcu_fd_sc_mcu7t5v0/lib/gf180mcu_fd_sc_mcu7t5v0__ff_n40C_5v50.lib line 17, library gf180mcu_fd_sc_mcu7t5v0__ff_n40C_5v50 already exists.
[STA-1140] /foss/pdks/gf180mcuD/libs.ref/gf180mcu_fd_sc_mcu7t5v0/lib/gf180mcu_fd_sc_mcu7t5v0__tt_025C_5v00.lib line 17, library gf180mcu_fd_sc_mcu7t5v0__tt_025C_5v00 already exists.
[STA-1140] /foss/pdks/gf180mcuD/libs.ref/gf180mcu_fd_sc_mcu7t5v0/lib/gf180mcu_fd_sc_mcu7t5v0__ss_125C_4v50.lib line 17, library gf180mcu_fd_sc_mcu7t5v0__ss_125C_4v50 already exists.
[STA-1140] /foss/pdks/gf180mcuD/libs.ref/gf180mcu_fd_sc_mcu7t5v0/lib/gf180mcu_fd_sc_mcu7t5v0__ss_125C_4v50.lib line 17, library gf180mcu_fd_sc_mcu7t5v0__ss_125C_4v50 already exists.
[CTS-0041] Net "_0733_" has 1 sinks. Skipping...
[CTS-0041] Net "_0734_" has 1 sinks. Skipping...
[CTS-0041] Net "_0735_" has 1 sinks. Skipping...
[CTS-0041] Net "_0736_" has 1 sinks. Skipping...
[CTS-0041] Net "_0135_" has 1 sinks. Skipping...
[CTS-0041] Net "_0616_" has 1 sinks. Skipping...
[CTS-0041] Net "_0732_" has 1 sinks. Skipping...
[CTS-0041] Net "_0133_" has 1 sinks. Skipping...
[CTS-0041] Net "_0132_" has 1 sinks. Skipping...
[CTS-0041] Net "_0131_" has 1 sinks. Skipping...
[CTS-0041] Net "_0130_" has 1 sinks. Skipping...
[CTS-0041] Net "_0720_" has 1 sinks. Skipping...
[CTS-0041] Net "_0721_" has 1 sinks. Skipping...
[CTS-0041] Net "_0128_" has 1 sinks. Skipping...
[CTS-0041] Net "_0714_" has 1 sinks. Skipping...
[CTS-0041] Net "_0126_" has 1 sinks. Skipping...
[CTS-0041] Net "_0708_" has 1 sinks. Skipping...
[CTS-0041] Net "_0125_" has 1 sinks. Skipping...
[CTS-0041] Net "_0702_" has 1 sinks. Skipping...
[CTS-0041] Net "_0124_" has 1 sinks. Skipping...
[CTS-0041] Net "_0690_" has 1 sinks. Skipping...
[CTS-0041] Net "_0122_" has 1 sinks. Skipping...
[CTS-0041] Net "_0686_" has 1 sinks. Skipping...
[CTS-0041] Net "_0121_" has 1 sinks. Skipping...
[CTS-0041] Net "_0678_" has 1 sinks. Skipping...
[CTS-0041] Net "_0120_" has 1 sinks. Skipping...
[CTS-0041] Net "_0675_" has 1 sinks. Skipping...
[CTS-0041] Net "_0676_" has 1 sinks. Skipping...
[CTS-0041] Net "_0667_" has 1 sinks. Skipping...
[CTS-0041] Net "_0118_" has 1 sinks. Skipping...
[CTS-0041] Net "_0663_" has 1 sinks. Skipping...
[CTS-0041] Net "_0117_" has 1 sinks. Skipping...
[CTS-0041] Net "_0655_" has 1 sinks. Skipping...
[CTS-0041] Net "_0116_" has 1 sinks. Skipping...
[CTS-0041] Net "_0651_" has 1 sinks. Skipping...
[CTS-0041] Net "_0115_" has 1 sinks. Skipping...
[CTS-0041] Net "_0634_" has 1 sinks. Skipping...
[CTS-0041] Net "_0112_" has 1 sinks. Skipping...
[CTS-0041] Net "_0628_" has 1 sinks. Skipping...
[CTS-0041] Net "_0111_" has 1 sinks. Skipping...
[CTS-0041] Net "_0617_" has 1 sinks. Skipping...
[CTS-0041] Net "_0621_" has 1 sinks. Skipping...
[CTS-0041] Net "_0110_" has 1 sinks. Skipping...
[CTS-0041] Net "_0729_" has 1 sinks. Skipping...
[CTS-0041] Net "_0134_" has 1 sinks. Skipping...
[CTS-0041] Net "_0716_" has 1 sinks. Skipping...
[CTS-0041] Net "_0717_" has 1 sinks. Skipping...
[CTS-0041] Net "_0127_" has 1 sinks. Skipping...
[CTS-0041] Net "_0710_" has 1 sinks. Skipping...
[CTS-0041] Net "_0711_" has 1 sinks. Skipping...
[CTS-0041] Net "_0704_" has 1 sinks. Skipping...
[CTS-0041] Net "_0705_" has 1 sinks. Skipping...
[CTS-0041] Net "_0698_" has 1 sinks. Skipping...
[CTS-0041] Net "_0699_" has 1 sinks. Skipping...
[CTS-0041] Net "_0692_" has 1 sinks. Skipping...
[CTS-0041] Net "_0693_" has 1 sinks. Skipping...
[CTS-0041] Net "_0123_" has 1 sinks. Skipping...
[CTS-0041] Net "_0687_" has 1 sinks. Skipping...
[CTS-0041] Net "_0688_" has 1 sinks. Skipping...
[CTS-0041] Net "_0679_" has 1 sinks. Skipping...
[CTS-0041] Net "_0680_" has 1 sinks. Skipping...
[CTS-0041] Net "_0669_" has 1 sinks. Skipping...
[CTS-0041] Net "_0670_" has 1 sinks. Skipping...
[CTS-0041] Net "_0119_" has 1 sinks. Skipping...
[CTS-0041] Net "_0664_" has 1 sinks. Skipping...
[CTS-0041] Net "_0665_" has 1 sinks. Skipping...
[CTS-0041] Net "_0657_" has 1 sinks. Skipping...
[CTS-0041] Net "_0658_" has 1 sinks. Skipping...
[CTS-0041] Net "_0652_" has 1 sinks. Skipping...
[CTS-0041] Net "_0653_" has 1 sinks. Skipping...
[CTS-0041] Net "_0646_" has 1 sinks. Skipping...
[CTS-0041] Net "_0647_" has 1 sinks. Skipping...
[CTS-0041] Net "_0641_" has 1 sinks. Skipping...
[CTS-0041] Net "_0642_" has 1 sinks. Skipping...
[CTS-0041] Net "_0114_" has 1 sinks. Skipping...
[CTS-0041] Net "_0635_" has 1 sinks. Skipping...
[CTS-0041] Net "_0636_" has 1 sinks. Skipping...
[CTS-0041] Net "_0113_" has 1 sinks. Skipping...
[CTS-0041] Net "_0629_" has 1 sinks. Skipping...
[CTS-0041] Net "_0630_" has 1 sinks. Skipping...
[CTS-0041] Net "_0625_" has 1 sinks. Skipping...
[CTS-0041] Net "_0626_" has 1 sinks. Skipping...
[CTS-0041] Net "_0727_" has 1 sinks. Skipping...
[CTS-0041] Net "_0129_" has 1 sinks. Skipping...
[CTS-0041] Net "_0622_" has 1 sinks. Skipping...
[CTS-0041] Net "_0724_" has 1 sinks. Skipping...
[CTS-0041] Net "_0718_" has 1 sinks. Skipping...
[CTS-0041] Net "_0697_" has 1 sinks. Skipping...
[CTS-0041] Net "_0674_" has 1 sinks. Skipping...
[CTS-0041] Net "_0645_" has 1 sinks. Skipping...
[CTS-0041] Net "_0640_" has 1 sinks. Skipping...
[DPL-0036] Detailed placement failed.
