310 Lint warnings found.
[GPL-0302] Target density 0.0040 is too low for the available free area.
[STA-1140] /foss/pdks/gf180mcuD/libs.ref/gf180mcu_fd_sc_mcu7t5v0/lib/gf180mcu_fd_sc_mcu7t5v0__ff_n40C_5v50.lib line 17, library gf180mcu_fd_sc_mcu7t5v0__ff_n40C_5v50 already exists.
[STA-1140] /foss/pdks/gf180mcuD/libs.ref/gf180mcu_fd_sc_mcu7t5v0/lib/gf180mcu_fd_sc_mcu7t5v0__tt_025C_5v00.lib line 17, library gf180mcu_fd_sc_mcu7t5v0__tt_025C_5v00 already exists.
[STA-1140] /foss/pdks/gf180mcuD/libs.ref/gf180mcu_fd_sc_mcu7t5v0/lib/gf180mcu_fd_sc_mcu7t5v0__ff_n40C_5v50.lib line 17, library gf180mcu_fd_sc_mcu7t5v0__ff_n40C_5v50 already exists.
[STA-1140] /foss/pdks/gf180mcuD/libs.ref/gf180mcu_fd_sc_mcu7t5v0/lib/gf180mcu_fd_sc_mcu7t5v0__tt_025C_5v00.lib line 17, library gf180mcu_fd_sc_mcu7t5v0__tt_025C_5v00 already exists.
[STA-1140] /foss/pdks/gf180mcuD/libs.ref/gf180mcu_fd_sc_mcu7t5v0/lib/gf180mcu_fd_sc_mcu7t5v0__ss_125C_4v50.lib line 17, library gf180mcu_fd_sc_mcu7t5v0__ss_125C_4v50 already exists.
[STA-1140] /foss/pdks/gf180mcuD/libs.ref/gf180mcu_fd_sc_mcu7t5v0/lib/gf180mcu_fd_sc_mcu7t5v0__ss_125C_4v50.lib line 17, library gf180mcu_fd_sc_mcu7t5v0__ss_125C_4v50 already exists.
[RSZ-0020] found 2 floating nets.
[STA-1140] /foss/pdks/gf180mcuD/libs.ref/gf180mcu_fd_sc_mcu7t5v0/lib/gf180mcu_fd_sc_mcu7t5v0__ff_n40C_5v50.lib line 17, library gf180mcu_fd_sc_mcu7t5v0__ff_n40C_5v50 already exists.
[STA-1140] /foss/pdks/gf180mcuD/libs.ref/gf180mcu_fd_sc_mcu7t5v0/lib/gf180mcu_fd_sc_mcu7t5v0__tt_025C_5v00.lib line 17, library gf180mcu_fd_sc_mcu7t5v0__tt_025C_5v00 already exists.
[STA-1140] /foss/pdks/gf180mcuD/libs.ref/gf180mcu_fd_sc_mcu7t5v0/lib/gf180mcu_fd_sc_mcu7t5v0__ff_n40C_5v50.lib line 17, library gf180mcu_fd_sc_mcu7t5v0__ff_n40C_5v50 already exists.
[STA-1140] /foss/pdks/gf180mcuD/libs.ref/gf180mcu_fd_sc_mcu7t5v0/lib/gf180mcu_fd_sc_mcu7t5v0__tt_025C_5v00.lib line 17, library gf180mcu_fd_sc_mcu7t5v0__tt_025C_5v00 already exists.
[STA-1140] /foss/pdks/gf180mcuD/libs.ref/gf180mcu_fd_sc_mcu7t5v0/lib/gf180mcu_fd_sc_mcu7t5v0__ss_125C_4v50.lib line 17, library gf180mcu_fd_sc_mcu7t5v0__ss_125C_4v50 already exists.
[STA-1140] /foss/pdks/gf180mcuD/libs.ref/gf180mcu_fd_sc_mcu7t5v0/lib/gf180mcu_fd_sc_mcu7t5v0__ss_125C_4v50.lib line 17, library gf180mcu_fd_sc_mcu7t5v0__ss_125C_4v50 already exists.
[CTS-0041] Net "_0733_" has 1 sinks. Skipping...
[CTS-0041] Net "_0734_" has 1 sinks. Skipping...
[CTS-0041] Net "_0735_" has 1 sinks. Skipping...
[CTS-0041] Net "_0736_" has 1 sinks. Skipping...
[CTS-0041] Net "_0135_" has 1 sinks. Skipping...
[CTS-0041] Net "_0616_" has 1 sinks. Skipping...
[CTS-0041] Net "_0732_" has 1 sinks. Skipping...
[CTS-0041] Net "_0133_" has 1 sinks. Skipping...
[CTS-0041] Net "_0132_" has 1 sinks. Skipping...
[CTS-0041] Net "_0131_" has 1 sinks. Skipping...
[CTS-0041] Net "_0130_" has 1 sinks. Skipping...
[CTS-0041] Net "_0720_" has 1 sinks. Skipping...
[CTS-0041] Net "_0721_" has 1 sinks. Skipping...
[CTS-0041] Net "_0128_" has 1 sinks. Skipping...
[CTS-0041] Net "_0714_" has 1 sinks. Skipping...
[CTS-0041] Net "_0126_" has 1 sinks. Skipping...
[CTS-0041] Net "_0708_" has 1 sinks. Skipping...
[CTS-0041] Net "_0125_" has 1 sinks. Skipping...
[CTS-0041] Net "_0702_" has 1 sinks. Skipping...
[CTS-0041] Net "_0124_" has 1 sinks. Skipping...
[CTS-0041] Net "_0690_" has 1 sinks. Skipping...
[CTS-0041] Net "_0122_" has 1 sinks. Skipping...
[CTS-0041] Net "_0686_" has 1 sinks. Skipping...
[CTS-0041] Net "_0121_" has 1 sinks. Skipping...
[CTS-0041] Net "_0678_" has 1 sinks. Skipping...
[CTS-0041] Net "_0120_" has 1 sinks. Skipping...
[CTS-0041] Net "_0675_" has 1 sinks. Skipping...
[CTS-0041] Net "_0676_" has 1 sinks. Skipping...
[CTS-0041] Net "_0667_" has 1 sinks. Skipping...
[CTS-0041] Net "_0118_" has 1 sinks. Skipping...
[CTS-0041] Net "_0663_" has 1 sinks. Skipping...
[CTS-0041] Net "_0117_" has 1 sinks. Skipping...
[CTS-0041] Net "_0655_" has 1 sinks. Skipping...
[CTS-0041] Net "_0116_" has 1 sinks. Skipping...
[CTS-0041] Net "_0651_" has 1 sinks. Skipping...
[CTS-0041] Net "_0115_" has 1 sinks. Skipping...
[CTS-0041] Net "_0634_" has 1 sinks. Skipping...
[CTS-0041] Net "_0112_" has 1 sinks. Skipping...
[CTS-0041] Net "_0628_" has 1 sinks. Skipping...
[CTS-0041] Net "_0111_" has 1 sinks. Skipping...
[CTS-0041] Net "_0617_" has 1 sinks. Skipping...
[CTS-0041] Net "_0621_" has 1 sinks. Skipping...
[CTS-0041] Net "_0110_" has 1 sinks. Skipping...
[CTS-0041] Net "_0729_" has 1 sinks. Skipping...
[CTS-0041] Net "_0134_" has 1 sinks. Skipping...
[CTS-0041] Net "_0716_" has 1 sinks. Skipping...
[CTS-0041] Net "_0717_" has 1 sinks. Skipping...
[CTS-0041] Net "_0127_" has 1 sinks. Skipping...
[CTS-0041] Net "_0710_" has 1 sinks. Skipping...
[CTS-0041] Net "_0711_" has 1 sinks. Skipping...
[CTS-0041] Net "_0704_" has 1 sinks. Skipping...
[CTS-0041] Net "_0705_" has 1 sinks. Skipping...
[CTS-0041] Net "_0698_" has 1 sinks. Skipping...
[CTS-0041] Net "_0699_" has 1 sinks. Skipping...
[CTS-0041] Net "_0692_" has 1 sinks. Skipping...
[CTS-0041] Net "_0693_" has 1 sinks. Skipping...
[CTS-0041] Net "_0123_" has 1 sinks. Skipping...
[CTS-0041] Net "_0687_" has 1 sinks. Skipping...
[CTS-0041] Net "_0688_" has 1 sinks. Skipping...
[CTS-0041] Net "_0679_" has 1 sinks. Skipping...
[CTS-0041] Net "_0680_" has 1 sinks. Skipping...
[CTS-0041] Net "_0669_" has 1 sinks. Skipping...
[CTS-0041] Net "_0670_" has 1 sinks. Skipping...
[CTS-0041] Net "_0119_" has 1 sinks. Skipping...
[CTS-0041] Net "_0664_" has 1 sinks. Skipping...
[CTS-0041] Net "_0665_" has 1 sinks. Skipping...
[CTS-0041] Net "_0657_" has 1 sinks. Skipping...
[CTS-0041] Net "_0658_" has 1 sinks. Skipping...
[CTS-0041] Net "_0652_" has 1 sinks. Skipping...
[CTS-0041] Net "_0653_" has 1 sinks. Skipping...
[CTS-0041] Net "_0646_" has 1 sinks. Skipping...
[CTS-0041] Net "_0647_" has 1 sinks. Skipping...
[CTS-0041] Net "_0641_" has 1 sinks. Skipping...
[CTS-0041] Net "_0642_" has 1 sinks. Skipping...
[CTS-0041] Net "_0114_" has 1 sinks. Skipping...
[CTS-0041] Net "_0635_" has 1 sinks. Skipping...
[CTS-0041] Net "_0636_" has 1 sinks. Skipping...
[CTS-0041] Net "_0113_" has 1 sinks. Skipping...
[CTS-0041] Net "_0629_" has 1 sinks. Skipping...
[CTS-0041] Net "_0630_" has 1 sinks. Skipping...
[CTS-0041] Net "_0625_" has 1 sinks. Skipping...
[CTS-0041] Net "_0626_" has 1 sinks. Skipping...
[CTS-0041] Net "_0727_" has 1 sinks. Skipping...
[CTS-0041] Net "_0129_" has 1 sinks. Skipping...
[CTS-0041] Net "_0622_" has 1 sinks. Skipping...
[CTS-0041] Net "_0724_" has 1 sinks. Skipping...
[CTS-0041] Net "_0718_" has 1 sinks. Skipping...
[CTS-0041] Net "_0697_" has 1 sinks. Skipping...
[CTS-0041] Net "_0674_" has 1 sinks. Skipping...
[CTS-0041] Net "_0645_" has 1 sinks. Skipping...
[CTS-0041] Net "_0640_" has 1 sinks. Skipping...
