Clock: system_clock
Sources: CLK_I 
Generated: no
Virtual: yes
Propagated: no
Period: 100.000000

===========================================================================
report_clock_properties
============================================================================
Clock                   Period          Waveform
----------------------------------------------------
system_clock        100.000000    0.000000 50.000000

===========================================================================
report_clock_latency
============================================================================
Clock system_clock
rise -> rise
    min     max
0.000000 0.000000 source latency
0.397087         network latency _827_/CLK
        0.403141 network latency _894_/CLK
---------------
0.397087 0.403141 latency
        0.006054 skew

fall -> fall
    min     max
0.000000 0.000000 source latency
0.398501         network latency _827_/CLK
        0.404910 network latency _894_/CLK
---------------
0.398501 0.404910 latency
        0.006409 skew



===========================================================================
report_clock_min_period
============================================================================
system_clock period_min = 5.52 fmax = 181.03
