
===========================================================================
report_checks -unconstrained
===========================================================================
======================= min_tt_025C_5v00 Corner ===================================

Startpoint: RST_I (input port clocked by system_clock)
Endpoint: _879_ (rising edge-triggered flip-flop clocked by system_clock)
Path Group: system_clock
Path Type: max

Fanout         Cap        Slew       Delay        Time   Description
---------------------------------------------------------------------------------------------
                                  0.000000    0.000000   clock system_clock (rise edge)
                                  0.000000    0.000000   clock network delay (propagated)
                                 20.000000   20.000000 ^ input external delay
     1    0.008729    0.000000    0.000000   20.000000 ^ RST_I (in)
                                                         RST_I (net)
                      0.000283    0.000115   20.000116 ^ input10/I (gf180mcu_fd_sc_mcu7t5v0__dlyb_1)
    31    0.240654    3.895170    3.040979   23.041096 ^ input10/Z (gf180mcu_fd_sc_mcu7t5v0__dlyb_1)
                                                         net10 (net)
                      3.895329    0.014145   23.055241 ^ _430_/I (gf180mcu_fd_sc_mcu7t5v0__clkinv_1)
    16    0.119041    2.424379    1.956433   25.011673 v _430_/ZN (gf180mcu_fd_sc_mcu7t5v0__clkinv_1)
                                                         _103_ (net)
                      2.424486    0.009132   25.020805 v _491_/A1 (gf180mcu_fd_sc_mcu7t5v0__nand2_1)
     2    0.010294    0.647003    0.643770   25.664576 ^ _491_/ZN (gf180mcu_fd_sc_mcu7t5v0__nand2_1)
                                                         _155_ (net)
                      0.647003    0.000096   25.664671 ^ _502_/C (gf180mcu_fd_sc_mcu7t5v0__aoi211_1)
     5    0.035104    0.905170    0.624356   26.289026 v _502_/ZN (gf180mcu_fd_sc_mcu7t5v0__aoi211_1)
                                                         _166_ (net)
                      0.905170    0.000492   26.289518 v _505_/B (gf180mcu_fd_sc_mcu7t5v0__oai211_1)
     8    0.094674    2.933289    1.507321   27.796839 ^ _505_/ZN (gf180mcu_fd_sc_mcu7t5v0__oai211_1)
                                                         _169_ (net)
                      2.933289    0.002389   27.799229 ^ _534_/B1 (gf180mcu_fd_sc_mcu7t5v0__aoi22_1)
     1    0.003997    0.845435    0.259783   28.059011 v _534_/ZN (gf180mcu_fd_sc_mcu7t5v0__aoi22_1)
                                                         _013_ (net)
                      0.845435    0.000078   28.059090 v _879_/D (gf180mcu_fd_sc_mcu7t5v0__dffq_1)
                                             28.059090   data arrival time

                                100.000000  100.000000   clock system_clock (rise edge)
                                  0.000000  100.000000   clock source latency
     1    0.038592    0.000000    0.000000  100.000000 ^ CLK_I (in)
                                                         CLK_I (net)
                      0.003969    0.001627  100.001625 ^ clkbuf_0_CLK_I/I (gf180mcu_fd_sc_mcu7t5v0__clkbuf_16)
     8    0.199667    0.248974    0.319361  100.320984 ^ clkbuf_0_CLK_I/Z (gf180mcu_fd_sc_mcu7t5v0__clkbuf_16)
                                                         clknet_0_CLK_I (net)
                      0.248988    0.002863  100.323845 ^ clkbuf_3_6__f_CLK_I/I (gf180mcu_fd_sc_mcu7t5v0__clkbuf_16)
    13    0.081683    0.143199    0.297007  100.620857 ^ clkbuf_3_6__f_CLK_I/Z (gf180mcu_fd_sc_mcu7t5v0__clkbuf_16)
                                                         clknet_3_6__leaf_CLK_I (net)
                      0.143203    0.001322  100.622177 ^ _879_/CLK (gf180mcu_fd_sc_mcu7t5v0__dffq_1)
                                 -0.500000  100.122177   clock uncertainty
                                  0.000000  100.122177   clock reconvergence pessimism
                                 -0.476969   99.645210   library setup time
                                             99.645210   data required time
---------------------------------------------------------------------------------------------
                                             99.645210   data required time
                                            -28.059090   data arrival time
---------------------------------------------------------------------------------------------
                                             71.586121   slack (MET)




===========================================================================
report_checks --slack_max -0.01
============================================================================
======================= min_tt_025C_5v00 Corner ===================================

No paths found.


===========================================================================
 report_check_types -max_slew -max_cap -max_fanout -violators
============================================================================
======================= min_tt_025C_5v00 Corner ===================================

max capacitance

Pin                                        Limit         Cap       Slack
------------------------------------------------------------------------
input10/Z                               0.239200    0.240654   -0.001454 (VIOLATED)
_775_/ZN                                0.124200    0.124327   -0.000127 (VIOLATED)



===========================================================================
report_parasitic_annotation -report_unannotated
============================================================================
Found 9 unannotated drivers.
 ERR_I
 RTY_I
 clkload0/ZN
 clkload1/ZN
 clkload2/ZN
 clkload3/ZN
 clkload4/ZN
 clkload5/ZN
 clkload6/ZN
Found 0 partially unannotated drivers.

===========================================================================
max slew violation count 0
max fanout violation count 0
max cap violation count 2
============================================================================

===========================================================================
check_setup -verbose -unconstrained_endpoints -multiple_clock -no_clock -no_input_delay -loops -generated_clocks
===========================================================================
