Clock: system_clock
Sources: CLK_I 
Generated: no
Virtual: yes
Propagated: no
Period: 100.000000

===========================================================================
report_clock_properties
============================================================================
Clock                   Period          Waveform
----------------------------------------------------
system_clock        100.000000    0.000000 50.000000

===========================================================================
report_clock_latency
============================================================================
Clock system_clock
rise -> rise
    min     max
0.000000 0.000000 source latency
0.607112         network latency _894_/CLK
        0.622582 network latency _825_/CLK
---------------
0.607112 0.622582 latency
        0.015470 skew

fall -> fall
    min     max
0.000000 0.000000 source latency
0.612101         network latency _894_/CLK
        0.628805 network latency _825_/CLK
---------------
0.612101 0.628805 latency
        0.016705 skew



===========================================================================
report_clock_min_period
============================================================================
system_clock period_min = 9.93 fmax = 100.66
