
===========================================================================
report_checks -unconstrained
===========================================================================
======================= nom_tt_025C_5v00 Corner ===================================

Startpoint: RST_I (input port clocked by system_clock)
Endpoint: _1623_ (rising edge-triggered flip-flop clocked by signal_clock)
Path Group: signal_clock
Path Type: max

Fanout         Cap        Slew       Delay        Time   Description
---------------------------------------------------------------------------------------------
                               3899.999756 3899.999756   clock system_clock (rise edge)
                                  0.000000 3899.999756   clock network delay (propagated)
                                 20.000000 3919.999512 v input external delay
    87    0.436074    0.000000    0.000000 3919.999512 v RST_I (in)
                                                         RST_I (net)
                      0.020625    0.008640 3920.008301 v _1007_/A2 (gf180mcu_fd_sc_mcu7t5v0__nor2_1)
    29    0.169267    5.033675    2.929937 3922.938232 ^ _1007_/ZN (gf180mcu_fd_sc_mcu7t5v0__nor2_1)
                                                         _0434_ (net)
                      5.033675    0.000909 3922.938965 ^ _1140_/B (gf180mcu_fd_sc_mcu7t5v0__oai31_1)
    15    0.075333    1.935600    1.132776 3924.071777 v _1140_/ZN (gf180mcu_fd_sc_mcu7t5v0__oai31_1)
                                                         _0541_ (net)
                      1.935600    0.001819 3924.073730 v _1171_/B (gf180mcu_fd_sc_mcu7t5v0__aoi211_1)
     1    0.003478    0.751110    0.720320 3924.793945 ^ _1171_/ZN (gf180mcu_fd_sc_mcu7t5v0__aoi211_1)
                                                         _0104_ (net)
                      0.751110    0.000000 3924.793945 ^ _1623_/D (gf180mcu_fd_sc_mcu7t5v0__dffq_1)
                                           3924.793945   data arrival time

                               4000.000000 4000.000000   clock signal_clock (rise edge)
                                  0.000000 4000.000000   clock source latency
    21    0.106052    0.000000    0.000000 4000.000000 ^ signal_input (in)
                                                         signal_input (net)
                      0.010083    0.004093 4000.004150 ^ _1623_/CLK (gf180mcu_fd_sc_mcu7t5v0__dffq_1)
                                  0.000000 4000.004150   clock reconvergence pessimism
                                 -0.285317 3999.718506   library setup time
                                           3999.718506   data required time
---------------------------------------------------------------------------------------------
                                           3999.718506   data required time
                                           -3924.793945   data arrival time
---------------------------------------------------------------------------------------------
                                             74.924797   slack (MET)


Startpoint: CYC_I (input port clocked by system_clock)
Endpoint: _1568_ (rising edge-triggered flip-flop clocked by system_clock)
Path Group: system_clock
Path Type: max

Fanout         Cap        Slew       Delay        Time   Description
---------------------------------------------------------------------------------------------
                                  0.000000    0.000000   clock system_clock (rise edge)
                                  0.000000    0.000000   clock network delay (propagated)
                                 20.000000   20.000000 v input external delay
     1    0.005583    0.000000    0.000000   20.000000 v CYC_I (in)
                                                         CYC_I (net)
                      0.000041    0.000016   20.000017 v _0804_/A2 (gf180mcu_fd_sc_mcu7t5v0__nand2_1)
     4    0.019635    0.448757    0.264523   20.264540 ^ _0804_/ZN (gf180mcu_fd_sc_mcu7t5v0__nand2_1)
                                                         _0300_ (net)
                      0.448757    0.000089   20.264627 ^ _0805_/A1 (gf180mcu_fd_sc_mcu7t5v0__nor2_1)
     6    0.034096    0.530576    0.417161   20.681789 v _0805_/ZN (gf180mcu_fd_sc_mcu7t5v0__nor2_1)
                                                         _0301_ (net)
                      0.530578    0.000592   20.682381 v _0855_/B (gf180mcu_fd_sc_mcu7t5v0__aoi21_1)
    51    0.291673    8.707159    5.124953   25.807333 ^ _0855_/ZN (gf180mcu_fd_sc_mcu7t5v0__aoi21_1)
                                                         _0332_ (net)
                      8.707159    0.000286   25.807619 ^ _0866_/A1 (gf180mcu_fd_sc_mcu7t5v0__nand2_1)
    44    0.239806    4.750465    3.869049   29.676668 v _0866_/ZN (gf180mcu_fd_sc_mcu7t5v0__nand2_1)
                                                         _0341_ (net)
                      4.750465    0.004405   29.681074 v _0949_/A1 (gf180mcu_fd_sc_mcu7t5v0__nor2_1)
     1    0.009769    1.052386    1.296163   30.977238 ^ _0949_/ZN (gf180mcu_fd_sc_mcu7t5v0__nor2_1)
                                                         _0396_ (net)
                      1.052386    0.000188   30.977427 ^ _0951_/A2 (gf180mcu_fd_sc_mcu7t5v0__nor3_1)
     1    0.002448    0.361560    0.181767   31.159193 v _0951_/ZN (gf180mcu_fd_sc_mcu7t5v0__nor3_1)
                                                         _0049_ (net)
                      0.361560    0.000000   31.159193 v _1568_/D (gf180mcu_fd_sc_mcu7t5v0__dffq_1)
                                             31.159193   data arrival time

                                100.000000  100.000000   clock system_clock (rise edge)
                                  0.000000  100.000000   clock source latency
   149    0.620628    0.000000    0.000000  100.000000 ^ CLK_I (in)
                                                         CLK_I (net)
                      0.028093    0.011489  100.011490 ^ _1568_/CLK (gf180mcu_fd_sc_mcu7t5v0__dffq_1)
                                 -0.500000   99.511482   clock uncertainty
                                  0.000000   99.511482   clock reconvergence pessimism
                                 -0.323126   99.188354   library setup time
                                             99.188354   data required time
---------------------------------------------------------------------------------------------
                                             99.188354   data required time
                                            -31.159193   data arrival time
---------------------------------------------------------------------------------------------
                                             68.029167   slack (MET)




===========================================================================
report_checks --slack_max -0.01
============================================================================
======================= nom_tt_025C_5v00 Corner ===================================

No paths found.


===========================================================================
 report_check_types -max_slew -max_cap -max_fanout -violators
============================================================================
======================= nom_tt_025C_5v00 Corner ===================================

max slew

Pin                                        Limit        Slew       Slack
------------------------------------------------------------------------
_0857_/ZN                               4.000000    8.922761   -4.922760 (VIOLATED)
_0858_/B1                               4.000000    8.922761   -4.922760 (VIOLATED)
_0865_/A2                               4.000000    8.922761   -4.922760 (VIOLATED)
_0866_/A2                               4.000000    8.922761   -4.922760 (VIOLATED)
_0868_/A2                               4.000000    8.922761   -4.922760 (VIOLATED)
_0871_/A2                               4.000000    8.922761   -4.922760 (VIOLATED)
_0874_/A2                               4.000000    8.922761   -4.922760 (VIOLATED)
_0877_/A2                               4.000000    8.922761   -4.922760 (VIOLATED)
_0880_/A2                               4.000000    8.922761   -4.922760 (VIOLATED)
_0883_/A2                               4.000000    8.922761   -4.922760 (VIOLATED)
_0886_/A2                               4.000000    8.922761   -4.922760 (VIOLATED)
_0889_/A2                               4.000000    8.922761   -4.922760 (VIOLATED)
_0892_/A2                               4.000000    8.922761   -4.922760 (VIOLATED)
_0895_/A2                               4.000000    8.922761   -4.922760 (VIOLATED)
_0898_/A2                               4.000000    8.922761   -4.922760 (VIOLATED)
_0901_/A2                               4.000000    8.922761   -4.922760 (VIOLATED)
_0904_/A2                               4.000000    8.922761   -4.922760 (VIOLATED)
_0907_/A2                               4.000000    8.922761   -4.922760 (VIOLATED)
_0910_/A2                               4.000000    8.922761   -4.922760 (VIOLATED)
_0913_/A2                               4.000000    8.922761   -4.922760 (VIOLATED)
_0916_/A2                               4.000000    8.922761   -4.922760 (VIOLATED)
_0919_/A2                               4.000000    8.922761   -4.922760 (VIOLATED)
_0921_/A2                               4.000000    8.922761   -4.922760 (VIOLATED)
_0924_/A2                               4.000000    8.922761   -4.922760 (VIOLATED)
_0927_/A2                               4.000000    8.922761   -4.922760 (VIOLATED)
_0929_/A2                               4.000000    8.922761   -4.922760 (VIOLATED)
_0932_/A2                               4.000000    8.922761   -4.922760 (VIOLATED)
_0935_/A2                               4.000000    8.922761   -4.922760 (VIOLATED)
_0938_/A2                               4.000000    8.922761   -4.922760 (VIOLATED)
_0941_/A2                               4.000000    8.922761   -4.922760 (VIOLATED)
_0944_/A2                               4.000000    8.922761   -4.922760 (VIOLATED)
_0947_/A2                               4.000000    8.922761   -4.922760 (VIOLATED)
_0950_/A2                               4.000000    8.922761   -4.922760 (VIOLATED)
_0953_/A2                               4.000000    8.922761   -4.922760 (VIOLATED)
_0956_/A2                               4.000000    8.922761   -4.922760 (VIOLATED)
_0959_/A2                               4.000000    8.922761   -4.922760 (VIOLATED)
_0962_/A2                               4.000000    8.922761   -4.922760 (VIOLATED)
_0965_/A2                               4.000000    8.922761   -4.922760 (VIOLATED)
_0967_/A2                               4.000000    8.922761   -4.922760 (VIOLATED)
_0970_/A2                               4.000000    8.922761   -4.922760 (VIOLATED)
_0973_/A2                               4.000000    8.922761   -4.922760 (VIOLATED)
_0976_/A2                               4.000000    8.922761   -4.922760 (VIOLATED)
_0979_/A2                               4.000000    8.922761   -4.922760 (VIOLATED)
_0982_/A2                               4.000000    8.922761   -4.922760 (VIOLATED)
_0985_/A2                               4.000000    8.922761   -4.922760 (VIOLATED)
_0988_/A2                               4.000000    8.922761   -4.922760 (VIOLATED)
_0990_/A2                               4.000000    8.922761   -4.922760 (VIOLATED)
_0993_/A2                               4.000000    8.922761   -4.922760 (VIOLATED)
_0996_/A2                               4.000000    8.922761   -4.922760 (VIOLATED)
_0999_/A2                               4.000000    8.922761   -4.922760 (VIOLATED)
_1002_/A2                               4.000000    8.922761   -4.922760 (VIOLATED)
_1005_/A2                               4.000000    8.922761   -4.922760 (VIOLATED)
_0855_/ZN                               4.000000    8.707159   -4.707159 (VIOLATED)
_0858_/A2                               4.000000    8.707159   -4.707159 (VIOLATED)
_0865_/A1                               4.000000    8.707159   -4.707159 (VIOLATED)
_0866_/A1                               4.000000    8.707159   -4.707159 (VIOLATED)
_0868_/A1                               4.000000    8.707159   -4.707159 (VIOLATED)
_0871_/A1                               4.000000    8.707159   -4.707159 (VIOLATED)
_0874_/A1                               4.000000    8.707159   -4.707159 (VIOLATED)
_0877_/A1                               4.000000    8.707159   -4.707159 (VIOLATED)
_0880_/A1                               4.000000    8.707159   -4.707159 (VIOLATED)
_0883_/A1                               4.000000    8.707159   -4.707159 (VIOLATED)
_0886_/A1                               4.000000    8.707159   -4.707159 (VIOLATED)
_0889_/A1                               4.000000    8.707159   -4.707159 (VIOLATED)
_0892_/A1                               4.000000    8.707159   -4.707159 (VIOLATED)
_0895_/A1                               4.000000    8.707159   -4.707159 (VIOLATED)
_0898_/A1                               4.000000    8.707159   -4.707159 (VIOLATED)
_0901_/A1                               4.000000    8.707159   -4.707159 (VIOLATED)
_0904_/A1                               4.000000    8.707159   -4.707159 (VIOLATED)
_0907_/A1                               4.000000    8.707159   -4.707159 (VIOLATED)
_0910_/A1                               4.000000    8.707159   -4.707159 (VIOLATED)
_0913_/A1                               4.000000    8.707159   -4.707159 (VIOLATED)
_0916_/A1                               4.000000    8.707159   -4.707159 (VIOLATED)
_0919_/A1                               4.000000    8.707159   -4.707159 (VIOLATED)
_0921_/A1                               4.000000    8.707159   -4.707159 (VIOLATED)
_0924_/A1                               4.000000    8.707159   -4.707159 (VIOLATED)
_0927_/A1                               4.000000    8.707159   -4.707159 (VIOLATED)
_0929_/A1                               4.000000    8.707159   -4.707159 (VIOLATED)
_0932_/A1                               4.000000    8.707159   -4.707159 (VIOLATED)
_0935_/A1                               4.000000    8.707159   -4.707159 (VIOLATED)
_0938_/A1                               4.000000    8.707159   -4.707159 (VIOLATED)
_0941_/A1                               4.000000    8.707159   -4.707159 (VIOLATED)
_0944_/A1                               4.000000    8.707159   -4.707159 (VIOLATED)
_0947_/A1                               4.000000    8.707159   -4.707159 (VIOLATED)
_0950_/A1                               4.000000    8.707159   -4.707159 (VIOLATED)
_0953_/A1                               4.000000    8.707159   -4.707159 (VIOLATED)
_0956_/A1                               4.000000    8.707159   -4.707159 (VIOLATED)
_0959_/A1                               4.000000    8.707159   -4.707159 (VIOLATED)
_0962_/A1                               4.000000    8.707159   -4.707159 (VIOLATED)
_0965_/A1                               4.000000    8.707159   -4.707159 (VIOLATED)
_0967_/A1                               4.000000    8.707159   -4.707159 (VIOLATED)
_0970_/A1                               4.000000    8.707159   -4.707159 (VIOLATED)
_0973_/A1                               4.000000    8.707159   -4.707159 (VIOLATED)
_0976_/A1                               4.000000    8.707159   -4.707159 (VIOLATED)
_0979_/A1                               4.000000    8.707159   -4.707159 (VIOLATED)
_0982_/A1                               4.000000    8.707159   -4.707159 (VIOLATED)
_0985_/A1                               4.000000    8.707159   -4.707159 (VIOLATED)
_0988_/A1                               4.000000    8.707159   -4.707159 (VIOLATED)
_0990_/A1                               4.000000    8.707159   -4.707159 (VIOLATED)
_0993_/A1                               4.000000    8.707159   -4.707159 (VIOLATED)
_0996_/A1                               4.000000    8.707159   -4.707159 (VIOLATED)
_0999_/A1                               4.000000    8.707159   -4.707159 (VIOLATED)
_1002_/A1                               4.000000    8.707159   -4.707159 (VIOLATED)
_1005_/A1                               4.000000    8.707159   -4.707159 (VIOLATED)
_1007_/ZN                               4.000000    5.033675   -1.033674 (VIOLATED)
_1009_/A2                               4.000000    5.033675   -1.033674 (VIOLATED)
_1010_/B                                4.000000    5.033675   -1.033674 (VIOLATED)
_1021_/B                                4.000000    5.033675   -1.033674 (VIOLATED)
_1027_/B                                4.000000    5.033675   -1.033674 (VIOLATED)
_1033_/B                                4.000000    5.033675   -1.033674 (VIOLATED)
_1039_/B                                4.000000    5.033675   -1.033674 (VIOLATED)
_1071_/B                                4.000000    5.033675   -1.033674 (VIOLATED)
_1081_/B                                4.000000    5.033675   -1.033674 (VIOLATED)
_1133_/A2                               4.000000    5.033675   -1.033674 (VIOLATED)
_1140_/B                                4.000000    5.033675   -1.033674 (VIOLATED)
_1236_/B                                4.000000    5.033675   -1.033674 (VIOLATED)
_1276_/B                                4.000000    5.033675   -1.033674 (VIOLATED)
_1290_/B                                4.000000    5.033675   -1.033674 (VIOLATED)
_1317_/B                                4.000000    5.033675   -1.033674 (VIOLATED)
_1331_/B                                4.000000    5.033675   -1.033674 (VIOLATED)
_1338_/B                                4.000000    5.033675   -1.033674 (VIOLATED)
_1345_/B                                4.000000    5.033675   -1.033674 (VIOLATED)
_1350_/B                                4.000000    5.033675   -1.033674 (VIOLATED)
_1358_/A2                               4.000000    5.033675   -1.033674 (VIOLATED)
_1361_/A2                               4.000000    5.033675   -1.033674 (VIOLATED)
_1363_/A2                               4.000000    5.033675   -1.033674 (VIOLATED)
_1364_/A2                               4.000000    5.033675   -1.033674 (VIOLATED)
_1365_/A2                               4.000000    5.033675   -1.033674 (VIOLATED)
_1366_/A2                               4.000000    5.033675   -1.033674 (VIOLATED)
_1368_/B                                4.000000    5.033675   -1.033674 (VIOLATED)
_1384_/A2                               4.000000    5.033675   -1.033674 (VIOLATED)
_1386_/A2                               4.000000    5.033675   -1.033674 (VIOLATED)
_1399_/A2                               4.000000    5.033675   -1.033674 (VIOLATED)
_1400_/A3                               4.000000    5.033675   -1.033674 (VIOLATED)
_0866_/ZN                               4.000000    4.750465   -0.750466 (VIOLATED)
_0867_/A1                               4.000000    4.750465   -0.750466 (VIOLATED)
_0870_/A1                               4.000000    4.750465   -0.750466 (VIOLATED)
_0873_/A1                               4.000000    4.750465   -0.750466 (VIOLATED)
_0876_/A1                               4.000000    4.750465   -0.750466 (VIOLATED)
_0879_/A1                               4.000000    4.750465   -0.750466 (VIOLATED)
_0882_/A1                               4.000000    4.750465   -0.750466 (VIOLATED)
_0885_/A1                               4.000000    4.750465   -0.750466 (VIOLATED)
_0888_/A1                               4.000000    4.750465   -0.750466 (VIOLATED)
_0891_/A1                               4.000000    4.750465   -0.750466 (VIOLATED)
_0894_/A1                               4.000000    4.750465   -0.750466 (VIOLATED)
_0897_/A1                               4.000000    4.750465   -0.750466 (VIOLATED)
_0900_/A1                               4.000000    4.750465   -0.750466 (VIOLATED)
_0903_/A1                               4.000000    4.750465   -0.750466 (VIOLATED)
_0906_/A1                               4.000000    4.750465   -0.750466 (VIOLATED)
_0909_/A1                               4.000000    4.750465   -0.750466 (VIOLATED)
_0912_/A1                               4.000000    4.750465   -0.750466 (VIOLATED)
_0915_/A1                               4.000000    4.750465   -0.750466 (VIOLATED)
_0918_/A1                               4.000000    4.750465   -0.750466 (VIOLATED)
_0923_/A1                               4.000000    4.750465   -0.750466 (VIOLATED)
_0926_/A1                               4.000000    4.750465   -0.750466 (VIOLATED)
_0931_/A1                               4.000000    4.750465   -0.750466 (VIOLATED)
_0934_/A1                               4.000000    4.750465   -0.750466 (VIOLATED)
_0937_/A1                               4.000000    4.750465   -0.750466 (VIOLATED)
_0940_/A1                               4.000000    4.750465   -0.750466 (VIOLATED)
_0943_/A1                               4.000000    4.750465   -0.750466 (VIOLATED)
_0946_/A1                               4.000000    4.750465   -0.750466 (VIOLATED)
_0949_/A1                               4.000000    4.750465   -0.750466 (VIOLATED)
_0952_/A1                               4.000000    4.750465   -0.750466 (VIOLATED)
_0955_/A1                               4.000000    4.750465   -0.750466 (VIOLATED)
_0958_/A1                               4.000000    4.750465   -0.750466 (VIOLATED)
_0961_/A1                               4.000000    4.750465   -0.750466 (VIOLATED)
_0964_/A1                               4.000000    4.750465   -0.750466 (VIOLATED)
_0969_/A1                               4.000000    4.750465   -0.750466 (VIOLATED)
_0972_/A1                               4.000000    4.750465   -0.750466 (VIOLATED)
_0975_/A1                               4.000000    4.750465   -0.750466 (VIOLATED)
_0978_/A1                               4.000000    4.750465   -0.750466 (VIOLATED)
_0981_/A1                               4.000000    4.750465   -0.750466 (VIOLATED)
_0984_/A1                               4.000000    4.750465   -0.750466 (VIOLATED)
_0987_/A1                               4.000000    4.750465   -0.750466 (VIOLATED)
_0992_/A1                               4.000000    4.750465   -0.750466 (VIOLATED)
_0995_/A1                               4.000000    4.750465   -0.750466 (VIOLATED)
_0998_/A1                               4.000000    4.750465   -0.750466 (VIOLATED)
_1001_/A1                               4.000000    4.750465   -0.750466 (VIOLATED)
_1004_/A1                               4.000000    4.750465   -0.750466 (VIOLATED)
_1226_/ZN                               4.000000    4.085279   -0.085279 (VIOLATED)
_1238_/B                                4.000000    4.085279   -0.085279 (VIOLATED)
_1239_/B                                4.000000    4.085279   -0.085279 (VIOLATED)
_1243_/A3                               4.000000    4.085279   -0.085279 (VIOLATED)
_1250_/A3                               4.000000    4.085279   -0.085279 (VIOLATED)
_1270_/A4                               4.000000    4.085279   -0.085279 (VIOLATED)
_1275_/A3                               4.000000    4.085279   -0.085279 (VIOLATED)
_1284_/A4                               4.000000    4.085279   -0.085279 (VIOLATED)
_1289_/A3                               4.000000    4.085279   -0.085279 (VIOLATED)
_1299_/A1                               4.000000    4.085279   -0.085279 (VIOLATED)
_1302_/A4                               4.000000    4.085279   -0.085279 (VIOLATED)
_1311_/A4                               4.000000    4.085279   -0.085279 (VIOLATED)
_1316_/A3                               4.000000    4.085279   -0.085279 (VIOLATED)
_1330_/A3                               4.000000    4.085279   -0.085279 (VIOLATED)
_1337_/A3                               4.000000    4.085279   -0.085279 (VIOLATED)
_1344_/A3                               4.000000    4.085279   -0.085279 (VIOLATED)
_1352_/A1                               4.000000    4.085279   -0.085279 (VIOLATED)
_1375_/A2                               4.000000    4.085279   -0.085279 (VIOLATED)

max capacitance

Pin                                        Limit         Cap       Slack
------------------------------------------------------------------------
_0855_/ZN                               0.124200    0.291673   -0.167473 (VIOLATED)
_0857_/ZN                               0.163300    0.286972   -0.123672 (VIOLATED)
_1007_/ZN                               0.125100    0.169267   -0.044167 (VIOLATED)
_0866_/ZN                               0.212600    0.239806   -0.027206 (VIOLATED)
_1226_/ZN                               0.084260    0.088641   -0.004381 (VIOLATED)
_1140_/ZN                               0.073370    0.075333   -0.001963 (VIOLATED)



===========================================================================
report_parasitic_annotation -report_unannotated
============================================================================
Found 1 unannotated drivers.
 ext_rst_i
Found 0 partially unannotated drivers.

===========================================================================
max slew violation count 197
Writing metric design__max_slew_violation__count__corner:nom_tt_025C_5v00: 197
max fanout violation count 0
Writing metric design__max_fanout_violation__count__corner:nom_tt_025C_5v00: 0
max cap violation count 6
Writing metric design__max_cap_violation__count__corner:nom_tt_025C_5v00: 6
============================================================================

===========================================================================
check_setup -verbose -unconstrained_endpoints -multiple_clock -no_clock -no_input_delay -loops -generated_clocks
===========================================================================
