Clock: system_clock
Sources: CLK_I 
Generated: no
Virtual: yes
Propagated: no
Period: 100.000000

===========================================================================
report_clock_properties
============================================================================
Clock                   Period          Waveform
----------------------------------------------------
system_clock        100.000000    0.000000 50.000000

===========================================================================
report_clock_latency
============================================================================
Clock system_clock
rise -> rise
    min     max
0.000000 0.000000 source latency
0.004734         network latency _1671_/CLK
        20.004126 network latency _1623_/CLK
---------------
0.004734 20.004126 latency
        19.999392 skew

rise -> fall
    min     max
0.000000 0.000000 source latency
20.003429         network latency _1614_/CLK
        20.004126 network latency _1623_/CLK
---------------
20.003429 20.004126 latency
        0.000696 skew

fall -> fall
    min     max
0.000000 0.000000 source latency
0.004732         network latency _1671_/CLK
        0.015838 network latency _1590_/CLK
---------------
0.004732 0.015838 latency
        0.011106 skew



===========================================================================
report_clock_min_period
============================================================================
system_clock period_min = 12.74 fmax = 78.50
Clock: signal_clock
Sources: signal_input 
Generated: no
Virtual: yes
Propagated: no
Period: 4000.000000

===========================================================================
report_clock_properties
============================================================================
Clock                   Period          Waveform
----------------------------------------------------
signal_clock        4000.000000    0.0000002000.000000

===========================================================================
report_clock_latency
============================================================================
Clock signal_clock
rise -> rise
    min     max
0.000000 0.000000 source latency
0.003429         network latency _1614_/CLK
        0.004124 network latency _1623_/CLK
---------------
0.003429 0.004124 latency
        0.000696 skew

fall -> fall
    min     max
0.000000 0.000000 source latency
0.003411         network latency _1613_/CLK
        0.004093 network latency _1620_/CLK
---------------
0.003411 0.004093 latency
        0.000682 skew



===========================================================================
report_clock_min_period
============================================================================
signal_clock period_min = 5.48 fmax = 182.40
