
===========================================================================
report_checks -unconstrained
===========================================================================
======================= nom_tt_025C_5v00 Corner ===================================

Startpoint: _1372_ (rising edge-triggered flip-flop clocked by signal_clock)
Endpoint: _1366_ (rising edge-triggered flip-flop clocked by signal_clock)
Path Group: signal_clock
Path Type: max

Fanout         Cap        Slew       Delay        Time   Description
---------------------------------------------------------------------------------------------
                                  0.000000    0.000000   clock signal_clock (rise edge)
                                  0.000000    0.000000   clock source latency
    19    0.085683    0.000000    0.000000    0.000000 ^ signal_input (in)
                                                         signal_input (net)
                      0.007016    0.002870    0.002870 ^ _1372_/CLK (gf180mcu_fd_sc_mcu7t5v0__dffq_1)
     5    0.024239    0.278792    0.762746    0.765616 v _1372_/Q (gf180mcu_fd_sc_mcu7t5v0__dffq_1)
                                                         measurement_state_machine[9] (net)
                      0.278792    0.000137    0.765753 v _0961_/A2 (gf180mcu_fd_sc_mcu7t5v0__xor2_1)
     1    0.003205    0.205312    0.466529    1.232282 v _0961_/Z (gf180mcu_fd_sc_mcu7t5v0__xor2_1)
                                                         _0389_ (net)
                      0.205312    0.000006    1.232288 v _0971_/A3 (gf180mcu_fd_sc_mcu7t5v0__or4_1)
     1    0.004991    0.279663    0.808189    2.040477 v _0971_/Z (gf180mcu_fd_sc_mcu7t5v0__or4_1)
                                                         _0399_ (net)
                      0.279663    0.000022    2.040499 v _0972_/A4 (gf180mcu_fd_sc_mcu7t5v0__nor4_1)
     1    0.004517    0.584282    0.448817    2.489316 ^ _0972_/ZN (gf180mcu_fd_sc_mcu7t5v0__nor4_1)
                                                         _0400_ (net)
                      0.584282    0.000011    2.489327 ^ _0974_/A3 (gf180mcu_fd_sc_mcu7t5v0__nand4_1)
     2    0.010299    0.459809    0.296935    2.786262 v _0974_/ZN (gf180mcu_fd_sc_mcu7t5v0__nand4_1)
                                                         _0402_ (net)
                      0.459809    0.000059    2.786321 v _0987_/A3 (gf180mcu_fd_sc_mcu7t5v0__oai31_1)
     9    0.046259    2.583829    1.567642    4.353963 ^ _0987_/ZN (gf180mcu_fd_sc_mcu7t5v0__oai31_1)
                                                         _0413_ (net)
                      2.583829    0.000525    4.354488 ^ _0988_/I (gf180mcu_fd_sc_mcu7t5v0__clkinv_1)
     7    0.039627    1.111688    0.830167    5.184656 v _0988_/ZN (gf180mcu_fd_sc_mcu7t5v0__clkinv_1)
                                                         _0414_ (net)
                      1.111688    0.000039    5.184695 v _0995_/B (gf180mcu_fd_sc_mcu7t5v0__oai21_1)
     1    0.004217    0.470320    0.459842    5.644536 ^ _0995_/ZN (gf180mcu_fd_sc_mcu7t5v0__oai21_1)
                                                         _0419_ (net)
                      0.470320    0.000004    5.644540 ^ _0996_/B (gf180mcu_fd_sc_mcu7t5v0__aoi21_1)
     1    0.002706    0.275689    0.208428    5.852968 v _0996_/ZN (gf180mcu_fd_sc_mcu7t5v0__aoi21_1)
                                                         _0097_ (net)
                      0.275689    0.000004    5.852971 v _1366_/D (gf180mcu_fd_sc_mcu7t5v0__dffq_1)
                                              5.852971   data arrival time

                               4000.000000 4000.000000   clock signal_clock (rise edge)
                                  0.000000 4000.000000   clock source latency
    19    0.085683    0.000000    0.000000 4000.000000 ^ signal_input (in)
                                                         signal_input (net)
                      0.006131    0.002728 4000.002930 ^ _1366_/CLK (gf180mcu_fd_sc_mcu7t5v0__dffq_1)
                                  0.000000 4000.002930   clock reconvergence pessimism
                                 -0.297329 3999.705322   library setup time
                                           3999.705322   data required time
---------------------------------------------------------------------------------------------
                                           3999.705322   data required time
                                             -5.852971   data arrival time
---------------------------------------------------------------------------------------------
                                           3993.852295   slack (MET)


Startpoint: CYC_I (input port clocked by system_clock)
Endpoint: _1328_ (rising edge-triggered flip-flop clocked by system_clock)
Path Group: system_clock
Path Type: max

Fanout         Cap        Slew       Delay        Time   Description
---------------------------------------------------------------------------------------------
                                  0.000000    0.000000   clock system_clock (rise edge)
                                  0.000000    0.000000   clock network delay (propagated)
                                 20.000000   20.000000 v input external delay
     2    0.010204    0.000000    0.000000   20.000000 v CYC_I (in)
                                                         CYC_I (net)
                      0.000091    0.000037   20.000038 v _0685_/A2 (gf180mcu_fd_sc_mcu7t5v0__nand2_1)
     3    0.015071    0.366691    0.218471   20.218508 ^ _0685_/ZN (gf180mcu_fd_sc_mcu7t5v0__nand2_1)
                                                         _0206_ (net)
                      0.366691    0.000055   20.218563 ^ _0686_/A2 (gf180mcu_fd_sc_mcu7t5v0__nor2_1)
     3    0.017096    0.330001    0.278465   20.497028 v _0686_/ZN (gf180mcu_fd_sc_mcu7t5v0__nor2_1)
                                                         _0207_ (net)
                      0.330001    0.000135   20.497164 v _0741_/B (gf180mcu_fd_sc_mcu7t5v0__aoi21_1)
     2    0.010098    0.512778    0.385931   20.883095 ^ _0741_/ZN (gf180mcu_fd_sc_mcu7t5v0__aoi21_1)
                                                         _0243_ (net)
                      0.512778    0.000016   20.883110 ^ _0751_/A1 (gf180mcu_fd_sc_mcu7t5v0__nand2_1)
     2    0.007592    0.250009    0.177572   21.060682 v _0751_/ZN (gf180mcu_fd_sc_mcu7t5v0__nand2_1)
                                                         _0251_ (net)
                      0.250009    0.000016   21.060699 v _0752_/A2 (gf180mcu_fd_sc_mcu7t5v0__nor2_1)
    48    0.265699    7.837537    4.563404   25.624104 ^ _0752_/ZN (gf180mcu_fd_sc_mcu7t5v0__nor2_1)
                                                         _0252_ (net)
                      7.837537    0.002039   25.626143 ^ _0856_/A2 (gf180mcu_fd_sc_mcu7t5v0__nor2_1)
     1    0.004462    1.467070   -0.005770   25.620373 v _0856_/ZN (gf180mcu_fd_sc_mcu7t5v0__nor2_1)
                                                         _0318_ (net)
                      1.467070    0.000007   25.620378 v _0857_/B (gf180mcu_fd_sc_mcu7t5v0__aoi211_1)
     1    0.002478    0.849453    0.597723   26.218102 ^ _0857_/ZN (gf180mcu_fd_sc_mcu7t5v0__aoi211_1)
                                                         _0059_ (net)
                      0.849453    0.000000   26.218102 ^ _1328_/D (gf180mcu_fd_sc_mcu7t5v0__dffq_1)
                                             26.218102   data arrival time

                                100.000000  100.000000   clock system_clock (rise edge)
                                  0.000000  100.000000   clock source latency
   149    0.619363    0.000000    0.000000  100.000000 ^ CLK_I (in)
                                                         CLK_I (net)
                      0.013083    0.005350  100.005348 ^ _1328_/CLK (gf180mcu_fd_sc_mcu7t5v0__dffq_1)
                                 -0.500000   99.505348   clock uncertainty
                                  0.000000   99.505348   clock reconvergence pessimism
                                 -0.281974   99.223373   library setup time
                                             99.223373   data required time
---------------------------------------------------------------------------------------------
                                             99.223373   data required time
                                            -26.218102   data arrival time
---------------------------------------------------------------------------------------------
                                             73.005272   slack (MET)




===========================================================================
report_checks --slack_max -0.01
============================================================================
======================= nom_tt_025C_5v00 Corner ===================================

No paths found.


===========================================================================
 report_check_types -max_slew -max_cap -max_fanout -violators
============================================================================
======================= nom_tt_025C_5v00 Corner ===================================

max slew

Pin                                        Limit        Slew       Slack
------------------------------------------------------------------------
_0795_/A2                               3.500000    7.837566   -4.337566 (VIOLATED)
_0758_/A2                               3.500000    7.837562   -4.337562 (VIOLATED)
_0772_/A2                               3.500000    7.837564   -4.337564 (VIOLATED)
_0773_/A2                               3.500000    7.837564   -4.337564 (VIOLATED)
_0777_/A2                               3.500000    7.837564   -4.337564 (VIOLATED)
_0780_/A2                               3.500000    7.837564   -4.337564 (VIOLATED)
_0783_/A2                               3.500000    7.837564   -4.337564 (VIOLATED)
_0786_/A2                               3.500000    7.837565   -4.337565 (VIOLATED)
_0789_/A2                               3.500000    7.837564   -4.337564 (VIOLATED)
_0792_/A2                               3.500000    7.837564   -4.337564 (VIOLATED)
_0798_/A2                               3.500000    7.837563   -4.337563 (VIOLATED)
_0801_/A2                               3.500000    7.837566   -4.337566 (VIOLATED)
_0804_/A2                               3.500000    7.837564   -4.337564 (VIOLATED)
_0807_/A2                               3.500000    7.837567   -4.337567 (VIOLATED)
_0810_/A2                               3.500000    7.837564   -4.337564 (VIOLATED)
_0813_/A2                               3.500000    7.837567   -4.337567 (VIOLATED)
_0816_/A2                               3.500000    7.837567   -4.337567 (VIOLATED)
_0819_/A2                               3.500000    7.837567   -4.337567 (VIOLATED)
_0822_/A2                               3.500000    7.837564   -4.337564 (VIOLATED)
_0825_/A2                               3.500000    7.837563   -4.337563 (VIOLATED)
_0828_/A2                               3.500000    7.837563   -4.337563 (VIOLATED)
_0834_/A2                               3.500000    7.837562   -4.337562 (VIOLATED)
_0844_/A2                               3.500000    7.837561   -4.337561 (VIOLATED)
_0845_/A2                               3.500000    7.837561   -4.337561 (VIOLATED)
_0752_/ZN                               3.500000    7.837537   -4.337537 (VIOLATED)
_0755_/A2                               3.500000    7.837537   -4.337537 (VIOLATED)
_0761_/A2                               3.500000    7.837537   -4.337537 (VIOLATED)
_0764_/A2                               3.500000    7.837537   -4.337537 (VIOLATED)
_0767_/A2                               3.500000    7.837537   -4.337537 (VIOLATED)
_0770_/A2                               3.500000    7.837537   -4.337537 (VIOLATED)
_0774_/A2                               3.500000    7.837537   -4.337537 (VIOLATED)
_0775_/A2                               3.500000    7.837537   -4.337537 (VIOLATED)
_0831_/A2                               3.500000    7.837537   -4.337537 (VIOLATED)
_0836_/A2                               3.500000    7.837537   -4.337537 (VIOLATED)
_0837_/A2                               3.500000    7.837537   -4.337537 (VIOLATED)
_0840_/A2                               3.500000    7.837537   -4.337537 (VIOLATED)
_0841_/A2                               3.500000    7.837537   -4.337537 (VIOLATED)
_0842_/A2                               3.500000    7.837537   -4.337537 (VIOLATED)
_0843_/A2                               3.500000    7.837537   -4.337537 (VIOLATED)
_0848_/A2                               3.500000    7.837537   -4.337537 (VIOLATED)
_0849_/A2                               3.500000    7.837537   -4.337537 (VIOLATED)
_0854_/A2                               3.500000    7.837537   -4.337537 (VIOLATED)
_0855_/A2                               3.500000    7.837537   -4.337537 (VIOLATED)
_0856_/A2                               3.500000    7.837537   -4.337537 (VIOLATED)
_0857_/A2                               3.500000    7.837537   -4.337537 (VIOLATED)
_0860_/A2                               3.500000    7.837537   -4.337537 (VIOLATED)
_0861_/A2                               3.500000    7.837537   -4.337537 (VIOLATED)
_0866_/A2                               3.500000    7.837537   -4.337537 (VIOLATED)
_0867_/A2                               3.500000    7.837537   -4.337537 (VIOLATED)
_1048_/ZN                               3.500000    4.118451   -0.618451 (VIOLATED)
_1049_/I                                3.500000    4.118451   -0.618451 (VIOLATED)
_1055_/A2                               3.500000    4.118451   -0.618451 (VIOLATED)
_1059_/A2                               3.500000    4.118451   -0.618451 (VIOLATED)
_1063_/A2                               3.500000    4.118451   -0.618451 (VIOLATED)
_1067_/A2                               3.500000    4.118451   -0.618451 (VIOLATED)
_1071_/A2                               3.500000    4.118451   -0.618451 (VIOLATED)
_1074_/A2                               3.500000    4.118451   -0.618451 (VIOLATED)
_1078_/A2                               3.500000    4.118451   -0.618451 (VIOLATED)
_1082_/A2                               3.500000    4.118451   -0.618451 (VIOLATED)
_1085_/A2                               3.500000    4.118451   -0.618451 (VIOLATED)
_1090_/A2                               3.500000    4.118451   -0.618451 (VIOLATED)
_1094_/A2                               3.500000    4.118451   -0.618451 (VIOLATED)
_1098_/A2                               3.500000    4.118451   -0.618451 (VIOLATED)
_1102_/A2                               3.500000    4.118451   -0.618451 (VIOLATED)
_1106_/A2                               3.500000    4.118451   -0.618451 (VIOLATED)
_1109_/A2                               3.500000    4.118451   -0.618451 (VIOLATED)
_1114_/A2                               3.500000    4.118451   -0.618451 (VIOLATED)
_1118_/A2                               3.500000    4.118451   -0.618451 (VIOLATED)
_1122_/A2                               3.500000    4.118451   -0.618451 (VIOLATED)
_1125_/A2                               3.500000    4.118451   -0.618451 (VIOLATED)
_1127_/A3                               3.500000    4.118451   -0.618451 (VIOLATED)
_1128_/A3                               3.500000    4.118451   -0.618451 (VIOLATED)
_1129_/A3                               3.500000    4.118451   -0.618451 (VIOLATED)
_1130_/A3                               3.500000    4.118451   -0.618451 (VIOLATED)
_0803_/A2                               3.500000    4.009880   -0.509880 (VIOLATED)
_0806_/A2                               3.500000    4.009880   -0.509880 (VIOLATED)
_0809_/A2                               3.500000    4.009880   -0.509880 (VIOLATED)
_0812_/A2                               3.500000    4.009879   -0.509879 (VIOLATED)
_0815_/A2                               3.500000    4.009879   -0.509879 (VIOLATED)
_0818_/A2                               3.500000    4.009878   -0.509878 (VIOLATED)
_0821_/A2                               3.500000    4.009876   -0.509876 (VIOLATED)
_0785_/A2                               3.500000    4.009875   -0.509875 (VIOLATED)
_0791_/A2                               3.500000    4.009875   -0.509875 (VIOLATED)
_0794_/A2                               3.500000    4.009876   -0.509876 (VIOLATED)
_0797_/A2                               3.500000    4.009876   -0.509876 (VIOLATED)
_0800_/A2                               3.500000    4.009876   -0.509876 (VIOLATED)
_0776_/A2                               3.500000    4.009874   -0.509874 (VIOLATED)
_0788_/A2                               3.500000    4.009874   -0.509874 (VIOLATED)
_0779_/A2                               3.500000    4.009873   -0.509874 (VIOLATED)
_0782_/A2                               3.500000    4.009872   -0.509873 (VIOLATED)
_0824_/A2                               3.500000    4.009873   -0.509873 (VIOLATED)
_0827_/A2                               3.500000    4.009873   -0.509873 (VIOLATED)
_0830_/A2                               3.500000    4.009871   -0.509872 (VIOLATED)
_0833_/A2                               3.500000    4.009871   -0.509871 (VIOLATED)
_0757_/A2                               3.500000    4.009868   -0.509868 (VIOLATED)
_0763_/A2                               3.500000    4.009868   -0.509868 (VIOLATED)
_0766_/A2                               3.500000    4.009868   -0.509868 (VIOLATED)
_0769_/A2                               3.500000    4.009868   -0.509868 (VIOLATED)
_0838_/A2                               3.500000    4.009868   -0.509868 (VIOLATED)
_0760_/A2                               3.500000    4.009867   -0.509867 (VIOLATED)
_0839_/A2                               3.500000    4.009867   -0.509867 (VIOLATED)
_0846_/A2                               3.500000    4.009868   -0.509868 (VIOLATED)
_0862_/A2                               3.500000    4.009868   -0.509868 (VIOLATED)
_0864_/A2                               3.500000    4.009867   -0.509867 (VIOLATED)
_0865_/A2                               3.500000    4.009867   -0.509867 (VIOLATED)
_0754_/A2                               3.500000    4.009865   -0.509866 (VIOLATED)
_0847_/A2                               3.500000    4.009866   -0.509866 (VIOLATED)
_0863_/A2                               3.500000    4.009865   -0.509865 (VIOLATED)
_0871_/A2                               3.500000    4.009862   -0.509862 (VIOLATED)
_0870_/A2                               3.500000    4.009861   -0.509861 (VIOLATED)
_0851_/A2                               3.500000    4.009859   -0.509859 (VIOLATED)
_0850_/A2                               3.500000    4.009858   -0.509858 (VIOLATED)
_0868_/A2                               3.500000    4.009850   -0.509849 (VIOLATED)
_0869_/A2                               3.500000    4.009849   -0.509849 (VIOLATED)
_0753_/Z                                3.500000    4.009835   -0.509835 (VIOLATED)
_0852_/A2                               3.500000    4.009835   -0.509835 (VIOLATED)
_0853_/A2                               3.500000    4.009835   -0.509835 (VIOLATED)
_0858_/A2                               3.500000    4.009835   -0.509835 (VIOLATED)
_0859_/A2                               3.500000    4.009835   -0.509835 (VIOLATED)
_0872_/A2                               3.500000    4.009835   -0.509835 (VIOLATED)
_0873_/A2                               3.500000    4.009835   -0.509835 (VIOLATED)
_0874_/A2                               3.500000    4.009835   -0.509835 (VIOLATED)
_0875_/A2                               3.500000    4.009835   -0.509835 (VIOLATED)
_0679_/ZN                               3.500000    3.703804   -0.203804 (VIOLATED)
_0687_/A2                               3.500000    3.703804   -0.203804 (VIOLATED)
_0695_/B                                3.500000    3.703804   -0.203804 (VIOLATED)
_0699_/A1                               3.500000    3.703804   -0.203804 (VIOLATED)
_0701_/C                                3.500000    3.703804   -0.203804 (VIOLATED)
_0704_/A1                               3.500000    3.703804   -0.203804 (VIOLATED)
_0712_/B                                3.500000    3.703804   -0.203804 (VIOLATED)
_0715_/B                                3.500000    3.703804   -0.203804 (VIOLATED)
_0718_/B                                3.500000    3.703804   -0.203804 (VIOLATED)
_0721_/B                                3.500000    3.703804   -0.203804 (VIOLATED)
_0724_/B                                3.500000    3.703804   -0.203804 (VIOLATED)
_0727_/B                                3.500000    3.703804   -0.203804 (VIOLATED)
_0755_/B                                3.500000    3.703804   -0.203804 (VIOLATED)
_0758_/B                                3.500000    3.703804   -0.203804 (VIOLATED)
_0761_/B                                3.500000    3.703804   -0.203804 (VIOLATED)
_0764_/B                                3.500000    3.703804   -0.203804 (VIOLATED)
_0767_/B                                3.500000    3.703804   -0.203804 (VIOLATED)
_0770_/B                                3.500000    3.703804   -0.203804 (VIOLATED)
_0772_/B                                3.500000    3.703804   -0.203804 (VIOLATED)
_0774_/B                                3.500000    3.703804   -0.203804 (VIOLATED)
_0777_/B                                3.500000    3.703804   -0.203804 (VIOLATED)
_0780_/B                                3.500000    3.703804   -0.203804 (VIOLATED)
_0783_/B                                3.500000    3.703804   -0.203804 (VIOLATED)
_0786_/B                                3.500000    3.703804   -0.203804 (VIOLATED)
_0789_/B                                3.500000    3.703804   -0.203804 (VIOLATED)
_0792_/B                                3.500000    3.703804   -0.203804 (VIOLATED)
_0795_/B                                3.500000    3.703804   -0.203804 (VIOLATED)
_0798_/B                                3.500000    3.703804   -0.203804 (VIOLATED)
_0801_/B                                3.500000    3.703804   -0.203804 (VIOLATED)
_0804_/B                                3.500000    3.703804   -0.203804 (VIOLATED)
_0807_/B                                3.500000    3.703804   -0.203804 (VIOLATED)
_0810_/B                                3.500000    3.703804   -0.203804 (VIOLATED)
_0813_/B                                3.500000    3.703804   -0.203804 (VIOLATED)
_0816_/B                                3.500000    3.703804   -0.203804 (VIOLATED)
_0819_/B                                3.500000    3.703804   -0.203804 (VIOLATED)
_0822_/B                                3.500000    3.703804   -0.203804 (VIOLATED)
_0825_/B                                3.500000    3.703804   -0.203804 (VIOLATED)
_0828_/B                                3.500000    3.703804   -0.203804 (VIOLATED)
_0831_/B                                3.500000    3.703804   -0.203804 (VIOLATED)
_0834_/B                                3.500000    3.703804   -0.203804 (VIOLATED)
_0836_/B                                3.500000    3.703804   -0.203804 (VIOLATED)

max capacitance

Pin                                        Limit         Cap       Slack
------------------------------------------------------------------------
_0752_/ZN                               0.125100    0.265699   -0.140599 (VIOLATED)
_1048_/ZN                               0.124200    0.134601   -0.010401 (VIOLATED)
_0753_/Z                                0.238800    0.247281   -0.008481 (VIOLATED)
_0679_/ZN                               0.228400    0.228488   -0.000088 (VIOLATED)



===========================================================================
report_parasitic_annotation -report_unannotated
============================================================================
Found 1 unannotated drivers.
 ext_rst_i
Found 0 partially unannotated drivers.

===========================================================================
max slew violation count 164
Writing metric design__max_slew_violation__count__corner:nom_tt_025C_5v00: 164
max fanout violation count 0
Writing metric design__max_fanout_violation__count__corner:nom_tt_025C_5v00: 0
max cap violation count 4
Writing metric design__max_cap_violation__count__corner:nom_tt_025C_5v00: 4
============================================================================

===========================================================================
check_setup -verbose -unconstrained_endpoints -multiple_clock -no_clock -no_input_delay -loops -generated_clocks
===========================================================================
