
===========================================================================
report_checks -unconstrained
===========================================================================
======================= nom_ss_125C_4v50 Corner ===================================

Startpoint: RST_I (input port clocked by system_clock)
Endpoint: _1615_ (rising edge-triggered flip-flop clocked by signal_clock)
Path Group: signal_clock
Path Type: max

Fanout         Cap        Slew       Delay        Time   Description
---------------------------------------------------------------------------------------------
                      0.000000 3899.999756 3899.999756   clock system_clock (rise edge)
                                  0.000000 3899.999756   clock network delay (ideal)
                                 20.000000 3919.999512 v input external delay
    87    0.361353    0.000000    0.000000 3919.999512 v RST_I (in)
                                                         RST_I (net)
                      0.000000    0.000000 3919.999512 v _1007_/A2 (gf180mcu_fd_sc_mcu7t5v0__nor2_1)
    29    0.127515    7.091155    4.017238 3924.016846 ^ _1007_/ZN (gf180mcu_fd_sc_mcu7t5v0__nor2_1)
                                                         _0434_ (net)
                      7.091155    0.000000 3924.016846 ^ _1140_/B (gf180mcu_fd_sc_mcu7t5v0__oai31_1)
    15    0.063062    2.877777    1.742137 3925.759033 v _1140_/ZN (gf180mcu_fd_sc_mcu7t5v0__oai31_1)
                                                         _0541_ (net)
                      2.877777    0.000000 3925.759033 v _1146_/B (gf180mcu_fd_sc_mcu7t5v0__aoi211_1)
     1    0.002378    1.162421    1.132321 3926.891357 ^ _1146_/ZN (gf180mcu_fd_sc_mcu7t5v0__aoi211_1)
                                                         _0096_ (net)
                      1.162421    0.000000 3926.891357 ^ _1615_/D (gf180mcu_fd_sc_mcu7t5v0__dffq_1)
                                           3926.891357   data arrival time

                      0.000000 4000.000000 4000.000000   clock signal_clock (rise edge)
                                  0.000000 4000.000000   clock network delay (ideal)
                                  0.000000 4000.000000   clock reconvergence pessimism
                                           4000.000000 ^ _1615_/CLK (gf180mcu_fd_sc_mcu7t5v0__dffq_1)
                                 -0.586513 3999.413574   library setup time
                                           3999.413574   data required time
---------------------------------------------------------------------------------------------
                                           3999.413574   data required time
                                           -3926.891357   data arrival time
---------------------------------------------------------------------------------------------
                                             72.522362   slack (MET)


Startpoint: CYC_I (input port clocked by system_clock)
Endpoint: _1540_ (rising edge-triggered flip-flop clocked by system_clock)
Path Group: system_clock
Path Type: max

Fanout         Cap        Slew       Delay        Time   Description
---------------------------------------------------------------------------------------------
                      0.000000    0.000000    0.000000   clock system_clock (rise edge)
                                  0.000000    0.000000   clock network delay (ideal)
                                 20.000000   20.000000 v input external delay
     1    0.004611    0.000000    0.000000   20.000000 v CYC_I (in)
                                                         CYC_I (net)
                      0.000000    0.000000   20.000000 v _0804_/A2 (gf180mcu_fd_sc_mcu7t5v0__nand2_1)
     4    0.018466    0.730163    0.430466   20.430468 ^ _0804_/ZN (gf180mcu_fd_sc_mcu7t5v0__nand2_1)
                                                         _0300_ (net)
                      0.730163    0.000000   20.430468 ^ _0805_/A1 (gf180mcu_fd_sc_mcu7t5v0__nor2_1)
     6    0.027086    0.772206    0.616298   21.046764 v _0805_/ZN (gf180mcu_fd_sc_mcu7t5v0__nor2_1)
                                                         _0301_ (net)
                      0.772206    0.000000   21.046764 v _0855_/B (gf180mcu_fd_sc_mcu7t5v0__aoi21_1)
    51    0.251573   13.984813    8.041232   29.087997 ^ _0855_/ZN (gf180mcu_fd_sc_mcu7t5v0__aoi21_1)
                                                         _0332_ (net)
                     13.984813    0.000000   29.087997 ^ _0866_/A1 (gf180mcu_fd_sc_mcu7t5v0__nand2_1)
    44    0.202004    7.611320    5.928641   35.016636 v _0866_/ZN (gf180mcu_fd_sc_mcu7t5v0__nand2_1)
                                                         _0341_ (net)
                      7.611320    0.000000   35.016636 v _0867_/A1 (gf180mcu_fd_sc_mcu7t5v0__nor2_1)
     1    0.004029    1.361457    1.775973   36.792610 ^ _0867_/ZN (gf180mcu_fd_sc_mcu7t5v0__nor2_1)
                                                         _0342_ (net)
                      1.361457    0.000000   36.792610 ^ _0869_/A2 (gf180mcu_fd_sc_mcu7t5v0__nor3_1)
     1    0.002378    0.562529    0.340435   37.133045 v _0869_/ZN (gf180mcu_fd_sc_mcu7t5v0__nor3_1)
                                                         _0021_ (net)
                      0.562529    0.000000   37.133045 v _1540_/D (gf180mcu_fd_sc_mcu7t5v0__dffq_1)
                                             37.133045   data arrival time

                      0.000000  100.000000  100.000000   clock system_clock (rise edge)
                                  0.000000  100.000000   clock network delay (ideal)
                                 -0.500000   99.499992   clock uncertainty
                                  0.000000   99.499992   clock reconvergence pessimism
                                             99.499992 ^ _1540_/CLK (gf180mcu_fd_sc_mcu7t5v0__dffq_1)
                                 -0.623888   98.876114   library setup time
                                             98.876114   data required time
---------------------------------------------------------------------------------------------
                                             98.876114   data required time
                                            -37.133045   data arrival time
---------------------------------------------------------------------------------------------
                                             61.743069   slack (MET)




===========================================================================
report_checks --slack_max -0.01
============================================================================
======================= nom_ss_125C_4v50 Corner ===================================

No paths found.


===========================================================================
 report_check_types -max_slew -max_cap -max_fanout -violators
============================================================================
======================= nom_ss_125C_4v50 Corner ===================================

max slew

Pin                                        Limit        Slew       Slack
------------------------------------------------------------------------
_0855_/ZN                               7.000000   13.984813   -6.984813 (VIOLATED)
_0858_/A2                               7.000000   13.984813   -6.984813 (VIOLATED)
_0865_/A1                               7.000000   13.984813   -6.984813 (VIOLATED)
_0866_/A1                               7.000000   13.984813   -6.984813 (VIOLATED)
_0868_/A1                               7.000000   13.984813   -6.984813 (VIOLATED)
_0871_/A1                               7.000000   13.984813   -6.984813 (VIOLATED)
_0874_/A1                               7.000000   13.984813   -6.984813 (VIOLATED)
_0877_/A1                               7.000000   13.984813   -6.984813 (VIOLATED)
_0880_/A1                               7.000000   13.984813   -6.984813 (VIOLATED)
_0883_/A1                               7.000000   13.984813   -6.984813 (VIOLATED)
_0886_/A1                               7.000000   13.984813   -6.984813 (VIOLATED)
_0889_/A1                               7.000000   13.984813   -6.984813 (VIOLATED)
_0892_/A1                               7.000000   13.984813   -6.984813 (VIOLATED)
_0895_/A1                               7.000000   13.984813   -6.984813 (VIOLATED)
_0898_/A1                               7.000000   13.984813   -6.984813 (VIOLATED)
_0901_/A1                               7.000000   13.984813   -6.984813 (VIOLATED)
_0904_/A1                               7.000000   13.984813   -6.984813 (VIOLATED)
_0907_/A1                               7.000000   13.984813   -6.984813 (VIOLATED)
_0910_/A1                               7.000000   13.984813   -6.984813 (VIOLATED)
_0913_/A1                               7.000000   13.984813   -6.984813 (VIOLATED)
_0916_/A1                               7.000000   13.984813   -6.984813 (VIOLATED)
_0919_/A1                               7.000000   13.984813   -6.984813 (VIOLATED)
_0921_/A1                               7.000000   13.984813   -6.984813 (VIOLATED)
_0924_/A1                               7.000000   13.984813   -6.984813 (VIOLATED)
_0927_/A1                               7.000000   13.984813   -6.984813 (VIOLATED)
_0929_/A1                               7.000000   13.984813   -6.984813 (VIOLATED)
_0932_/A1                               7.000000   13.984813   -6.984813 (VIOLATED)
_0935_/A1                               7.000000   13.984813   -6.984813 (VIOLATED)
_0938_/A1                               7.000000   13.984813   -6.984813 (VIOLATED)
_0941_/A1                               7.000000   13.984813   -6.984813 (VIOLATED)
_0944_/A1                               7.000000   13.984813   -6.984813 (VIOLATED)
_0947_/A1                               7.000000   13.984813   -6.984813 (VIOLATED)
_0950_/A1                               7.000000   13.984813   -6.984813 (VIOLATED)
_0953_/A1                               7.000000   13.984813   -6.984813 (VIOLATED)
_0956_/A1                               7.000000   13.984813   -6.984813 (VIOLATED)
_0959_/A1                               7.000000   13.984813   -6.984813 (VIOLATED)
_0962_/A1                               7.000000   13.984813   -6.984813 (VIOLATED)
_0965_/A1                               7.000000   13.984813   -6.984813 (VIOLATED)
_0967_/A1                               7.000000   13.984813   -6.984813 (VIOLATED)
_0970_/A1                               7.000000   13.984813   -6.984813 (VIOLATED)
_0973_/A1                               7.000000   13.984813   -6.984813 (VIOLATED)
_0976_/A1                               7.000000   13.984813   -6.984813 (VIOLATED)
_0979_/A1                               7.000000   13.984813   -6.984813 (VIOLATED)
_0982_/A1                               7.000000   13.984813   -6.984813 (VIOLATED)
_0985_/A1                               7.000000   13.984813   -6.984813 (VIOLATED)
_0988_/A1                               7.000000   13.984813   -6.984813 (VIOLATED)
_0990_/A1                               7.000000   13.984813   -6.984813 (VIOLATED)
_0993_/A1                               7.000000   13.984813   -6.984813 (VIOLATED)
_0996_/A1                               7.000000   13.984813   -6.984813 (VIOLATED)
_0999_/A1                               7.000000   13.984813   -6.984813 (VIOLATED)
_1002_/A1                               7.000000   13.984813   -6.984813 (VIOLATED)
_1005_/A1                               7.000000   13.984813   -6.984813 (VIOLATED)
_0857_/ZN                               7.000000   13.803216   -6.803216 (VIOLATED)
_0858_/B1                               7.000000   13.803216   -6.803216 (VIOLATED)
_0865_/A2                               7.000000   13.803216   -6.803216 (VIOLATED)
_0866_/A2                               7.000000   13.803216   -6.803216 (VIOLATED)
_0868_/A2                               7.000000   13.803216   -6.803216 (VIOLATED)
_0871_/A2                               7.000000   13.803216   -6.803216 (VIOLATED)
_0874_/A2                               7.000000   13.803216   -6.803216 (VIOLATED)
_0877_/A2                               7.000000   13.803216   -6.803216 (VIOLATED)
_0880_/A2                               7.000000   13.803216   -6.803216 (VIOLATED)
_0883_/A2                               7.000000   13.803216   -6.803216 (VIOLATED)
_0886_/A2                               7.000000   13.803216   -6.803216 (VIOLATED)
_0889_/A2                               7.000000   13.803216   -6.803216 (VIOLATED)
_0892_/A2                               7.000000   13.803216   -6.803216 (VIOLATED)
_0895_/A2                               7.000000   13.803216   -6.803216 (VIOLATED)
_0898_/A2                               7.000000   13.803216   -6.803216 (VIOLATED)
_0901_/A2                               7.000000   13.803216   -6.803216 (VIOLATED)
_0904_/A2                               7.000000   13.803216   -6.803216 (VIOLATED)
_0907_/A2                               7.000000   13.803216   -6.803216 (VIOLATED)
_0910_/A2                               7.000000   13.803216   -6.803216 (VIOLATED)
_0913_/A2                               7.000000   13.803216   -6.803216 (VIOLATED)
_0916_/A2                               7.000000   13.803216   -6.803216 (VIOLATED)
_0919_/A2                               7.000000   13.803216   -6.803216 (VIOLATED)
_0921_/A2                               7.000000   13.803216   -6.803216 (VIOLATED)
_0924_/A2                               7.000000   13.803216   -6.803216 (VIOLATED)
_0927_/A2                               7.000000   13.803216   -6.803216 (VIOLATED)
_0929_/A2                               7.000000   13.803216   -6.803216 (VIOLATED)
_0932_/A2                               7.000000   13.803216   -6.803216 (VIOLATED)
_0935_/A2                               7.000000   13.803216   -6.803216 (VIOLATED)
_0938_/A2                               7.000000   13.803216   -6.803216 (VIOLATED)
_0941_/A2                               7.000000   13.803216   -6.803216 (VIOLATED)
_0944_/A2                               7.000000   13.803216   -6.803216 (VIOLATED)
_0947_/A2                               7.000000   13.803216   -6.803216 (VIOLATED)
_0950_/A2                               7.000000   13.803216   -6.803216 (VIOLATED)
_0953_/A2                               7.000000   13.803216   -6.803216 (VIOLATED)
_0956_/A2                               7.000000   13.803216   -6.803216 (VIOLATED)
_0959_/A2                               7.000000   13.803216   -6.803216 (VIOLATED)
_0962_/A2                               7.000000   13.803216   -6.803216 (VIOLATED)
_0965_/A2                               7.000000   13.803216   -6.803216 (VIOLATED)
_0967_/A2                               7.000000   13.803216   -6.803216 (VIOLATED)
_0970_/A2                               7.000000   13.803216   -6.803216 (VIOLATED)
_0973_/A2                               7.000000   13.803216   -6.803216 (VIOLATED)
_0976_/A2                               7.000000   13.803216   -6.803216 (VIOLATED)
_0979_/A2                               7.000000   13.803216   -6.803216 (VIOLATED)
_0982_/A2                               7.000000   13.803216   -6.803216 (VIOLATED)
_0985_/A2                               7.000000   13.803216   -6.803216 (VIOLATED)
_0988_/A2                               7.000000   13.803216   -6.803216 (VIOLATED)
_0990_/A2                               7.000000   13.803216   -6.803216 (VIOLATED)
_0993_/A2                               7.000000   13.803216   -6.803216 (VIOLATED)
_0996_/A2                               7.000000   13.803216   -6.803216 (VIOLATED)
_0999_/A2                               7.000000   13.803216   -6.803216 (VIOLATED)
_1002_/A2                               7.000000   13.803216   -6.803216 (VIOLATED)
_1005_/A2                               7.000000   13.803216   -6.803216 (VIOLATED)
_0866_/ZN                               7.000000    7.611320   -0.611320 (VIOLATED)
_0867_/A1                               7.000000    7.611320   -0.611320 (VIOLATED)
_0870_/A1                               7.000000    7.611320   -0.611320 (VIOLATED)
_0873_/A1                               7.000000    7.611320   -0.611320 (VIOLATED)
_0876_/A1                               7.000000    7.611320   -0.611320 (VIOLATED)
_0879_/A1                               7.000000    7.611320   -0.611320 (VIOLATED)
_0882_/A1                               7.000000    7.611320   -0.611320 (VIOLATED)
_0885_/A1                               7.000000    7.611320   -0.611320 (VIOLATED)
_0888_/A1                               7.000000    7.611320   -0.611320 (VIOLATED)
_0891_/A1                               7.000000    7.611320   -0.611320 (VIOLATED)
_0894_/A1                               7.000000    7.611320   -0.611320 (VIOLATED)
_0897_/A1                               7.000000    7.611320   -0.611320 (VIOLATED)
_0900_/A1                               7.000000    7.611320   -0.611320 (VIOLATED)
_0903_/A1                               7.000000    7.611320   -0.611320 (VIOLATED)
_0906_/A1                               7.000000    7.611320   -0.611320 (VIOLATED)
_0909_/A1                               7.000000    7.611320   -0.611320 (VIOLATED)
_0912_/A1                               7.000000    7.611320   -0.611320 (VIOLATED)
_0915_/A1                               7.000000    7.611320   -0.611320 (VIOLATED)
_0918_/A1                               7.000000    7.611320   -0.611320 (VIOLATED)
_0923_/A1                               7.000000    7.611320   -0.611320 (VIOLATED)
_0926_/A1                               7.000000    7.611320   -0.611320 (VIOLATED)
_0931_/A1                               7.000000    7.611320   -0.611320 (VIOLATED)
_0934_/A1                               7.000000    7.611320   -0.611320 (VIOLATED)
_0937_/A1                               7.000000    7.611320   -0.611320 (VIOLATED)
_0940_/A1                               7.000000    7.611320   -0.611320 (VIOLATED)
_0943_/A1                               7.000000    7.611320   -0.611320 (VIOLATED)
_0946_/A1                               7.000000    7.611320   -0.611320 (VIOLATED)
_0949_/A1                               7.000000    7.611320   -0.611320 (VIOLATED)
_0952_/A1                               7.000000    7.611320   -0.611320 (VIOLATED)
_0955_/A1                               7.000000    7.611320   -0.611320 (VIOLATED)
_0958_/A1                               7.000000    7.611320   -0.611320 (VIOLATED)
_0961_/A1                               7.000000    7.611320   -0.611320 (VIOLATED)
_0964_/A1                               7.000000    7.611320   -0.611320 (VIOLATED)
_0969_/A1                               7.000000    7.611320   -0.611320 (VIOLATED)
_0972_/A1                               7.000000    7.611320   -0.611320 (VIOLATED)
_0975_/A1                               7.000000    7.611320   -0.611320 (VIOLATED)
_0978_/A1                               7.000000    7.611320   -0.611320 (VIOLATED)
_0981_/A1                               7.000000    7.611320   -0.611320 (VIOLATED)
_0984_/A1                               7.000000    7.611320   -0.611320 (VIOLATED)
_0987_/A1                               7.000000    7.611320   -0.611320 (VIOLATED)
_0992_/A1                               7.000000    7.611320   -0.611320 (VIOLATED)
_0995_/A1                               7.000000    7.611320   -0.611320 (VIOLATED)
_0998_/A1                               7.000000    7.611320   -0.611320 (VIOLATED)
_1001_/A1                               7.000000    7.611320   -0.611320 (VIOLATED)
_1004_/A1                               7.000000    7.611320   -0.611320 (VIOLATED)
_1007_/ZN                               7.000000    7.091155   -0.091155 (VIOLATED)
_1009_/A2                               7.000000    7.091155   -0.091155 (VIOLATED)
_1010_/B                                7.000000    7.091155   -0.091155 (VIOLATED)
_1021_/B                                7.000000    7.091155   -0.091155 (VIOLATED)
_1027_/B                                7.000000    7.091155   -0.091155 (VIOLATED)
_1033_/B                                7.000000    7.091155   -0.091155 (VIOLATED)
_1039_/B                                7.000000    7.091155   -0.091155 (VIOLATED)
_1071_/B                                7.000000    7.091155   -0.091155 (VIOLATED)
_1081_/B                                7.000000    7.091155   -0.091155 (VIOLATED)
_1133_/A2                               7.000000    7.091155   -0.091155 (VIOLATED)
_1140_/B                                7.000000    7.091155   -0.091155 (VIOLATED)
_1236_/B                                7.000000    7.091155   -0.091155 (VIOLATED)
_1276_/B                                7.000000    7.091155   -0.091155 (VIOLATED)
_1290_/B                                7.000000    7.091155   -0.091155 (VIOLATED)
_1317_/B                                7.000000    7.091155   -0.091155 (VIOLATED)
_1331_/B                                7.000000    7.091155   -0.091155 (VIOLATED)
_1338_/B                                7.000000    7.091155   -0.091155 (VIOLATED)
_1345_/B                                7.000000    7.091155   -0.091155 (VIOLATED)
_1350_/B                                7.000000    7.091155   -0.091155 (VIOLATED)
_1358_/A2                               7.000000    7.091155   -0.091155 (VIOLATED)
_1361_/A2                               7.000000    7.091155   -0.091155 (VIOLATED)
_1363_/A2                               7.000000    7.091155   -0.091155 (VIOLATED)
_1364_/A2                               7.000000    7.091155   -0.091155 (VIOLATED)
_1365_/A2                               7.000000    7.091155   -0.091155 (VIOLATED)
_1366_/A2                               7.000000    7.091155   -0.091155 (VIOLATED)
_1368_/B                                7.000000    7.091155   -0.091155 (VIOLATED)
_1384_/A2                               7.000000    7.091155   -0.091155 (VIOLATED)
_1386_/A2                               7.000000    7.091155   -0.091155 (VIOLATED)
_1399_/A2                               7.000000    7.091155   -0.091155 (VIOLATED)
_1400_/A3                               7.000000    7.091155   -0.091155 (VIOLATED)

max capacitance

Pin                                        Limit         Cap       Slack
------------------------------------------------------------------------
_0855_/ZN                               0.120800    0.251573   -0.130773 (VIOLATED)
_0857_/ZN                               0.160800    0.246115   -0.085315 (VIOLATED)
_1007_/ZN                               0.121600    0.127515   -0.005915 (VIOLATED)



===========================================================================
report_parasitic_annotation -report_unannotated
============================================================================
Found 965 unannotated drivers.
 ADDR_I[0]
 ADDR_I[1]
 ADDR_I[2]
 ADDR_I[3]
 ADDR_I[4]
 ADDR_I[5]
 ADDR_I[6]
 ADDR_I[7]
 CLK_I
 CYC_I
 DAT_I[0]
 DAT_I[1]
 DAT_I[2]
 DAT_I[3]
 DAT_I[4]
 DAT_I[5]
 DAT_I[6]
 DAT_I[7]
 RST_I
 STB_I
 WE_I
 ext_rst_i
 signal_input
 _0769_/ZN
 _0770_/ZN
 _0771_/ZN
 _0772_/ZN
 _0773_/ZN
 _0774_/ZN
 _0775_/ZN
 _0776_/ZN
 _0777_/ZN
 _0778_/ZN
 _0779_/ZN
 _0780_/ZN
 _0781_/ZN
 _0782_/ZN
 _0783_/ZN
 _0784_/ZN
 _0785_/ZN
 _0786_/ZN
 _0787_/ZN
 _0788_/ZN
 _0789_/ZN
 _0790_/ZN
 _0791_/ZN
 _0792_/ZN
 _0793_/ZN
 _0794_/ZN
 _0795_/ZN
 _0796_/ZN
 _0797_/ZN
 _0798_/ZN
 _0799_/Z
 _0800_/ZN
 _0801_/ZN
 _0802_/Z
 _0803_/ZN
 _0804_/ZN
 _0805_/ZN
 _0806_/ZN
 _0807_/ZN
 _0808_/Z
 _0809_/ZN
 _0810_/ZN
 _0811_/ZN
 _0812_/ZN
 _0813_/ZN
 _0814_/ZN
 _0815_/ZN
 _0816_/ZN
 _0817_/ZN
 _0818_/ZN
 _0819_/ZN
 _0820_/ZN
 _0821_/ZN
 _0822_/ZN
 _0823_/ZN
 _0824_/ZN
 _0825_/Z
 _0826_/ZN
 _0827_/ZN
 _0828_/ZN
 _0829_/ZN
 _0830_/ZN
 _0831_/ZN
 _0832_/ZN
 _0833_/ZN
 _0834_/ZN
 _0835_/ZN
 _0836_/ZN
 _0837_/ZN
 _0838_/ZN
 _0839_/ZN
 _0840_/ZN
 _0841_/ZN
 _0842_/ZN
 _0843_/ZN
 _0844_/ZN
 _0845_/ZN
 _0846_/ZN
 _0847_/Z
 _0848_/Z
 _0849_/Z
 _0850_/Z
 _0851_/Z
 _0852_/Z
 _0853_/Z
 _0854_/Z
 _0855_/ZN
 _0856_/ZN
 _0857_/ZN
 _0858_/ZN
 _0859_/ZN
 _0860_/Z
 _0861_/ZN
 _0862_/ZN
 _0863_/ZN
 _0864_/ZN
 _0865_/Z
 _0866_/ZN
 _0867_/ZN
 _0868_/ZN
 _0869_/ZN
 _0870_/ZN
 _0871_/ZN
 _0872_/ZN
 _0873_/ZN
 _0874_/ZN
 _0875_/ZN
 _0876_/ZN
 _0877_/ZN
 _0878_/ZN
 _0879_/ZN
 _0880_/ZN
 _0881_/ZN
 _0882_/ZN
 _0883_/ZN
 _0884_/ZN
 _0885_/ZN
 _0886_/ZN
 _0887_/ZN
 _0888_/ZN
 _0889_/ZN
 _0890_/ZN
 _0891_/ZN
 _0892_/ZN
 _0893_/ZN
 _0894_/ZN
 _0895_/ZN
 _0896_/ZN
 _0897_/ZN
 _0898_/ZN
 _0899_/ZN
 _0900_/ZN
 _0901_/ZN
 _0902_/ZN
 _0903_/ZN
 _0904_/ZN
 _0905_/ZN
 _0906_/ZN
 _0907_/ZN
 _0908_/ZN
 _0909_/ZN
 _0910_/ZN
 _0911_/ZN
 _0912_/ZN
 _0913_/ZN
 _0914_/ZN
 _0915_/ZN
 _0916_/ZN
 _0917_/ZN
 _0918_/ZN
 _0919_/ZN
 _0920_/ZN
 _0921_/ZN
 _0922_/ZN
 _0923_/ZN
 _0924_/ZN
 _0925_/ZN
 _0926_/ZN
 _0927_/ZN
 _0928_/ZN
 _0929_/ZN
 _0930_/ZN
 _0931_/ZN
 _0932_/ZN
 _0933_/ZN
 _0934_/ZN
 _0935_/ZN
 _0936_/ZN
 _0937_/ZN
 _0938_/ZN
 _0939_/ZN
 _0940_/ZN
 _0941_/ZN
 _0942_/ZN
 _0943_/ZN
 _0944_/ZN
 _0945_/ZN
 _0946_/ZN
 _0947_/ZN
 _0948_/ZN
 _0949_/ZN
 _0950_/ZN
 _0951_/ZN
 _0952_/ZN
 _0953_/ZN
 _0954_/ZN
 _0955_/ZN
 _0956_/ZN
 _0957_/ZN
 _0958_/ZN
 _0959_/ZN
 _0960_/ZN
 _0961_/ZN
 _0962_/ZN
 _0963_/ZN
 _0964_/ZN
 _0965_/ZN
 _0966_/ZN
 _0967_/ZN
 _0968_/ZN
 _0969_/ZN
 _0970_/ZN
 _0971_/ZN
 _0972_/ZN
 _0973_/ZN
 _0974_/ZN
 _0975_/ZN
 _0976_/ZN
 _0977_/ZN
 _0978_/ZN
 _0979_/ZN
 _0980_/ZN
 _0981_/ZN
 _0982_/ZN
 _0983_/ZN
 _0984_/ZN
 _0985_/ZN
 _0986_/ZN
 _0987_/ZN
 _0988_/ZN
 _0989_/ZN
 _0990_/ZN
 _0991_/ZN
 _0992_/ZN
 _0993_/ZN
 _0994_/ZN
 _0995_/ZN
 _0996_/ZN
 _0997_/ZN
 _0998_/ZN
 _0999_/ZN
 _1000_/ZN
 _1001_/ZN
 _1002_/ZN
 _1003_/ZN
 _1004_/ZN
 _1005_/ZN
 _1006_/ZN
 _1007_/ZN
 _1008_/Z
 _1009_/ZN
 _1010_/ZN
 _1011_/ZN
 _1012_/ZN
 _1013_/Z
 _1014_/ZN
 _1015_/ZN
 _1016_/ZN
 _1017_/ZN
 _1018_/ZN
 _1019_/Z
 _1020_/ZN
 _1021_/ZN
 _1022_/ZN
 _1023_/ZN
 _1024_/Z
 _1025_/Z
 _1026_/ZN
 _1027_/ZN
 _1028_/ZN
 _1029_/ZN
 _1030_/Z
 _1031_/Z
 _1032_/ZN
 _1033_/ZN
 _1034_/ZN
 _1035_/ZN
 _1036_/Z
 _1037_/ZN
 _1038_/Z
 _1039_/ZN
 _1040_/ZN
 _1041_/ZN
 _1042_/Z
 _1043_/Z
 _1044_/Z
 _1045_/Z
 _1046_/Z
 _1047_/ZN
 _1048_/ZN
 _1049_/ZN
 _1050_/Z
 _1051_/ZN
 _1052_/ZN
 _1053_/ZN
 _1054_/ZN
 _1055_/Z
 _1056_/ZN
 _1057_/Z
 _1058_/ZN
 _1059_/ZN
 _1060_/ZN
 _1061_/ZN
 _1062_/Z
 _1063_/ZN
 _1064_/ZN
 _1065_/Z
 _1066_/ZN
 _1067_/ZN
 _1068_/ZN
 _1069_/ZN
 _1070_/ZN
 _1071_/ZN
 _1072_/ZN
 _1073_/ZN
 _1074_/Z
 _1075_/Z
 _1076_/ZN
 _1077_/ZN
 _1078_/ZN
 _1079_/ZN
 _1080_/ZN
 _1081_/ZN
 _1082_/ZN
 _1083_/ZN
 _1084_/Z
 _1085_/ZN
 _1086_/Z
 _1087_/ZN
 _1088_/ZN
 _1089_/Z
 _1090_/ZN
 _1091_/ZN
 _1092_/ZN
 _1093_/ZN
 _1094_/ZN
 _1095_/ZN
 _1096_/Z
 _1097_/Z
 _1098_/ZN
 _1099_/ZN
 _1100_/Z
 _1101_/Z
 _1102_/ZN
 _1103_/ZN
 _1104_/Z
 _1105_/ZN
 _1106_/Z
 _1107_/ZN
 _1108_/ZN
 _1109_/ZN
 _1110_/ZN
 _1111_/Z
 _1112_/ZN
 _1113_/Z
 _1114_/ZN
 _1115_/Z
 _1116_/ZN
 _1117_/ZN
 _1118_/ZN
 _1119_/ZN
 _1120_/Z
 _1121_/ZN
 _1122_/Z
 _1123_/ZN
 _1124_/ZN
 _1125_/ZN
 _1126_/ZN
 _1127_/ZN
 _1128_/ZN
 _1129_/ZN
 _1130_/ZN
 _1131_/ZN
 _1132_/ZN
 _1133_/Z
 _1134_/ZN
 _1135_/ZN
 _1136_/ZN
 _1137_/ZN
 _1138_/ZN
 _1139_/ZN
 _1140_/ZN
 _1141_/ZN
 _1142_/ZN
 _1143_/ZN
 _1144_/Z
 _1145_/ZN
 _1146_/ZN
 _1147_/Z
 _1148_/ZN
 _1149_/ZN
 _1150_/ZN
 _1151_/ZN
 _1152_/ZN
 _1153_/ZN
 _1154_/ZN
 _1155_/ZN
 _1156_/Z
 _1157_/ZN
 _1158_/ZN
 _1159_/Z
 _1160_/ZN
 _1161_/ZN
 _1162_/ZN
 _1163_/Z
 _1164_/ZN
 _1165_/ZN
 _1166_/Z
 _1167_/Z
 _1168_/ZN
 _1169_/ZN
 _1170_/Z
 _1171_/ZN
 _1172_/ZN
 _1173_/Z
 _1174_/ZN
 _1175_/ZN
 _1176_/Z
 _1177_/ZN
 _1178_/ZN
 _1179_/Z
 _1180_/Z
 _1181_/Z
 _1182_/ZN
 _1183_/ZN
 _1184_/Z
 _1185_/ZN
 _1186_/ZN
 _1187_/ZN
 _1188_/Z
 _1189_/ZN
 _1190_/ZN
 _1191_/Z
 _1192_/ZN
 _1193_/Z
 _1194_/ZN
 _1195_/ZN
 _1196_/ZN
 _1197_/ZN
 _1198_/ZN
 _1199_/ZN
 _1200_/ZN
 _1201_/ZN
 _1202_/ZN
 _1203_/Z
 _1204_/ZN
 _1205_/ZN
 _1206_/ZN
 _1207_/ZN
 _1208_/Z
 _1209_/ZN
 _1210_/ZN
 _1211_/ZN
 _1212_/ZN
 _1213_/Z
 _1214_/ZN
 _1215_/ZN
 _1216_/Z
 _1217_/ZN
 _1218_/ZN
 _1219_/ZN
 _1220_/Z
 _1221_/ZN
 _1222_/ZN
 _1223_/ZN
 _1224_/ZN
 _1225_/ZN
 _1226_/ZN
 _1227_/Z
 _1228_/ZN
 _1229_/ZN
 _1230_/ZN
 _1231_/ZN
 _1232_/ZN
 _1233_/ZN
 _1234_/ZN
 _1235_/ZN
 _1236_/ZN
 _1237_/ZN
 _1238_/ZN
 _1239_/ZN
 _1240_/Z
 _1241_/ZN
 _1242_/Z
 _1243_/ZN
 _1244_/ZN
 _1245_/Z
 _1246_/ZN
 _1247_/ZN
 _1248_/Z
 _1249_/ZN
 _1250_/ZN
 _1251_/ZN
 _1252_/Z
 _1253_/ZN
 _1254_/Z
 _1255_/ZN
 _1256_/Z
 _1257_/ZN
 _1258_/ZN
 _1259_/Z
 _1260_/ZN
 _1261_/Z
 _1262_/ZN
 _1263_/ZN
 _1264_/ZN
 _1265_/Z
 _1266_/ZN
 _1267_/ZN
 _1268_/Z
 _1269_/ZN
 _1270_/ZN
 _1271_/ZN
 _1272_/Z
 _1273_/ZN
 _1274_/ZN
 _1275_/ZN
 _1276_/ZN
 _1277_/ZN
 _1278_/Z
 _1279_/ZN
 _1280_/ZN
 _1281_/ZN
 _1282_/ZN
 _1283_/ZN
 _1284_/ZN
 _1285_/ZN
 _1286_/Z
 _1287_/ZN
 _1288_/ZN
 _1289_/ZN
 _1290_/ZN
 _1291_/ZN
 _1292_/Z
 _1293_/ZN
 _1294_/ZN
 _1295_/ZN
 _1296_/ZN
 _1297_/ZN
 _1298_/ZN
 _1299_/ZN
 _1300_/ZN
 _1301_/ZN
 _1302_/ZN
 _1303_/ZN
 _1304_/Z
 _1305_/ZN
 _1306_/Z
 _1307_/ZN
 _1308_/ZN
 _1309_/ZN
 _1310_/ZN
 _1311_/ZN
 _1312_/ZN
 _1313_/Z
 _1314_/ZN
 _1315_/ZN
 _1316_/ZN
 _1317_/ZN
 _1318_/ZN
 _1319_/Z
 _1320_/ZN
 _1321_/Z
 _1322_/ZN
 _1323_/ZN
 _1324_/ZN
 _1325_/ZN
 _1326_/Z
 _1327_/ZN
 _1328_/Z
 _1329_/ZN
 _1330_/ZN
 _1331_/ZN
 _1332_/ZN
 _1333_/Z
 _1334_/ZN
 _1335_/Z
 _1336_/ZN
 _1337_/ZN
 _1338_/ZN
 _1339_/ZN
 _1340_/Z
 _1341_/ZN
 _1342_/Z
 _1343_/ZN
 _1344_/ZN
 _1345_/ZN
 _1346_/ZN
 _1347_/Z
 _1348_/ZN
 _1349_/ZN
 _1350_/ZN
 _1351_/ZN
 _1352_/ZN
 _1353_/ZN
 _1354_/ZN
 _1355_/ZN
 _1356_/ZN
 _1357_/ZN
 _1358_/ZN
 _1359_/ZN
 _1360_/ZN
 _1361_/ZN
 _1362_/ZN
 _1363_/Z
 _1364_/Z
 _1365_/Z
 _1366_/Z
 _1367_/ZN
 _1368_/ZN
 _1369_/ZN
 _1370_/ZN
 _1371_/ZN
 _1372_/ZN
 _1373_/ZN
 _1374_/ZN
 _1375_/ZN
 _1376_/ZN
 _1377_/Z
 _1378_/Z
 _1379_/ZN
 _1380_/ZN
 _1381_/ZN
 _1382_/ZN
 _1383_/ZN
 _1384_/ZN
 _1385_/ZN
 _1386_/ZN
 _1387_/ZN
 _1388_/ZN
 _1389_/ZN
 _1390_/Z
 _1391_/ZN
 _1392_/ZN
 _1393_/ZN
 _1394_/ZN
 _1395_/Z
 _1396_/ZN
 _1397_/ZN
 _1398_/ZN
 _1399_/ZN
 _1400_/ZN
 _1401_/ZN
 _1402_/ZN
 _1403_/Z
 _1404_/ZN
 _1405_/ZN
 _1406_/ZN
 _1407_/ZN
 _1408_/ZN
 _1409_/Z
 _1410_/Z
 _1411_/ZN
 _1412_/ZN
 _1413_/ZN
 _1414_/ZN
 _1415_/ZN
 _1416_/ZN
 _1417_/Z
 _1418_/ZN
 _1419_/ZN
 _1420_/ZN
 _1421_/ZN
 _1422_/ZN
 _1423_/ZN
 _1424_/ZN
 _1425_/ZN
 _1426_/ZN
 _1427_/ZN
 _1428_/ZN
 _1429_/ZN
 _1430_/ZN
 _1431_/ZN
 _1432_/ZN
 _1433_/Z
 _1434_/ZN
 _1435_/ZN
 _1436_/ZN
 _1437_/ZN
 _1438_/ZN
 _1439_/ZN
 _1440_/ZN
 _1441_/ZN
 _1442_/ZN
 _1443_/Z
 _1444_/ZN
 _1445_/ZN
 _1446_/ZN
 _1447_/ZN
 _1448_/ZN
 _1449_/ZN
 _1450_/ZN
 _1451_/ZN
 _1452_/ZN
 _1453_/Z
 _1454_/ZN
 _1455_/ZN
 _1456_/ZN
 _1457_/ZN
 _1458_/ZN
 _1459_/ZN
 _1460_/ZN
 _1461_/ZN
 _1462_/ZN
 _1463_/Z
 _1464_/ZN
 _1465_/ZN
 _1466_/ZN
 _1467_/ZN
 _1468_/ZN
 _1469_/ZN
 _1470_/ZN
 _1471_/ZN
 _1472_/ZN
 _1473_/Z
 _1474_/ZN
 _1475_/ZN
 _1476_/ZN
 _1477_/ZN
 _1478_/ZN
 _1479_/ZN
 _1480_/ZN
 _1481_/ZN
 _1482_/ZN
 _1483_/Z
 _1484_/ZN
 _1485_/ZN
 _1486_/ZN
 _1487_/ZN
 _1488_/ZN
 _1489_/ZN
 _1490_/ZN
 _1491_/ZN
 _1492_/ZN
 _1493_/ZN
 _1494_/ZN
 _1495_/ZN
 _1496_/Z
 _1497_/ZN
 _1498_/ZN
 _1499_/ZN
 _1500_/ZN
 _1501_/ZN
 _1502_/ZN
 _1503_/ZN
 _1504_/ZN
 _1505_/ZN
 _1506_/ZN
 _1507_/ZN
 _1508_/ZN
 _1509_/ZN
 _1510_/ZN
 _1511_/Z
 _1512_/ZN
 _1513_/ZN
 _1514_/ZN
 _1515_/ZN
 _1516_/ZN
 _1517_/ZN
 _1518_/ZN
 _1519_/ZN
 _1520_/ZN
 _1521_/ZN
 _1522_/ZN
 _1523_/ZN
 _1524_/ZN
 _1525_/ZN
 _1526_/ZN
 _1527_/ZN
 _1528_/ZN
 _1529_/ZN
 _1530_/ZN
 _1531_/ZN
 _1532_/ZN
 _1533_/ZN
 _1534_/ZN
 _1535_/ZN
 _1536_/ZN
 _1537_/ZN
 _1538_/Q
 _1539_/Q
 _1540_/Q
 _1541_/Q
 _1542_/Q
 _1543_/Q
 _1544_/Q
 _1545_/Q
 _1546_/Q
 _1547_/Q
 _1548_/Q
 _1549_/Q
 _1550_/Q
 _1551_/Q
 _1552_/Q
 _1553_/Q
 _1554_/Q
 _1555_/Q
 _1556_/Q
 _1557_/Q
 _1558_/Q
 _1559_/Q
 _1560_/Q
 _1561_/Q
 _1562_/Q
 _1563_/Q
 _1564_/Q
 _1565_/Q
 _1566_/Q
 _1567_/Q
 _1568_/Q
 _1569_/Q
 _1570_/Q
 _1571_/Q
 _1572_/Q
 _1573_/Q
 _1574_/Q
 _1575_/Q
 _1576_/Q
 _1577_/Q
 _1578_/Q
 _1579_/Q
 _1580_/Q
 _1581_/Q
 _1582_/Q
 _1583_/Q
 _1584_/Q
 _1585_/Q
 _1586_/Q
 _1587_/Q
 _1588_/Q
 _1589_/Q
 _1590_/Q
 _1591_/Q
 _1592_/Q
 _1593_/Q
 _1594_/Q
 _1595_/Q
 _1596_/Q
 _1597_/Q
 _1598_/Q
 _1599_/Q
 _1600_/Q
 _1601_/Q
 _1602_/Q
 _1603_/Q
 _1604_/Q
 _1605_/Q
 _1606_/Q
 _1607_/Q
 _1608_/Q
 _1609_/Q
 _1610_/Q
 _1611_/Q
 _1612_/Q
 _1613_/Q
 _1614_/Q
 _1615_/Q
 _1616_/Q
 _1617_/Q
 _1618_/Q
 _1619_/Q
 _1620_/Q
 _1621_/Q
 _1622_/Q
 _1623_/Q
 _1624_/Q
 _1625_/Q
 _1626_/Q
 _1627_/Q
 _1628_/Q
 _1629_/Q
 _1630_/Q
 _1631_/Q
 _1632_/Q
 _1633_/Q
 _1634_/Q
 _1635_/Q
 _1636_/Q
 _1637_/Q
 _1638_/Q
 _1639_/Q
 _1640_/Q
 _1641_/Q
 _1642_/Q
 _1643_/Q
 _1644_/Q
 _1645_/Q
 _1646_/Q
 _1647_/Q
 _1648_/Q
 _1649_/Q
 _1650_/Q
 _1651_/Q
 _1652_/Q
 _1653_/Q
 _1654_/Q
 _1655_/Q
 _1656_/Q
 _1657_/Q
 _1658_/Q
 _1659_/Q
 _1660_/Q
 _1661_/Q
 _1662_/Q
 _1663_/Q
 _1664_/Q
 _1665_/Q
 _1666_/Q
 _1667_/Q
 _1668_/Q
 _1669_/Q
 _1670_/Q
 _1671_/Q
 _1672_/Q
 _1673_/Q
 _1674_/Q
 _1675_/Q
 _1676_/Q
 _1677_/Q
 _1678_/Q
 _1679_/Q
 _1680_/Q
 _1681_/Q
 _1682_/Q
 _1683_/Q
 _1684_/Q
 _1685_/Q
 _1686_/Q
 _1687_/Q
 _1688_/Q
 _1689_/Q
 _1690_/Q
 _1691_/Q
 _1692_/Q
 _1693_/Q
 _1694_/Q
 _1695_/Q
 _1696_/Q
 _1697_/Q
 _1698_/Q
 _1699_/Q
 _1700_/Q
 _1701_/Q
 _1702_/Q
 _1703_/Q
 _1704_/ZN
 _1705_/Z
 _1706_/Z
 _1707_/Z
 _1708_/Z
 _1709_/Z
 _1710_/Z
Found 0 partially unannotated drivers.

===========================================================================
max slew violation count 179
max fanout violation count 0
max cap violation count 3
============================================================================

===========================================================================
check_setup -verbose -unconstrained_endpoints -multiple_clock -no_clock -no_input_delay -loops -generated_clocks
===========================================================================
