
===========================================================================
 report_power
============================================================================
======================= nom_ss_125C_4v50 Corner ===================================

Group                    Internal    Switching      Leakage        Total
                            Power        Power        Power        Power (Watts)
------------------------------------------------------------------------
Sequential           6.949191e-04 6.593814e-07 1.900941e-07 6.957686e-04  94.4%
Combinational        9.899746e-06 1.207246e-05 4.141390e-07 2.238634e-05   3.0%
Clock                3.678828e-06 1.494301e-05 5.946679e-08 1.868130e-05   2.5%
Macro                0.000000e+00 0.000000e+00 0.000000e+00 0.000000e+00   0.0%
Pad                  0.000000e+00 0.000000e+00 0.000000e+00 0.000000e+00   0.0%
------------------------------------------------------------------------
Total                7.084978e-04 2.767483e-05 6.636997e-07 7.368363e-04 100.0%
                            96.2%         3.8%         0.1%

