Clock: system_clock
Sources: CLK_I 
Generated: no
Virtual: yes
Propagated: no
Period: 100.000000

===========================================================================
report_clock_properties
============================================================================
Clock                   Period          Waveform
----------------------------------------------------
system_clock        100.000000    0.000000 50.000000

===========================================================================
report_clock_latency
============================================================================
Clock system_clock
rise -> rise
    min     max
0.000000 0.000000 source latency
0.420413         network latency _1436_/CLK
        20.450735 network latency _1367_/CLK
---------------
0.420413 20.450735 latency
        20.030321 skew

rise -> fall
    min     max
0.000000 0.000000 source latency
20.437555         network latency _1375_/CLK
        20.441034 network latency _1367_/CLK
---------------
20.437555 20.441034 latency
        0.003478 skew

fall -> fall
    min     max
0.000000 0.000000 source latency
0.432170         network latency _1436_/CLK
        0.445571 network latency _1421_/CLK
---------------
0.432170 0.445571 latency
        0.013401 skew



===========================================================================
report_clock_min_period
============================================================================
system_clock period_min = 4.94 fmax = 202.27
Clock: signal_clock
Sources: signal_input 
Generated: no
Virtual: yes
Propagated: no
Period: 4000.000000

===========================================================================
report_clock_properties
============================================================================
Clock                   Period          Waveform
----------------------------------------------------
signal_clock        4000.000000    0.0000002000.000000

===========================================================================
report_clock_latency
============================================================================
Clock signal_clock
rise -> rise
    min     max
0.000000 0.000000 source latency
0.447431         network latency _1375_/CLK
        0.450733 network latency _1367_/CLK
---------------
0.447431 0.450733 latency
        0.003302 skew

fall -> fall
    min     max
0.000000 0.000000 source latency
0.437467         network latency _1375_/CLK
        0.440878 network latency _1362_/CLK
---------------
0.437467 0.440878 latency
        0.003411 skew



===========================================================================
report_clock_min_period
============================================================================
signal_clock period_min = 4.24 fmax = 235.82
