
===========================================================================
report_checks -unconstrained
===========================================================================
======================= nom_ff_n40C_5v50 Corner ===================================

Startpoint: RST_I (input port clocked by system_clock)
Endpoint: _879_ (rising edge-triggered flip-flop clocked by system_clock)
Path Group: system_clock
Path Type: max

Fanout         Cap        Slew       Delay        Time   Description
---------------------------------------------------------------------------------------------
                                  0.000000    0.000000   clock system_clock (rise edge)
                                  0.000000    0.000000   clock network delay (propagated)
                                 20.000000   20.000000 ^ input external delay
     1    0.009382    0.000000    0.000000   20.000000 ^ RST_I (in)
                                                         RST_I (net)
                      0.000336    0.000137   20.000137 ^ input10/I (gf180mcu_fd_sc_mcu7t5v0__dlyb_1)
    31    0.252981    2.725272    2.063979   22.064117 ^ input10/Z (gf180mcu_fd_sc_mcu7t5v0__dlyb_1)
                                                         net10 (net)
                      2.725561    0.015985   22.080101 ^ _430_/I (gf180mcu_fd_sc_mcu7t5v0__clkinv_1)
    16    0.124702    1.670991    1.342855   23.422956 v _430_/ZN (gf180mcu_fd_sc_mcu7t5v0__clkinv_1)
                                                         _103_ (net)
                      1.671191    0.010271   23.433228 v _491_/A1 (gf180mcu_fd_sc_mcu7t5v0__nand2_1)
     2    0.010564    0.440713    0.439748   23.872976 ^ _491_/ZN (gf180mcu_fd_sc_mcu7t5v0__nand2_1)
                                                         _155_ (net)
                      0.440713    0.000103   23.873079 ^ _502_/C (gf180mcu_fd_sc_mcu7t5v0__aoi211_1)
     5    0.036834    0.605670    0.416327   24.289406 v _502_/ZN (gf180mcu_fd_sc_mcu7t5v0__aoi211_1)
                                                         _166_ (net)
                      0.605670    0.000540   24.289946 v _505_/B (gf180mcu_fd_sc_mcu7t5v0__oai211_1)
     8    0.096734    1.860519    1.010733   25.300678 ^ _505_/ZN (gf180mcu_fd_sc_mcu7t5v0__oai211_1)
                                                         _169_ (net)
                      1.860530    0.002643   25.303322 ^ _534_/B1 (gf180mcu_fd_sc_mcu7t5v0__aoi22_1)
     1    0.004258    0.551748    0.165505   25.468826 v _534_/ZN (gf180mcu_fd_sc_mcu7t5v0__aoi22_1)
                                                         _013_ (net)
                      0.551748    0.000085   25.468912 v _879_/D (gf180mcu_fd_sc_mcu7t5v0__dffq_1)
                                             25.468912   data arrival time

                                100.000000  100.000000   clock system_clock (rise edge)
                                  0.000000  100.000000   clock source latency
     1    0.039963    0.000000    0.000000  100.000000 ^ CLK_I (in)
                                                         CLK_I (net)
                      0.004544    0.001862  100.001862 ^ clkbuf_0_CLK_I/I (gf180mcu_fd_sc_mcu7t5v0__clkbuf_16)
     8    0.201743    0.163362    0.207635  100.209496 ^ clkbuf_0_CLK_I/Z (gf180mcu_fd_sc_mcu7t5v0__clkbuf_16)
                                                         clknet_0_CLK_I (net)
                      0.163388    0.003105  100.212601 ^ clkbuf_3_6__f_CLK_I/I (gf180mcu_fd_sc_mcu7t5v0__clkbuf_16)
    13    0.085559    0.094266    0.192401  100.404999 ^ clkbuf_3_6__f_CLK_I/Z (gf180mcu_fd_sc_mcu7t5v0__clkbuf_16)
                                                         clknet_3_6__leaf_CLK_I (net)
                      0.094275    0.001492  100.406494 ^ _879_/CLK (gf180mcu_fd_sc_mcu7t5v0__dffq_1)
                                 -0.500000   99.906487   clock uncertainty
                                  0.000000   99.906487   clock reconvergence pessimism
                                 -0.293359   99.613129   library setup time
                                             99.613129   data required time
---------------------------------------------------------------------------------------------
                                             99.613129   data required time
                                            -25.468912   data arrival time
---------------------------------------------------------------------------------------------
                                             74.144211   slack (MET)




===========================================================================
report_checks --slack_max -0.01
============================================================================
======================= nom_ff_n40C_5v50 Corner ===================================

No paths found.


===========================================================================
 report_check_types -max_slew -max_cap -max_fanout -violators
============================================================================
======================= nom_ff_n40C_5v50 Corner ===================================

max slew

Pin                                        Limit        Slew       Slack
------------------------------------------------------------------------
_806_/A1                                2.600000    2.725579   -0.125579 (VIOLATED)
_812_/A1                                2.600000    2.725578   -0.125578 (VIOLATED)
_802_/A1                                2.600000    2.725577   -0.125577 (VIOLATED)
_773_/A2                                2.600000    2.725564   -0.125564 (VIOLATED)
_430_/I                                 2.600000    2.725561   -0.125561 (VIOLATED)
_641_/B                                 2.600000    2.725534   -0.125534 (VIOLATED)
_808_/A1                                2.600000    2.725527   -0.125527 (VIOLATED)
_804_/A1                                2.600000    2.725525   -0.125525 (VIOLATED)
_796_/A1                                2.600000    2.725512   -0.125512 (VIOLATED)
_800_/A1                                2.600000    2.725511   -0.125511 (VIOLATED)
_798_/A1                                2.600000    2.725501   -0.125501 (VIOLATED)
_596_/A2                                2.600000    2.725483   -0.125483 (VIOLATED)
_600_/A2                                2.600000    2.725471   -0.125471 (VIOLATED)
_601_/B2                                2.600000    2.725469   -0.125469 (VIOLATED)
_794_/A1                                2.600000    2.725466   -0.125467 (VIOLATED)
_605_/B                                 2.600000    2.725425   -0.125426 (VIOLATED)
_603_/C                                 2.600000    2.725422   -0.125423 (VIOLATED)
_787_/A1                                2.600000    2.725382   -0.125383 (VIOLATED)
_789_/A1                                2.600000    2.725380   -0.125380 (VIOLATED)
_781_/A1                                2.600000    2.725310   -0.125310 (VIOLATED)
_772_/A2                                2.600000    2.725291   -0.125291 (VIOLATED)
_679_/A1                                2.600000    2.725290   -0.125290 (VIOLATED)
_710_/A1                                2.600000    2.725289   -0.125289 (VIOLATED)
_712_/C                                 2.600000    2.725289   -0.125289 (VIOLATED)
_599_/A3                                2.600000    2.725288   -0.125288 (VIOLATED)
_779_/A1                                2.600000    2.725285   -0.125285 (VIOLATED)
_783_/A1                                2.600000    2.725285   -0.125285 (VIOLATED)
_777_/A1                                2.600000    2.725272   -0.125272 (VIOLATED)
_785_/A1                                2.600000    2.725272   -0.125272 (VIOLATED)
_791_/A1                                2.600000    2.725272   -0.125272 (VIOLATED)
_810_/B                                 2.600000    2.725272   -0.125272 (VIOLATED)
input10/Z                               2.600000    2.725272   -0.125272 (VIOLATED)

max capacitance

Pin                                        Limit         Cap       Slack
------------------------------------------------------------------------
input10/Z                               0.234200    0.252981   -0.018781 (VIOLATED)



===========================================================================
report_parasitic_annotation -report_unannotated
============================================================================
Found 9 unannotated drivers.
 ERR_I
 RTY_I
 clkload0/ZN
 clkload1/ZN
 clkload2/ZN
 clkload3/ZN
 clkload4/ZN
 clkload5/ZN
 clkload6/ZN
Found 0 partially unannotated drivers.

===========================================================================
max slew violation count 32
max fanout violation count 0
max cap violation count 1
============================================================================

===========================================================================
check_setup -verbose -unconstrained_endpoints -multiple_clock -no_clock -no_input_delay -loops -generated_clocks
===========================================================================
