
===========================================================================
 report_power
============================================================================
======================= nom_ff_n40C_5v50 Corner ===================================

Group                    Internal    Switching      Leakage        Total
                            Power        Power        Power        Power (Watts)
------------------------------------------------------------------------
Sequential           5.578519e-04 4.564301e-05 4.140170e-08 6.035363e-04  42.6%
Combinational        8.484078e-05 5.774933e-05 6.948436e-08 1.426596e-04  10.1%
Clock                4.302824e-04 2.391677e-04 4.847690e-08 6.694986e-04  47.3%
Macro                0.000000e+00 0.000000e+00 0.000000e+00 0.000000e+00   0.0%
Pad                  0.000000e+00 0.000000e+00 0.000000e+00 0.000000e+00   0.0%
------------------------------------------------------------------------
Total                1.072975e-03 3.425598e-04 1.593629e-07 1.415694e-03 100.0%
                            75.8%        24.2%         0.0%

