
===========================================================================
report_checks -unconstrained
===========================================================================
======================= max_tt_025C_5v00 Corner ===================================

Startpoint: RST_I (input port clocked by system_clock)
Endpoint: _1375_ (rising edge-triggered flip-flop clocked by signal_clock)
Path Group: signal_clock
Path Type: max

Fanout         Cap        Slew       Delay        Time   Description
---------------------------------------------------------------------------------------------
                               3899.999756 3899.999756   clock system_clock (rise edge)
                                  0.000000 3899.999756   clock network delay (propagated)
                                 20.000000 3919.999512 ^ input external delay
     1    0.013352    0.000000    0.000000 3919.999512 ^ RST_I (in)
                                                         RST_I (net)
                      0.000561    0.000455 3920.000000 ^ input18/I (gf180mcu_fd_sc_mcu7t5v0__buf_2)
    47    0.326422    2.634558    1.632088 3921.632080 ^ input18/Z (gf180mcu_fd_sc_mcu7t5v0__buf_2)
                                                         net18 (net)
                      2.635237    0.024102 3921.656250 ^ _0876_/A2 (gf180mcu_fd_sc_mcu7t5v0__nor2_1)
     8    0.091504    1.695489    1.313310 3922.969482 v _0876_/ZN (gf180mcu_fd_sc_mcu7t5v0__nor2_1)
                                                         _0328_ (net)
                      1.695526    0.004547 3922.974121 v _0987_/B (gf180mcu_fd_sc_mcu7t5v0__oai31_1)
     9    0.061493    3.326607    1.279659 3924.253662 ^ _0987_/ZN (gf180mcu_fd_sc_mcu7t5v0__oai31_1)
                                                         _0413_ (net)
                      3.326607    0.000909 3924.254639 ^ _0988_/I (gf180mcu_fd_sc_mcu7t5v0__clkinv_1)
     7    0.052486    1.438974    1.076842 3925.331543 v _0988_/ZN (gf180mcu_fd_sc_mcu7t5v0__clkinv_1)
                                                         _0414_ (net)
                      1.438974    0.000909 3925.332520 v _1019_/B (gf180mcu_fd_sc_mcu7t5v0__oai21_1)
     1    0.009022    0.605780    0.601631 3925.934082 ^ _1019_/ZN (gf180mcu_fd_sc_mcu7t5v0__oai21_1)
                                                         _0434_ (net)
                      0.605780    0.000000 3925.934082 ^ _1020_/B (gf180mcu_fd_sc_mcu7t5v0__aoi21_1)
     1    0.005700    0.348336    0.262389 3926.196533 v _1020_/ZN (gf180mcu_fd_sc_mcu7t5v0__aoi21_1)
                                                         _0106_ (net)
                      0.348336    0.000000 3926.196533 v _1375_/D (gf180mcu_fd_sc_mcu7t5v0__dffq_1)
                                           3926.196533   data arrival time

                               4000.000000 4000.000000   clock signal_clock (rise edge)
                                  0.000000 4000.000000   clock source latency
     2    0.062438    0.000000    0.000000 4000.000000 ^ signal_input (in)
                                                         signal_input (net)
                      0.006696    0.002728 4000.002930 ^ clkbuf_regs_0_signal_clock/I (gf180mcu_fd_sc_mcu7t5v0__clkbuf_16)
     1    0.023679    0.091622    0.209184 4000.211914 ^ clkbuf_regs_0_signal_clock/Z (gf180mcu_fd_sc_mcu7t5v0__clkbuf_16)
                                                         signal_input_regs (net)
                      0.091622    0.000455 4000.212402 ^ clkbuf_0_signal_input_regs/I (gf180mcu_fd_sc_mcu7t5v0__clkbuf_16)
     2    0.045964    0.111618    0.240107 4000.452637 ^ clkbuf_0_signal_input_regs/Z (gf180mcu_fd_sc_mcu7t5v0__clkbuf_16)
                                                         clknet_0_signal_input_regs (net)
                      0.111619    0.000000 4000.452637 ^ clkbuf_1_1__f_signal_input_regs/I (gf180mcu_fd_sc_mcu7t5v0__clkbuf_16)
     9    0.045621    0.111312    0.244199 4000.696777 ^ clkbuf_1_1__f_signal_input_regs/Z (gf180mcu_fd_sc_mcu7t5v0__clkbuf_16)
                                                         clknet_1_1__leaf_signal_input_regs (net)
                      0.111312    0.000000 4000.696777 ^ _1375_/CLK (gf180mcu_fd_sc_mcu7t5v0__dffq_1)
                                  0.000000 4000.696777   clock reconvergence pessimism
                                 -0.302052 4000.394287   library setup time
                                           4000.394287   data required time
---------------------------------------------------------------------------------------------
                                           4000.394287   data required time
                                           -3926.196533   data arrival time
---------------------------------------------------------------------------------------------
                                             74.197990   slack (MET)


Startpoint: ADDR_I[6] (input port clocked by system_clock)
Endpoint: _1419_ (rising edge-triggered flip-flop clocked by system_clock)
Path Group: system_clock
Path Type: max

Fanout         Cap        Slew       Delay        Time   Description
---------------------------------------------------------------------------------------------
                                  0.000000    0.000000   clock system_clock (rise edge)
                                  0.000000    0.000000   clock network delay (propagated)
                                 20.000000   20.000000 v input external delay
     1    0.003910    0.000000    0.000000   20.000000 v ADDR_I[6] (in)
                                                         ADDR_I[6] (net)
                      0.000077    0.000032   20.000032 v input7/I (gf180mcu_fd_sc_mcu7t5v0__dlyb_1)
     2    0.009894    0.258147    0.994493   20.994526 v input7/Z (gf180mcu_fd_sc_mcu7t5v0__dlyb_1)
                                                         net7 (net)
                      0.258147    0.000171   20.994696 v _0682_/A4 (gf180mcu_fd_sc_mcu7t5v0__or4_1)
     2    0.006842    0.306664    0.863560   21.858255 v _0682_/Z (gf180mcu_fd_sc_mcu7t5v0__or4_1)
                                                         _0203_ (net)
                      0.306664    0.000053   21.858309 v _1176_/A3 (gf180mcu_fd_sc_mcu7t5v0__or3_1)
     5    0.054619    0.679925    1.057016   22.915325 v _1176_/Z (gf180mcu_fd_sc_mcu7t5v0__or3_1)
                                                         _0553_ (net)
                      0.679958    0.002663   22.917988 v _1180_/A3 (gf180mcu_fd_sc_mcu7t5v0__nor3_1)
     8    0.105558    4.670174    2.786919   25.704906 ^ _1180_/ZN (gf180mcu_fd_sc_mcu7t5v0__nor3_1)
                                                         _0557_ (net)
                      4.670195    0.005546   25.710453 ^ _1232_/B1 (gf180mcu_fd_sc_mcu7t5v0__aoi222_1)
     1    0.023588    1.619921    0.527477   26.237930 v _1232_/ZN (gf180mcu_fd_sc_mcu7t5v0__aoi222_1)
                                                         _0603_ (net)
                      1.619921    0.000984   26.238914 v _1233_/A2 (gf180mcu_fd_sc_mcu7t5v0__aoi21_1)
     1    0.006887    0.581970    0.700576   26.939489 ^ _1233_/ZN (gf180mcu_fd_sc_mcu7t5v0__aoi21_1)
                                                         _0604_ (net)
                      0.581970    0.000151   26.939640 ^ _1235_/C (gf180mcu_fd_sc_mcu7t5v0__aoi221_1)
     1    0.015451    0.968045    0.406825   27.346466 v _1235_/ZN (gf180mcu_fd_sc_mcu7t5v0__aoi221_1)
                                                         _0606_ (net)
                      0.968045    0.000522   27.346987 v _1236_/A2 (gf180mcu_fd_sc_mcu7t5v0__nand2_1)
     1    0.013517    0.463417    0.474550   27.821537 ^ _1236_/ZN (gf180mcu_fd_sc_mcu7t5v0__nand2_1)
                                                         _0607_ (net)
                      0.463417    0.000497   27.822035 ^ _1237_/B2 (gf180mcu_fd_sc_mcu7t5v0__aoi22_1)
     1    0.010888    0.496895    0.260476   28.082512 v _1237_/ZN (gf180mcu_fd_sc_mcu7t5v0__aoi22_1)
                                                         _0608_ (net)
                      0.496895    0.000290   28.082802 v _1238_/A2 (gf180mcu_fd_sc_mcu7t5v0__nor2_1)
     1    0.010197    0.610781    0.354254   28.437054 ^ _1238_/ZN (gf180mcu_fd_sc_mcu7t5v0__nor2_1)
                                                         _0150_ (net)
                      0.610781    0.000284   28.437338 ^ _1419_/D (gf180mcu_fd_sc_mcu7t5v0__dffq_1)
                                             28.437338   data arrival time

                                100.000000  100.000000   clock system_clock (rise edge)
                                  0.000000  100.000000   clock source latency
     1    0.045124    0.000000    0.000000  100.000000 ^ CLK_I (in)
                                                         CLK_I (net)
                      0.006699    0.002743  100.002739 ^ clkbuf_0_CLK_I/I (gf180mcu_fd_sc_mcu7t5v0__clkbuf_16)
    16    0.232795    0.279004    0.338446  100.341187 ^ clkbuf_0_CLK_I/Z (gf180mcu_fd_sc_mcu7t5v0__clkbuf_16)
                                                         clknet_0_CLK_I (net)
                      0.279026    0.003773  100.344955 ^ clkbuf_4_14_0_CLK_I/I (gf180mcu_fd_sc_mcu7t5v0__clkbuf_8)
    10    0.065025    0.184081    0.327326  100.672287 ^ clkbuf_4_14_0_CLK_I/Z (gf180mcu_fd_sc_mcu7t5v0__clkbuf_8)
                                                         clknet_4_14_0_CLK_I (net)
                      0.184084    0.001378  100.673660 ^ _1419_/CLK (gf180mcu_fd_sc_mcu7t5v0__dffq_1)
                                 -0.500000  100.173660   clock uncertainty
                                  0.000000  100.173660   clock reconvergence pessimism
                                 -0.242797   99.930862   library setup time
                                             99.930862   data required time
---------------------------------------------------------------------------------------------
                                             99.930862   data required time
                                            -28.437338   data arrival time
---------------------------------------------------------------------------------------------
                                             71.493523   slack (MET)




===========================================================================
report_checks --slack_max -0.01
============================================================================
======================= max_tt_025C_5v00 Corner ===================================

No paths found.


===========================================================================
 report_check_types -max_slew -max_cap -max_fanout -violators
============================================================================
======================= max_tt_025C_5v00 Corner ===================================

max slew

Pin                                        Limit        Slew       Slack
------------------------------------------------------------------------
_1055_/A2                               4.000000    5.801047   -1.801047 (VIOLATED)
_1049__45/I                             4.000000    5.801044   -1.801044 (VIOLATED)
_1059_/A2                               4.000000    5.801043   -1.801043 (VIOLATED)
_1063_/A2                               4.000000    5.801044   -1.801045 (VIOLATED)
_1071_/A2                               4.000000    5.801037   -1.801037 (VIOLATED)
_1067_/A2                               4.000000    5.801032   -1.801032 (VIOLATED)
_1074_/A2                               4.000000    5.801029   -1.801029 (VIOLATED)
_1078_/A2                               4.000000    5.801022   -1.801022 (VIOLATED)
_1082_/A2                               4.000000    5.801013   -1.801013 (VIOLATED)
_1085_/A2                               4.000000    5.801006   -1.801006 (VIOLATED)
_1090_/A2                               4.000000    5.800996   -1.800996 (VIOLATED)
_1094_/A2                               4.000000    5.800975   -1.800975 (VIOLATED)
_1098_/A2                               4.000000    5.800965   -1.800965 (VIOLATED)
_1102_/A2                               4.000000    5.800954   -1.800954 (VIOLATED)
_1106_/A2                               4.000000    5.800948   -1.800947 (VIOLATED)
_1127_/A3                               4.000000    5.800948   -1.800948 (VIOLATED)
_1128_/A3                               4.000000    5.800949   -1.800949 (VIOLATED)
_1129_/A3                               4.000000    5.800945   -1.800945 (VIOLATED)
_1130_/A3                               4.000000    5.800941   -1.800941 (VIOLATED)
_1109_/A2                               4.000000    5.800937   -1.800937 (VIOLATED)
_1114_/A2                               4.000000    5.800931   -1.800931 (VIOLATED)
_1118_/A2                               4.000000    5.800921   -1.800921 (VIOLATED)
_1048_/ZN                               4.000000    5.800894   -1.800894 (VIOLATED)
_1122_/A2                               4.000000    5.800894   -1.800894 (VIOLATED)
_1125_/A2                               4.000000    5.800894   -1.800894 (VIOLATED)
_1183_/A2                               4.000000    4.670216   -0.670215 (VIOLATED)
_1192_/A2                               4.000000    4.670216   -0.670216 (VIOLATED)
_1208_/A2                               4.000000    4.670216   -0.670216 (VIOLATED)
_1244_/A2                               4.000000    4.670215   -0.670215 (VIOLATED)
_1199_/B1                               4.000000    4.670205   -0.670205 (VIOLATED)
_1223_/B1                               4.000000    4.670197   -0.670196 (VIOLATED)
_1215_/B1                               4.000000    4.670194   -0.670194 (VIOLATED)
_1232_/B1                               4.000000    4.670195   -0.670195 (VIOLATED)
_1180_/ZN                               4.000000    4.670174   -0.670174 (VIOLATED)

max capacitance

Pin                                        Limit         Cap       Slack
------------------------------------------------------------------------
_1048_/ZN                               0.124200    0.192344   -0.068144 (VIOLATED)
_1180_/ZN                               0.084260    0.105558   -0.021298 (VIOLATED)



===========================================================================
report_parasitic_annotation -report_unannotated
============================================================================
Found 16 unannotated drivers.
 ext_rst_i
 clkload0/Z
 clkload1/Z
 clkload10/ZN
 clkload11/ZN
 clkload12/Z
 clkload13/ZN
 clkload14/ZN
 clkload2/ZN
 clkload3/Z
 clkload4/ZN
 clkload5/ZN
 clkload6/ZN
 clkload7/ZN
 clkload8/ZN
 clkload9/ZN
Found 0 partially unannotated drivers.

===========================================================================
max slew violation count 34
max fanout violation count 0
max cap violation count 2
============================================================================

===========================================================================
check_setup -verbose -unconstrained_endpoints -multiple_clock -no_clock -no_input_delay -loops -generated_clocks
===========================================================================
