Clock: system_clock
Sources: CLK_I 
Generated: no
Virtual: yes
Propagated: no
Period: 100.000000

===========================================================================
report_clock_properties
============================================================================
Clock                   Period          Waveform
----------------------------------------------------
system_clock        100.000000    0.000000 50.000000

===========================================================================
report_clock_latency
============================================================================
Clock system_clock
rise -> rise
    min     max
0.000000 0.000000 source latency
0.659733         network latency _1436_/CLK
        20.702097 network latency _1367_/CLK
---------------
0.659733 20.702097 latency
        20.042362 skew

rise -> fall
    min     max
0.000000 0.000000 source latency
20.681517         network latency _1375_/CLK
        20.687399 network latency _1367_/CLK
---------------
20.681517 20.687399 latency
        0.005882 skew

fall -> fall
    min     max
0.000000 0.000000 source latency
0.683638         network latency _1436_/CLK
        0.708056 network latency _1421_/CLK
---------------
0.683638 0.708056 latency
        0.024418 skew



===========================================================================
report_clock_min_period
============================================================================
system_clock period_min = 8.08 fmax = 123.71
Clock: signal_clock
Sources: signal_input 
Generated: no
Virtual: yes
Propagated: no
Period: 4000.000000

===========================================================================
report_clock_properties
============================================================================
Clock                   Period          Waveform
----------------------------------------------------
signal_clock        4000.000000    0.0000002000.000000

===========================================================================
report_clock_latency
============================================================================
Clock signal_clock
rise -> rise
    min     max
0.000000 0.000000 source latency
0.696622         network latency _1375_/CLK
        0.702096 network latency _1367_/CLK
---------------
0.696622 0.702096 latency
        0.005473 skew

fall -> fall
    min     max
0.000000 0.000000 source latency
0.681439         network latency _1375_/CLK
        0.687351 network latency _1362_/CLK
---------------
0.681439 0.687351 latency
        0.005912 skew



===========================================================================
report_clock_min_period
============================================================================
signal_clock period_min = 7.27 fmax = 137.47
