Reading timing models for corner nom_tt_025C_5v00…
Reading timing library for the 'nom_tt_025C_5v00' corner at '/foss/pdks/gf180mcuD/libs.ref/gf180mcu_fd_sc_mcu7t5v0/lib/gf180mcu_fd_sc_mcu7t5v0__tt_025C_5v00.lib'…
Reading OpenROAD database at '/foss/designs/acoustic-ranger-dvl-processor/layout/digital/i2c_wb_master/runs/RUN_2026-08-31_15-54-07/18-openroad-cutrows/i2c_controller.odb'…
Reading design constraints file at '/foss/designs/acoustic-ranger-dvl-processor/layout/digital/i2c_wb_master/constraint.sdc'…
[INFO] No information on clock propagation in input SDC file-- propagating all clocks.
+ tapcell -halo_width_x 10 -halo_width_y 10 -distance 20 -tapcell_master gf180mcu_fd_sc_mcu7t5v0__filltie -endcap_master gf180mcu_fd_sc_mcu7t5v0__endcap
[INFO TAP-0004] Inserted 76 endcaps.
[INFO TAP-0005] Inserted 140 tapcells.
Setting global connections for newly added cells…
[INFO] Setting global connections...
[INFO ODB-0403] 432 connections made, 0 conflicts skipped.
Updating metrics…
Cell type report:                       Count       Area
  Endcap cell                              76     333.67
  Tap cell                                140     614.66
  Buffer                                    1      13.17
  Inverter                                 33     289.77
  Sequential cell                          85    5411.17
  Multi-Input combinational cell          376    6855.61
  Total                                   711   13518.04
Writing OpenROAD database to '/foss/designs/acoustic-ranger-dvl-processor/layout/digital/i2c_wb_master/runs/RUN_2026-08-31_15-54-07/19-openroad-tapendcapinsertion/i2c_controller.odb'…
Writing netlist to '/foss/designs/acoustic-ranger-dvl-processor/layout/digital/i2c_wb_master/runs/RUN_2026-08-31_15-54-07/19-openroad-tapendcapinsertion/i2c_controller.nl.v'…
Writing powered netlist to '/foss/designs/acoustic-ranger-dvl-processor/layout/digital/i2c_wb_master/runs/RUN_2026-08-31_15-54-07/19-openroad-tapendcapinsertion/i2c_controller.pnl.v'…
Writing layout to '/foss/designs/acoustic-ranger-dvl-processor/layout/digital/i2c_wb_master/runs/RUN_2026-08-31_15-54-07/19-openroad-tapendcapinsertion/i2c_controller.def'…
Writing timing constraints to '/foss/designs/acoustic-ranger-dvl-processor/layout/digital/i2c_wb_master/runs/RUN_2026-08-31_15-54-07/19-openroad-tapendcapinsertion/i2c_controller.sdc'…
