146. Printing statistics.

=== i2c_controller ===

        +----------Local Count, excluding submodules.
        |        +-Local Area, excluding submodules.
        |        | 
      489        - wires
      510        - wire bits
       81        - public wires
      102        - public wire bits
       15        - ports
       36        - port bits
      495 1.26E+04 cells
        7  122.931   gf180mcu_fd_sc_mcu7t5v0__and2_1
        2   43.904   gf180mcu_fd_sc_mcu7t5v0__and3_1
       12  289.766   gf180mcu_fd_sc_mcu7t5v0__and4_1
       13  285.376   gf180mcu_fd_sc_mcu7t5v0__aoi211_1
       32  561.971   gf180mcu_fd_sc_mcu7t5v0__aoi21_1
        1   24.147   gf180mcu_fd_sc_mcu7t5v0__aoi221_1
        1   30.733   gf180mcu_fd_sc_mcu7t5v0__aoi222_1
       26  513.677   gf180mcu_fd_sc_mcu7t5v0__aoi22_1
        1   13.171   gf180mcu_fd_sc_mcu7t5v0__buf_1
       33  289.766   gf180mcu_fd_sc_mcu7t5v0__clkinv_1
       85 5.41E+03   gf180mcu_fd_sc_mcu7t5v0__dffq_1
       19  625.632   gf180mcu_fd_sc_mcu7t5v0__mux2_2
        2  140.493   gf180mcu_fd_sc_mcu7t5v0__mux4_1
       62  680.512   gf180mcu_fd_sc_mcu7t5v0__nand2_1
       24  368.794   gf180mcu_fd_sc_mcu7t5v0__nand3_1
       39  770.515   gf180mcu_fd_sc_mcu7t5v0__nand4_1
       55  724.416   gf180mcu_fd_sc_mcu7t5v0__nor2_1
        8  140.493   gf180mcu_fd_sc_mcu7t5v0__nor3_1
       10   219.52   gf180mcu_fd_sc_mcu7t5v0__nor4_1
        5   109.76   gf180mcu_fd_sc_mcu7t5v0__oai211_1
       26  456.602   gf180mcu_fd_sc_mcu7t5v0__oai21_1
        6  158.054   gf180mcu_fd_sc_mcu7t5v0__oai221_1
        8  175.616   gf180mcu_fd_sc_mcu7t5v0__oai22_1
        3   72.442   gf180mcu_fd_sc_mcu7t5v0__oai31_1
        4   105.37   gf180mcu_fd_sc_mcu7t5v0__oai32_1
        1   32.928   gf180mcu_fd_sc_mcu7t5v0__oai33_1
        7  122.931   gf180mcu_fd_sc_mcu7t5v0__or2_1
        2   52.685   gf180mcu_fd_sc_mcu7t5v0__or4_1
        1   26.342   gf180mcu_fd_sc_mcu7t5v0__xor2_1

   Chip area for module '\i2c_controller': 12569.715200
     of which used for sequential elements: 5411.168000 (43.05%)

