Clock: system_clock
Sources: CLK_I 
Generated: no
Virtual: yes
Propagated: no
Period: 100.000000

===========================================================================
report_clock_properties
============================================================================
Clock                   Period          Waveform
----------------------------------------------------
system_clock        100.000000    0.000000 50.000000

===========================================================================
report_clock_latency
============================================================================
Clock system_clock
rise -> rise
    min     max
0.000000 0.000000 source latency
0.001592         network latency _850_/CLK
        0.006838 network latency _898_/CLK
---------------
0.001592 0.006838 latency
        0.005246 skew

fall -> fall
    min     max
0.000000 0.000000 source latency
0.001592         network latency _850_/CLK
        0.006839 network latency _898_/CLK
---------------
0.001592 0.006839 latency
        0.005247 skew



===========================================================================
report_clock_min_period
============================================================================
system_clock period_min = 7.54 fmax = 132.58
