Clock: system_clock
Sources: 
Generated: no
Virtual: yes
Propagated: no
Period: 100.000000

===========================================================================
report_clock_properties
============================================================================
Clock                   Period          Waveform
----------------------------------------------------
system_clock        100.000000    0.000000 50.000000

===========================================================================
report_clock_latency
============================================================================
Clock system_clock
rise -> rise
    min     max
0.000000 0.000000 source latency
20.621693         network latency _4016_/CLK
        20.652815 network latency _3841_/CLK
---------------
20.621693 20.652815 latency
        0.031122 skew

rise -> fall
    min     max
0.000000 0.000000 source latency
20.636877         network latency _4016_/CLK
        20.671175 network latency _3841_/CLK
---------------
20.636877 20.671175 latency
        0.034298 skew



===========================================================================
report_clock_min_period
============================================================================
system_clock period_min = 0.00 fmax = inf
Clock: signal_clock
Sources: signal_input 
Generated: no
Virtual: yes
Propagated: no
Period: 4000.000000

===========================================================================
report_clock_properties
============================================================================
Clock                   Period          Waveform
----------------------------------------------------
signal_clock        4000.000000    0.0000002000.000000

===========================================================================
report_clock_latency
============================================================================
Clock signal_clock
rise -> rise
    min     max
0.000000 0.000000 source latency
0.449413         network latency _4066_/CLK
        0.451443 network latency _4079_/CLK
---------------
0.449413 0.451443 latency
        0.002029 skew

fall -> fall
    min     max
0.000000 0.000000 source latency
0.439741         network latency _4066_/CLK
        0.441787 network latency _4077_/CLK
---------------
0.439741 0.441787 latency
        0.002046 skew



===========================================================================
report_clock_min_period
============================================================================
signal_clock period_min = 4.23 fmax = 236.23
