2026-10-09 11:32:02 +0200: Memory Usage (448684K) : Starting running GF180MCU Klayout DRC runset on /foss/designs/acoustic-ranger-dvl-processor/layout/digital/top_level_single_verilog/runs/RUN_2026-10-09_11-29-12/57-magic-streamout/top_level.gds
2026-10-09 11:32:02 +0200: Memory Usage (448684K) : Ruby Version for klayout: 3.2.3
2026-10-09 11:32:02 +0200: Memory Usage (451688K) : Loading database to memory is complete.
2026-10-09 11:32:02 +0200: Memory Usage (451688K) : GF180MCU Klayout DRC runset output at: /foss/designs/acoustic-ranger-dvl-processor/layout/digital/top_level_single_verilog/runs/RUN_2026-10-09_11-29-12/65-klayout-drc/reports/drc.klayout.lyrdb
2026-10-09 11:32:02 +0200: Memory Usage (451688K) : Evaluate switches.
2026-10-09 11:32:02 +0200: Memory Usage (451688K) : table_name selected  main
2026-10-09 11:32:02 +0200: Memory Usage (451688K) : CONNECTIVITY_RULES enabled: false
2026-10-09 11:32:02 +0200: Memory Usage (451688K) : Wedge enabled: false
2026-10-09 11:32:02 +0200: Memory Usage (451688K) : Ball enabled: false
2026-10-09 11:32:02 +0200: Memory Usage (451688K) : Gold enabled: false
2026-10-09 11:32:02 +0200: Memory Usage (451688K) : MIM Option selected: B
2026-10-09 11:32:02 +0200: Memory Usage (451688K) : Offgrid enabled:  false
2026-10-09 11:32:02 +0200: Memory Usage (451688K) : Number of threads to use 16
2026-10-09 11:32:02 +0200: Memory Usage (451688K) : Verbose mode: 
2026-10-09 11:32:02 +0200: Memory Usage (451688K) : flat  mode is enabled for main table
2026-10-09 11:32:02 +0200: Memory Usage (451688K) : METAL_TOP Selected is 11K
2026-10-09 11:32:02 +0200: Memory Usage (451688K) : METAL_STACK Selected is 5LM
2026-10-09 11:32:02 +0200: Memory Usage (451688K) : FEOL enabled: false
2026-10-09 11:32:02 +0200: Memory Usage (451688K) : BEOL enabled: false
2026-10-09 11:32:02 +0200: Memory Usage (451688K) : DUMMY enabled: false
2026-10-09 11:32:02 +0200: Memory Usage (451688K) : DUMMY_SUB_PREV enabled: true
2026-10-09 11:32:02 +0200: Memory Usage (451688K) : SLOW_VIA enabled: false
2026-10-09 11:32:02 +0200: Memory Usage (451688K) : Read in polygons from layers.
2026-10-09 11:32:02 +0200: Memory Usage (458640K) : comp has 16482 polygons
2026-10-09 11:32:02 +0200: Memory Usage (458640K) : dnwell has 0 polygons
2026-10-09 11:32:02 +0200: Memory Usage (459664K) : nwell has 61 polygons
2026-10-09 11:32:02 +0200: Memory Usage (459664K) : lvpwell has 62 polygons
2026-10-09 11:32:02 +0200: Memory Usage (459920K) : dualgate has 1 polygons
2026-10-09 11:32:03 +0200: Memory Usage (463376K) : poly2 has 18847 polygons
2026-10-09 11:32:03 +0200: Memory Usage (463376K) : nplus has 62 polygons
2026-10-09 11:32:03 +0200: Memory Usage (463376K) : pplus has 1049 polygons
2026-10-09 11:32:03 +0200: Memory Usage (463376K) : sab has 0 polygons
2026-10-09 11:32:03 +0200: Memory Usage (463376K) : esd has 0 polygons
2026-10-09 11:32:03 +0200: Memory Usage (463376K) : resistor has 0 polygons
2026-10-09 11:32:03 +0200: Memory Usage (463376K) : fhres has 0 polygons
2026-10-09 11:32:03 +0200: Memory Usage (463376K) : fusetop has 0 polygons
2026-10-09 11:32:03 +0200: Memory Usage (463376K) : fusewindow_d has 0 polygons
2026-10-09 11:32:03 +0200: Memory Usage (463376K) : polyfuse has 0 polygons
2026-10-09 11:32:03 +0200: Memory Usage (463376K) : mvsd has 0 polygons
2026-10-09 11:32:03 +0200: Memory Usage (463376K) : mvpsd has 0 polygons
2026-10-09 11:32:03 +0200: Memory Usage (463376K) : nat has 0 polygons
2026-10-09 11:32:03 +0200: Memory Usage (463376K) : comp_dummy has 0 polygons
2026-10-09 11:32:03 +0200: Memory Usage (463376K) : poly2_dummy has 0 polygons
2026-10-09 11:32:03 +0200: Memory Usage (463376K) : schottky_diode has 0 polygons
2026-10-09 11:32:03 +0200: Memory Usage (463376K) : zener has 0 polygons
2026-10-09 11:32:03 +0200: Memory Usage (463376K) : res_mk has 0 polygons
2026-10-09 11:32:03 +0200: Memory Usage (463376K) : opc_drc has 0 polygons
2026-10-09 11:32:03 +0200: Memory Usage (463376K) : v5_xtor has 1 polygons
2026-10-09 11:32:03 +0200: Memory Usage (463376K) : cap_mk has 0 polygons
2026-10-09 11:32:03 +0200: Memory Usage (463376K) : mos_cap_mk has 0 polygons
2026-10-09 11:32:03 +0200: Memory Usage (463376K) : ind_mk has 0 polygons
2026-10-09 11:32:03 +0200: Memory Usage (463376K) : diode_mk has 0 polygons
2026-10-09 11:32:03 +0200: Memory Usage (463376K) : drc_bjt has 0 polygons
2026-10-09 11:32:03 +0200: Memory Usage (463376K) : lvs_bjt has 0 polygons
2026-10-09 11:32:03 +0200: Memory Usage (463376K) : mim_l_mk has 0 polygons
2026-10-09 11:32:03 +0200: Memory Usage (463376K) : latchup_mk has 0 polygons
2026-10-09 11:32:03 +0200: Memory Usage (463376K) : guard_ring_mk has 0 polygons
2026-10-09 11:32:03 +0200: Memory Usage (463376K) : otp_mk has 0 polygons
2026-10-09 11:32:03 +0200: Memory Usage (463376K) : mtpmark has 0 polygons
2026-10-09 11:32:03 +0200: Memory Usage (463376K) : neo_ee_mk has 0 polygons
2026-10-09 11:32:03 +0200: Memory Usage (463376K) : sramcore has 0 polygons
2026-10-09 11:32:03 +0200: Memory Usage (463376K) : lvs_rf has 0 polygons
2026-10-09 11:32:03 +0200: Memory Usage (463376K) : lvs_drain has 0 polygons
2026-10-09 11:32:03 +0200: Memory Usage (463376K) : ind_mk has 0 polygons
2026-10-09 11:32:03 +0200: Memory Usage (463376K) : hvpolyrs has 0 polygons
2026-10-09 11:32:03 +0200: Memory Usage (463376K) : lvs_io has 0 polygons
2026-10-09 11:32:03 +0200: Memory Usage (463376K) : probe_mk has 0 polygons
2026-10-09 11:32:03 +0200: Memory Usage (463376K) : esd_mk has 0 polygons
2026-10-09 11:32:03 +0200: Memory Usage (463376K) : lvs_source has 0 polygons
2026-10-09 11:32:03 +0200: Memory Usage (463376K) : well_diode_mk has 0 polygons
2026-10-09 11:32:03 +0200: Memory Usage (463376K) : ldmos_xtor has 0 polygons
2026-10-09 11:32:03 +0200: Memory Usage (463376K) : plfuse has 0 polygons
2026-10-09 11:32:03 +0200: Memory Usage (463376K) : efuse_mk has 0 polygons
2026-10-09 11:32:03 +0200: Memory Usage (463376K) : mcell_feol_mk has 0 polygons
2026-10-09 11:32:03 +0200: Memory Usage (463376K) : ymtp_mk has 0 polygons
2026-10-09 11:32:03 +0200: Memory Usage (463376K) : dev_wf_mk has 0 polygons
2026-10-09 11:32:03 +0200: Memory Usage (463376K) : comp_label has 0 polygons
2026-10-09 11:32:03 +0200: Memory Usage (463376K) : poly2_label has 0 polygons
2026-10-09 11:32:03 +0200: Memory Usage (463376K) : mdiode has 0 polygons
2026-10-09 11:32:03 +0200: Memory Usage (463376K) : ndmy has 0 polygons
2026-10-09 11:32:03 +0200: Memory Usage (463376K) : pmndmy has 0 polygons
2026-10-09 11:32:03 +0200: Memory Usage (475524K) : contact has 89995 polygons
2026-10-09 11:32:03 +0200: Memory Usage (493316K) : metal1_drawn has 20371 polygons
2026-10-09 11:32:04 +0200: Memory Usage (493316K) : metal1_dummy has 0 polygons
2026-10-09 11:32:04 +0200: Memory Usage (493316K) : metal1_label has 0 polygons
2026-10-09 11:32:04 +0200: Memory Usage (493316K) : metal1_slot has 0 polygons
2026-10-09 11:32:04 +0200: Memory Usage (493316K) : metal1_blk has 0 polygons
2026-10-09 11:32:04 +0200: Memory Usage (493316K) : via1 has 9554 polygons
2026-10-09 11:32:04 +0200: Memory Usage (493316K) : metal2_drawn has 7505 polygons
2026-10-09 11:32:04 +0200: Memory Usage (493316K) : metal2_dummy has 0 polygons
2026-10-09 11:32:04 +0200: Memory Usage (493316K) : metal2_label has 7 polygons
2026-10-09 11:32:04 +0200: Memory Usage (493316K) : metal2_slot has 0 polygons
2026-10-09 11:32:04 +0200: Memory Usage (493316K) : metal2_blk has 0 polygons
2026-10-09 11:32:04 +0200: Memory Usage (493316K) : via2 has 8527 polygons
2026-10-09 11:32:04 +0200: Memory Usage (493316K) : metal3_drawn has 3932 polygons
2026-10-09 11:32:04 +0200: Memory Usage (493316K) : metal3_dummy has 0 polygons
2026-10-09 11:32:04 +0200: Memory Usage (493316K) : metal3_label has 54 polygons
2026-10-09 11:32:04 +0200: Memory Usage (493316K) : metal3_slot has 0 polygons
2026-10-09 11:32:04 +0200: Memory Usage (493316K) : metal3_blk has 0 polygons
2026-10-09 11:32:04 +0200: Memory Usage (493316K) : via3 has 1518 polygons
2026-10-09 11:32:04 +0200: Memory Usage (493316K) : metal4_drawn has 374 polygons
2026-10-09 11:32:04 +0200: Memory Usage (493316K) : metal4_dummy has 0 polygons
2026-10-09 11:32:04 +0200: Memory Usage (493316K) : metal4_label has 4 polygons
2026-10-09 11:32:04 +0200: Memory Usage (493316K) : metal4_slot has 0 polygons
2026-10-09 11:32:04 +0200: Memory Usage (493316K) : metal4_blk has 0 polygons
2026-10-09 11:32:04 +0200: Memory Usage (493316K) : via4 has 146 polygons
2026-10-09 11:32:04 +0200: Memory Usage (493316K) : metal5_drawn has 17 polygons
2026-10-09 11:32:04 +0200: Memory Usage (493316K) : metal5_dummy has 0 polygons
2026-10-09 11:32:04 +0200: Memory Usage (493316K) : metal5_label has 7 polygons
2026-10-09 11:32:04 +0200: Memory Usage (493316K) : metal5_slot has 0 polygons
2026-10-09 11:32:04 +0200: Memory Usage (493316K) : metal5_blk has 0 polygons
2026-10-09 11:32:04 +0200: Memory Usage (493316K) : pad has 0 polygons
2026-10-09 11:32:04 +0200: Memory Usage (493316K) : ubmpperi has 0 polygons
2026-10-09 11:32:04 +0200: Memory Usage (493316K) : ubmparray has 0 polygons
2026-10-09 11:32:04 +0200: Memory Usage (493316K) : ubmeplate has 0 polygons
2026-10-09 11:32:04 +0200: Memory Usage (493316K) : metal1_res has 0 polygons
2026-10-09 11:32:04 +0200: Memory Usage (493316K) : metal2_res has 0 polygons
2026-10-09 11:32:04 +0200: Memory Usage (493316K) : metal3_res has 0 polygons
2026-10-09 11:32:04 +0200: Memory Usage (493316K) : metal4_res has 0 polygons
2026-10-09 11:32:04 +0200: Memory Usage (493316K) : metal5_res has 0 polygons
2026-10-09 11:32:04 +0200: Memory Usage (493316K) : metal6_res has 0 polygons
2026-10-09 11:32:04 +0200: Memory Usage (493316K) : pr_bndry has 1 polygons
2026-10-09 11:32:04 +0200: Memory Usage (493316K) : border has 0 polygons
2026-10-09 11:32:04 +0200: Memory Usage (493316K) : Total no. of polygons in the design is 178577
2026-10-09 11:32:04 +0200: Memory Usage (493316K) : Starting deriving base layers.
2026-10-09 11:32:05 +0200: Memory Usage (519560K) : Total area of the design is 129273.4464 um^2.
2026-10-09 11:32:05 +0200: Memory Usage (519560K) : Starting GF180MCU DRC rules.
2026-10-09 11:32:05 +0200: Memory Usage (519560K) : MIM Capacitor Option B section
2026-10-09 11:32:05 +0200: Memory Usage (519560K) : Executing rule MIMTM.1
2026-10-09 11:32:05 +0200: Memory Usage (519816K) : Executing rule MIMTM.2
2026-10-09 11:32:05 +0200: Memory Usage (519816K) : Executing rule MIMTM.3
2026-10-09 11:32:05 +0200: Memory Usage (519816K) : Executing rule MIMTM.4
2026-10-09 11:32:05 +0200: Memory Usage (519816K) : Executing rule MIMTM.5
2026-10-09 11:32:05 +0200: Memory Usage (519816K) : Executing rule MIMTM.6
2026-10-09 11:32:05 +0200: Memory Usage (519816K) : Executing rule MIMTM.7
2026-10-09 11:32:05 +0200: Memory Usage (519816K) : Executing rule MIMTM.8a
2026-10-09 11:32:05 +0200: Memory Usage (519816K) : Executing rule MIMTM.8b
2026-10-09 11:32:05 +0200: Memory Usage (519816K) : Executing rule MIMTM.9
2026-10-09 11:32:05 +0200: Memory Usage (519816K) : Executing rule MIMTM.10
2026-10-09 11:32:05 +0200: Memory Usage (519816K) : Executing rule MIMTM.11
2026-10-09 11:32:05 +0200: Memory Usage (519816K) :  DRC Total Run time 3.071543438 seconds
2026-10-09 11:32:05 +0200: Memory Usage (519816K) : Executing rule DE.2
2026-10-09 11:32:05 +0200: Memory Usage (519816K) : Executing rule DE.3
2026-10-09 11:32:05 +0200: Memory Usage (519816K) : Executing rule DE.4
2026-10-09 11:32:05 +0200: Memory Usage (519816K) :  DRC Total Run time 3.079850511 seconds
