Reading timing models for corner max_ff_n40C_5v50…
Reading timing library for the 'max_ff_n40C_5v50' corner at '/foss/pdks/gf180mcuD/libs.ref/gf180mcu_fd_sc_mcu7t5v0/lib/gf180mcu_fd_sc_mcu7t5v0__ff_n40C_5v50.lib'…
Reading timing models for corner max_tt_025C_5v00…
Reading timing library for the 'max_tt_025C_5v00' corner at '/foss/pdks/gf180mcuD/libs.ref/gf180mcu_fd_sc_mcu7t5v0/lib/gf180mcu_fd_sc_mcu7t5v0__tt_025C_5v00.lib'…
Reading timing models for corner nom_ff_n40C_5v50…
Reading timing library for the 'nom_ff_n40C_5v50' corner at '/foss/pdks/gf180mcuD/libs.ref/gf180mcu_fd_sc_mcu7t5v0/lib/gf180mcu_fd_sc_mcu7t5v0__ff_n40C_5v50.lib'…
[WARNING STA-1140] /foss/pdks/gf180mcuD/libs.ref/gf180mcu_fd_sc_mcu7t5v0/lib/gf180mcu_fd_sc_mcu7t5v0__ff_n40C_5v50.lib line 17, library gf180mcu_fd_sc_mcu7t5v0__ff_n40C_5v50 already exists.
Reading timing models for corner nom_tt_025C_5v00…
Reading timing library for the 'nom_tt_025C_5v00' corner at '/foss/pdks/gf180mcuD/libs.ref/gf180mcu_fd_sc_mcu7t5v0/lib/gf180mcu_fd_sc_mcu7t5v0__tt_025C_5v00.lib'…
[WARNING STA-1140] /foss/pdks/gf180mcuD/libs.ref/gf180mcu_fd_sc_mcu7t5v0/lib/gf180mcu_fd_sc_mcu7t5v0__tt_025C_5v00.lib line 17, library gf180mcu_fd_sc_mcu7t5v0__tt_025C_5v00 already exists.
Reading timing models for corner min_ss_125C_4v50…
Reading timing library for the 'min_ss_125C_4v50' corner at '/foss/pdks/gf180mcuD/libs.ref/gf180mcu_fd_sc_mcu7t5v0/lib/gf180mcu_fd_sc_mcu7t5v0__ss_125C_4v50.lib'…
Reading timing models for corner min_ff_n40C_5v50…
Reading timing library for the 'min_ff_n40C_5v50' corner at '/foss/pdks/gf180mcuD/libs.ref/gf180mcu_fd_sc_mcu7t5v0/lib/gf180mcu_fd_sc_mcu7t5v0__ff_n40C_5v50.lib'…
[WARNING STA-1140] /foss/pdks/gf180mcuD/libs.ref/gf180mcu_fd_sc_mcu7t5v0/lib/gf180mcu_fd_sc_mcu7t5v0__ff_n40C_5v50.lib line 17, library gf180mcu_fd_sc_mcu7t5v0__ff_n40C_5v50 already exists.
Reading timing models for corner min_tt_025C_5v00…
Reading timing library for the 'min_tt_025C_5v00' corner at '/foss/pdks/gf180mcuD/libs.ref/gf180mcu_fd_sc_mcu7t5v0/lib/gf180mcu_fd_sc_mcu7t5v0__tt_025C_5v00.lib'…
[WARNING STA-1140] /foss/pdks/gf180mcuD/libs.ref/gf180mcu_fd_sc_mcu7t5v0/lib/gf180mcu_fd_sc_mcu7t5v0__tt_025C_5v00.lib line 17, library gf180mcu_fd_sc_mcu7t5v0__tt_025C_5v00 already exists.
Reading timing models for corner max_ss_125C_4v50…
Reading timing library for the 'max_ss_125C_4v50' corner at '/foss/pdks/gf180mcuD/libs.ref/gf180mcu_fd_sc_mcu7t5v0/lib/gf180mcu_fd_sc_mcu7t5v0__ss_125C_4v50.lib'…
[WARNING STA-1140] /foss/pdks/gf180mcuD/libs.ref/gf180mcu_fd_sc_mcu7t5v0/lib/gf180mcu_fd_sc_mcu7t5v0__ss_125C_4v50.lib line 17, library gf180mcu_fd_sc_mcu7t5v0__ss_125C_4v50 already exists.
Reading timing models for corner nom_ss_125C_4v50…
Reading timing library for the 'nom_ss_125C_4v50' corner at '/foss/pdks/gf180mcuD/libs.ref/gf180mcu_fd_sc_mcu7t5v0/lib/gf180mcu_fd_sc_mcu7t5v0__ss_125C_4v50.lib'…
[WARNING STA-1140] /foss/pdks/gf180mcuD/libs.ref/gf180mcu_fd_sc_mcu7t5v0/lib/gf180mcu_fd_sc_mcu7t5v0__ss_125C_4v50.lib line 17, library gf180mcu_fd_sc_mcu7t5v0__ss_125C_4v50 already exists.
Reading OpenROAD database at '/foss/designs/acoustic-ranger-dvl-processor/layout/digital/top_level_single_verilog/runs/RUN_2026-10-09_11-29-12/35-openroad-cts/top_level.odb'…
Reading design constraints file at '/foss/designs/acoustic-ranger-dvl-processor/layout/digital/top_level_single_verilog/constraint.sdc'…
[WARNING STA-0366] port 'CLK_I' not found.
[WARNING STA-0441] set_input_delay relative to a clock defined on the same port/pin not allowed.
[INFO] No information on clock propagation in input SDC file-- propagating all clocks.
+ repair_timing -verbose -setup -setup_margin 0.05000000000000000277555756156289135105907917022705078125 -max_buffer_percent 50
[INFO RSZ-0100] Repair move sequence: UnbufferMove SizeUpMove SwapPinsMove BufferMove CloneMove SplitLoadMove 
[INFO RSZ-0098] No setup violations found
+ repair_timing -verbose -hold -setup_margin 0.05000000000000000277555756156289135105907917022705078125 -hold_margin 0.1000000000000000055511151231257827021181583404541015625 -max_buffer_percent 50
[INFO RSZ-0046] Found 106 endpoints with hold violations.
Iteration | Resized | Buffers | Cloned Gates |   Area   |   WNS   |   TNS   | Endpoint
--------------------------------------------------------------------------------------
        0 |       0 |       0 |            0 |    +0.0% |  -0.171 |  -0.845 | _4163_/D
       10 |       0 |      10 |            0 |    +0.8% |   0.015 |   0.000 | _3883_/D
       20 |       0 |      17 |            0 |    +1.4% |   0.051 |   0.000 | _3937_/D
       30 |       0 |      27 |            0 |    +2.2% |   0.060 |   0.000 | _4111_/D
       40 |       0 |      38 |            0 |    +3.1% |   0.060 |   0.000 | _4099_/D
       50 |       0 |      51 |            0 |    +4.1% |   0.060 |   0.000 | _4099_/D
       60 |       0 |      62 |            0 |    +5.0% |   0.060 |   0.000 | _4099_/D
       70 |       0 |      72 |            0 |    +5.8% |   0.060 |   0.000 | _4099_/D
       80 |       0 |      86 |            0 |    +7.0% |   0.060 |   0.000 | _4099_/D
       90 |       0 |      95 |            0 |    +7.7% |   0.067 |   0.000 | _4100_/D
      100 |       0 |     105 |            0 |    +8.5% |   0.067 |   0.000 | _4100_/D
      110 |       0 |     115 |            0 |    +9.3% |   0.067 |   0.000 | _4100_/D
    final |       0 |     117 |            0 |    +9.5% |   0.067 |   0.000 | _4100_/D
--------------------------------------------------------------------------------------
[INFO RSZ-0032] Inserted 117 hold buffers.
+ detailed_placement -max_displacement  500 100 
Placement Analysis
---------------------------------
total displacement       3720.3 u
average displacement        1.0 u
max displacement           34.5 u
original HPWL           96181.6 u
legalized HPWL         102458.4 u
delta HPWL                    7 %

[INFO DPL-0020] Mirrored 1177 instances
[INFO DPL-0021] HPWL before          102458.4 u
[INFO DPL-0022] HPWL after            99136.1 u
[INFO DPL-0023] HPWL delta               -3.2 %
Setting global connections for newly added cells…
[INFO] Setting global connections...
[INFO ODB-0403] 468 connections made, 0 conflicts skipped.
Updating metrics…
Cell type report:                       Count       Area
  Endcap cell                             244    1071.26
  Tap cell                                744    3266.46
  Tie cell                                 24     210.74
  Buffer                                    6      79.03
  Clock buffer                             92    7108.06
  Timing Repair Buffer                    211    9213.25
  Inverter                                253    2234.71
  Clock inverter                           20     399.53
  Sequential cell                         413   26291.91
  Multi-Input combinational cell         1628   28667.12
  Total                                  3635   78542.06
Writing OpenROAD database to '/foss/designs/acoustic-ranger-dvl-processor/layout/digital/top_level_single_verilog/runs/RUN_2026-10-09_11-29-12/37-openroad-resizertimingpostcts/top_level.odb'…
Writing netlist to '/foss/designs/acoustic-ranger-dvl-processor/layout/digital/top_level_single_verilog/runs/RUN_2026-10-09_11-29-12/37-openroad-resizertimingpostcts/top_level.nl.v'…
Writing powered netlist to '/foss/designs/acoustic-ranger-dvl-processor/layout/digital/top_level_single_verilog/runs/RUN_2026-10-09_11-29-12/37-openroad-resizertimingpostcts/top_level.pnl.v'…
Writing layout to '/foss/designs/acoustic-ranger-dvl-processor/layout/digital/top_level_single_verilog/runs/RUN_2026-10-09_11-29-12/37-openroad-resizertimingpostcts/top_level.def'…
Writing timing constraints to '/foss/designs/acoustic-ranger-dvl-processor/layout/digital/top_level_single_verilog/runs/RUN_2026-10-09_11-29-12/37-openroad-resizertimingpostcts/top_level.sdc'…
