138. Printing statistics.

=== i2c_controller ===

        +----------Local Count, excluding submodules.
        |        +-Local Area, excluding submodules.
        |        | 
      580        - wires
      650        - wire bits
       38        - public wires
      104        - public wire bits
       15        - ports
       36        - port bits
      631 5.41E+03 cells
      128        -   $_ANDNOT_
       16        -   $_AND_
      201        -   $_MUX_
       16        -   $_NAND_
       14        -   $_NOR_
       15        -   $_NOT_
       42        -   $_ORNOT_
       96        -   $_OR_
        6        -   $_XNOR_
       12        -   $_XOR_
       85 5.41E+03   gf180mcu_fd_sc_mcu7t5v0__dffq_1

   Area for cell type $_ANDNOT_ is unknown!
   Area for cell type $_AND_ is unknown!
   Area for cell type $_MUX_ is unknown!
   Area for cell type $_NAND_ is unknown!
   Area for cell type $_NOR_ is unknown!
   Area for cell type $_NOT_ is unknown!
   Area for cell type $_ORNOT_ is unknown!
   Area for cell type $_OR_ is unknown!
   Area for cell type $_XNOR_ is unknown!
   Area for cell type $_XOR_ is unknown!

   Chip area for module '\i2c_controller': 5411.168000
     of which used for sequential elements: 5411.168000 (100.00%)

