136. Printing statistics.

=== i2c_controller ===

        +----------Local Count, excluding submodules.
        | 
      461 wires
      531 wire bits
       38 public wires
      104 public wire bits
       15 ports
       36 port bits
      512 cells
      128   $_ANDNOT_
       16   $_AND_
       33   $_DFFE_PP_
        6   $_DFF_P_
       82   $_MUX_
       16   $_NAND_
       14   $_NOR_
       15   $_NOT_
       42   $_ORNOT_
       96   $_OR_
        2   $_SDFFCE_PP1P_
       34   $_SDFFE_PP0P_
        4   $_SDFFE_PP1P_
        6   $_SDFF_PP0_
        6   $_XNOR_
       12   $_XOR_

   Area for cell type $_ANDNOT_ is unknown!
   Area for cell type $_AND_ is unknown!
   Area for cell type $_DFFE_PP_ is unknown!
   Area for cell type $_DFF_P_ is unknown!
   Area for cell type $_MUX_ is unknown!
   Area for cell type $_NAND_ is unknown!
   Area for cell type $_NOR_ is unknown!
   Area for cell type $_NOT_ is unknown!
   Area for cell type $_ORNOT_ is unknown!
   Area for cell type $_OR_ is unknown!
   Area for cell type $_SDFFCE_PP1P_ is unknown!
   Area for cell type $_SDFFE_PP0P_ is unknown!
   Area for cell type $_SDFFE_PP1P_ is unknown!
   Area for cell type $_SDFF_PP0_ is unknown!
   Area for cell type $_XNOR_ is unknown!
   Area for cell type $_XOR_ is unknown!

