Clock: system_clock
Sources: 
Generated: no
Virtual: yes
Propagated: no
Period: 100.000000

===========================================================================
report_clock_properties
============================================================================
Clock                   Period          Waveform
----------------------------------------------------
system_clock        100.000000    0.000000 50.000000

===========================================================================
report_clock_latency
============================================================================
Clock system_clock
rise -> rise
    min     max
0.000000 0.000000 source latency
20.991261         network latency _4016_/CLK
        21.045036 network latency _3841_/CLK
---------------
20.991261 21.045036 latency
        0.053776 skew

rise -> fall
    min     max
0.000000 0.000000 source latency
21.024778         network latency _4016_/CLK
        21.085899 network latency _3841_/CLK
---------------
21.024778 21.085899 latency
        0.061121 skew



===========================================================================
report_clock_min_period
============================================================================
system_clock period_min = 0.00 fmax = inf
Clock: signal_clock
Sources: signal_input 
Generated: no
Virtual: yes
Propagated: no
Period: 4000.000000

===========================================================================
report_clock_properties
============================================================================
Clock                   Period          Waveform
----------------------------------------------------
signal_clock        4000.000000    0.0000002000.000000

===========================================================================
report_clock_latency
============================================================================
Clock signal_clock
rise -> rise
    min     max
0.000000 0.000000 source latency
0.700090         network latency _4066_/CLK
        0.703262 network latency _4079_/CLK
---------------
0.700090 0.703262 latency
        0.003172 skew

fall -> fall
    min     max
0.000000 0.000000 source latency
0.685304         network latency _4066_/CLK
        0.688715 network latency _4077_/CLK
---------------
0.685304 0.688715 latency
        0.003411 skew



===========================================================================
report_clock_min_period
============================================================================
signal_clock period_min = 6.96 fmax = 143.64
