
===========================================================================
report_checks -unconstrained
===========================================================================
======================= max_ss_125C_4v50 Corner ===================================

Startpoint: RST_I (input port clocked by system_clock)
Endpoint: _1375_ (rising edge-triggered flip-flop clocked by signal_clock)
Path Group: signal_clock
Path Type: max

Fanout         Cap        Slew       Delay        Time   Description
---------------------------------------------------------------------------------------------
                               3899.999756 3899.999756   clock system_clock (rise edge)
                                  0.000000 3899.999756   clock network delay (propagated)
                                 20.000000 3919.999512 ^ input external delay
     1    0.013480    0.000000    0.000000 3919.999512 ^ RST_I (in)
                                                         RST_I (net)
                      0.000567    0.000455 3920.000000 ^ input18/I (gf180mcu_fd_sc_mcu7t5v0__buf_2)
    47    0.329371    4.523952    2.780325 3922.780273 ^ input18/Z (gf180mcu_fd_sc_mcu7t5v0__buf_2)
                                                         net18 (net)
                      4.524358    0.024102 3922.804443 ^ _0876_/A2 (gf180mcu_fd_sc_mcu7t5v0__nor2_1)
     8    0.092324    2.905339    2.336947 3925.141357 v _0876_/ZN (gf180mcu_fd_sc_mcu7t5v0__nor2_1)
                                                         _0328_ (net)
                      2.905362    0.004547 3925.145996 v _0987_/B (gf180mcu_fd_sc_mcu7t5v0__oai31_1)
     9    0.062137    6.206532    2.241450 3927.387451 ^ _0987_/ZN (gf180mcu_fd_sc_mcu7t5v0__oai31_1)
                                                         _0413_ (net)
                      6.206532    0.000455 3927.387939 ^ _0988_/I (gf180mcu_fd_sc_mcu7t5v0__clkinv_1)
     7    0.053305    2.593823    1.960871 3929.348633 v _0988_/ZN (gf180mcu_fd_sc_mcu7t5v0__clkinv_1)
                                                         _0414_ (net)
                      2.593823    0.001364 3929.350098 v _1019_/B (gf180mcu_fd_sc_mcu7t5v0__oai21_1)
     1    0.009078    1.052708    1.084118 3930.434326 ^ _1019_/ZN (gf180mcu_fd_sc_mcu7t5v0__oai21_1)
                                                         _0434_ (net)
                      1.052708    0.000455 3930.434570 ^ _1020_/B (gf180mcu_fd_sc_mcu7t5v0__aoi21_1)
     1    0.005689    0.595104    0.472937 3930.907715 v _1020_/ZN (gf180mcu_fd_sc_mcu7t5v0__aoi21_1)
                                                         _0106_ (net)
                      0.595104    0.000455 3930.907959 v _1375_/D (gf180mcu_fd_sc_mcu7t5v0__dffq_1)
                                           3930.907959   data arrival time

                               4000.000000 4000.000000   clock signal_clock (rise edge)
                                  0.000000 4000.000000   clock source latency
     2    0.062978    0.000000    0.000000 4000.000000 ^ signal_input (in)
                                                         signal_input (net)
                      0.006760    0.002728 4000.002930 ^ clkbuf_regs_0_signal_clock/I (gf180mcu_fd_sc_mcu7t5v0__clkbuf_16)
     1    0.023949    0.164270    0.371983 4000.374756 ^ clkbuf_regs_0_signal_clock/Z (gf180mcu_fd_sc_mcu7t5v0__clkbuf_16)
                                                         signal_input_regs (net)
                      0.164270    0.000000 4000.374756 ^ clkbuf_0_signal_input_regs/I (gf180mcu_fd_sc_mcu7t5v0__clkbuf_16)
     2    0.046504    0.199256    0.432465 4000.807373 ^ clkbuf_0_signal_input_regs/Z (gf180mcu_fd_sc_mcu7t5v0__clkbuf_16)
                                                         clknet_0_signal_input_regs (net)
                      0.199256    0.000000 4000.807373 ^ clkbuf_1_1__f_signal_input_regs/I (gf180mcu_fd_sc_mcu7t5v0__clkbuf_16)
     9    0.045899    0.198432    0.439286 4001.246582 ^ clkbuf_1_1__f_signal_input_regs/Z (gf180mcu_fd_sc_mcu7t5v0__clkbuf_16)
                                                         clknet_1_1__leaf_signal_input_regs (net)
                      0.198432    0.000000 4001.246582 ^ _1375_/CLK (gf180mcu_fd_sc_mcu7t5v0__dffq_1)
                                  0.000000 4001.246582   clock reconvergence pessimism
                                 -0.586213 4000.660400   library setup time
                                           4000.660400   data required time
---------------------------------------------------------------------------------------------
                                           4000.660400   data required time
                                           -3930.907959   data arrival time
---------------------------------------------------------------------------------------------
                                             69.752403   slack (MET)


Startpoint: ADDR_I[6] (input port clocked by system_clock)
Endpoint: _1419_ (rising edge-triggered flip-flop clocked by system_clock)
Path Group: system_clock
Path Type: max

Fanout         Cap        Slew       Delay        Time   Description
---------------------------------------------------------------------------------------------
                                  0.000000    0.000000   clock system_clock (rise edge)
                                  0.000000    0.000000   clock network delay (propagated)
                                 20.000000   20.000000 v input external delay
     1    0.003930    0.000000    0.000000   20.000000 v ADDR_I[6] (in)
                                                         ADDR_I[6] (net)
                      0.000077    0.000032   20.000032 v input7/I (gf180mcu_fd_sc_mcu7t5v0__dlyb_1)
     2    0.009908    0.468947    1.902741   21.902773 v input7/Z (gf180mcu_fd_sc_mcu7t5v0__dlyb_1)
                                                         net7 (net)
                      0.468947    0.000171   21.902945 v _0682_/A4 (gf180mcu_fd_sc_mcu7t5v0__or4_1)
     2    0.006774    0.560753    1.713664   23.616608 v _0682_/Z (gf180mcu_fd_sc_mcu7t5v0__or4_1)
                                                         _0203_ (net)
                      0.560753    0.000053   23.616661 v _1176_/A3 (gf180mcu_fd_sc_mcu7t5v0__or3_1)
     5    0.055056    1.201703    2.005672   25.622334 v _1176_/Z (gf180mcu_fd_sc_mcu7t5v0__or3_1)
                                                         _0553_ (net)
                      1.201722    0.002688   25.625021 v _1180_/A3 (gf180mcu_fd_sc_mcu7t5v0__nor3_1)
     8    0.106354    8.623548    5.234586   30.859608 ^ _1180_/ZN (gf180mcu_fd_sc_mcu7t5v0__nor3_1)
                                                         _0557_ (net)
                      8.623548    0.005592   30.865200 ^ _1232_/B1 (gf180mcu_fd_sc_mcu7t5v0__aoi222_1)
     1    0.023686    2.846424    1.055454   31.920654 v _1232_/ZN (gf180mcu_fd_sc_mcu7t5v0__aoi222_1)
                                                         _0603_ (net)
                      2.846424    0.000991   31.921644 v _1233_/A2 (gf180mcu_fd_sc_mcu7t5v0__aoi21_1)
     1    0.006944    1.036281    1.239176   33.160820 ^ _1233_/ZN (gf180mcu_fd_sc_mcu7t5v0__aoi21_1)
                                                         _0604_ (net)
                      1.036281    0.000153   33.160973 ^ _1235_/C (gf180mcu_fd_sc_mcu7t5v0__aoi221_1)
     1    0.015536    1.685978    0.734136   33.895111 v _1235_/ZN (gf180mcu_fd_sc_mcu7t5v0__aoi221_1)
                                                         _0606_ (net)
                      1.685978    0.000526   33.895638 v _1236_/A2 (gf180mcu_fd_sc_mcu7t5v0__nand2_1)
     1    0.013617    0.799740    0.837073   34.732708 ^ _1236_/ZN (gf180mcu_fd_sc_mcu7t5v0__nand2_1)
                                                         _0607_ (net)
                      0.799740    0.000504   34.733212 ^ _1237_/B2 (gf180mcu_fd_sc_mcu7t5v0__aoi22_1)
     1    0.010974    0.859655    0.478245   35.211456 v _1237_/ZN (gf180mcu_fd_sc_mcu7t5v0__aoi22_1)
                                                         _0608_ (net)
                      0.859655    0.000291   35.211750 v _1238_/A2 (gf180mcu_fd_sc_mcu7t5v0__nor2_1)
     1    0.010186    1.066409    0.644615   35.856365 ^ _1238_/ZN (gf180mcu_fd_sc_mcu7t5v0__nor2_1)
                                                         _0150_ (net)
                      1.066409    0.000284   35.856647 ^ _1419_/D (gf180mcu_fd_sc_mcu7t5v0__dffq_1)
                                             35.856647   data arrival time

                                100.000000  100.000000   clock system_clock (rise edge)
                                  0.000000  100.000000   clock source latency
     1    0.045394    0.000000    0.000000  100.000000 ^ CLK_I (in)
                                                         CLK_I (net)
                      0.006751    0.002764  100.002762 ^ clkbuf_0_CLK_I/I (gf180mcu_fd_sc_mcu7t5v0__clkbuf_16)
    16    0.234235    0.488642    0.601126  100.603889 ^ clkbuf_0_CLK_I/Z (gf180mcu_fd_sc_mcu7t5v0__clkbuf_16)
                                                         clknet_0_CLK_I (net)
                      0.488655    0.003801  100.607689 ^ clkbuf_4_14_0_CLK_I/I (gf180mcu_fd_sc_mcu7t5v0__clkbuf_8)
    10    0.065507    0.324881    0.589040  101.196732 ^ clkbuf_4_14_0_CLK_I/Z (gf180mcu_fd_sc_mcu7t5v0__clkbuf_8)
                                                         clknet_4_14_0_CLK_I (net)
                      0.324882    0.001393  101.198120 ^ _1419_/CLK (gf180mcu_fd_sc_mcu7t5v0__dffq_1)
                                 -0.500000  100.698120   clock uncertainty
                                  0.000000  100.698120   clock reconvergence pessimism
                                 -0.507524  100.190590   library setup time
                                            100.190590   data required time
---------------------------------------------------------------------------------------------
                                            100.190590   data required time
                                            -35.856647   data arrival time
---------------------------------------------------------------------------------------------
                                             64.333946   slack (MET)




===========================================================================
report_checks --slack_max -0.01
============================================================================
======================= max_ss_125C_4v50 Corner ===================================

No paths found.


===========================================================================
 report_check_types -max_slew -max_cap -max_fanout -violators
============================================================================
======================= max_ss_125C_4v50 Corner ===================================

max slew

Pin                                        Limit        Slew       Slack
------------------------------------------------------------------------
_1049__45/I                             7.000000   10.559105   -3.559105 (VIOLATED)
_1055_/A2                               7.000000   10.559107   -3.559107 (VIOLATED)
_1059_/A2                               7.000000   10.559104   -3.559104 (VIOLATED)
_1063_/A2                               7.000000   10.559105   -3.559105 (VIOLATED)
_1067_/A2                               7.000000   10.559098   -3.559098 (VIOLATED)
_1071_/A2                               7.000000   10.559100   -3.559101 (VIOLATED)
_1074_/A2                               7.000000   10.559097   -3.559097 (VIOLATED)
_1078_/A2                               7.000000   10.559093   -3.559093 (VIOLATED)
_1082_/A2                               7.000000   10.559087   -3.559087 (VIOLATED)
_1085_/A2                               7.000000   10.559084   -3.559084 (VIOLATED)
_1090_/A2                               7.000000   10.559078   -3.559078 (VIOLATED)
_1094_/A2                               7.000000   10.559067   -3.559067 (VIOLATED)
_1098_/A2                               7.000000   10.559061   -3.559061 (VIOLATED)
_1102_/A2                               7.000000   10.559054   -3.559054 (VIOLATED)
_1048_/ZN                               7.000000   10.559022   -3.559022 (VIOLATED)
_1106_/A2                               7.000000   10.559022   -3.559022 (VIOLATED)
_1109_/A2                               7.000000   10.559022   -3.559022 (VIOLATED)
_1114_/A2                               7.000000   10.559022   -3.559022 (VIOLATED)
_1118_/A2                               7.000000   10.559022   -3.559022 (VIOLATED)
_1122_/A2                               7.000000   10.559022   -3.559022 (VIOLATED)
_1125_/A2                               7.000000   10.559022   -3.559022 (VIOLATED)
_1127_/A3                               7.000000   10.559022   -3.559022 (VIOLATED)
_1128_/A3                               7.000000   10.559022   -3.559022 (VIOLATED)
_1129_/A3                               7.000000   10.559022   -3.559022 (VIOLATED)
_1130_/A3                               7.000000   10.559022   -3.559022 (VIOLATED)
_1180_/ZN                               7.000000    8.623548   -1.623548 (VIOLATED)
_1183_/A2                               7.000000    8.623548   -1.623548 (VIOLATED)
_1192_/A2                               7.000000    8.623548   -1.623548 (VIOLATED)
_1199_/B1                               7.000000    8.623548   -1.623548 (VIOLATED)
_1208_/A2                               7.000000    8.623548   -1.623548 (VIOLATED)
_1215_/B1                               7.000000    8.623548   -1.623548 (VIOLATED)
_1223_/B1                               7.000000    8.623548   -1.623548 (VIOLATED)
_1232_/B1                               7.000000    8.623548   -1.623548 (VIOLATED)
_1244_/A2                               7.000000    8.623548   -1.623548 (VIOLATED)

max capacitance

Pin                                        Limit         Cap       Slack
------------------------------------------------------------------------
_1048_/ZN                               0.120800    0.194846   -0.074046 (VIOLATED)
_1180_/ZN                               0.079850    0.106354   -0.026504 (VIOLATED)



===========================================================================
report_parasitic_annotation -report_unannotated
============================================================================
Found 16 unannotated drivers.
 ext_rst_i
 clkload0/Z
 clkload1/Z
 clkload10/ZN
 clkload11/ZN
 clkload12/Z
 clkload13/ZN
 clkload14/ZN
 clkload2/ZN
 clkload3/Z
 clkload4/ZN
 clkload5/ZN
 clkload6/ZN
 clkload7/ZN
 clkload8/ZN
 clkload9/ZN
Found 0 partially unannotated drivers.

===========================================================================
max slew violation count 34
max fanout violation count 0
max cap violation count 2
============================================================================

===========================================================================
check_setup -verbose -unconstrained_endpoints -multiple_clock -no_clock -no_input_delay -loops -generated_clocks
===========================================================================
