Clock: system_clock
Sources: CLK_I 
Generated: no
Virtual: yes
Propagated: no
Period: 100.000000

===========================================================================
report_clock_properties
============================================================================
Clock                   Period          Waveform
----------------------------------------------------
system_clock        100.000000    0.000000 50.000000

===========================================================================
report_clock_latency
============================================================================
Clock system_clock
rise -> rise
    min     max
0.000000 0.000000 source latency
1.175434         network latency _1436_/CLK
        21.255564 network latency _1367_/CLK
---------------
1.175434 21.255564 latency
        20.080130 skew

rise -> fall
    min     max
0.000000 0.000000 source latency
21.219063         network latency _1375_/CLK
        21.228765 network latency _1367_/CLK
---------------
21.219063 21.228765 latency
        0.009702 skew

fall -> fall
    min     max
0.000000 0.000000 source latency
1.219338         network latency _1436_/CLK
        1.259220 network latency _1421_/CLK
---------------
1.219338 1.259220 latency
        0.039883 skew



===========================================================================
report_clock_min_period
============================================================================
system_clock period_min = 14.52 fmax = 68.86
Clock: signal_clock
Sources: signal_input 
Generated: no
Virtual: yes
Propagated: no
Period: 4000.000000

===========================================================================
report_clock_properties
============================================================================
Clock                   Period          Waveform
----------------------------------------------------
signal_clock        4000.000000    0.0000002000.000000

===========================================================================
report_clock_latency
============================================================================
Clock signal_clock
rise -> rise
    min     max
0.000000 0.000000 source latency
1.246501         network latency _1375_/CLK
        1.255561 network latency _1367_/CLK
---------------
1.246501 1.255561 latency
        0.009060 skew

fall -> fall
    min     max
0.000000 0.000000 source latency
1.218723         network latency _1375_/CLK
        1.228500 network latency _1362_/CLK
---------------
1.218723 1.228500 latency
        0.009777 skew



===========================================================================
report_clock_min_period
============================================================================
signal_clock period_min = 13.69 fmax = 73.06
