
===========================================================================
report_checks -unconstrained
===========================================================================
======================= nom_tt_025C_5v00 Corner ===================================

Startpoint: RST_I (input port clocked by system_clock)
Endpoint: _1375_ (rising edge-triggered flip-flop clocked by signal_clock)
Path Group: signal_clock
Path Type: max

Fanout         Cap        Slew       Delay        Time   Description
---------------------------------------------------------------------------------------------
                               3899.999756 3899.999756   clock system_clock (rise edge)
                                  0.000000 3899.999756   clock network delay (propagated)
                                 20.000000 3919.999512 ^ input external delay
     1    0.012448    0.000000    0.000000 3919.999512 ^ RST_I (in)
                                                         RST_I (net)
                      0.000476    0.000455 3920.000000 ^ input18/I (gf180mcu_fd_sc_mcu7t5v0__buf_2)
    47    0.310824    2.511036    1.561148 3921.561279 ^ input18/Z (gf180mcu_fd_sc_mcu7t5v0__buf_2)
                                                         net18 (net)
                      2.511618    0.021828 3921.583008 ^ _0876_/A2 (gf180mcu_fd_sc_mcu7t5v0__nor2_1)
     8    0.085778    1.602381    1.240096 3922.822998 v _0876_/ZN (gf180mcu_fd_sc_mcu7t5v0__nor2_1)
                                                         _0328_ (net)
                      1.602411    0.004093 3922.827148 v _0987_/B (gf180mcu_fd_sc_mcu7t5v0__oai31_1)
     9    0.059235    3.216297    1.228727 3924.055908 ^ _0987_/ZN (gf180mcu_fd_sc_mcu7t5v0__oai31_1)
                                                         _0413_ (net)
                      3.216297    0.000455 3924.056396 ^ _0988_/I (gf180mcu_fd_sc_mcu7t5v0__clkinv_1)
     7    0.050475    1.388541    1.038643 3925.094971 v _0988_/ZN (gf180mcu_fd_sc_mcu7t5v0__clkinv_1)
                                                         _0414_ (net)
                      1.388541    0.000909 3925.095947 v _1019_/B (gf180mcu_fd_sc_mcu7t5v0__oai21_1)
     1    0.008403    0.586428    0.580712 3925.676758 ^ _1019_/ZN (gf180mcu_fd_sc_mcu7t5v0__oai21_1)
                                                         _0434_ (net)
                      0.586428    0.000000 3925.676758 ^ _1020_/B (gf180mcu_fd_sc_mcu7t5v0__aoi21_1)
     1    0.005270    0.338016    0.254659 3925.931396 v _1020_/ZN (gf180mcu_fd_sc_mcu7t5v0__aoi21_1)
                                                         _0106_ (net)
                      0.338016    0.000455 3925.931641 v _1375_/D (gf180mcu_fd_sc_mcu7t5v0__dffq_1)
                                           3925.931641   data arrival time

                               4000.000000 4000.000000   clock signal_clock (rise edge)
                                  0.000000 4000.000000   clock source latency
     2    0.061118    0.000000    0.000000 4000.000000 ^ signal_input (in)
                                                         signal_input (net)
                      0.005971    0.002274 4000.002441 ^ clkbuf_regs_0_signal_clock/I (gf180mcu_fd_sc_mcu7t5v0__clkbuf_16)
     1    0.023556    0.091506    0.209184 4000.211670 ^ clkbuf_regs_0_signal_clock/Z (gf180mcu_fd_sc_mcu7t5v0__clkbuf_16)
                                                         signal_input_regs (net)
                      0.091506    0.000455 4000.211914 ^ clkbuf_0_signal_input_regs/I (gf180mcu_fd_sc_mcu7t5v0__clkbuf_16)
     2    0.045860    0.111529    0.240107 4000.452148 ^ clkbuf_0_signal_input_regs/Z (gf180mcu_fd_sc_mcu7t5v0__clkbuf_16)
                                                         clknet_0_signal_input_regs (net)
                      0.111529    0.000000 4000.452148 ^ clkbuf_1_1__f_signal_input_regs/I (gf180mcu_fd_sc_mcu7t5v0__clkbuf_16)
     9    0.044158    0.110054    0.242835 4000.695068 ^ clkbuf_1_1__f_signal_input_regs/Z (gf180mcu_fd_sc_mcu7t5v0__clkbuf_16)
                                                         clknet_1_1__leaf_signal_input_regs (net)
                      0.110054    0.000000 4000.695068 ^ _1375_/CLK (gf180mcu_fd_sc_mcu7t5v0__dffq_1)
                                  0.000000 4000.695068   clock reconvergence pessimism
                                 -0.298427 4000.396729   library setup time
                                           4000.396729   data required time
---------------------------------------------------------------------------------------------
                                           4000.396729   data required time
                                           -3925.931641   data arrival time
---------------------------------------------------------------------------------------------
                                             74.465057   slack (MET)


Startpoint: ADDR_I[6] (input port clocked by system_clock)
Endpoint: _1419_ (rising edge-triggered flip-flop clocked by system_clock)
Path Group: system_clock
Path Type: max

Fanout         Cap        Slew       Delay        Time   Description
---------------------------------------------------------------------------------------------
                                  0.000000    0.000000   clock system_clock (rise edge)
                                  0.000000    0.000000   clock network delay (propagated)
                                 20.000000   20.000000 v input external delay
     1    0.003832    0.000000    0.000000   20.000000 v ADDR_I[6] (in)
                                                         ADDR_I[6] (net)
                      0.000072    0.000030   20.000031 v input7/I (gf180mcu_fd_sc_mcu7t5v0__dlyb_1)
     2    0.009371    0.253562    0.989779   20.989809 v input7/Z (gf180mcu_fd_sc_mcu7t5v0__dlyb_1)
                                                         net7 (net)
                      0.253562    0.000156   20.989965 v _0682_/A4 (gf180mcu_fd_sc_mcu7t5v0__or4_1)
     2    0.006696    0.304529    0.861277   21.851244 v _0682_/Z (gf180mcu_fd_sc_mcu7t5v0__or4_1)
                                                         _0203_ (net)
                      0.304529    0.000052   21.851295 v _1176_/A3 (gf180mcu_fd_sc_mcu7t5v0__or3_1)
     5    0.050687    0.645293    1.029502   22.880796 v _1176_/Z (gf180mcu_fd_sc_mcu7t5v0__or3_1)
                                                         _0553_ (net)
                      0.645319    0.002315   22.883112 v _1180_/A3 (gf180mcu_fd_sc_mcu7t5v0__nor3_1)
     8    0.097328    4.321346    2.587099   25.470209 ^ _1180_/ZN (gf180mcu_fd_sc_mcu7t5v0__nor3_1)
                                                         _0557_ (net)
                      4.321361    0.004690   25.474899 ^ _1232_/B1 (gf180mcu_fd_sc_mcu7t5v0__aoi222_1)
     1    0.021360    1.509772    0.493474   25.968372 v _1232_/ZN (gf180mcu_fd_sc_mcu7t5v0__aoi222_1)
                                                         _0603_ (net)
                      1.509772    0.000894   25.969267 v _1233_/A2 (gf180mcu_fd_sc_mcu7t5v0__aoi21_1)
     1    0.006531    0.556658    0.663805   26.633072 ^ _1233_/ZN (gf180mcu_fd_sc_mcu7t5v0__aoi21_1)
                                                         _0604_ (net)
                      0.556658    0.000140   26.633211 ^ _1235_/C (gf180mcu_fd_sc_mcu7t5v0__aoi221_1)
     1    0.014126    0.923281    0.387255   27.020466 v _1235_/ZN (gf180mcu_fd_sc_mcu7t5v0__aoi221_1)
                                                         _0606_ (net)
                      0.923281    0.000448   27.020914 v _1236_/A2 (gf180mcu_fd_sc_mcu7t5v0__nand2_1)
     1    0.012761    0.443753    0.453612   27.474527 ^ _1236_/ZN (gf180mcu_fd_sc_mcu7t5v0__nand2_1)
                                                         _0607_ (net)
                      0.443753    0.000465   27.474993 ^ _1237_/B2 (gf180mcu_fd_sc_mcu7t5v0__aoi22_1)
     1    0.010016    0.479012    0.250754   27.725746 v _1237_/ZN (gf180mcu_fd_sc_mcu7t5v0__aoi22_1)
                                                         _0608_ (net)
                      0.479012    0.000256   27.726002 v _1238_/A2 (gf180mcu_fd_sc_mcu7t5v0__nor2_1)
     1    0.009226    0.572048    0.334397   28.060400 ^ _1238_/ZN (gf180mcu_fd_sc_mcu7t5v0__nor2_1)
                                                         _0150_ (net)
                      0.572048    0.000243   28.060642 ^ _1419_/D (gf180mcu_fd_sc_mcu7t5v0__dffq_1)
                                             28.060642   data arrival time

                                100.000000  100.000000   clock system_clock (rise edge)
                                  0.000000  100.000000   clock source latency
     1    0.043247    0.000000    0.000000  100.000000 ^ CLK_I (in)
                                                         CLK_I (net)
                      0.005898    0.002416  100.002411 ^ clkbuf_0_CLK_I/I (gf180mcu_fd_sc_mcu7t5v0__clkbuf_16)
    16    0.227626    0.274395    0.335497  100.337914 ^ clkbuf_0_CLK_I/Z (gf180mcu_fd_sc_mcu7t5v0__clkbuf_16)
                                                         clknet_0_CLK_I (net)
                      0.274415    0.003446  100.341354 ^ clkbuf_4_14_0_CLK_I/I (gf180mcu_fd_sc_mcu7t5v0__clkbuf_8)
    10    0.062504    0.179453    0.323418  100.664772 ^ clkbuf_4_14_0_CLK_I/Z (gf180mcu_fd_sc_mcu7t5v0__clkbuf_8)
                                                         clknet_4_14_0_CLK_I (net)
                      0.179455    0.001258  100.666031 ^ _1419_/CLK (gf180mcu_fd_sc_mcu7t5v0__dffq_1)
                                 -0.500000  100.166031   clock uncertainty
                                  0.000000  100.166031   clock reconvergence pessimism
                                 -0.241417   99.924614   library setup time
                                             99.924614   data required time
---------------------------------------------------------------------------------------------
                                             99.924614   data required time
                                            -28.060642   data arrival time
---------------------------------------------------------------------------------------------
                                             71.863976   slack (MET)




===========================================================================
report_checks --slack_max -0.01
============================================================================
======================= nom_tt_025C_5v00 Corner ===================================

No paths found.


===========================================================================
 report_check_types -max_slew -max_cap -max_fanout -violators
============================================================================
======================= nom_tt_025C_5v00 Corner ===================================

max slew

Pin                                        Limit        Slew       Slack
------------------------------------------------------------------------
_1055_/A2                               4.000000    5.510075   -1.510075 (VIOLATED)
_1049__45/I                             4.000000    5.510073   -1.510073 (VIOLATED)
_1059_/A2                               4.000000    5.510072   -1.510072 (VIOLATED)
_1063_/A2                               4.000000    5.510074   -1.510073 (VIOLATED)
_1071_/A2                               4.000000    5.510067   -1.510067 (VIOLATED)
_1067_/A2                               4.000000    5.510063   -1.510063 (VIOLATED)
_1074_/A2                               4.000000    5.510061   -1.510061 (VIOLATED)
_1078_/A2                               4.000000    5.510055   -1.510055 (VIOLATED)
_1082_/A2                               4.000000    5.510048   -1.510048 (VIOLATED)
_1085_/A2                               4.000000    5.510042   -1.510042 (VIOLATED)
_1090_/A2                               4.000000    5.510034   -1.510034 (VIOLATED)
_1094_/A2                               4.000000    5.510017   -1.510017 (VIOLATED)
_1098_/A2                               4.000000    5.510009   -1.510009 (VIOLATED)
_1102_/A2                               4.000000    5.510000   -1.510000 (VIOLATED)
_1106_/A2                               4.000000    5.509995   -1.509994 (VIOLATED)
_1127_/A3                               4.000000    5.509995   -1.509995 (VIOLATED)
_1128_/A3                               4.000000    5.509996   -1.509996 (VIOLATED)
_1129_/A3                               4.000000    5.509992   -1.509992 (VIOLATED)
_1130_/A3                               4.000000    5.509989   -1.509989 (VIOLATED)
_1109_/A2                               4.000000    5.509986   -1.509986 (VIOLATED)
_1114_/A2                               4.000000    5.509981   -1.509981 (VIOLATED)
_1118_/A2                               4.000000    5.509973   -1.509973 (VIOLATED)
_1048_/ZN                               4.000000    5.509953   -1.509953 (VIOLATED)
_1122_/A2                               4.000000    5.509953   -1.509953 (VIOLATED)
_1125_/A2                               4.000000    5.509953   -1.509953 (VIOLATED)
_1192_/A2                               4.000000    4.321378   -0.321378 (VIOLATED)
_1208_/A2                               4.000000    4.321378   -0.321378 (VIOLATED)
_1183_/A2                               4.000000    4.321377   -0.321377 (VIOLATED)
_1244_/A2                               4.000000    4.321377   -0.321377 (VIOLATED)
_1199_/B1                               4.000000    4.321369   -0.321369 (VIOLATED)
_1223_/B1                               4.000000    4.321363   -0.321363 (VIOLATED)
_1215_/B1                               4.000000    4.321361   -0.321361 (VIOLATED)
_1232_/B1                               4.000000    4.321361   -0.321361 (VIOLATED)
_1180_/ZN                               4.000000    4.321346   -0.321346 (VIOLATED)

max capacitance

Pin                                        Limit         Cap       Slack
------------------------------------------------------------------------
_1048_/ZN                               0.124200    0.182361   -0.058161 (VIOLATED)
_1180_/ZN                               0.084260    0.097328   -0.013068 (VIOLATED)



===========================================================================
report_parasitic_annotation -report_unannotated
============================================================================
Found 16 unannotated drivers.
 ext_rst_i
 clkload0/Z
 clkload1/Z
 clkload10/ZN
 clkload11/ZN
 clkload12/Z
 clkload13/ZN
 clkload14/ZN
 clkload2/ZN
 clkload3/Z
 clkload4/ZN
 clkload5/ZN
 clkload6/ZN
 clkload7/ZN
 clkload8/ZN
 clkload9/ZN
Found 0 partially unannotated drivers.

===========================================================================
max slew violation count 34
max fanout violation count 0
max cap violation count 2
============================================================================

===========================================================================
check_setup -verbose -unconstrained_endpoints -multiple_clock -no_clock -no_input_delay -loops -generated_clocks
===========================================================================
