Clock: system_clock
Sources: CLK_I 
Generated: no
Virtual: yes
Propagated: no
Period: 100.000000

===========================================================================
report_clock_properties
============================================================================
Clock                   Period          Waveform
----------------------------------------------------
system_clock        100.000000    0.000000 50.000000

===========================================================================
report_clock_latency
============================================================================
Clock system_clock
rise -> rise
    min     max
0.000000 0.000000 source latency
0.672360         network latency _1449_/CLK
        20.707191 network latency _1362_/CLK
---------------
0.672360 20.707191 latency
        20.034832 skew

rise -> fall
    min     max
0.000000 0.000000 source latency
20.689163         network latency _1374_/CLK
        20.692966 network latency _1362_/CLK
---------------
20.689163 20.692966 latency
        0.003803 skew

fall -> fall
    min     max
0.000000 0.000000 source latency
0.697476         network latency _1449_/CLK
        0.714795 network latency _1298_/CLK
---------------
0.697476 0.714795 latency
        0.017319 skew



===========================================================================
report_clock_min_period
============================================================================
system_clock period_min = 7.58 fmax = 131.86
Clock: signal_clock
Sources: signal_input 
Generated: no
Virtual: yes
Propagated: no
Period: 4000.000000

===========================================================================
report_clock_properties
============================================================================
Clock                   Period          Waveform
----------------------------------------------------
signal_clock        4000.000000    0.0000002000.000000

===========================================================================
report_clock_latency
============================================================================
Clock signal_clock
rise -> rise
    min     max
0.000000 0.000000 source latency
0.703561         network latency _1374_/CLK
        0.707191 network latency _1362_/CLK
---------------
0.703561 0.707191 latency
        0.003630 skew

fall -> fall
    min     max
0.000000 0.000000 source latency
0.689170         network latency _1373_/CLK
        0.693035 network latency _1362_/CLK
---------------
0.689170 0.693035 latency
        0.003865 skew



===========================================================================
report_clock_min_period
============================================================================
signal_clock period_min = 6.19 fmax = 161.43
