[WARNING ORD-0039] .openroad ignored with -python
Unannotated report:
['report_parasitic_annotation -report_unannotated\n',
 '============================================================================\n',
 'Found 16 unannotated drivers.\n',
 ' ext_rst_i\n',
 ' clkload0/Z\n',
 ' clkload1/ZN\n',
 ' clkload10/ZN\n',
 ' clkload11/ZN\n',
 ' clkload12/ZN\n',
 ' clkload13/ZN\n',
 ' clkload14/ZN\n',
 ' clkload2/Z\n',
 ' clkload3/Z\n',
 ' clkload4/Z\n',
 ' clkload5/Z\n',
 ' clkload6/ZN\n',
 ' clkload7/ZN\n',
 ' clkload8/ZN\n',
 ' clkload9/ZN\n',
 'Found 0 partially unannotated drivers.\n',
 '\n']
Reported nets:
['ext_rst_i',
 'clkload0/Z',
 'clkload1/ZN',
 'clkload10/ZN',
 'clkload11/ZN',
 'clkload12/ZN',
 'clkload13/ZN',
 'clkload14/ZN',
 'clkload2/Z',
 'clkload3/Z',
 'clkload4/Z',
 'clkload5/Z',
 'clkload6/ZN',
 'clkload7/ZN',
 'clkload8/ZN',
 'clkload9/ZN']
Filtered nets:
[]
done
