143. Printing statistics.

=== frequency_counter ===

        +----------Local Count, excluding submodules.
        |        +-Local Area, excluding submodules.
        |        | 
      940        - wires
      965        - wire bits
      171        - public wires
      196        - public wire bits
       16        - ports
       41        - port bits
      942 2.45E+04 cells
       11  193.178   gf180mcu_fd_sc_mcu7t5v0__and2_1
       35   768.32   gf180mcu_fd_sc_mcu7t5v0__and3_1
       41  990.035   gf180mcu_fd_sc_mcu7t5v0__and4_1
       48 1.05E+03   gf180mcu_fd_sc_mcu7t5v0__aoi211_1
      146 2.56E+03   gf180mcu_fd_sc_mcu7t5v0__aoi21_1
        2   48.294   gf180mcu_fd_sc_mcu7t5v0__aoi221_1
       31  612.461   gf180mcu_fd_sc_mcu7t5v0__aoi22_1
        6   79.027   gf180mcu_fd_sc_mcu7t5v0__buf_1
       32  280.986   gf180mcu_fd_sc_mcu7t5v0__clkinv_1
      166 1.06E+04   gf180mcu_fd_sc_mcu7t5v0__dffq_1
        8  263.424   gf180mcu_fd_sc_mcu7t5v0__mux2_2
        8  561.971   gf180mcu_fd_sc_mcu7t5v0__mux4_1
       85   932.96   gf180mcu_fd_sc_mcu7t5v0__nand2_1
       17  261.229   gf180mcu_fd_sc_mcu7t5v0__nand3_1
       47   928.57   gf180mcu_fd_sc_mcu7t5v0__nand4_1
       96 1.26E+03   gf180mcu_fd_sc_mcu7t5v0__nor2_1
       69  1211.75   gf180mcu_fd_sc_mcu7t5v0__nor3_1
       26  570.752   gf180mcu_fd_sc_mcu7t5v0__nor4_1
       10   219.52   gf180mcu_fd_sc_mcu7t5v0__oai211_1
       29  509.286   gf180mcu_fd_sc_mcu7t5v0__oai21_1
        4   87.808   gf180mcu_fd_sc_mcu7t5v0__oai22_1
        4   96.589   gf180mcu_fd_sc_mcu7t5v0__oai31_1
        1   26.342   gf180mcu_fd_sc_mcu7t5v0__oai32_1
       12  210.739   gf180mcu_fd_sc_mcu7t5v0__or2_1
        2   43.904   gf180mcu_fd_sc_mcu7t5v0__or3_1
        1    8.781   gf180mcu_fd_sc_mcu7t5v0__tiel
        2   57.075   gf180mcu_fd_sc_mcu7t5v0__xnor2_1
        3   79.027   gf180mcu_fd_sc_mcu7t5v0__xor2_1

   Chip area for module '\frequency_counter': 24491.846400
     of which used for sequential elements: 10567.692800 (43.15%)

