Clock: system_clock
Sources: 
Generated: no
Virtual: yes
Propagated: no
Period: 100.000000

===========================================================================
report_clock_properties
============================================================================
Clock                   Period          Waveform
----------------------------------------------------
system_clock        100.000000    0.000000 50.000000

===========================================================================
report_clock_latency
============================================================================
Clock system_clock
rise -> rise
    min     max
0.000000 0.000000 source latency
21.766148         network latency _4016_/CLK
        21.855249 network latency _3841_/CLK
---------------
21.766148 21.855249 latency
        0.089102 skew

rise -> fall
    min     max
0.000000 0.000000 source latency
21.828506         network latency _4016_/CLK
        21.930517 network latency _3841_/CLK
---------------
21.828506 21.930517 latency
        0.102011 skew



===========================================================================
report_clock_min_period
============================================================================
system_clock period_min = 0.00 fmax = inf
Clock: signal_clock
Sources: signal_input 
Generated: no
Virtual: yes
Propagated: no
Period: 4000.000000

===========================================================================
report_clock_properties
============================================================================
Clock                   Period          Waveform
----------------------------------------------------
signal_clock        4000.000000    0.0000002000.000000

===========================================================================
report_clock_latency
============================================================================
Clock signal_clock
rise -> rise
    min     max
0.000000 0.000000 source latency
1.252130         network latency _4066_/CLK
        1.256850 network latency _4079_/CLK
---------------
1.252130 1.256850 latency
        0.004719 skew

fall -> fall
    min     max
0.000000 0.000000 source latency
1.225089         network latency _4066_/CLK
        1.230092 network latency _4077_/CLK
---------------
1.225089 1.230092 latency
        0.005002 skew



===========================================================================
report_clock_min_period
============================================================================
signal_clock period_min = 13.05 fmax = 76.61
