Clock: system_clock
Sources: CLK_I 
Generated: no
Virtual: yes
Propagated: no
Period: 100.000000

===========================================================================
report_clock_properties
============================================================================
Clock                   Period          Waveform
----------------------------------------------------
system_clock        100.000000    0.000000 50.000000

===========================================================================
report_clock_latency
============================================================================
Clock system_clock
rise -> rise
    min     max
0.000000 0.000000 source latency
1.212338         network latency _1312_/CLK
        21.266733 network latency _1362_/CLK
---------------
1.212338 21.266733 latency
        20.054394 skew

rise -> fall
    min     max
0.000000 0.000000 source latency
21.234552         network latency _1374_/CLK
        21.240870 network latency _1362_/CLK
---------------
21.234552 21.240870 latency
        0.006317 skew

fall -> fall
    min     max
0.000000 0.000000 source latency
1.260396         network latency _1312_/CLK
        1.292857 network latency _1298_/CLK
---------------
1.260396 1.292857 latency
        0.032461 skew



===========================================================================
report_clock_min_period
============================================================================
system_clock period_min = 14.00 fmax = 71.42
Clock: signal_clock
Sources: signal_input 
Generated: no
Virtual: yes
Propagated: no
Period: 4000.000000

===========================================================================
report_clock_properties
============================================================================
Clock                   Period          Waveform
----------------------------------------------------
signal_clock        4000.000000    0.0000002000.000000

===========================================================================
report_clock_latency
============================================================================
Clock signal_clock
rise -> rise
    min     max
0.000000 0.000000 source latency
1.260739         network latency _1374_/CLK
        1.266734 network latency _1362_/CLK
---------------
1.260739 1.266734 latency
        0.005994 skew

fall -> fall
    min     max
0.000000 0.000000 source latency
1.234866         network latency _1373_/CLK
        1.241006 network latency _1362_/CLK
---------------
1.234866 1.241006 latency
        0.006139 skew



===========================================================================
report_clock_min_period
============================================================================
signal_clock period_min = 11.87 fmax = 84.23
