
===========================================================================
 report_power
============================================================================
======================= max_ss_125C_4v50 Corner ===================================

Group                    Internal    Switching      Leakage        Total
                            Power        Power        Power        Power (Watts)
------------------------------------------------------------------------
Sequential           7.013937e-04 2.305223e-06 1.900945e-07 7.038890e-04  47.3%
Combinational        1.566454e-05 2.477660e-05 4.651755e-07 4.090631e-05   2.7%
Clock                4.395531e-04 3.024603e-04 8.034651e-07 7.428169e-04  49.9%
Macro                0.000000e+00 0.000000e+00 0.000000e+00 0.000000e+00   0.0%
Pad                  0.000000e+00 0.000000e+00 0.000000e+00 0.000000e+00   0.0%
------------------------------------------------------------------------
Total                1.156611e-03 3.295421e-04 1.458742e-06 1.487612e-03 100.0%
                            77.7%        22.2%         0.1%

