Clock: system_clock
Sources: CLK_I 
Generated: no
Virtual: yes
Propagated: no
Period: 100.000000

===========================================================================
report_clock_properties
============================================================================
Clock                   Period          Waveform
----------------------------------------------------
system_clock        100.000000    0.000000 50.000000

===========================================================================
report_clock_latency
============================================================================
Clock system_clock
rise -> rise
    min     max
0.000000 0.000000 source latency
0.624884         network latency _1436_/CLK
        20.691925 network latency _1365_/CLK
---------------
0.624884 20.691925 latency
        20.067039 skew

rise -> fall
    min     max
0.000000 0.000000 source latency
20.673405         network latency _1375_/CLK
        20.676281 network latency _1365_/CLK
---------------
20.673405 20.676281 latency
        0.002876 skew

fall -> fall
    min     max
0.000000 0.000000 source latency
0.644825         network latency _1436_/CLK
        0.655973 network latency _1379_/CLK
---------------
0.644825 0.655973 latency
        0.011148 skew



===========================================================================
report_clock_min_period
============================================================================
system_clock period_min = 7.06 fmax = 141.57
Clock: signal_clock
Sources: signal_input 
Generated: no
Virtual: yes
Propagated: no
Period: 4000.000000

===========================================================================
report_clock_properties
============================================================================
Clock                   Period          Waveform
----------------------------------------------------
signal_clock        4000.000000    0.0000002000.000000

===========================================================================
report_clock_latency
============================================================================
Clock signal_clock
rise -> rise
    min     max
0.000000 0.000000 source latency
0.689265         network latency _1376_/CLK
        0.691934 network latency _1366_/CLK
---------------
0.689265 0.691934 latency
        0.002670 skew

fall -> fall
    min     max
0.000000 0.000000 source latency
0.673026         network latency _1371_/CLK
        0.675982 network latency _1362_/CLK
---------------
0.673026 0.675982 latency
        0.002956 skew



===========================================================================
report_clock_min_period
============================================================================
signal_clock period_min = 6.26 fmax = 159.74
