
===========================================================================
 report_power
============================================================================
======================= nom_tt_025C_5v00 Corner ===================================

Group                    Internal    Switching      Leakage        Total
                            Power        Power        Power        Power (Watts)
------------------------------------------------------------------------
Sequential           8.419353e-04 1.285141e-06 6.564650e-08 8.432862e-04  48.1%
Combinational        1.780310e-05 2.030570e-05 8.362921e-08 3.819243e-05   2.2%
Clock                5.687516e-04 3.021594e-04 3.634313e-08 8.709474e-04  49.7%
Macro                0.000000e+00 0.000000e+00 0.000000e+00 0.000000e+00   0.0%
Pad                  0.000000e+00 0.000000e+00 0.000000e+00 0.000000e+00   0.0%
------------------------------------------------------------------------
Total                1.428490e-03 3.237504e-04 1.856173e-07 1.752426e-03 100.0%
                            81.5%        18.5%         0.0%
Writing metric power__internal__total: 0.0014284903882071376
Writing metric power__switching__total: 0.00032375036971643567
Writing metric power__leakage__total: 1.8561728154509183e-7
Writing metric power__total: 0.0017524263821542263

