Reading timing models for corner max_ff_n40C_5v50…
Reading timing library for the 'max_ff_n40C_5v50' corner at '/foss/pdks/gf180mcuD/libs.ref/gf180mcu_fd_sc_mcu7t5v0/lib/gf180mcu_fd_sc_mcu7t5v0__ff_n40C_5v50.lib'…
Reading timing models for corner max_tt_025C_5v00…
Reading timing library for the 'max_tt_025C_5v00' corner at '/foss/pdks/gf180mcuD/libs.ref/gf180mcu_fd_sc_mcu7t5v0/lib/gf180mcu_fd_sc_mcu7t5v0__tt_025C_5v00.lib'…
Reading timing models for corner nom_ff_n40C_5v50…
Reading timing library for the 'nom_ff_n40C_5v50' corner at '/foss/pdks/gf180mcuD/libs.ref/gf180mcu_fd_sc_mcu7t5v0/lib/gf180mcu_fd_sc_mcu7t5v0__ff_n40C_5v50.lib'…
[WARNING STA-1140] /foss/pdks/gf180mcuD/libs.ref/gf180mcu_fd_sc_mcu7t5v0/lib/gf180mcu_fd_sc_mcu7t5v0__ff_n40C_5v50.lib line 17, library gf180mcu_fd_sc_mcu7t5v0__ff_n40C_5v50 already exists.
Reading timing models for corner nom_tt_025C_5v00…
Reading timing library for the 'nom_tt_025C_5v00' corner at '/foss/pdks/gf180mcuD/libs.ref/gf180mcu_fd_sc_mcu7t5v0/lib/gf180mcu_fd_sc_mcu7t5v0__tt_025C_5v00.lib'…
[WARNING STA-1140] /foss/pdks/gf180mcuD/libs.ref/gf180mcu_fd_sc_mcu7t5v0/lib/gf180mcu_fd_sc_mcu7t5v0__tt_025C_5v00.lib line 17, library gf180mcu_fd_sc_mcu7t5v0__tt_025C_5v00 already exists.
Reading timing models for corner min_ss_125C_4v50…
Reading timing library for the 'min_ss_125C_4v50' corner at '/foss/pdks/gf180mcuD/libs.ref/gf180mcu_fd_sc_mcu7t5v0/lib/gf180mcu_fd_sc_mcu7t5v0__ss_125C_4v50.lib'…
Reading timing models for corner min_ff_n40C_5v50…
Reading timing library for the 'min_ff_n40C_5v50' corner at '/foss/pdks/gf180mcuD/libs.ref/gf180mcu_fd_sc_mcu7t5v0/lib/gf180mcu_fd_sc_mcu7t5v0__ff_n40C_5v50.lib'…
[WARNING STA-1140] /foss/pdks/gf180mcuD/libs.ref/gf180mcu_fd_sc_mcu7t5v0/lib/gf180mcu_fd_sc_mcu7t5v0__ff_n40C_5v50.lib line 17, library gf180mcu_fd_sc_mcu7t5v0__ff_n40C_5v50 already exists.
Reading timing models for corner min_tt_025C_5v00…
Reading timing library for the 'min_tt_025C_5v00' corner at '/foss/pdks/gf180mcuD/libs.ref/gf180mcu_fd_sc_mcu7t5v0/lib/gf180mcu_fd_sc_mcu7t5v0__tt_025C_5v00.lib'…
[WARNING STA-1140] /foss/pdks/gf180mcuD/libs.ref/gf180mcu_fd_sc_mcu7t5v0/lib/gf180mcu_fd_sc_mcu7t5v0__tt_025C_5v00.lib line 17, library gf180mcu_fd_sc_mcu7t5v0__tt_025C_5v00 already exists.
Reading timing models for corner max_ss_125C_4v50…
Reading timing library for the 'max_ss_125C_4v50' corner at '/foss/pdks/gf180mcuD/libs.ref/gf180mcu_fd_sc_mcu7t5v0/lib/gf180mcu_fd_sc_mcu7t5v0__ss_125C_4v50.lib'…
[WARNING STA-1140] /foss/pdks/gf180mcuD/libs.ref/gf180mcu_fd_sc_mcu7t5v0/lib/gf180mcu_fd_sc_mcu7t5v0__ss_125C_4v50.lib line 17, library gf180mcu_fd_sc_mcu7t5v0__ss_125C_4v50 already exists.
Reading timing models for corner nom_ss_125C_4v50…
Reading timing library for the 'nom_ss_125C_4v50' corner at '/foss/pdks/gf180mcuD/libs.ref/gf180mcu_fd_sc_mcu7t5v0/lib/gf180mcu_fd_sc_mcu7t5v0__ss_125C_4v50.lib'…
[WARNING STA-1140] /foss/pdks/gf180mcuD/libs.ref/gf180mcu_fd_sc_mcu7t5v0/lib/gf180mcu_fd_sc_mcu7t5v0__ss_125C_4v50.lib line 17, library gf180mcu_fd_sc_mcu7t5v0__ss_125C_4v50 already exists.
Reading OpenROAD database at '/foss/designs/acoustic-ranger-dvl-processor/layout/digital/TDC/runs/RUN_2026-08-31_14-43-30/28-openroad-globalplacement/frequency_counter.odb'…
Reading design constraints file at '/foss/designs/acoustic-ranger-dvl-processor/layout/digital/TDC/constraint.sdc'…
[INFO] No information on clock propagation in input SDC file-- propagating all clocks.
[INFO RSZ-0027] Inserted 20 gf180mcu_fd_sc_mcu7t5v0__dlyb_1 input buffers.
[INFO RSZ-0028] Inserted 17 gf180mcu_fd_sc_mcu7t5v0__dlyb_1 output buffers.
+ repair_design -verbose -max_wire_length 0 -slew_margin 20 -cap_margin 20
Iteration |   Area    | Resized | Buffers | Nets repaired | Remaining
---------------------------------------------------------------------
        0 |     +0.0% |       0 |       0 |             0 |       877
       10 |     +0.0% |       0 |       0 |             0 |       867
       20 |     +0.0% |       0 |       0 |             0 |       857
       30 |     +0.0% |       0 |       0 |             0 |       847
       40 |     +0.0% |       0 |       0 |             0 |       837
       50 |     +0.0% |       0 |       0 |             0 |       827
       60 |     +0.0% |       0 |       0 |             0 |       817
       70 |     +0.0% |       0 |       0 |             0 |       807
       80 |     +0.0% |       0 |       0 |             0 |       797
       90 |     +0.0% |       0 |       0 |             0 |       787
      100 |     +0.0% |       0 |       0 |             0 |       777
      110 |     +0.0% |       0 |       0 |             0 |       767
      120 |     +0.0% |       0 |       0 |             0 |       757
      130 |     +0.0% |       0 |       0 |             0 |       747
      140 |     +0.0% |       0 |       0 |             0 |       737
      150 |     +0.0% |       0 |       0 |             0 |       727
      160 |     +0.0% |       0 |       0 |             0 |       717
      170 |     +0.0% |       0 |       0 |             0 |       707
      180 |     +0.0% |       0 |       0 |             0 |       697
      190 |     +0.0% |       0 |       0 |             0 |       687
      200 |     +0.0% |       0 |       0 |             0 |       677
      210 |     +0.0% |       0 |       0 |             0 |       667
      220 |     +0.0% |       0 |       0 |             0 |       657
      230 |     +0.0% |       0 |       0 |             0 |       647
      240 |     +0.0% |       0 |       0 |             0 |       637
      250 |     +0.0% |       0 |       0 |             0 |       627
      260 |     +0.0% |       0 |       0 |             0 |       617
      270 |     +0.0% |       0 |       0 |             0 |       607
      280 |     +0.0% |       0 |       0 |             0 |       597
      290 |     +0.0% |       0 |       0 |             0 |       587
      300 |     +0.0% |       0 |       0 |             0 |       577
      310 |     +0.0% |       0 |       0 |             0 |       567
      320 |     +0.0% |       0 |       0 |             0 |       557
      330 |     +0.5% |       1 |       3 |             2 |       547
      340 |     +0.5% |       1 |       3 |             2 |       537
      350 |     +0.5% |       1 |       3 |             2 |       527
      360 |     +0.5% |       1 |       3 |             2 |       517
      370 |     +0.5% |       1 |       3 |             2 |       507
      380 |     +0.5% |       1 |       3 |             2 |       497
      390 |     +0.5% |       1 |       3 |             2 |       487
      400 |     +0.5% |       1 |       3 |             2 |       477
      410 |     +0.5% |       1 |       3 |             2 |       467
      420 |     +0.5% |       1 |       3 |             2 |       457
      430 |     +0.5% |       1 |       3 |             2 |       447
      440 |     +0.5% |       1 |       3 |             2 |       437
      450 |     +0.5% |       1 |       3 |             2 |       427
      460 |     +0.5% |       1 |       3 |             2 |       417
      470 |     +0.5% |       1 |       3 |             2 |       407
      480 |     +0.5% |       1 |       3 |             2 |       397
      490 |     +0.5% |       1 |       3 |             2 |       387
      500 |     +0.5% |       1 |       3 |             2 |       377
      510 |     +0.5% |       1 |       3 |             2 |       367
      520 |     +0.5% |       1 |       3 |             2 |       357
      530 |     +0.7% |       1 |       4 |             3 |       347
      540 |     +0.7% |       1 |       4 |             3 |       337
      550 |     +0.7% |       1 |       4 |             3 |       327
      560 |     +0.7% |       1 |       4 |             3 |       317
      570 |     +0.7% |       1 |       4 |             3 |       307
      580 |     +0.8% |       1 |       5 |             4 |       297
      590 |     +0.8% |       1 |       5 |             4 |       287
      600 |     +0.8% |       1 |       5 |             4 |       277
      610 |     +0.9% |       1 |       6 |             5 |       267
      620 |     +0.9% |       1 |       6 |             5 |       257
      630 |     +0.9% |       1 |       6 |             5 |       247
      640 |     +0.9% |       1 |       6 |             5 |       237
      650 |     +0.9% |       1 |       6 |             5 |       227
      660 |     +0.9% |       1 |       6 |             5 |       217
      670 |     +0.9% |       1 |       6 |             5 |       207
      680 |     +0.9% |       1 |       6 |             5 |       197
      690 |     +0.9% |       1 |       6 |             5 |       187
      700 |     +0.9% |       1 |       6 |             5 |       177
      710 |     +0.9% |       1 |       6 |             5 |       167
      720 |     +0.9% |       1 |       6 |             5 |       157
      730 |     +0.9% |       1 |       6 |             5 |       147
      740 |     +0.9% |       1 |       6 |             5 |       137
      750 |     +0.9% |       1 |       6 |             5 |       127
      760 |     +0.9% |       1 |       6 |             5 |       117
      770 |     +0.9% |       1 |       6 |             5 |       107
      780 |     +0.9% |       1 |       6 |             5 |        97
      790 |     +0.9% |       1 |       6 |             5 |        87
      800 |     +0.9% |       1 |       6 |             5 |        77
      810 |     +0.9% |       1 |       6 |             5 |        67
      820 |     +0.9% |       1 |       6 |             5 |        57
      830 |     +1.0% |       2 |       6 |             5 |        47
      840 |     +1.0% |       2 |       6 |             5 |        37
      850 |     +0.9% |       3 |       6 |             5 |        27
      860 |     +0.9% |       3 |       6 |             5 |        17
      870 |     +0.9% |       3 |       6 |             5 |         7
    final |     +0.9% |       3 |       6 |             5 |         0
---------------------------------------------------------------------
[INFO RSZ-0034] Found 4 slew violations.
[INFO RSZ-0036] Found 4 capacitance violations.
[INFO RSZ-0039] Resized 3 instances.
[INFO RSZ-0038] Inserted 6 buffers in 5 nets.
[INFO RSZ-0042] Inserted 1 tie gf180mcu_fd_sc_mcu7t5v0__tiel instances.
[WARNING RSZ-0020] found 2 floating nets.
 VDD
 VSS
+ detailed_placement -max_displacement  500 100 
Placement Analysis
---------------------------------
total displacement       4628.2 u
average displacement        3.8 u
max displacement           37.1 u
original HPWL           21775.1 u
legalized HPWL          25745.7 u
delta HPWL                   18 %

[INFO DPL-0020] Mirrored 379 instances
[INFO DPL-0021] HPWL before           25745.7 u
[INFO DPL-0022] HPWL after            24720.1 u
[INFO DPL-0023] HPWL delta               -4.0 %
Setting global connections for newly added cells…
[INFO] Setting global connections...
[INFO ODB-0403] 176 connections made, 0 conflicts skipped.
Updating metrics…
Cell type report:                       Count       Area
  Endcap cell                             100     439.04
  Tap cell                                260    1141.50
  Tie cell                                  1       8.78
  Buffer                                    6      79.03
  Timing Repair Buffer                     43    1492.74
  Inverter                                 51     452.21
  Sequential cell                         166   10567.69
  Multi-Input combinational cell          593   10429.40
  Total                                  1220   24610.39
Writing OpenROAD database to '/foss/designs/acoustic-ranger-dvl-processor/layout/digital/TDC/runs/RUN_2026-08-31_14-43-30/32-openroad-repairdesignpostgpl/frequency_counter.odb'…
Writing netlist to '/foss/designs/acoustic-ranger-dvl-processor/layout/digital/TDC/runs/RUN_2026-08-31_14-43-30/32-openroad-repairdesignpostgpl/frequency_counter.nl.v'…
Writing powered netlist to '/foss/designs/acoustic-ranger-dvl-processor/layout/digital/TDC/runs/RUN_2026-08-31_14-43-30/32-openroad-repairdesignpostgpl/frequency_counter.pnl.v'…
Writing layout to '/foss/designs/acoustic-ranger-dvl-processor/layout/digital/TDC/runs/RUN_2026-08-31_14-43-30/32-openroad-repairdesignpostgpl/frequency_counter.def'…
Writing timing constraints to '/foss/designs/acoustic-ranger-dvl-processor/layout/digital/TDC/runs/RUN_2026-08-31_14-43-30/32-openroad-repairdesignpostgpl/frequency_counter.sdc'…
