Clock: system_clock
Sources: CLK_I 
Generated: no
Virtual: yes
Propagated: no
Period: 100.000000

===========================================================================
report_clock_properties
============================================================================
Clock                   Period          Waveform
----------------------------------------------------
system_clock        100.000000    0.000000 50.000000

===========================================================================
report_clock_latency
============================================================================
Clock system_clock
rise -> rise
    min     max
0.000000 0.000000 source latency
1.155212         network latency _1436_/CLK
        21.249615 network latency _1367_/CLK
---------------
1.155212 21.249615 latency
        20.094402 skew

rise -> fall
    min     max
0.000000 0.000000 source latency
21.213816         network latency _1375_/CLK
        21.222267 network latency _1367_/CLK
---------------
21.213816 21.222267 latency
        0.008452 skew

fall -> fall
    min     max
0.000000 0.000000 source latency
1.196515         network latency _1436_/CLK
        1.228433 network latency _1421_/CLK
---------------
1.196515 1.228433 latency
        0.031918 skew



===========================================================================
report_clock_min_period
============================================================================
system_clock period_min = 13.72 fmax = 72.89
Clock: signal_clock
Sources: signal_input 
Generated: no
Virtual: yes
Propagated: no
Period: 4000.000000

===========================================================================
report_clock_properties
============================================================================
Clock                   Period          Waveform
----------------------------------------------------
signal_clock        4000.000000    0.0000002000.000000

===========================================================================
report_clock_latency
============================================================================
Clock signal_clock
rise -> rise
    min     max
0.000000 0.000000 source latency
1.241731         network latency _1375_/CLK
        1.249616 network latency _1367_/CLK
---------------
1.241731 1.249616 latency
        0.007885 skew

fall -> fall
    min     max
0.000000 0.000000 source latency
1.213948         network latency _1375_/CLK
        1.222588 network latency _1367_/CLK
---------------
1.213948 1.222588 latency
        0.008640 skew



===========================================================================
report_clock_min_period
============================================================================
signal_clock period_min = 13.12 fmax = 76.21
