Clock: system_clock
Sources: CLK_I 
Generated: no
Virtual: yes
Propagated: no
Period: 100.000000

===========================================================================
report_clock_properties
============================================================================
Clock                   Period          Waveform
----------------------------------------------------
system_clock        100.000000    0.000000 50.000000

===========================================================================
report_clock_latency
============================================================================
Clock system_clock
rise -> rise
    min     max
0.000000 0.000000 source latency
1.085249         network latency _894_/CLK
        1.111514 network latency _825_/CLK
---------------
1.085249 1.111514 latency
        0.026265 skew

fall -> fall
    min     max
0.000000 0.000000 source latency
1.094858         network latency _894_/CLK
        1.123084 network latency _825_/CLK
---------------
1.094858 1.123084 latency
        0.028226 skew



===========================================================================
report_clock_min_period
============================================================================
system_clock period_min = 17.42 fmax = 57.40
