Reading timing models for corner nom_tt_025C_5v00…
Reading timing library for the 'nom_tt_025C_5v00' corner at '/foss/pdks/gf180mcuD/libs.ref/gf180mcu_fd_sc_mcu7t5v0/lib/gf180mcu_fd_sc_mcu7t5v0__tt_025C_5v00.lib'…
Reading OpenROAD database at '/foss/designs/acoustic-ranger-dvl-processor/layout/digital/i2c_wb_master/runs/RUN_2026-08-31_17-24-00/26-odb-customioplacement/i2c_controller.odb'…
Reading design constraints file at '/foss/designs/acoustic-ranger-dvl-processor/layout/digital/i2c_wb_master/constraint.sdc'…
[INFO] No information on clock propagation in input SDC file-- propagating all clocks.
[INFO] Setting signal min routing layer to: Metal2 and clock min routing layer to Metal2. 
[INFO] Setting signal max routing layer to: Metal5 and clock max routing layer to Metal5. 
+ global_placement -density 0.003 -routability_driven -pad_right 0 -pad_left 0 -init_wirelength_coef 0.25
[INFO GPL-0001] ---- Initialize GPL Main Data Structures
[INFO GPL-0002] DBU: 2000
[INFO GPL-0003] SiteSize: (  0.560  3.920 ) um
[INFO GPL-0004] CoreBBox: (  6.720 15.680 ) ( 151.200 156.800 ) um
[INFO GPL-0036] Movable instances area:      12569.715 um^2
[INFO GPL-0037] Total instances area:        13153.638 um^2
[INFO GPL-0035] Pin density area adjust:      1966.808 um^2
[INFO GPL-0032] ---- Initialize Region: Top-level
[INFO GPL-0006] Number of instances:               628
[INFO GPL-0007] Movable instances:                 495
[INFO GPL-0008] Fixed instances:                   133
[INFO GPL-0009] Dummy instances:                     0
[INFO GPL-0010] Number of nets:                    510
[INFO GPL-0011] Number of pins:                   1883
[INFO GPL-0012] Die BBox:  (  0.000  0.000 ) ( 158.180 176.100 ) um
[INFO GPL-0013] Core BBox: (  6.720 15.680 ) ( 151.200 156.800 ) um
[INFO GPL-0016] Core area:                   20389.018 um^2
[INFO GPL-0014] Region name: top-level.
[INFO GPL-0015] Region area:                 20389.018 um^2
[INFO GPL-0017] Fixed instances area:          583.923 um^2
[INFO GPL-0018] Movable instances area:      14536.523 um^2
[INFO GPL-0019] Utilization:                    73.398 %
[INFO GPL-0020] Standard cells area:         14536.523 um^2
[INFO GPL-0021] Large instances area:            0.000 um^2
[INFO GPL-0005] ---- Execute Conjugate Gradient Initial Placement.
[INFO GPL-0051] Source of initial instance position counters:
	Odb location = 0	Core center = 495	Region center = 0
[InitialPlace]  Iter: 1 conjugate gradient residual: 0.00000007 HPWL: 27539600
[InitialPlace]  Iter: 2 conjugate gradient residual: 0.00000009 HPWL: 18075268
[InitialPlace]  Iter: 3 conjugate gradient residual: 0.00000011 HPWL: 17566126
[InitialPlace]  Iter: 4 conjugate gradient residual: 0.00000011 HPWL: 17443484
[InitialPlace]  Iter: 5 conjugate gradient residual: 0.00000010 HPWL: 17361917
[INFO GPL-0033] ---- Initialize Nesterov Region: Top-level
[WARNING GPL-0302] Target density 0.0030 is too low for the available free area.
Automatically adjusting to uniform density 0.7400.
[INFO GPL-0023] Placement target density:       0.7400
[INFO GPL-0024] Movable insts average area:     29.367 um^2
[INFO GPL-0025] Ideal bin area:                 39.685 um^2
[INFO GPL-0026] Ideal bin count:                   513
[INFO GPL-0027] Total bin area:              20389.018 um^2
[INFO GPL-0028] Bin count (X, Y):          16 ,     16
[INFO GPL-0029] Bin size (W * H):       9.030 *  8.820 um
[INFO GPL-0030] Number of bins:                    256
[INFO GPL-0007] ---- Execute Nesterov Global Placement.
[INFO GPL-0031] HPWL: Half-Perimeter Wirelength
Iteration | Overflow |     HPWL (um) |  HPWL(%) |   Penalty | Group
---------------------------------------------------------------
        0 |   0.9603 |  3.885934e+03 |   +0.00% |  4.98e-16 |      
       10 |   0.8854 |  4.360383e+03 |  +12.21% |  8.11e-16 |      
       20 |   0.8847 |  4.327286e+03 |   -0.76% |  1.32e-15 |      
       30 |   0.8786 |  4.387660e+03 |   +1.40% |  2.15e-15 |      
       40 |   0.8737 |  4.440201e+03 |   +1.20% |  3.50e-15 |      
       50 |   0.8723 |  4.474678e+03 |   +0.78% |  5.71e-15 |      
       60 |   0.8721 |  4.480931e+03 |   +0.14% |  9.29e-15 |      
       70 |   0.8725 |  4.464814e+03 |   -0.36% |  1.51e-14 |      
       80 |   0.8732 |  4.444515e+03 |   -0.45% |  2.47e-14 |      
       90 |   0.8735 |  4.434314e+03 |   -0.23% |  4.02e-14 |      
      100 |   0.8733 |  4.439438e+03 |   +0.12% |  6.54e-14 |      
      110 |   0.8727 |  4.457351e+03 |   +0.40% |  1.07e-13 |      
      120 |   0.8717 |  4.481862e+03 |   +0.55% |  1.74e-13 |      
      130 |   0.8702 |  4.509667e+03 |   +0.62% |  2.83e-13 |      
      140 |   0.8684 |  4.544573e+03 |   +0.77% |  4.61e-13 |      
      150 |   0.8660 |  4.599172e+03 |   +1.20% |  7.50e-13 |      
      160 |   0.8619 |  4.691927e+03 |   +2.02% |  1.22e-12 |      
      170 |   0.8556 |  4.842849e+03 |   +3.22% |  1.99e-12 |      
      180 |   0.8445 |  5.059550e+03 |   +4.47% |  3.24e-12 |      
      190 |   0.8299 |  5.337993e+03 |   +5.50% |  5.28e-12 |      
      200 |   0.8129 |  5.687805e+03 |   +6.55% |  8.60e-12 |      
      210 |   0.7829 |  6.108237e+03 |   +7.39% |  1.40e-11 |      
      220 |   0.7504 |  6.641546e+03 |   +8.73% |  2.28e-11 |      
      230 |   0.7194 |  7.134916e+03 |   +7.43% |  3.72e-11 |      
      240 |   0.6868 |  7.567417e+03 |   +6.06% |  6.05e-11 |      
      250 |   0.6481 |  8.111497e+03 |   +7.19% |  9.86e-11 |      
      260 |   0.6034 |  8.632544e+03 |   +6.42% |  1.61e-10 |      
[INFO GPL-0038] Routability snapshot saved at iter = 263
      262 |   0.5975 |  8.724701e+03 |          |           |      
      270 |   0.5642 |  9.207847e+03 |   +6.66% |  2.62e-10 |      
      280 |   0.5238 |  9.727136e+03 |   +5.64% |  4.26e-10 |      
      290 |   0.4784 |  1.032269e+04 |   +6.12% |  6.94e-10 |      
      300 |   0.4306 |  1.080829e+04 |   +4.70% |  1.13e-09 |      
      310 |   0.3842 |  1.124723e+04 |   +4.06% |  1.84e-09 |      
      320 |   0.3346 |  1.162938e+04 |   +3.40% |  2.94e-09 |      
      330 |   0.2975 |  1.197378e+04 |   +2.96% |  4.33e-09 |      
[INFO GPL-0040] Routability iteration: 1
[INFO GPL-0041] Total routing overflow: 0.0000
[INFO GPL-0042] Number of overflowed tiles: 0 (0.00%)
[INFO GPL-0043] Average top 0.5% routing congestion: 0.8594
[INFO GPL-0044] Average top 1.0% routing congestion: 0.8409
[INFO GPL-0045] Average top 2.0% routing congestion: 0.7951
[INFO GPL-0046] Average top 5.0% routing congestion: 0.7228
[INFO GPL-0047] Routability iteration weighted routing congestion: 0.8502
[INFO GPL-0050] Weighted routing congestion is lower than target routing congestion(1.0100), end routability optimization.
[INFO GPL-0090] Routability finished. Target routing congestion achieved succesfully.
Iteration | Overflow |     HPWL (um) |  HPWL(%) |   Penalty | Group
---------------------------------------------------------------
      340 |   0.2542 |  1.218794e+04 |   +1.79% |  6.37e-09 |      
      350 |   0.2219 |  1.241374e+04 |   +1.85% |  9.39e-09 |      
      360 |   0.1915 |  1.267561e+04 |   +2.11% |  1.38e-08 |      
      370 |   0.1617 |  1.288387e+04 |   +1.64% |  2.04e-08 |      
      380 |   0.1374 |  1.306099e+04 |   +1.37% |  3.00e-08 |      
      390 |   0.1150 |  1.316744e+04 |   +0.81% |  4.42e-08 |      
      397 |   0.0986 |  1.323776e+04 |          |  6.03e-08 |      
---------------------------------------------------------------
[INFO GPL-1001] Global placement finished at iteration 397
[INFO GPL-1003] Routability mode iteration count: 67
[INFO GPL-1005] Routability final weighted congestion: 0.7581
[INFO GPL-1002] Placed Cell Area            14536.5233
[INFO GPL-1003] Available Free Area         19805.0944
[INFO GPL-1004] Minimum Feasible Density        0.7400 (cell_area / free_area)
[INFO GPL-1006]   Suggested Target Densities:
[INFO GPL-1007]     - For 90% usage of free space: 0.8155
[INFO GPL-1008]     - For 80% usage of free space: 0.9175
[INFO GPL-1011] Original area (um^2): 14536.52
[INFO GPL-1012] Total routability artificial inflation: 0.00 (+0.00%)
[INFO GPL-1014] Final placement area: 14536.52 (+0.00%)
Setting global connections for newly added cells…
[INFO] Setting global connections...
[INFO ODB-0403] 0 connections made, 0 conflicts skipped.
Updating metrics…
Cell type report:                       Count       Area
  Endcap cell                              72     316.11
  Tap cell                                133     583.92
  Buffer                                    1      13.17
  Inverter                                 33     289.77
  Sequential cell                          85    5411.17
  Multi-Input combinational cell          376    6855.61
  Total                                   700   13469.75
Writing OpenROAD database to '/foss/designs/acoustic-ranger-dvl-processor/layout/digital/i2c_wb_master/runs/RUN_2026-08-31_17-24-00/28-openroad-globalplacement/i2c_controller.odb'…
Writing netlist to '/foss/designs/acoustic-ranger-dvl-processor/layout/digital/i2c_wb_master/runs/RUN_2026-08-31_17-24-00/28-openroad-globalplacement/i2c_controller.nl.v'…
Writing powered netlist to '/foss/designs/acoustic-ranger-dvl-processor/layout/digital/i2c_wb_master/runs/RUN_2026-08-31_17-24-00/28-openroad-globalplacement/i2c_controller.pnl.v'…
Writing layout to '/foss/designs/acoustic-ranger-dvl-processor/layout/digital/i2c_wb_master/runs/RUN_2026-08-31_17-24-00/28-openroad-globalplacement/i2c_controller.def'…
Writing timing constraints to '/foss/designs/acoustic-ranger-dvl-processor/layout/digital/i2c_wb_master/runs/RUN_2026-08-31_17-24-00/28-openroad-globalplacement/i2c_controller.sdc'…
