143. Printing statistics.

=== frequency_counter ===

        +----------Local Count, excluding submodules.
        |        +-Local Area, excluding submodules.
        |        | 
      815        - wires
      840        - wire bits
      171        - public wires
      196        - public wire bits
       16        - ports
       41        - port bits
      817 2.15E+04 cells
       33  579.533   gf180mcu_fd_sc_mcu7t5v0__and2_1
       14  307.328   gf180mcu_fd_sc_mcu7t5v0__and3_1
        8  193.178   gf180mcu_fd_sc_mcu7t5v0__and4_1
       31  680.512   gf180mcu_fd_sc_mcu7t5v0__aoi211_1
       41  720.026   gf180mcu_fd_sc_mcu7t5v0__aoi21_1
        4   96.589   gf180mcu_fd_sc_mcu7t5v0__aoi221_1
       16  491.725   gf180mcu_fd_sc_mcu7t5v0__aoi222_1
       42  829.786   gf180mcu_fd_sc_mcu7t5v0__aoi22_1
        6   79.027   gf180mcu_fd_sc_mcu7t5v0__buf_1
       51  447.821   gf180mcu_fd_sc_mcu7t5v0__clkinv_1
      166 1.06E+04   gf180mcu_fd_sc_mcu7t5v0__dffq_1
        7  230.496   gf180mcu_fd_sc_mcu7t5v0__mux2_2
       45   493.92   gf180mcu_fd_sc_mcu7t5v0__nand2_1
       10  153.664   gf180mcu_fd_sc_mcu7t5v0__nand3_1
        6  118.541   gf180mcu_fd_sc_mcu7t5v0__nand4_1
      172 2.27E+03   gf180mcu_fd_sc_mcu7t5v0__nor2_1
       45  790.272   gf180mcu_fd_sc_mcu7t5v0__nor3_1
       10   219.52   gf180mcu_fd_sc_mcu7t5v0__nor4_1
        8  175.616   gf180mcu_fd_sc_mcu7t5v0__oai211_1
       61 1.07E+03   gf180mcu_fd_sc_mcu7t5v0__oai21_1
        2   52.685   gf180mcu_fd_sc_mcu7t5v0__oai221_1
        5  120.736   gf180mcu_fd_sc_mcu7t5v0__oai31_1
        4   70.246   gf180mcu_fd_sc_mcu7t5v0__or2_1
        2   43.904   gf180mcu_fd_sc_mcu7t5v0__or3_1
        5  131.712   gf180mcu_fd_sc_mcu7t5v0__or4_1
        1    8.781   gf180mcu_fd_sc_mcu7t5v0__tiel
        4   114.15   gf180mcu_fd_sc_mcu7t5v0__xnor2_1
       18  474.163   gf180mcu_fd_sc_mcu7t5v0__xor2_1

   Chip area for module '\frequency_counter': 21528.326400
     of which used for sequential elements: 10567.692800 (49.09%)

