
===========================================================================
report_checks -unconstrained
===========================================================================
======================= nom_tt_025C_5v00 Corner ===================================

Startpoint: _4063_ (rising edge-triggered flip-flop clocked by signal_clock)
Endpoint: _4079_ (rising edge-triggered flip-flop clocked by signal_clock)
Path Group: signal_clock
Path Type: max

Fanout         Cap        Slew       Delay        Time   Description
---------------------------------------------------------------------------------------------
                                  0.000000    0.000000   clock signal_clock (rise edge)
                                  0.000000    0.000000   clock source latency
     2    0.061344    0.000000    0.000000    0.000000 ^ signal_input (in)
                                                         signal_input (net)
                      0.005787    0.002367    0.002367 ^ clkbuf_regs_0_signal_clock/I (gf180mcu_fd_sc_mcu7t5v0__clkbuf_16)
     1    0.024925    0.092758    0.210116    0.212483 ^ clkbuf_regs_0_signal_clock/Z (gf180mcu_fd_sc_mcu7t5v0__clkbuf_16)
                                                         signal_input_regs (net)
                      0.092759    0.000647    0.213131 ^ clkbuf_0_signal_input_regs/I (gf180mcu_fd_sc_mcu7t5v0__clkbuf_16)
     2    0.047988    0.113314    0.241432    0.454563 ^ clkbuf_0_signal_input_regs/Z (gf180mcu_fd_sc_mcu7t5v0__clkbuf_16)
                                                         clknet_0_signal_input_regs (net)
                      0.113317    0.001069    0.455632 ^ clkbuf_1_0__f_signal_input_regs/I (gf180mcu_fd_sc_mcu7t5v0__clkbuf_16)
     8    0.044183    0.110044    0.243111    0.698742 ^ clkbuf_1_0__f_signal_input_regs/Z (gf180mcu_fd_sc_mcu7t5v0__clkbuf_16)
                                                         clknet_1_0__leaf_signal_input_regs (net)
                      0.110046    0.000953    0.699695 ^ _4063_/CLK (gf180mcu_fd_sc_mcu7t5v0__dffq_1)
     2    0.011217    0.168076    0.697850    1.397546 v _4063_/Q (gf180mcu_fd_sc_mcu7t5v0__dffq_1)
                                                         tdc_module.measurement_pulse_done_internal_flag (net)
                      0.168076    0.000093    1.397639 v _1906_/I (gf180mcu_fd_sc_mcu7t5v0__clkinv_1)
     6    0.035194    0.607103    0.402105    1.799744 ^ _1906_/ZN (gf180mcu_fd_sc_mcu7t5v0__clkinv_1)
                                                         _1726_ (net)
                      0.607103    0.000334    1.800077 ^ _3398_/A3 (gf180mcu_fd_sc_mcu7t5v0__and3_1)
     5    0.028421    0.531514    0.642774    2.442851 ^ _3398_/Z (gf180mcu_fd_sc_mcu7t5v0__and3_1)
                                                         _1428_ (net)
                      0.531514    0.000409    2.443260 ^ _3404_/A3 (gf180mcu_fd_sc_mcu7t5v0__and3_1)
     5    0.026256    0.499046    0.619920    3.063180 ^ _3404_/Z (gf180mcu_fd_sc_mcu7t5v0__and3_1)
                                                         _1432_ (net)
                      0.499046    0.000269    3.063449 ^ _3410_/A3 (gf180mcu_fd_sc_mcu7t5v0__and3_1)
     5    0.027828    0.522984    0.633684    3.697133 ^ _3410_/Z (gf180mcu_fd_sc_mcu7t5v0__and3_1)
                                                         _1436_ (net)
                      0.522984    0.000407    3.697540 ^ _3414_/A3 (gf180mcu_fd_sc_mcu7t5v0__and3_1)
     4    0.018414    0.380188    0.544817    4.242357 ^ _3414_/Z (gf180mcu_fd_sc_mcu7t5v0__and3_1)
                                                         _1438_ (net)
                      0.380188    0.000250    4.242606 ^ _3423_/A4 (gf180mcu_fd_sc_mcu7t5v0__and4_1)
     5    0.025672    0.509219    0.710770    4.953376 ^ _3423_/Z (gf180mcu_fd_sc_mcu7t5v0__and4_1)
                                                         _1444_ (net)
                      0.509219    0.000439    4.953816 ^ _3428_/A3 (gf180mcu_fd_sc_mcu7t5v0__and3_1)
     3    0.015372    0.336959    0.513709    5.467525 ^ _3428_/Z (gf180mcu_fd_sc_mcu7t5v0__and3_1)
                                                         _1447_ (net)
                      0.336959    0.000193    5.467718 ^ _3430_/A2 (gf180mcu_fd_sc_mcu7t5v0__and2_1)
     3    0.015725    0.319130    0.407963    5.875681 ^ _3430_/Z (gf180mcu_fd_sc_mcu7t5v0__and2_1)
                                                         _1448_ (net)
                      0.319130    0.000138    5.875819 ^ _3433_/A2 (gf180mcu_fd_sc_mcu7t5v0__and2_1)
     3    0.015710    0.317470    0.406444    6.282263 ^ _3433_/Z (gf180mcu_fd_sc_mcu7t5v0__and2_1)
                                                         _1450_ (net)
                      0.317470    0.000136    6.282399 ^ _3436_/A2 (gf180mcu_fd_sc_mcu7t5v0__and2_1)
     3    0.018871    0.365122    0.436269    6.718668 ^ _3436_/Z (gf180mcu_fd_sc_mcu7t5v0__and2_1)
                                                         _1452_ (net)
                      0.365122    0.000194    6.718862 ^ _3439_/A2 (gf180mcu_fd_sc_mcu7t5v0__oai21_1)
     1    0.005542    0.333203    0.175800    6.894662 v _3439_/ZN (gf180mcu_fd_sc_mcu7t5v0__oai21_1)
                                                         _1454_ (net)
                      0.333203    0.000071    6.894733 v _3440_/B (gf180mcu_fd_sc_mcu7t5v0__aoi21_1)
     1    0.003905    0.322636    0.282571    7.177304 ^ _3440_/ZN (gf180mcu_fd_sc_mcu7t5v0__aoi21_1)
                                                         _0325_ (net)
                      0.322636    0.000046    7.177350 ^ _4079_/D (gf180mcu_fd_sc_mcu7t5v0__dffq_1)
                                              7.177350   data arrival time

                               4000.000000 4000.000000   clock signal_clock (rise edge)
                                  0.000000 4000.000000   clock source latency
     2    0.061344    0.000000    0.000000 4000.000000 ^ signal_input (in)
                                                         signal_input (net)
                      0.005787    0.002274 4000.002441 ^ clkbuf_regs_0_signal_clock/I (gf180mcu_fd_sc_mcu7t5v0__clkbuf_16)
     1    0.024925    0.092758    0.210093 4000.212402 ^ clkbuf_regs_0_signal_clock/Z (gf180mcu_fd_sc_mcu7t5v0__clkbuf_16)
                                                         signal_input_regs (net)
                      0.092759    0.000909 4000.213379 ^ clkbuf_0_signal_input_regs/I (gf180mcu_fd_sc_mcu7t5v0__clkbuf_16)
     2    0.047988    0.113314    0.241471 4000.454834 ^ clkbuf_0_signal_input_regs/Z (gf180mcu_fd_sc_mcu7t5v0__clkbuf_16)
                                                         clknet_0_signal_input_regs (net)
                      0.113317    0.000909 4000.455811 ^ clkbuf_1_1__f_signal_input_regs/I (gf180mcu_fd_sc_mcu7t5v0__clkbuf_16)
    10    0.046864    0.112343    0.244654 4000.700439 ^ clkbuf_1_1__f_signal_input_regs/Z (gf180mcu_fd_sc_mcu7t5v0__clkbuf_16)
                                                         clknet_1_1__leaf_signal_input_regs (net)
                      0.112347    0.001364 4000.701660 ^ _4079_/CLK (gf180mcu_fd_sc_mcu7t5v0__dffq_1)
                                  0.000000 4000.701660   clock reconvergence pessimism
                                 -0.238971 4000.462646   library setup time
                                           4000.462646   data required time
---------------------------------------------------------------------------------------------
                                           4000.462646   data required time
                                             -7.177350   data arrival time
---------------------------------------------------------------------------------------------
                                           3993.285400   slack (MET)


Startpoint: _3942_ (rising edge-triggered flip-flop clocked by system_clock)
Endpoint: PAD_A[1] (output port clocked by system_clock)
Path Group: system_clock
Path Type: max

Fanout         Cap        Slew       Delay        Time   Description
---------------------------------------------------------------------------------------------
                                  0.000000    0.000000   clock system_clock (rise edge)
                                  0.000000    0.000000   clock source latency
     1    0.038551    0.000000    0.000000    0.000000 ^ ext_clk_in (in)
                                                         ext_clk_in (net)
                      0.003731    0.001526    0.001526 ^ clkbuf_0_ext_clk_in/I (gf180mcu_fd_sc_mcu7t5v0__clkbuf_16)
     2    0.065566    0.128155    0.236881    0.238407 ^ clkbuf_0_ext_clk_in/Z (gf180mcu_fd_sc_mcu7t5v0__clkbuf_16)
                                                         clknet_0_ext_clk_in (net)
                      0.128162    0.001740    0.240147 ^ clkbuf_1_1__f_ext_clk_in/I (gf180mcu_fd_sc_mcu7t5v0__clkbuf_16)
    12    0.199865    0.248725    0.340649    0.580796 ^ clkbuf_1_1__f_ext_clk_in/Z (gf180mcu_fd_sc_mcu7t5v0__clkbuf_16)
                                                         clknet_1_1__leaf_ext_clk_in (net)
                      0.248833    0.007436    0.588232 ^ clkbuf_leaf_3_ext_clk_in/I (gf180mcu_fd_sc_mcu7t5v0__clkbuf_8)
    17    0.097504    0.243173    0.358614    0.946846 ^ clkbuf_leaf_3_ext_clk_in/Z (gf180mcu_fd_sc_mcu7t5v0__clkbuf_8)
                                                         clknet_leaf_3_ext_clk_in (net)
                      0.243183    0.002409    0.949255 ^ _3942_/CLK (gf180mcu_fd_sc_mcu7t5v0__dffq_1)
     2    0.011562    0.244758    0.822806    1.772062 ^ _3942_/Q (gf180mcu_fd_sc_mcu7t5v0__dffq_1)
                                                         reg_bank.PAD_OUTPUT_WRITE_REGISTER[1] (net)
                      0.244758    0.000115    1.772177 ^ _2003_/I (gf180mcu_fd_sc_mcu7t5v0__clkinv_1)
     3    0.026760    0.453302    0.344404    2.116581 v _2003_/ZN (gf180mcu_fd_sc_mcu7t5v0__clkinv_1)
                                                         _1823_ (net)
                      0.453303    0.000496    2.117077 v _2087_/A1 (gf180mcu_fd_sc_mcu7t5v0__oai31_1)
     1    0.011675    0.878100    0.607879    2.724957 ^ _2087_/ZN (gf180mcu_fd_sc_mcu7t5v0__oai31_1)
                                                         net7 (net)
                      0.878100    0.000311    2.725268 ^ output7/I (gf180mcu_fd_sc_mcu7t5v0__dlyb_1)
     1    0.001875    0.121592    0.874517    3.599785 ^ output7/Z (gf180mcu_fd_sc_mcu7t5v0__dlyb_1)
                                                         PAD_A[1] (net)
                      0.121592    0.000017    3.599802 ^ PAD_A[1] (out)
                                              3.599802   data arrival time

                                100.000000  100.000000   clock system_clock (rise edge)
                                  0.000000  100.000000   clock network delay (propagated)
                                 -0.500000   99.499992   clock uncertainty
                                  0.000000   99.499992   clock reconvergence pessimism
                                -20.000000   79.499992   output external delay
                                             79.499992   data required time
---------------------------------------------------------------------------------------------
                                             79.499992   data required time
                                             -3.599802   data arrival time
---------------------------------------------------------------------------------------------
                                             75.900192   slack (MET)




===========================================================================
report_checks --slack_max -0.01
============================================================================
======================= nom_tt_025C_5v00 Corner ===================================

No paths found.


===========================================================================
 report_check_types -max_slew -max_cap -max_fanout -violators
============================================================================
======================= nom_tt_025C_5v00 Corner ===================================



===========================================================================
report_parasitic_annotation -report_unannotated
============================================================================
Found 43 unannotated drivers.
 BPF_OUT
 IN_BPF
 IN_SCHMITT
 JUNCTION
 OTA_IN_M
 RX_IN_N
 RX_IN_P
 clkload0/Z
 clkload1/ZN
 clkload10/ZN
 clkload11/ZN
 clkload12/ZN
 clkload13/ZN
 clkload14/Z
 clkload15/ZN
 clkload16/ZN
 clkload17/ZN
 clkload18/ZN
 clkload19/ZN
 clkload2/ZN
 clkload20/ZN
 clkload21/ZN
 clkload22/Z
 clkload23/ZN
 clkload24/Z
 clkload25/Z
 clkload26/Z
 clkload27/ZN
 clkload28/Z
 clkload29/Z
 clkload3/Z
 clkload30/Z
 clkload31/Z
 clkload32/Z
 clkload33/Z
 clkload34/Z
 clkload35/ZN
 clkload4/ZN
 clkload5/ZN
 clkload6/ZN
 clkload7/Z
 clkload8/Z
 clkload9/Z
Found 0 partially unannotated drivers.

===========================================================================
max slew violation count 0
Writing metric design__max_slew_violation__count__corner:nom_tt_025C_5v00: 0
max fanout violation count 0
Writing metric design__max_fanout_violation__count__corner:nom_tt_025C_5v00: 0
max cap violation count 0
Writing metric design__max_cap_violation__count__corner:nom_tt_025C_5v00: 0
============================================================================

===========================================================================
check_setup -verbose -unconstrained_endpoints -multiple_clock -no_clock -no_input_delay -loops -generated_clocks
===========================================================================
