Clock: system_clock
Sources: ext_clk_in 
Generated: no
Virtual: yes
Propagated: no
Period: 100.000000

===========================================================================
report_clock_properties
============================================================================
Clock                   Period          Waveform
----------------------------------------------------
system_clock        100.000000    0.000000 50.000000

===========================================================================
report_clock_latency
============================================================================
Clock system_clock
rise -> rise
    min     max
0.000000 0.000000 source latency
0.922149         network latency _3981_/CLK
        0.958906 network latency _3841_/CLK
---------------
0.922149 0.958906 latency
        0.036757 skew

fall -> fall
    min     max
0.000000 0.000000 source latency
0.948074         network latency _3981_/CLK
        0.989850 network latency _3841_/CLK
---------------
0.948074 0.989850 latency
        0.041776 skew



===========================================================================
report_clock_min_period
============================================================================
system_clock period_min = 9.26 fmax = 108.03
Clock: signal_clock
Sources: signal_input 
Generated: no
Virtual: yes
Propagated: no
Period: 4000.000000

===========================================================================
report_clock_properties
============================================================================
Clock                   Period          Waveform
----------------------------------------------------
signal_clock        4000.000000    0.0000002000.000000

===========================================================================
report_clock_latency
============================================================================
Clock signal_clock
rise -> rise
    min     max
0.000000 0.000000 source latency
0.699224         network latency _4065_/CLK
        0.701687 network latency _4079_/CLK
---------------
0.699224 0.701687 latency
        0.002464 skew

fall -> fall
    min     max
0.000000 0.000000 source latency
0.684395         network latency _4065_/CLK
        0.686896 network latency _4074_/CLK
---------------
0.684395 0.686896 latency
        0.002501 skew



===========================================================================
report_clock_min_period
============================================================================
signal_clock period_min = 6.71 fmax = 148.92
