
===========================================================================
report_checks -unconstrained
===========================================================================
======================= nom_ss_125C_4v50 Corner ===================================

Startpoint: _1362_ (rising edge-triggered flip-flop clocked by signal_clock)
Endpoint: _1378_ (rising edge-triggered flip-flop clocked by signal_clock)
Path Group: signal_clock
Path Type: max

Fanout         Cap        Slew       Delay        Time   Description
---------------------------------------------------------------------------------------------
                                  0.000000    0.000000   clock signal_clock (rise edge)
                                  0.000000    0.000000   clock source latency
     2    0.075511    0.000000    0.000000    0.000000 ^ signal_input (in)
                                                         signal_input (net)
                      0.011796    0.004825    0.004825 ^ clkbuf_regs_0_signal_clock/I (gf180mcu_fd_sc_mcu7t5v0__clkbuf_16)
     1    0.023210    0.163063    0.371652    0.376477 ^ clkbuf_regs_0_signal_clock/Z (gf180mcu_fd_sc_mcu7t5v0__clkbuf_16)
                                                         signal_input_regs (net)
                      0.163063    0.000235    0.376712 ^ clkbuf_0_signal_input_regs/I (gf180mcu_fd_sc_mcu7t5v0__clkbuf_16)
     2    0.046790    0.199672    0.432277    0.808989 ^ clkbuf_0_signal_input_regs/Z (gf180mcu_fd_sc_mcu7t5v0__clkbuf_16)
                                                         clknet_0_signal_input_regs (net)
                      0.199672    0.000425    0.809413 ^ clkbuf_1_0__f_signal_input_regs/I (gf180mcu_fd_sc_mcu7t5v0__clkbuf_16)
    10    0.055884    0.213331    0.450520    1.259933 ^ clkbuf_1_0__f_signal_input_regs/Z (gf180mcu_fd_sc_mcu7t5v0__clkbuf_16)
                                                         clknet_1_0__leaf_signal_input_regs (net)
                      0.213337    0.002056    1.261989 ^ _1362_/CLK (gf180mcu_fd_sc_mcu7t5v0__dffq_1)
     4    0.037676    0.670495    1.574499    2.836488 v _1362_/Q (gf180mcu_fd_sc_mcu7t5v0__dffq_1)
                                                         measurement_pulse_done_internal_flag (net)
                      0.670495    0.000424    2.836912 v _0660_/I (gf180mcu_fd_sc_mcu7t5v0__clkinv_1)
     5    0.026184    0.811629    0.664254    3.501165 ^ _0660_/ZN (gf180mcu_fd_sc_mcu7t5v0__clkinv_1)
                                                         _0181_ (net)
                      0.811629    0.000276    3.501441 ^ _0989_/A4 (gf180mcu_fd_sc_mcu7t5v0__and4_1)
     4    0.017807    0.731912    1.226711    4.728152 ^ _0989_/Z (gf180mcu_fd_sc_mcu7t5v0__and4_1)
                                                         _0415_ (net)
                      0.731912    0.000230    4.728382 ^ _0997_/A4 (gf180mcu_fd_sc_mcu7t5v0__and4_1)
     5    0.026616    0.929315    1.379419    6.107800 ^ _0997_/Z (gf180mcu_fd_sc_mcu7t5v0__and4_1)
                                                         _0420_ (net)
                      0.929315    0.000521    6.108322 ^ _1002_/A3 (gf180mcu_fd_sc_mcu7t5v0__and3_1)
     5    0.027146    0.894507    1.178710    7.287032 ^ _1002_/Z (gf180mcu_fd_sc_mcu7t5v0__and3_1)
                                                         _0423_ (net)
                      0.894507    0.000568    7.287599 ^ _1008_/A3 (gf180mcu_fd_sc_mcu7t5v0__and3_1)
     4    0.021200    0.747621    1.080537    8.368136 ^ _1008_/Z (gf180mcu_fd_sc_mcu7t5v0__and3_1)
                                                         _0427_ (net)
                      0.747621    0.000327    8.368464 ^ _1016_/A4 (gf180mcu_fd_sc_mcu7t5v0__and4_1)
     5    0.032482    1.073174    1.478592    9.847055 ^ _1016_/Z (gf180mcu_fd_sc_mcu7t5v0__and4_1)
                                                         _0432_ (net)
                      1.073174    0.000813    9.847869 ^ _1022_/A3 (gf180mcu_fd_sc_mcu7t5v0__and3_1)
     3    0.015996    0.632631    0.995363   10.843231 ^ _1022_/Z (gf180mcu_fd_sc_mcu7t5v0__and3_1)
                                                         _0436_ (net)
                      0.632631    0.000107   10.843339 ^ _1024_/A2 (gf180mcu_fd_sc_mcu7t5v0__and2_1)
     3    0.017200    0.591659    0.778141   11.621480 ^ _1024_/Z (gf180mcu_fd_sc_mcu7t5v0__and2_1)
                                                         _0437_ (net)
                      0.591659    0.000252   11.621733 ^ _1027_/A2 (gf180mcu_fd_sc_mcu7t5v0__oai21_1)
     1    0.005992    0.528602    0.329284   11.951016 v _1027_/ZN (gf180mcu_fd_sc_mcu7t5v0__oai21_1)
                                                         _0439_ (net)
                      0.528602    0.000075   11.951091 v _1028_/B (gf180mcu_fd_sc_mcu7t5v0__aoi21_1)
     1    0.003714    0.570335    0.513141   12.464231 ^ _1028_/ZN (gf180mcu_fd_sc_mcu7t5v0__aoi21_1)
                                                         _0109_ (net)
                      0.570335    0.000072   12.464304 ^ _1378_/D (gf180mcu_fd_sc_mcu7t5v0__dffq_1)
                                             12.464304   data arrival time

                               4000.000000 4000.000000   clock signal_clock (rise edge)
                                  0.000000 4000.000000   clock source latency
     2    0.075511    0.000000    0.000000 4000.000000 ^ signal_input (in)
                                                         signal_input (net)
                      0.011796    0.005002 4000.005127 ^ clkbuf_regs_0_signal_clock/I (gf180mcu_fd_sc_mcu7t5v0__clkbuf_16)
     1    0.023210    0.163063    0.371529 4000.376709 ^ clkbuf_regs_0_signal_clock/Z (gf180mcu_fd_sc_mcu7t5v0__clkbuf_16)
                                                         signal_input_regs (net)
                      0.163063    0.000000 4000.376709 ^ clkbuf_0_signal_input_regs/I (gf180mcu_fd_sc_mcu7t5v0__clkbuf_16)
     2    0.046790    0.199672    0.432465 4000.809082 ^ clkbuf_0_signal_input_regs/Z (gf180mcu_fd_sc_mcu7t5v0__clkbuf_16)
                                                         clknet_0_signal_input_regs (net)
                      0.199672    0.000455 4000.809570 ^ clkbuf_1_1__f_signal_input_regs/I (gf180mcu_fd_sc_mcu7t5v0__clkbuf_16)
     9    0.052213    0.207883    0.446562 4001.256104 ^ clkbuf_1_1__f_signal_input_regs/Z (gf180mcu_fd_sc_mcu7t5v0__clkbuf_16)
                                                         clknet_1_1__leaf_signal_input_regs (net)
                      0.207884    0.000909 4001.257080 ^ _1378_/CLK (gf180mcu_fd_sc_mcu7t5v0__dffq_1)
                                  0.000000 4001.257080   clock reconvergence pessimism
                                 -0.504292 4000.752686   library setup time
                                           4000.752686   data required time
---------------------------------------------------------------------------------------------
                                           4000.752686   data required time
                                            -12.464304   data arrival time
---------------------------------------------------------------------------------------------
                                           3988.288574   slack (MET)


Startpoint: CYC_I (input port clocked by system_clock)
Endpoint: _1306_ (rising edge-triggered flip-flop clocked by system_clock)
Path Group: system_clock
Path Type: max

Fanout         Cap        Slew       Delay        Time   Description
---------------------------------------------------------------------------------------------
                                  0.000000    0.000000   clock system_clock (rise edge)
                                  0.000000    0.000000   clock network delay (propagated)
                                 20.000000   20.000000 v input external delay
     1    0.006823    0.000000    0.000000   20.000000 v CYC_I (in)
                                                         CYC_I (net)
                      0.000188    0.000076   20.000076 v input9/I (gf180mcu_fd_sc_mcu7t5v0__dlyb_1)
     2    0.017797    0.589467    2.029550   22.029627 v input9/Z (gf180mcu_fd_sc_mcu7t5v0__dlyb_1)
                                                         net9 (net)
                      0.589467    0.000501   22.030128 v _0685_/A2 (gf180mcu_fd_sc_mcu7t5v0__nand2_1)
     3    0.024743    0.899843    0.713200   22.743328 ^ _0685_/ZN (gf180mcu_fd_sc_mcu7t5v0__nand2_1)
                                                         _0206_ (net)
                      0.899843    0.000306   22.743633 ^ _0686_/A2 (gf180mcu_fd_sc_mcu7t5v0__nor2_1)
     3    0.023018    0.984235    0.631102   23.374735 v _0686_/ZN (gf180mcu_fd_sc_mcu7t5v0__nor2_1)
                                                         _0207_ (net)
                      0.984235    0.000430   23.375166 v _0741_/B (gf180mcu_fd_sc_mcu7t5v0__aoi21_1)
     2    0.010803    0.978327    0.811554   24.186720 ^ _0741_/ZN (gf180mcu_fd_sc_mcu7t5v0__aoi21_1)
                                                         _0243_ (net)
                      0.978327    0.000137   24.186855 ^ _0751_/A1 (gf180mcu_fd_sc_mcu7t5v0__nand2_1)
     2    0.012705    0.577736    0.434785   24.621641 v _0751_/ZN (gf180mcu_fd_sc_mcu7t5v0__nand2_1)
                                                         _0251_ (net)
                      0.577736    0.000130   24.621771 v _0752_/A2 (gf180mcu_fd_sc_mcu7t5v0__nor2_2)
    23    0.177542    4.818158    2.924518   27.546288 ^ _0752_/ZN (gf180mcu_fd_sc_mcu7t5v0__nor2_2)
                                                         _0252_ (net)
                      4.818213    0.009171   27.555460 ^ max_cap42/I (gf180mcu_fd_sc_mcu7t5v0__buf_8)
    26    0.179057    0.719636    0.686304   28.241764 ^ max_cap42/Z (gf180mcu_fd_sc_mcu7t5v0__buf_8)
                                                         net42 (net)
                      0.719692    0.009484   28.251247 ^ _0801_/A2 (gf180mcu_fd_sc_mcu7t5v0__oai21_1)
     1    0.007353    0.459408    0.366850   28.618097 v _0801_/ZN (gf180mcu_fd_sc_mcu7t5v0__oai21_1)
                                                         _0285_ (net)
                      0.459408    0.000167   28.618263 v _0802_/A2 (gf180mcu_fd_sc_mcu7t5v0__nor2_1)
     1    0.007903    0.643149    0.501227   29.119492 ^ _0802_/ZN (gf180mcu_fd_sc_mcu7t5v0__nor2_1)
                                                         _0037_ (net)
                      0.643149    0.000201   29.119692 ^ hold110/I (gf180mcu_fd_sc_mcu7t5v0__dlyc_1)
     1    0.003124    0.262939    3.054739   32.174431 ^ hold110/Z (gf180mcu_fd_sc_mcu7t5v0__dlyc_1)
                                                         net110 (net)
                      0.262939    0.000032   32.174461 ^ _1306_/D (gf180mcu_fd_sc_mcu7t5v0__dffq_1)
                                             32.174461   data arrival time

                                100.000000  100.000000   clock system_clock (rise edge)
                                  0.000000  100.000000   clock source latency
     1    0.044144    0.000000    0.000000  100.000000 ^ CLK_I (in)
                                                         CLK_I (net)
                      0.004741    0.001940  100.001938 ^ clkbuf_0_CLK_I/I (gf180mcu_fd_sc_mcu7t5v0__clkbuf_16)
    16    0.249599    0.511445    0.615088  100.617027 ^ clkbuf_0_CLK_I/Z (gf180mcu_fd_sc_mcu7t5v0__clkbuf_16)
                                                         clknet_0_CLK_I (net)
                      0.511478    0.006175  100.623199 ^ clkbuf_4_1_0_CLK_I/I (gf180mcu_fd_sc_mcu7t5v0__clkbuf_8)
    12    0.055583    0.293279    0.573770  101.196968 ^ clkbuf_4_1_0_CLK_I/Z (gf180mcu_fd_sc_mcu7t5v0__clkbuf_8)
                                                         clknet_4_1_0_CLK_I (net)
                      0.293279    0.000384  101.197357 ^ _1306_/CLK (gf180mcu_fd_sc_mcu7t5v0__dffq_1)
                                 -0.500000  100.697350   clock uncertainty
                                  0.000000  100.697350   clock reconvergence pessimism
                                 -0.435377  100.261971   library setup time
                                            100.261971   data required time
---------------------------------------------------------------------------------------------
                                            100.261971   data required time
                                            -32.174461   data arrival time
---------------------------------------------------------------------------------------------
                                             68.087509   slack (MET)




===========================================================================
report_checks --slack_max -0.01
============================================================================
======================= nom_ss_125C_4v50 Corner ===================================

No paths found.


===========================================================================
 report_check_types -max_slew -max_cap -max_fanout -violators
============================================================================
======================= nom_ss_125C_4v50 Corner ===================================

max slew

Pin                                        Limit        Slew       Slack
------------------------------------------------------------------------
_1049__62/I                             7.000000    9.396813   -2.396813 (VIOLATED)
_1055_/A2                               7.000000    9.396813   -2.396813 (VIOLATED)
_1063_/A2                               7.000000    9.396813   -2.396813 (VIOLATED)
_1059_/A2                               7.000000    9.396811   -2.396811 (VIOLATED)
_1067_/A2                               7.000000    9.396809   -2.396809 (VIOLATED)
_1071_/A2                               7.000000    9.396808   -2.396808 (VIOLATED)
_1074_/A2                               7.000000    9.396809   -2.396809 (VIOLATED)
_1078_/A2                               7.000000    9.396805   -2.396805 (VIOLATED)
_1082_/A2                               7.000000    9.396802   -2.396802 (VIOLATED)
_1048_/ZN                               7.000000    9.396769   -2.396769 (VIOLATED)
_1085_/A2                               7.000000    9.396769   -2.396769 (VIOLATED)
_1090_/A2                               7.000000    9.396769   -2.396769 (VIOLATED)
_1094_/A2                               7.000000    9.396769   -2.396769 (VIOLATED)
_1098_/A2                               7.000000    9.396769   -2.396769 (VIOLATED)
_1102_/A2                               7.000000    9.396769   -2.396769 (VIOLATED)
_1106_/A2                               7.000000    9.396769   -2.396769 (VIOLATED)
_1109_/A2                               7.000000    9.396769   -2.396769 (VIOLATED)
_1114_/A2                               7.000000    9.396769   -2.396769 (VIOLATED)
_1118_/A2                               7.000000    9.396769   -2.396769 (VIOLATED)
_1122_/A2                               7.000000    9.396769   -2.396769 (VIOLATED)
_1125_/A2                               7.000000    9.396769   -2.396769 (VIOLATED)
_1127_/A3                               7.000000    9.396769   -2.396769 (VIOLATED)
_1128_/A3                               7.000000    9.396769   -2.396769 (VIOLATED)
_1129_/A3                               7.000000    9.396769   -2.396769 (VIOLATED)
_1130_/A3                               7.000000    9.396769   -2.396769 (VIOLATED)

max capacitance

Pin                                        Limit         Cap       Slack
------------------------------------------------------------------------
_1048_/ZN                               0.120800    0.172676   -0.051876 (VIOLATED)



===========================================================================
report_parasitic_annotation -report_unannotated
============================================================================
Found 16 unannotated drivers.
 ext_rst_i
 clkload0/Z
 clkload1/ZN
 clkload10/ZN
 clkload11/ZN
 clkload12/ZN
 clkload13/ZN
 clkload14/ZN
 clkload2/Z
 clkload3/Z
 clkload4/Z
 clkload5/Z
 clkload6/ZN
 clkload7/ZN
 clkload8/ZN
 clkload9/ZN
Found 0 partially unannotated drivers.

===========================================================================
max slew violation count 25
max fanout violation count 0
max cap violation count 1
============================================================================

===========================================================================
check_setup -verbose -unconstrained_endpoints -multiple_clock -no_clock -no_input_delay -loops -generated_clocks
===========================================================================
