Clock: system_clock
Sources: CLK_I 
Generated: no
Virtual: yes
Propagated: no
Period: 100.000000

===========================================================================
report_clock_properties
============================================================================
Clock                   Period          Waveform
----------------------------------------------------
system_clock        100.000000    0.000000 50.000000

===========================================================================
report_clock_latency
============================================================================
Clock system_clock
rise -> rise
    min     max
0.000000 0.000000 source latency
0.597916         network latency _827_/CLK
        0.602832 network latency _882_/CLK
---------------
0.597916 0.602832 latency
        0.004915 skew

fall -> fall
    min     max
0.000000 0.000000 source latency
0.602128         network latency _827_/CLK
        0.607475 network latency _882_/CLK
---------------
0.602128 0.607475 latency
        0.005347 skew



===========================================================================
report_clock_min_period
============================================================================
system_clock period_min = 7.08 fmax = 141.28
