
===========================================================================
report_checks -unconstrained
===========================================================================
======================= nom_ss_125C_4v50 Corner ===================================

Startpoint: RST_I (input port clocked by system_clock)
Endpoint: _879_ (rising edge-triggered flip-flop clocked by system_clock)
Path Group: system_clock
Path Type: max

Fanout         Cap        Slew       Delay        Time   Description
---------------------------------------------------------------------------------------------
                                  0.000000    0.000000   clock system_clock (rise edge)
                                  0.000000    0.000000   clock network delay (propagated)
                                 20.000000   20.000000 ^ input external delay
     1    0.009393    0.000000    0.000000   20.000000 ^ RST_I (in)
                                                         RST_I (net)
                      0.000337    0.000137   20.000137 ^ input10/I (gf180mcu_fd_sc_mcu7t5v0__dlyb_1)
    31    0.256487    7.043071    5.572092   25.572229 ^ input10/Z (gf180mcu_fd_sc_mcu7t5v0__dlyb_1)
                                                         net10 (net)
                      7.043187    0.016213   25.588442 ^ _430_/I (gf180mcu_fd_sc_mcu7t5v0__clkinv_1)
    16    0.126868    4.458685    3.653799   29.242241 v _430_/ZN (gf180mcu_fd_sc_mcu7t5v0__clkinv_1)
                                                         _103_ (net)
                      4.458761    0.010447   29.252687 v _491_/A1 (gf180mcu_fd_sc_mcu7t5v0__nand2_1)
     2    0.010714    1.148971    1.186875   30.439564 ^ _491_/ZN (gf180mcu_fd_sc_mcu7t5v0__nand2_1)
                                                         _155_ (net)
                      1.148971    0.000103   30.439667 ^ _502_/C (gf180mcu_fd_sc_mcu7t5v0__aoi211_1)
     5    0.037347    1.678928    1.145889   31.585554 v _502_/ZN (gf180mcu_fd_sc_mcu7t5v0__aoi211_1)
                                                         _166_ (net)
                      1.678928    0.000547   31.586102 v _505_/B (gf180mcu_fd_sc_mcu7t5v0__oai211_1)
     8    0.099819    5.548188    2.756270   34.342373 ^ _505_/ZN (gf180mcu_fd_sc_mcu7t5v0__oai211_1)
                                                         _169_ (net)
                      5.548188    0.002728   34.345100 ^ _534_/B1 (gf180mcu_fd_sc_mcu7t5v0__aoi22_1)
     1    0.004197    1.494851    0.511395   34.856495 v _534_/ZN (gf180mcu_fd_sc_mcu7t5v0__aoi22_1)
                                                         _013_ (net)
                      1.494851    0.000085   34.856583 v _879_/D (gf180mcu_fd_sc_mcu7t5v0__dffq_1)
                                             34.856583   data arrival time

                                100.000000  100.000000   clock system_clock (rise edge)
                                  0.000000  100.000000   clock source latency
     1    0.040223    0.000000    0.000000  100.000000 ^ CLK_I (in)
                                                         CLK_I (net)
                      0.004581    0.001876  100.001869 ^ clkbuf_0_CLK_I/I (gf180mcu_fd_sc_mcu7t5v0__clkbuf_16)
     8    0.203823    0.441947    0.570495  100.572365 ^ clkbuf_0_CLK_I/Z (gf180mcu_fd_sc_mcu7t5v0__clkbuf_16)
                                                         clknet_0_CLK_I (net)
                      0.441956    0.003148  100.575516 ^ clkbuf_3_6__f_CLK_I/I (gf180mcu_fd_sc_mcu7t5v0__clkbuf_16)
    13    0.086213    0.260268    0.542052  101.117569 ^ clkbuf_3_6__f_CLK_I/Z (gf180mcu_fd_sc_mcu7t5v0__clkbuf_16)
                                                         clknet_3_6__leaf_CLK_I (net)
                      0.260270    0.001506  101.119072 ^ _879_/CLK (gf180mcu_fd_sc_mcu7t5v0__dffq_1)
                                 -0.500000  100.619072   clock uncertainty
                                  0.000000  100.619072   clock reconvergence pessimism
                                 -0.898525   99.720551   library setup time
                                             99.720551   data required time
---------------------------------------------------------------------------------------------
                                             99.720551   data required time
                                            -34.856583   data arrival time
---------------------------------------------------------------------------------------------
                                             64.863968   slack (MET)




===========================================================================
report_checks --slack_max -0.01
============================================================================
======================= nom_ss_125C_4v50 Corner ===================================

No paths found.


===========================================================================
 report_check_types -max_slew -max_cap -max_fanout -violators
============================================================================
======================= nom_ss_125C_4v50 Corner ===================================

max slew

Pin                                        Limit        Slew       Slack
------------------------------------------------------------------------
_775_/ZN                                7.000000    7.259635   -0.259635 (VIOLATED)
_776_/B1                                7.000000    7.259635   -0.259635 (VIOLATED)
_778_/B1                                7.000000    7.259635   -0.259635 (VIOLATED)
_780_/B1                                7.000000    7.259635   -0.259635 (VIOLATED)
_782_/B1                                7.000000    7.259635   -0.259635 (VIOLATED)
_784_/B1                                7.000000    7.259635   -0.259635 (VIOLATED)
_786_/B1                                7.000000    7.259635   -0.259635 (VIOLATED)
_788_/B1                                7.000000    7.259635   -0.259635 (VIOLATED)
_790_/B1                                7.000000    7.259635   -0.259635 (VIOLATED)
_793_/A2                                7.000000    7.259635   -0.259635 (VIOLATED)
_795_/A2                                7.000000    7.259635   -0.259635 (VIOLATED)
_797_/A2                                7.000000    7.259635   -0.259635 (VIOLATED)
_799_/A2                                7.000000    7.259635   -0.259635 (VIOLATED)
_801_/A2                                7.000000    7.259635   -0.259635 (VIOLATED)
_803_/A2                                7.000000    7.259635   -0.259635 (VIOLATED)
_805_/A2                                7.000000    7.259635   -0.259635 (VIOLATED)
_807_/A2                                7.000000    7.259635   -0.259635 (VIOLATED)
_811_/A2                                7.000000    7.259635   -0.259635 (VIOLATED)
_806_/A1                                7.000000    7.043194   -0.043194 (VIOLATED)
_812_/A1                                7.000000    7.043194   -0.043194 (VIOLATED)
_802_/A1                                7.000000    7.043194   -0.043194 (VIOLATED)
_773_/A2                                7.000000    7.043189   -0.043189 (VIOLATED)
_430_/I                                 7.000000    7.043187   -0.043187 (VIOLATED)
_641_/B                                 7.000000    7.043177   -0.043177 (VIOLATED)
_808_/A1                                7.000000    7.043174   -0.043174 (VIOLATED)
_804_/A1                                7.000000    7.043173   -0.043173 (VIOLATED)
_796_/A1                                7.000000    7.043168   -0.043168 (VIOLATED)
_800_/A1                                7.000000    7.043167   -0.043167 (VIOLATED)
_798_/A1                                7.000000    7.043163   -0.043163 (VIOLATED)
_596_/A2                                7.000000    7.043156   -0.043156 (VIOLATED)
_600_/A2                                7.000000    7.043151   -0.043151 (VIOLATED)
_601_/B2                                7.000000    7.043150   -0.043150 (VIOLATED)
_794_/A1                                7.000000    7.043149   -0.043149 (VIOLATED)
_605_/B                                 7.000000    7.043132   -0.043133 (VIOLATED)
_603_/C                                 7.000000    7.043132   -0.043132 (VIOLATED)
_787_/A1                                7.000000    7.043115   -0.043115 (VIOLATED)
_789_/A1                                7.000000    7.043114   -0.043114 (VIOLATED)
_599_/A3                                7.000000    7.043071   -0.043071 (VIOLATED)
_679_/A1                                7.000000    7.043071   -0.043071 (VIOLATED)
_710_/A1                                7.000000    7.043071   -0.043071 (VIOLATED)
_712_/C                                 7.000000    7.043071   -0.043071 (VIOLATED)
_772_/A2                                7.000000    7.043071   -0.043071 (VIOLATED)
_777_/A1                                7.000000    7.043071   -0.043071 (VIOLATED)
_779_/A1                                7.000000    7.043071   -0.043071 (VIOLATED)
_781_/A1                                7.000000    7.043071   -0.043071 (VIOLATED)
_783_/A1                                7.000000    7.043071   -0.043071 (VIOLATED)
_785_/A1                                7.000000    7.043071   -0.043071 (VIOLATED)
_791_/A1                                7.000000    7.043071   -0.043071 (VIOLATED)
_810_/B                                 7.000000    7.043071   -0.043071 (VIOLATED)
input10/Z                               7.000000    7.043071   -0.043071 (VIOLATED)

max capacitance

Pin                                        Limit         Cap       Slack
------------------------------------------------------------------------
_775_/ZN                                0.120800    0.131989   -0.011189 (VIOLATED)
input10/Z                               0.246600    0.256487   -0.009887 (VIOLATED)



===========================================================================
report_parasitic_annotation -report_unannotated
============================================================================
Found 9 unannotated drivers.
 ERR_I
 RTY_I
 clkload0/ZN
 clkload1/ZN
 clkload2/ZN
 clkload3/ZN
 clkload4/ZN
 clkload5/ZN
 clkload6/ZN
Found 0 partially unannotated drivers.

===========================================================================
max slew violation count 50
max fanout violation count 0
max cap violation count 2
============================================================================

===========================================================================
check_setup -verbose -unconstrained_endpoints -multiple_clock -no_clock -no_input_delay -loops -generated_clocks
===========================================================================
