Clock: system_clock
Sources: CLK_I 
Generated: no
Virtual: yes
Propagated: no
Period: 100.000000

===========================================================================
report_clock_properties
============================================================================
Clock                   Period          Waveform
----------------------------------------------------
system_clock        100.000000    0.000000 50.000000

===========================================================================
report_clock_latency
============================================================================
Clock system_clock
rise -> rise
    min     max
0.000000 0.000000 source latency
1.090054         network latency _894_/CLK
        1.119525 network latency _825_/CLK
---------------
1.090054 1.119525 latency
        0.029471 skew

fall -> fall
    min     max
0.000000 0.000000 source latency
1.100130         network latency _894_/CLK
        1.131795 network latency _825_/CLK
---------------
1.100130 1.131795 latency
        0.031665 skew



===========================================================================
report_clock_min_period
============================================================================
system_clock period_min = 18.14 fmax = 55.12
