
===========================================================================
report_checks -unconstrained
===========================================================================
======================= nom_tt_025C_5v00 Corner ===================================

Startpoint: RST_I (input port clocked by system_clock)
Endpoint: _879_ (rising edge-triggered flip-flop clocked by system_clock)
Path Group: system_clock
Path Type: max

Fanout         Cap        Slew       Delay        Time   Description
---------------------------------------------------------------------------------------------
                                  0.000000    0.000000   clock system_clock (rise edge)
                                  0.000000    0.000000   clock network delay (propagated)
                                 20.000000   20.000000 ^ input external delay
     1    0.009373    0.000000    0.000000   20.000000 ^ RST_I (in)
                                                         RST_I (net)
                      0.000336    0.000137   20.000137 ^ input10/I (gf180mcu_fd_sc_mcu7t5v0__dlyb_1)
    31    0.253703    4.100945    3.161647   23.161785 ^ input10/Z (gf180mcu_fd_sc_mcu7t5v0__dlyb_1)
                                                         net10 (net)
                      4.101139    0.016037   23.177822 ^ _430_/I (gf180mcu_fd_sc_mcu7t5v0__clkinv_1)
    16    0.125330    2.558212    2.062894   25.240715 v _430_/ZN (gf180mcu_fd_sc_mcu7t5v0__clkinv_1)
                                                         _103_ (net)
                      2.558342    0.010324   25.251040 v _491_/A1 (gf180mcu_fd_sc_mcu7t5v0__nand2_1)
     2    0.010588    0.672646    0.669257   25.920296 ^ _491_/ZN (gf180mcu_fd_sc_mcu7t5v0__nand2_1)
                                                         _155_ (net)
                      0.672646    0.000103   25.920399 ^ _502_/C (gf180mcu_fd_sc_mcu7t5v0__aoi211_1)
     5    0.036973    0.943034    0.648067   26.568466 v _502_/ZN (gf180mcu_fd_sc_mcu7t5v0__aoi211_1)
                                                         _166_ (net)
                      0.943034    0.000542   26.569008 v _505_/B (gf180mcu_fd_sc_mcu7t5v0__oai211_1)
     8    0.097810    3.024362    1.554053   28.123060 ^ _505_/ZN (gf180mcu_fd_sc_mcu7t5v0__oai211_1)
                                                         _169_ (net)
                      3.024362    0.002673   28.125734 ^ _534_/B1 (gf180mcu_fd_sc_mcu7t5v0__aoi22_1)
     1    0.004208    0.867454    0.263166   28.388899 v _534_/ZN (gf180mcu_fd_sc_mcu7t5v0__aoi22_1)
                                                         _013_ (net)
                      0.867454    0.000085   28.388985 v _879_/D (gf180mcu_fd_sc_mcu7t5v0__dffq_1)
                                             28.388985   data arrival time

                                100.000000  100.000000   clock system_clock (rise edge)
                                  0.000000  100.000000   clock source latency
     1    0.039953    0.000000    0.000000  100.000000 ^ CLK_I (in)
                                                         CLK_I (net)
                      0.004542    0.001855  100.001854 ^ clkbuf_0_CLK_I/I (gf180mcu_fd_sc_mcu7t5v0__clkbuf_16)
     8    0.201663    0.250728    0.320512  100.322365 ^ clkbuf_0_CLK_I/Z (gf180mcu_fd_sc_mcu7t5v0__clkbuf_16)
                                                         clknet_0_CLK_I (net)
                      0.250745    0.003112  100.325478 ^ clkbuf_3_6__f_CLK_I/I (gf180mcu_fd_sc_mcu7t5v0__clkbuf_16)
    13    0.085677    0.146598    0.299934  100.625412 ^ clkbuf_3_6__f_CLK_I/Z (gf180mcu_fd_sc_mcu7t5v0__clkbuf_16)
                                                         clknet_3_6__leaf_CLK_I (net)
                      0.146603    0.001492  100.626900 ^ _879_/CLK (gf180mcu_fd_sc_mcu7t5v0__dffq_1)
                                 -0.500000  100.126900   clock uncertainty
                                  0.000000  100.126900   clock reconvergence pessimism
                                 -0.483994   99.642906   library setup time
                                             99.642906   data required time
---------------------------------------------------------------------------------------------
                                             99.642906   data required time
                                            -28.388985   data arrival time
---------------------------------------------------------------------------------------------
                                             71.253922   slack (MET)




===========================================================================
report_checks --slack_max -0.01
============================================================================
======================= nom_tt_025C_5v00 Corner ===================================

No paths found.


===========================================================================
 report_check_types -max_slew -max_cap -max_fanout -violators
============================================================================
======================= nom_tt_025C_5v00 Corner ===================================

max slew

Pin                                        Limit        Slew       Slack
------------------------------------------------------------------------
_806_/A1                                4.000000    4.101151   -0.101151 (VIOLATED)
_812_/A1                                4.000000    4.101151   -0.101151 (VIOLATED)
_802_/A1                                4.000000    4.101150   -0.101150 (VIOLATED)
_773_/A2                                4.000000    4.101141   -0.101141 (VIOLATED)
_430_/I                                 4.000000    4.101139   -0.101139 (VIOLATED)
_641_/B                                 4.000000    4.101121   -0.101121 (VIOLATED)
_808_/A1                                4.000000    4.101117   -0.101116 (VIOLATED)
_804_/A1                                4.000000    4.101115   -0.101115 (VIOLATED)
_796_/A1                                4.000000    4.101106   -0.101106 (VIOLATED)
_800_/A1                                4.000000    4.101106   -0.101106 (VIOLATED)
_798_/A1                                4.000000    4.101099   -0.101099 (VIOLATED)
_596_/A2                                4.000000    4.101086   -0.101086 (VIOLATED)
_600_/A2                                4.000000    4.101079   -0.101079 (VIOLATED)
_601_/B2                                4.000000    4.101078   -0.101077 (VIOLATED)
_794_/A1                                4.000000    4.101076   -0.101076 (VIOLATED)
_605_/B                                 4.000000    4.101048   -0.101048 (VIOLATED)
_603_/C                                 4.000000    4.101046   -0.101046 (VIOLATED)
_787_/A1                                4.000000    4.101019   -0.101019 (VIOLATED)
_789_/A1                                4.000000    4.101017   -0.101017 (VIOLATED)
_781_/A1                                4.000000    4.100970   -0.100970 (VIOLATED)
_772_/A2                                4.000000    4.100958   -0.100958 (VIOLATED)
_599_/A3                                4.000000    4.100945   -0.100945 (VIOLATED)
_679_/A1                                4.000000    4.100945   -0.100945 (VIOLATED)
_710_/A1                                4.000000    4.100945   -0.100945 (VIOLATED)
_712_/C                                 4.000000    4.100945   -0.100945 (VIOLATED)
_777_/A1                                4.000000    4.100945   -0.100945 (VIOLATED)
_779_/A1                                4.000000    4.100945   -0.100945 (VIOLATED)
_783_/A1                                4.000000    4.100945   -0.100945 (VIOLATED)
_785_/A1                                4.000000    4.100945   -0.100945 (VIOLATED)
_791_/A1                                4.000000    4.100945   -0.100945 (VIOLATED)
_810_/B                                 4.000000    4.100945   -0.100945 (VIOLATED)
input10/Z                               4.000000    4.100945   -0.100945 (VIOLATED)

max capacitance

Pin                                        Limit         Cap       Slack
------------------------------------------------------------------------
input10/Z                               0.239200    0.253703   -0.014503 (VIOLATED)
_775_/ZN                                0.124200    0.130043   -0.005843 (VIOLATED)



===========================================================================
report_parasitic_annotation -report_unannotated
============================================================================
Found 9 unannotated drivers.
 ERR_I
 RTY_I
 clkload0/ZN
 clkload1/ZN
 clkload2/ZN
 clkload3/ZN
 clkload4/ZN
 clkload5/ZN
 clkload6/ZN
Found 0 partially unannotated drivers.

===========================================================================
max slew violation count 32
max fanout violation count 0
max cap violation count 2
============================================================================

===========================================================================
check_setup -verbose -unconstrained_endpoints -multiple_clock -no_clock -no_input_delay -loops -generated_clocks
===========================================================================
