Clock: system_clock
Sources: CLK_I 
Generated: no
Virtual: yes
Propagated: no
Period: 100.000000

===========================================================================
report_clock_properties
============================================================================
Clock                   Period          Waveform
----------------------------------------------------
system_clock        100.000000    0.000000 50.000000

===========================================================================
report_clock_latency
============================================================================
Clock system_clock
rise -> rise
    min     max
0.000000 0.000000 source latency
0.609984         network latency _894_/CLK
        0.627350 network latency _825_/CLK
---------------
0.609984 0.627350 latency
        0.017366 skew

fall -> fall
    min     max
0.000000 0.000000 source latency
0.615248         network latency _894_/CLK
        0.634000 network latency _825_/CLK
---------------
0.615248 0.634000 latency
        0.018751 skew



===========================================================================
report_clock_min_period
============================================================================
system_clock period_min = 10.34 fmax = 96.69
