
===========================================================================
report_checks -unconstrained
===========================================================================
======================= nom_tt_025C_5v00 Corner ===================================

Startpoint: _1362_ (rising edge-triggered flip-flop clocked by signal_clock)
Endpoint: _1378_ (rising edge-triggered flip-flop clocked by signal_clock)
Path Group: signal_clock
Path Type: max

Fanout         Cap        Slew       Delay        Time   Description
---------------------------------------------------------------------------------------------
                                  0.000000    0.000000   clock signal_clock (rise edge)
                                  0.000000    0.000000   clock source latency
     2    0.062181    0.000000    0.000000    0.000000 ^ signal_input (in)
                                                         signal_input (net)
                      0.006104    0.002497    0.002497 ^ clkbuf_regs_0_signal_clock/I (gf180mcu_fd_sc_mcu7t5v0__clkbuf_16)
     1    0.022996    0.090996    0.208673    0.211169 ^ clkbuf_regs_0_signal_clock/Z (gf180mcu_fd_sc_mcu7t5v0__clkbuf_16)
                                                         signal_input_regs (net)
                      0.090996    0.000054    0.211224 ^ clkbuf_0_signal_input_regs/I (gf180mcu_fd_sc_mcu7t5v0__clkbuf_16)
     2    0.046123    0.111758    0.240113    0.451337 ^ clkbuf_0_signal_input_regs/Z (gf180mcu_fd_sc_mcu7t5v0__clkbuf_16)
                                                         clknet_0_signal_input_regs (net)
                      0.111758    0.000165    0.451502 ^ clkbuf_1_0__f_signal_input_regs/I (gf180mcu_fd_sc_mcu7t5v0__clkbuf_16)
    10    0.046417    0.111975    0.244335    0.695837 ^ clkbuf_1_0__f_signal_input_regs/Z (gf180mcu_fd_sc_mcu7t5v0__clkbuf_16)
                                                         clknet_1_0__leaf_signal_input_regs (net)
                      0.111977    0.000945    0.696782 ^ _1362_/CLK (gf180mcu_fd_sc_mcu7t5v0__dffq_1)
     4    0.025719    0.291982    0.791583    1.488365 v _1362_/Q (gf180mcu_fd_sc_mcu7t5v0__dffq_1)
                                                         measurement_pulse_done_internal_flag (net)
                      0.291982    0.000031    1.488396 v _0660_/I (gf180mcu_fd_sc_mcu7t5v0__clkinv_1)
     5    0.020800    0.394912    0.305195    1.793592 ^ _0660_/ZN (gf180mcu_fd_sc_mcu7t5v0__clkinv_1)
                                                         _0181_ (net)
                      0.394912    0.000008    1.793600 ^ _0989_/A4 (gf180mcu_fd_sc_mcu7t5v0__and4_1)
     4    0.015908    0.375370    0.613533    2.407133 ^ _0989_/Z (gf180mcu_fd_sc_mcu7t5v0__and4_1)
                                                         _0415_ (net)
                      0.375370    0.000071    2.407203 ^ _0997_/A4 (gf180mcu_fd_sc_mcu7t5v0__and4_1)
     5    0.022925    0.482890    0.684303    3.091506 ^ _0997_/Z (gf180mcu_fd_sc_mcu7t5v0__and4_1)
                                                         _0420_ (net)
                      0.482890    0.000075    3.091582 ^ _1002_/A3 (gf180mcu_fd_sc_mcu7t5v0__and3_1)
     5    0.023325    0.467560    0.590759    3.682341 ^ _1002_/Z (gf180mcu_fd_sc_mcu7t5v0__and3_1)
                                                         _0423_ (net)
                      0.467560    0.000051    3.682392 ^ _1008_/A3 (gf180mcu_fd_sc_mcu7t5v0__and3_1)
     4    0.016618    0.364254    0.525020    4.207412 ^ _1008_/Z (gf180mcu_fd_sc_mcu7t5v0__and3_1)
                                                         _0427_ (net)
                      0.364254    0.000036    4.207448 ^ _1016_/A4 (gf180mcu_fd_sc_mcu7t5v0__and4_1)
     5    0.024940    0.512687    0.703801    4.911248 ^ _1016_/Z (gf180mcu_fd_sc_mcu7t5v0__and4_1)
                                                         _0432_ (net)
                      0.512687    0.000131    4.911378 ^ _1022_/A3 (gf180mcu_fd_sc_mcu7t5v0__and3_1)
     3    0.013444    0.315422    0.494492    5.405870 ^ _1022_/Z (gf180mcu_fd_sc_mcu7t5v0__and3_1)
                                                         _0436_ (net)
                      0.315422    0.000013    5.405883 ^ _1024_/A2 (gf180mcu_fd_sc_mcu7t5v0__and2_1)
     3    0.015256    0.319412    0.401905    5.807789 ^ _1024_/Z (gf180mcu_fd_sc_mcu7t5v0__and2_1)
                                                         _0437_ (net)
                      0.319412    0.000018    5.807806 ^ _1027_/A2 (gf180mcu_fd_sc_mcu7t5v0__oai21_1)
     1    0.004769    0.267034    0.163961    5.971767 v _1027_/ZN (gf180mcu_fd_sc_mcu7t5v0__oai21_1)
                                                         _0439_ (net)
                      0.267034    0.000014    5.971781 v _1028_/B (gf180mcu_fd_sc_mcu7t5v0__aoi21_1)
     1    0.003015    0.294469    0.256243    6.228024 ^ _1028_/ZN (gf180mcu_fd_sc_mcu7t5v0__aoi21_1)
                                                         _0109_ (net)
                      0.294469    0.000007    6.228031 ^ _1378_/D (gf180mcu_fd_sc_mcu7t5v0__dffq_1)
                                              6.228031   data arrival time

                               4000.000000 4000.000000   clock signal_clock (rise edge)
                                  0.000000 4000.000000   clock source latency
     2    0.062181    0.000000    0.000000 4000.000000 ^ signal_input (in)
                                                         signal_input (net)
                      0.006104    0.002274 4000.002441 ^ clkbuf_regs_0_signal_clock/I (gf180mcu_fd_sc_mcu7t5v0__clkbuf_16)
     1    0.022996    0.090996    0.208729 4000.211182 ^ clkbuf_regs_0_signal_clock/Z (gf180mcu_fd_sc_mcu7t5v0__clkbuf_16)
                                                         signal_input_regs (net)
                      0.090996    0.000000 4000.211182 ^ clkbuf_0_signal_input_regs/I (gf180mcu_fd_sc_mcu7t5v0__clkbuf_16)
     2    0.046123    0.111758    0.240561 4000.451660 ^ clkbuf_0_signal_input_regs/Z (gf180mcu_fd_sc_mcu7t5v0__clkbuf_16)
                                                         clknet_0_signal_input_regs (net)
                      0.111758    0.000000 4000.451660 ^ clkbuf_1_1__f_signal_input_regs/I (gf180mcu_fd_sc_mcu7t5v0__clkbuf_16)
     9    0.040970    0.107309    0.241016 4000.692627 ^ clkbuf_1_1__f_signal_input_regs/Z (gf180mcu_fd_sc_mcu7t5v0__clkbuf_16)
                                                         clknet_1_1__leaf_signal_input_regs (net)
                      0.107309    0.000000 4000.692627 ^ _1378_/CLK (gf180mcu_fd_sc_mcu7t5v0__dffq_1)
                                  0.000000 4000.692627   clock reconvergence pessimism
                                 -0.237015 4000.455811   library setup time
                                           4000.455811   data required time
---------------------------------------------------------------------------------------------
                                           4000.455811   data required time
                                             -6.228031   data arrival time
---------------------------------------------------------------------------------------------
                                           3994.227539   slack (MET)


Startpoint: CYC_I (input port clocked by system_clock)
Endpoint: _1306_ (rising edge-triggered flip-flop clocked by system_clock)
Path Group: system_clock
Path Type: max

Fanout         Cap        Slew       Delay        Time   Description
---------------------------------------------------------------------------------------------
                                  0.000000    0.000000   clock system_clock (rise edge)
                                  0.000000    0.000000   clock network delay (propagated)
                                 20.000000   20.000000 v input external delay
     1    0.004740    0.000000    0.000000   20.000000 v CYC_I (in)
                                                         CYC_I (net)
                      0.000053    0.000021   20.000021 v input9/I (gf180mcu_fd_sc_mcu7t5v0__dlyb_1)
     2    0.011652    0.273523    1.010381   21.010403 v input9/Z (gf180mcu_fd_sc_mcu7t5v0__dlyb_1)
                                                         net9 (net)
                      0.273523    0.000089   21.010492 v _0685_/A2 (gf180mcu_fd_sc_mcu7t5v0__nand2_1)
     3    0.017326    0.408634    0.316732   21.327223 ^ _0685_/ZN (gf180mcu_fd_sc_mcu7t5v0__nand2_1)
                                                         _0206_ (net)
                      0.408634    0.000037   21.327261 ^ _0686_/A2 (gf180mcu_fd_sc_mcu7t5v0__nor2_1)
     3    0.016659    0.455902    0.281540   21.608801 v _0686_/ZN (gf180mcu_fd_sc_mcu7t5v0__nor2_1)
                                                         _0207_ (net)
                      0.455902    0.000082   21.608883 v _0741_/B (gf180mcu_fd_sc_mcu7t5v0__aoi21_1)
     2    0.010004    0.511240    0.406970   22.015852 ^ _0741_/ZN (gf180mcu_fd_sc_mcu7t5v0__aoi21_1)
                                                         _0243_ (net)
                      0.511240    0.000014   22.015867 ^ _0751_/A1 (gf180mcu_fd_sc_mcu7t5v0__nand2_1)
     2    0.012178    0.307377    0.226706   22.242573 v _0751_/ZN (gf180mcu_fd_sc_mcu7t5v0__nand2_1)
                                                         _0251_ (net)
                      0.307377    0.000020   22.242592 v _0752_/A2 (gf180mcu_fd_sc_mcu7t5v0__nor2_2)
    23    0.139431    2.125240    1.296465   23.539057 ^ _0752_/ZN (gf180mcu_fd_sc_mcu7t5v0__nor2_2)
                                                         _0252_ (net)
                      2.125251    0.002673   23.541731 ^ max_cap42/I (gf180mcu_fd_sc_mcu7t5v0__buf_8)
    26    0.144981    0.347592    0.359833   23.901564 ^ max_cap42/Z (gf180mcu_fd_sc_mcu7t5v0__buf_8)
                                                         net42 (net)
                      0.347607    0.003464   23.905027 ^ _0801_/A2 (gf180mcu_fd_sc_mcu7t5v0__oai21_1)
     1    0.005675    0.227772    0.175827   24.080854 v _0801_/ZN (gf180mcu_fd_sc_mcu7t5v0__oai21_1)
                                                         _0285_ (net)
                      0.227772    0.000030   24.080885 v _0802_/A2 (gf180mcu_fd_sc_mcu7t5v0__nor2_1)
     1    0.004805    0.269670    0.214071   24.294956 ^ _0802_/ZN (gf180mcu_fd_sc_mcu7t5v0__nor2_1)
                                                         _0037_ (net)
                      0.269670    0.000034   24.294991 ^ hold110/I (gf180mcu_fd_sc_mcu7t5v0__dlyc_1)
     1    0.003010    0.141416    1.556504   25.851494 ^ hold110/Z (gf180mcu_fd_sc_mcu7t5v0__dlyc_1)
                                                         net110 (net)
                      0.141416    0.000007   25.851501 ^ _1306_/D (gf180mcu_fd_sc_mcu7t5v0__dffq_1)
                                             25.851501   data arrival time

                                100.000000  100.000000   clock system_clock (rise edge)
                                  0.000000  100.000000   clock source latency
     1    0.033440    0.000000    0.000000  100.000000 ^ CLK_I (in)
                                                         CLK_I (net)
                      0.002288    0.000938  100.000938 ^ clkbuf_0_CLK_I/I (gf180mcu_fd_sc_mcu7t5v0__clkbuf_16)
    16    0.213013    0.261974    0.327674  100.328606 ^ clkbuf_0_CLK_I/Z (gf180mcu_fd_sc_mcu7t5v0__clkbuf_16)
                                                         clknet_0_CLK_I (net)
                      0.261980    0.001968  100.330574 ^ clkbuf_4_1_0_CLK_I/I (gf180mcu_fd_sc_mcu7t5v0__clkbuf_8)
    12    0.047165    0.152183    0.301547  100.632126 ^ clkbuf_4_1_0_CLK_I/Z (gf180mcu_fd_sc_mcu7t5v0__clkbuf_8)
                                                         clknet_4_1_0_CLK_I (net)
                      0.152183    0.000085  100.632210 ^ _1306_/CLK (gf180mcu_fd_sc_mcu7t5v0__dffq_1)
                                 -0.500000  100.132210   clock uncertainty
                                  0.000000  100.132210   clock reconvergence pessimism
                                 -0.210826   99.921379   library setup time
                                             99.921379   data required time
---------------------------------------------------------------------------------------------
                                             99.921379   data required time
                                            -25.851501   data arrival time
---------------------------------------------------------------------------------------------
                                             74.069885   slack (MET)




===========================================================================
report_checks --slack_max -0.01
============================================================================
======================= nom_tt_025C_5v00 Corner ===================================

No paths found.


===========================================================================
 report_check_types -max_slew -max_cap -max_fanout -violators
============================================================================
======================= nom_tt_025C_5v00 Corner ===================================

max slew

Pin                                        Limit        Slew       Slack
------------------------------------------------------------------------
_1048_/ZN                               3.500000    4.013020   -0.513019 (VIOLATED)
_1049__62/I                             3.500000    4.013020   -0.513019 (VIOLATED)
_1055_/A2                               3.500000    4.013020   -0.513019 (VIOLATED)
_1059_/A2                               3.500000    4.013020   -0.513019 (VIOLATED)
_1063_/A2                               3.500000    4.013020   -0.513019 (VIOLATED)
_1067_/A2                               3.500000    4.013020   -0.513019 (VIOLATED)
_1071_/A2                               3.500000    4.013020   -0.513019 (VIOLATED)
_1074_/A2                               3.500000    4.013020   -0.513019 (VIOLATED)
_1078_/A2                               3.500000    4.013020   -0.513019 (VIOLATED)
_1082_/A2                               3.500000    4.013020   -0.513019 (VIOLATED)
_1085_/A2                               3.500000    4.013020   -0.513019 (VIOLATED)
_1090_/A2                               3.500000    4.013020   -0.513019 (VIOLATED)
_1094_/A2                               3.500000    4.013020   -0.513019 (VIOLATED)
_1098_/A2                               3.500000    4.013020   -0.513019 (VIOLATED)
_1102_/A2                               3.500000    4.013020   -0.513019 (VIOLATED)
_1106_/A2                               3.500000    4.013020   -0.513019 (VIOLATED)
_1109_/A2                               3.500000    4.013020   -0.513019 (VIOLATED)
_1114_/A2                               3.500000    4.013020   -0.513019 (VIOLATED)
_1118_/A2                               3.500000    4.013020   -0.513019 (VIOLATED)
_1122_/A2                               3.500000    4.013020   -0.513019 (VIOLATED)
_1125_/A2                               3.500000    4.013020   -0.513019 (VIOLATED)
_1127_/A3                               3.500000    4.013020   -0.513019 (VIOLATED)
_1128_/A3                               3.500000    4.013020   -0.513019 (VIOLATED)
_1129_/A3                               3.500000    4.013020   -0.513019 (VIOLATED)
_1130_/A3                               3.500000    4.013020   -0.513019 (VIOLATED)

max capacitance

Pin                                        Limit         Cap       Slack
------------------------------------------------------------------------
_1048_/ZN                               0.124200    0.130995   -0.006795 (VIOLATED)



===========================================================================
report_parasitic_annotation -report_unannotated
============================================================================
Found 16 unannotated drivers.
 ext_rst_i
 clkload0/Z
 clkload1/ZN
 clkload10/ZN
 clkload11/ZN
 clkload12/ZN
 clkload13/ZN
 clkload14/ZN
 clkload2/Z
 clkload3/Z
 clkload4/Z
 clkload5/Z
 clkload6/ZN
 clkload7/ZN
 clkload8/ZN
 clkload9/ZN
Found 0 partially unannotated drivers.

===========================================================================
max slew violation count 25
Writing metric design__max_slew_violation__count__corner:nom_tt_025C_5v00: 25
max fanout violation count 0
Writing metric design__max_fanout_violation__count__corner:nom_tt_025C_5v00: 0
max cap violation count 1
Writing metric design__max_cap_violation__count__corner:nom_tt_025C_5v00: 1
============================================================================

===========================================================================
check_setup -verbose -unconstrained_endpoints -multiple_clock -no_clock -no_input_delay -loops -generated_clocks
===========================================================================
