
===========================================================================
 report_power
============================================================================
======================= nom_tt_025C_5v00 Corner ===================================

Group                    Internal    Switching      Leakage        Total
                            Power        Power        Power        Power (Watts)
------------------------------------------------------------------------
Sequential           8.404187e-04 1.508949e-06 6.564650e-08 8.419933e-04  48.7%
Combinational        1.923348e-05 2.095028e-05 8.877967e-08 4.027255e-05   2.3%
Clock                5.561279e-04 2.912489e-04 3.544379e-08 8.474122e-04  49.0%
Macro                0.000000e+00 0.000000e+00 0.000000e+00 0.000000e+00   0.0%
Pad                  0.000000e+00 0.000000e+00 0.000000e+00 0.000000e+00   0.0%
------------------------------------------------------------------------
Total                1.415780e-03 3.137081e-04 1.898685e-07 1.729678e-03 100.0%
                            81.9%        18.1%         0.0%
Writing metric power__internal__total: 0.0014157795812934637
Writing metric power__switching__total: 0.0003137080930173397
Writing metric power__leakage__total: 1.8986851557656337e-7
Writing metric power__total: 0.0017296775477007031

