Using 16 threads…
Using a tile size of (500 µm)²…
Reading /foss/designs/acoustic-ranger-dvl-processor/layout/digital/TDC/runs/RUN_2026-09-01_09-22-52/57-magic-streamout/frequency_counter.magic.gds ..
Reading /foss/designs/acoustic-ranger-dvl-processor/layout/digital/TDC/runs/RUN_2026-09-01_09-22-52/58-klayout-streamout/frequency_counter.klayout.gds ..
--- Running XOR for layer 0/0 ---
"input" in: xor.drc:109
    Polygons (raw): 2433 (flat)  56 (hierarchical)
    Elapsed: 0.000s  Memory: 438.00M
"input" in: xor.drc:109
    Polygons (raw): 2433 (flat)  56 (hierarchical)
    Elapsed: 0.000s  Memory: 438.00M
"^" in: xor.drc:109
    Polygons (raw): 0 (flat)  0 (hierarchical)
    Elapsed: 0.030s  Memory: 441.00M
XOR differences: 0
"output" in: xor.drc:86
    Polygons (raw): 0 (flat)  0 (hierarchical)
    Elapsed: 0.000s  Memory: 441.00M
--- Running XOR for layer 112/1 ---
"input" in: xor.drc:109
    Polygons (raw): 2432 (flat)  55 (hierarchical)
    Elapsed: 0.000s  Memory: 441.00M
"input" in: xor.drc:109
    Polygons (raw): 2432 (flat)  55 (hierarchical)
    Elapsed: 0.000s  Memory: 441.00M
"^" in: xor.drc:109
    Polygons (raw): 0 (flat)  0 (hierarchical)
    Elapsed: 0.040s  Memory: 443.00M
XOR differences: 0
"output" in: xor.drc:86
    Polygons (raw): 0 (flat)  0 (hierarchical)
    Elapsed: 0.000s  Memory: 443.00M
--- Running XOR for layer 204/0 ---
"input" in: xor.drc:109
    Polygons (raw): 2432 (flat)  55 (hierarchical)
    Elapsed: 0.000s  Memory: 444.00M
"input" in: xor.drc:109
    Polygons (raw): 2432 (flat)  55 (hierarchical)
    Elapsed: 0.000s  Memory: 444.00M
"^" in: xor.drc:109
    Polygons (raw): 0 (flat)  0 (hierarchical)
    Elapsed: 0.040s  Memory: 444.00M
XOR differences: 0
"output" in: xor.drc:86
    Polygons (raw): 0 (flat)  0 (hierarchical)
    Elapsed: 0.000s  Memory: 444.00M
--- Running XOR for layer 204/10 ---
"input" in: xor.drc:109
    Polygons (raw): 0 (flat)  0 (hierarchical)
    Elapsed: 0.000s  Memory: 444.00M
"input" in: xor.drc:109
    Polygons (raw): 0 (flat)  0 (hierarchical)
    Elapsed: 0.000s  Memory: 444.00M
"^" in: xor.drc:109
    Polygons (raw): 0 (flat)  0 (hierarchical)
    Elapsed: 0.010s  Memory: 444.00M
XOR differences: 0
"output" in: xor.drc:86
    Polygons (raw): 0 (flat)  0 (hierarchical)
    Elapsed: 0.000s  Memory: 445.00M
--- Running XOR for layer 21/0 ---
"input" in: xor.drc:109
    Polygons (raw): 2432 (flat)  55 (hierarchical)
    Elapsed: 0.000s  Memory: 445.00M
"input" in: xor.drc:109
    Polygons (raw): 2432 (flat)  55 (hierarchical)
    Elapsed: 0.000s  Memory: 445.00M
"^" in: xor.drc:109
    Polygons (raw): 0 (flat)  0 (hierarchical)
    Elapsed: 0.040s  Memory: 445.00M
XOR differences: 0
"output" in: xor.drc:86
    Polygons (raw): 0 (flat)  0 (hierarchical)
    Elapsed: 0.000s  Memory: 445.00M
--- Running XOR for layer 21/10 ---
"input" in: xor.drc:109
    Polygons (raw): 0 (flat)  0 (hierarchical)
    Elapsed: 0.000s  Memory: 446.00M
"input" in: xor.drc:109
    Polygons (raw): 0 (flat)  0 (hierarchical)
    Elapsed: 0.000s  Memory: 446.00M
"^" in: xor.drc:109
    Polygons (raw): 0 (flat)  0 (hierarchical)
    Elapsed: 0.010s  Memory: 446.00M
XOR differences: 0
"output" in: xor.drc:86
    Polygons (raw): 0 (flat)  0 (hierarchical)
    Elapsed: 0.000s  Memory: 446.00M
--- Running XOR for layer 22/0 ---
"input" in: xor.drc:109
    Polygons (raw): 5963 (flat)  172 (hierarchical)
    Elapsed: 0.000s  Memory: 446.00M
"input" in: xor.drc:109
    Polygons (raw): 5963 (flat)  172 (hierarchical)
    Elapsed: 0.000s  Memory: 446.00M
"^" in: xor.drc:109
    Polygons (raw): 0 (flat)  0 (hierarchical)
    Elapsed: 0.060s  Memory: 448.00M
XOR differences: 0
"output" in: xor.drc:86
    Polygons (raw): 0 (flat)  0 (hierarchical)
    Elapsed: 0.000s  Memory: 448.00M
--- Running XOR for layer 30/0 ---
"input" in: xor.drc:109
    Polygons (raw): 6975 (flat)  213 (hierarchical)
    Elapsed: 0.000s  Memory: 448.00M
"input" in: xor.drc:109
    Polygons (raw): 6975 (flat)  213 (hierarchical)
    Elapsed: 0.000s  Memory: 448.00M
"^" in: xor.drc:109
    Polygons (raw): 0 (flat)  0 (hierarchical)
    Elapsed: 0.070s  Memory: 449.00M
XOR differences: 0
"output" in: xor.drc:86
    Polygons (raw): 0 (flat)  0 (hierarchical)
    Elapsed: 0.000s  Memory: 449.00M
--- Running XOR for layer 31/0 ---
"input" in: xor.drc:109
    Polygons (raw): 2781 (flat)  57 (hierarchical)
    Elapsed: 0.000s  Memory: 449.00M
"input" in: xor.drc:109
    Polygons (raw): 2781 (flat)  57 (hierarchical)
    Elapsed: 0.000s  Memory: 449.00M
"^" in: xor.drc:109
    Polygons (raw): 0 (flat)  0 (hierarchical)
    Elapsed: 0.040s  Memory: 449.00M
XOR differences: 0
"output" in: xor.drc:86
    Polygons (raw): 0 (flat)  0 (hierarchical)
    Elapsed: 0.000s  Memory: 449.00M
--- Running XOR for layer 32/0 ---
"input" in: xor.drc:109
    Polygons (raw): 2432 (flat)  55 (hierarchical)
    Elapsed: 0.000s  Memory: 449.00M
"input" in: xor.drc:109
    Polygons (raw): 2432 (flat)  55 (hierarchical)
    Elapsed: 0.000s  Memory: 449.00M
"^" in: xor.drc:109
    Polygons (raw): 0 (flat)  0 (hierarchical)
    Elapsed: 0.040s  Memory: 452.00M
XOR differences: 0
"output" in: xor.drc:86
    Polygons (raw): 0 (flat)  0 (hierarchical)
    Elapsed: 0.000s  Memory: 452.00M
--- Running XOR for layer 33/0 ---
"input" in: xor.drc:109
    Polygons (raw): 31940 (flat)  1195 (hierarchical)
    Elapsed: 0.000s  Memory: 452.00M
"input" in: xor.drc:109
    Polygons (raw): 31940 (flat)  1195 (hierarchical)
    Elapsed: 0.000s  Memory: 452.00M
"^" in: xor.drc:109
    Polygons (raw): 0 (flat)  0 (hierarchical)
    Elapsed: 0.160s  Memory: 461.00M
XOR differences: 0
"output" in: xor.drc:86
    Polygons (raw): 0 (flat)  0 (hierarchical)
    Elapsed: 0.030s  Memory: 461.00M
--- Running XOR for layer 34/0 ---
"input" in: xor.drc:109
    Polygons (raw): 15512 (flat)  3663 (hierarchical)
    Elapsed: 0.000s  Memory: 461.00M
"input" in: xor.drc:109
    Polygons (raw): 15588 (flat)  418 (hierarchical)
    Elapsed: 0.000s  Memory: 461.00M
"^" in: xor.drc:109
    Polygons (raw): 0 (flat)  0 (hierarchical)
    Elapsed: 0.220s  Memory: 466.00M
XOR differences: 0
"output" in: xor.drc:86
    Polygons (raw): 0 (flat)  0 (hierarchical)
    Elapsed: 0.000s  Memory: 466.00M
--- Running XOR for layer 34/10 ---
"input" in: xor.drc:109
    Polygons (raw): 0 (flat)  0 (hierarchical)
    Elapsed: 0.000s  Memory: 466.00M
"input" in: xor.drc:109
    Polygons (raw): 0 (flat)  0 (hierarchical)
    Elapsed: 0.000s  Memory: 466.00M
"^" in: xor.drc:109
    Polygons (raw): 0 (flat)  0 (hierarchical)
    Elapsed: 0.010s  Memory: 466.00M
XOR differences: 0
"output" in: xor.drc:86
    Polygons (raw): 0 (flat)  0 (hierarchical)
    Elapsed: 0.000s  Memory: 466.00M
--- Running XOR for layer 35/0 ---
"input" in: xor.drc:109
    Polygons (raw): 3476 (flat)  3476 (hierarchical)
    Elapsed: 0.000s  Memory: 466.00M
"input" in: xor.drc:109
    Polygons (raw): 3476 (flat)  5 (hierarchical)
    Elapsed: 0.000s  Memory: 466.00M
"^" in: xor.drc:109
    Polygons (raw): 0 (flat)  0 (hierarchical)
    Elapsed: 0.030s  Memory: 467.00M
XOR differences: 0
"output" in: xor.drc:86
    Polygons (raw): 0 (flat)  0 (hierarchical)
    Elapsed: 0.000s  Memory: 467.00M
--- Running XOR for layer 36/0 ---
"input" in: xor.drc:109
    Polygons (raw): 2647 (flat)  2647 (hierarchical)
    Elapsed: 0.000s  Memory: 467.00M
"input" in: xor.drc:109
    Polygons (raw): 10667 (flat)  4706 (hierarchical)
    Elapsed: 0.000s  Memory: 467.00M
"^" in: xor.drc:109
    Polygons (raw): 0 (flat)  0 (hierarchical)
    Elapsed: 0.080s  Memory: 474.00M
XOR differences: 0
"output" in: xor.drc:86
    Polygons (raw): 0 (flat)  0 (hierarchical)
    Elapsed: 0.000s  Memory: 474.00M
--- Running XOR for layer 38/0 ---
"input" in: xor.drc:109
    Polygons (raw): 2794 (flat)  2794 (hierarchical)
    Elapsed: 0.000s  Memory: 474.00M
"input" in: xor.drc:109
    Polygons (raw): 2794 (flat)  4 (hierarchical)
    Elapsed: 0.000s  Memory: 474.00M
"^" in: xor.drc:109
    Polygons (raw): 0 (flat)  0 (hierarchical)
    Elapsed: 0.020s  Memory: 474.00M
XOR differences: 0
"output" in: xor.drc:86
    Polygons (raw): 0 (flat)  0 (hierarchical)
    Elapsed: 0.000s  Memory: 474.00M
--- Running XOR for layer 40/0 ---
"input" in: xor.drc:109
    Polygons (raw): 313 (flat)  313 (hierarchical)
    Elapsed: 0.010s  Memory: 474.00M
"input" in: xor.drc:109
    Polygons (raw): 313 (flat)  4 (hierarchical)
    Elapsed: 0.000s  Memory: 474.00M
"^" in: xor.drc:109
    Polygons (raw): 0 (flat)  0 (hierarchical)
    Elapsed: 0.010s  Memory: 474.00M
XOR differences: 0
"output" in: xor.drc:86
    Polygons (raw): 0 (flat)  0 (hierarchical)
    Elapsed: 0.000s  Memory: 474.00M
--- Running XOR for layer 41/0 ---
"input" in: xor.drc:109
    Polygons (raw): 48 (flat)  48 (hierarchical)
    Elapsed: 0.000s  Memory: 474.00M
"input" in: xor.drc:109
    Polygons (raw): 48 (flat)  10 (hierarchical)
    Elapsed: 0.000s  Memory: 474.00M
"^" in: xor.drc:109
    Polygons (raw): 0 (flat)  0 (hierarchical)
    Elapsed: 0.020s  Memory: 474.00M
XOR differences: 0
"output" in: xor.drc:86
    Polygons (raw): 0 (flat)  0 (hierarchical)
    Elapsed: 0.000s  Memory: 474.00M
--- Running XOR for layer 42/0 ---
"input" in: xor.drc:109
    Polygons (raw): 1152 (flat)  1152 (hierarchical)
    Elapsed: 0.000s  Memory: 474.00M
"input" in: xor.drc:109
    Polygons (raw): 4624 (flat)  1825 (hierarchical)
    Elapsed: 0.000s  Memory: 474.00M
"^" in: xor.drc:109
    Polygons (raw): 0 (flat)  0 (hierarchical)
    Elapsed: 0.020s  Memory: 475.00M
XOR differences: 0
"output" in: xor.drc:86
    Polygons (raw): 0 (flat)  0 (hierarchical)
    Elapsed: 0.000s  Memory: 475.00M
--- Running XOR for layer 42/10 ---
"input" in: xor.drc:109
    Polygons (raw): 41 (flat)  41 (hierarchical)
    Elapsed: 0.000s  Memory: 475.00M
"input" in: xor.drc:109
    Polygons (raw): 41 (flat)  41 (hierarchical)
    Elapsed: 0.000s  Memory: 475.00M
"^" in: xor.drc:109
    Polygons (raw): 0 (flat)  0 (hierarchical)
    Elapsed: 0.010s  Memory: 475.00M
XOR differences: 0
"output" in: xor.drc:86
    Polygons (raw): 0 (flat)  0 (hierarchical)
    Elapsed: 0.000s  Memory: 475.00M
--- Running XOR for layer 46/0 ---
"input" in: xor.drc:109
    Polygons (raw): 48 (flat)  48 (hierarchical)
    Elapsed: 0.000s  Memory: 475.00M
"input" in: xor.drc:109
    Polygons (raw): 239 (flat)  66 (hierarchical)
    Elapsed: 0.000s  Memory: 475.00M
"^" in: xor.drc:109
    Polygons (raw): 0 (flat)  0 (hierarchical)
    Elapsed: 0.010s  Memory: 475.00M
XOR differences: 0
"output" in: xor.drc:86
    Polygons (raw): 0 (flat)  0 (hierarchical)
    Elapsed: 0.000s  Memory: 475.00M
--- Running XOR for layer 46/10 ---
"input" in: xor.drc:109
    Polygons (raw): 4 (flat)  4 (hierarchical)
    Elapsed: 0.000s  Memory: 475.00M
"input" in: xor.drc:109
    Polygons (raw): 4 (flat)  4 (hierarchical)
    Elapsed: 0.000s  Memory: 475.00M
"^" in: xor.drc:109
    Polygons (raw): 0 (flat)  0 (hierarchical)
    Elapsed: 0.000s  Memory: 475.00M
XOR differences: 0
"output" in: xor.drc:86
    Polygons (raw): 0 (flat)  0 (hierarchical)
    Elapsed: 0.000s  Memory: 475.00M
--- Running XOR for layer 55/0 ---
"input" in: xor.drc:109
    Polygons (raw): 2432 (flat)  55 (hierarchical)
    Elapsed: 0.000s  Memory: 475.00M
"input" in: xor.drc:109
    Polygons (raw): 2432 (flat)  55 (hierarchical)
    Elapsed: 0.000s  Memory: 475.00M
"^" in: xor.drc:109
    Polygons (raw): 0 (flat)  0 (hierarchical)
    Elapsed: 0.040s  Memory: 477.00M
XOR differences: 0
"output" in: xor.drc:86
    Polygons (raw): 0 (flat)  0 (hierarchical)
    Elapsed: 0.020s  Memory: 477.00M
--- Running XOR for layer 63/63 ---
"input" in: xor.drc:109
    Polygons (raw): 0 (flat)  0 (hierarchical)
    Elapsed: 0.000s  Memory: 477.00M
"input" in: xor.drc:109
    Polygons (raw): 0 (flat)  0 (hierarchical)
    Elapsed: 0.000s  Memory: 477.00M
"^" in: xor.drc:109
    Polygons (raw): 0 (flat)  0 (hierarchical)
    Elapsed: 0.020s  Memory: 477.00M
XOR differences: 0
"output" in: xor.drc:86
    Polygons (raw): 0 (flat)  0 (hierarchical)
    Elapsed: 0.010s  Memory: 477.00M
--- Running XOR for layer 81/0 ---
"input" in: xor.drc:109
    Polygons (raw): 8 (flat)  8 (hierarchical)
    Elapsed: 0.000s  Memory: 477.00M
"input" in: xor.drc:109
    Polygons (raw): 26 (flat)  12 (hierarchical)
    Elapsed: 0.000s  Memory: 477.00M
"^" in: xor.drc:109
    Polygons (raw): 0 (flat)  0 (hierarchical)
    Elapsed: 0.010s  Memory: 477.00M
XOR differences: 0
"output" in: xor.drc:86
    Polygons (raw): 0 (flat)  0 (hierarchical)
    Elapsed: 0.000s  Memory: 477.00M
--- Running XOR for layer 81/10 ---
"input" in: xor.drc:109
    Polygons (raw): 2 (flat)  2 (hierarchical)
    Elapsed: 0.000s  Memory: 477.00M
"input" in: xor.drc:109
    Polygons (raw): 2 (flat)  2 (hierarchical)
    Elapsed: 0.000s  Memory: 477.00M
"^" in: xor.drc:109
    Polygons (raw): 0 (flat)  0 (hierarchical)
    Elapsed: 0.010s  Memory: 477.00M
XOR differences: 0
"output" in: xor.drc:86
    Polygons (raw): 0 (flat)  0 (hierarchical)
    Elapsed: 0.000s  Memory: 477.00M
---
Total XOR differences: 0
Writing report database: /foss/designs/acoustic-ranger-dvl-processor/layout/digital/TDC/runs/RUN_2026-09-01_09-22-52/62-klayout-xor/xor.xml ..
Total elapsed: 1.300s  Memory: 477.00M
/foss/designs/acoustic-ranger-dvl-processor/layout/digital/TDC/runs/RUN_2026-09-01_09-22-52/57-magic-streamout/frequency_counter.magic.gds
/foss/designs/acoustic-ranger-dvl-processor/layout/digital/TDC/runs/RUN_2026-09-01_09-22-52/58-klayout-streamout/frequency_counter.klayout.gds
%OL_METRIC_I design__xor_difference__count 0
