Clock: system_clock
Sources: CLK_I 
Generated: no
Virtual: yes
Propagated: no
Period: 100.000000

===========================================================================
report_clock_properties
============================================================================
Clock                   Period          Waveform
----------------------------------------------------
system_clock        100.000000    0.000000 50.000000

===========================================================================
report_clock_latency
============================================================================
Clock system_clock
rise -> rise
    min     max
0.000000 0.000000 source latency
0.609411         network latency _894_/CLK
        0.620510 network latency _835_/CLK
---------------
0.609411 0.620510 latency
        0.011099 skew

fall -> fall
    min     max
0.000000 0.000000 source latency
0.614403         network latency _894_/CLK
        0.626244 network latency _886_/CLK
---------------
0.614403 0.626244 latency
        0.011841 skew



===========================================================================
report_clock_min_period
============================================================================
system_clock period_min = 8.66 fmax = 115.50
