
===========================================================================
 report_power
============================================================================
======================= nom_tt_025C_5v00 Corner ===================================

Group                    Internal    Switching      Leakage        Total
                            Power        Power        Power        Power (Watts)
------------------------------------------------------------------------
Sequential           4.567092e-04 3.069017e-05 3.395683e-08 4.874333e-04  43.7%
Combinational        6.085716e-05 4.260397e-05 5.739767e-08 1.035185e-04   9.3%
Clock                3.355096e-04 1.878822e-04 1.731835e-08 5.234092e-04  47.0%
Macro                0.000000e+00 0.000000e+00 0.000000e+00 0.000000e+00   0.0%
Pad                  0.000000e+00 0.000000e+00 0.000000e+00 0.000000e+00   0.0%
------------------------------------------------------------------------
Total                8.530759e-04 2.611763e-04 1.086730e-07 1.114361e-03 100.0%
                            76.6%        23.4%         0.0%
Writing metric power__internal__total: 0.0008530758786946535
Writing metric power__switching__total: 0.0002611763484310359
Writing metric power__leakage__total: 1.086729568555711e-7
Writing metric power__total: 0.0011143608717247844

