Clock: system_clock
Sources: CLK_I 
Generated: no
Virtual: yes
Propagated: no
Period: 100.000000

===========================================================================
report_clock_properties
============================================================================
Clock                   Period          Waveform
----------------------------------------------------
system_clock        100.000000    0.000000 50.000000

===========================================================================
report_clock_latency
============================================================================
Clock system_clock
rise -> rise
    min     max
0.000000 0.000000 source latency
0.616561         network latency _827_/CLK
        0.626733 network latency _894_/CLK
---------------
0.616561 0.626733 latency
        0.010172 skew

fall -> fall
    min     max
0.000000 0.000000 source latency
0.622379         network latency _827_/CLK
        0.633396 network latency _894_/CLK
---------------
0.622379 0.633396 latency
        0.011017 skew



===========================================================================
report_clock_min_period
============================================================================
system_clock period_min = 8.62 fmax = 116.01
