Clock: system_clock
Sources: CLK_I 
Generated: no
Virtual: yes
Propagated: no
Period: 100.000000

===========================================================================
report_clock_properties
============================================================================
Clock                   Period          Waveform
----------------------------------------------------
system_clock        100.000000    0.000000 50.000000

===========================================================================
report_clock_latency
============================================================================
Clock system_clock
rise -> rise
    min     max
0.000000 0.000000 source latency
0.681291         network latency _1449_/CLK
        20.710361 network latency _1362_/CLK
---------------
0.681291 20.710361 latency
        20.029070 skew

rise -> fall
    min     max
0.000000 0.000000 source latency
20.692318         network latency _1374_/CLK
        20.696466 network latency _1362_/CLK
---------------
20.692318 20.696466 latency
        0.004150 skew

fall -> fall
    min     max
0.000000 0.000000 source latency
0.707477         network latency _1449_/CLK
        0.727038 network latency _1298_/CLK
---------------
0.707477 0.727038 latency
        0.019561 skew



===========================================================================
report_clock_min_period
============================================================================
system_clock period_min = 7.79 fmax = 128.30
Clock: signal_clock
Sources: signal_input 
Generated: no
Virtual: yes
Propagated: no
Period: 4000.000000

===========================================================================
report_clock_properties
============================================================================
Clock                   Period          Waveform
----------------------------------------------------
signal_clock        4000.000000    0.0000002000.000000

===========================================================================
report_clock_latency
============================================================================
Clock signal_clock
rise -> rise
    min     max
0.000000 0.000000 source latency
0.706398         network latency _1374_/CLK
        0.710364 network latency _1362_/CLK
---------------
0.706398 0.710364 latency
        0.003966 skew

fall -> fall
    min     max
0.000000 0.000000 source latency
0.692125         network latency _1373_/CLK
        0.696218 network latency _1362_/CLK
---------------
0.692125 0.696218 latency
        0.004093 skew



===========================================================================
report_clock_min_period
============================================================================
signal_clock period_min = 6.29 fmax = 159.04
