Reading timing models for corner max_ff_n40C_5v50…
Reading timing library for the 'max_ff_n40C_5v50' corner at '/foss/pdks/gf180mcuD/libs.ref/gf180mcu_fd_sc_mcu7t5v0/lib/gf180mcu_fd_sc_mcu7t5v0__ff_n40C_5v50.lib'…
Reading timing models for corner max_tt_025C_5v00…
Reading timing library for the 'max_tt_025C_5v00' corner at '/foss/pdks/gf180mcuD/libs.ref/gf180mcu_fd_sc_mcu7t5v0/lib/gf180mcu_fd_sc_mcu7t5v0__tt_025C_5v00.lib'…
Reading timing models for corner nom_ff_n40C_5v50…
Reading timing library for the 'nom_ff_n40C_5v50' corner at '/foss/pdks/gf180mcuD/libs.ref/gf180mcu_fd_sc_mcu7t5v0/lib/gf180mcu_fd_sc_mcu7t5v0__ff_n40C_5v50.lib'…
[WARNING STA-1140] /foss/pdks/gf180mcuD/libs.ref/gf180mcu_fd_sc_mcu7t5v0/lib/gf180mcu_fd_sc_mcu7t5v0__ff_n40C_5v50.lib line 17, library gf180mcu_fd_sc_mcu7t5v0__ff_n40C_5v50 already exists.
Reading timing models for corner nom_tt_025C_5v00…
Reading timing library for the 'nom_tt_025C_5v00' corner at '/foss/pdks/gf180mcuD/libs.ref/gf180mcu_fd_sc_mcu7t5v0/lib/gf180mcu_fd_sc_mcu7t5v0__tt_025C_5v00.lib'…
[WARNING STA-1140] /foss/pdks/gf180mcuD/libs.ref/gf180mcu_fd_sc_mcu7t5v0/lib/gf180mcu_fd_sc_mcu7t5v0__tt_025C_5v00.lib line 17, library gf180mcu_fd_sc_mcu7t5v0__tt_025C_5v00 already exists.
Reading timing models for corner min_ss_125C_4v50…
Reading timing library for the 'min_ss_125C_4v50' corner at '/foss/pdks/gf180mcuD/libs.ref/gf180mcu_fd_sc_mcu7t5v0/lib/gf180mcu_fd_sc_mcu7t5v0__ss_125C_4v50.lib'…
Reading timing models for corner min_ff_n40C_5v50…
Reading timing library for the 'min_ff_n40C_5v50' corner at '/foss/pdks/gf180mcuD/libs.ref/gf180mcu_fd_sc_mcu7t5v0/lib/gf180mcu_fd_sc_mcu7t5v0__ff_n40C_5v50.lib'…
[WARNING STA-1140] /foss/pdks/gf180mcuD/libs.ref/gf180mcu_fd_sc_mcu7t5v0/lib/gf180mcu_fd_sc_mcu7t5v0__ff_n40C_5v50.lib line 17, library gf180mcu_fd_sc_mcu7t5v0__ff_n40C_5v50 already exists.
Reading timing models for corner min_tt_025C_5v00…
Reading timing library for the 'min_tt_025C_5v00' corner at '/foss/pdks/gf180mcuD/libs.ref/gf180mcu_fd_sc_mcu7t5v0/lib/gf180mcu_fd_sc_mcu7t5v0__tt_025C_5v00.lib'…
[WARNING STA-1140] /foss/pdks/gf180mcuD/libs.ref/gf180mcu_fd_sc_mcu7t5v0/lib/gf180mcu_fd_sc_mcu7t5v0__tt_025C_5v00.lib line 17, library gf180mcu_fd_sc_mcu7t5v0__tt_025C_5v00 already exists.
Reading timing models for corner max_ss_125C_4v50…
Reading timing library for the 'max_ss_125C_4v50' corner at '/foss/pdks/gf180mcuD/libs.ref/gf180mcu_fd_sc_mcu7t5v0/lib/gf180mcu_fd_sc_mcu7t5v0__ss_125C_4v50.lib'…
[WARNING STA-1140] /foss/pdks/gf180mcuD/libs.ref/gf180mcu_fd_sc_mcu7t5v0/lib/gf180mcu_fd_sc_mcu7t5v0__ss_125C_4v50.lib line 17, library gf180mcu_fd_sc_mcu7t5v0__ss_125C_4v50 already exists.
Reading timing models for corner nom_ss_125C_4v50…
Reading timing library for the 'nom_ss_125C_4v50' corner at '/foss/pdks/gf180mcuD/libs.ref/gf180mcu_fd_sc_mcu7t5v0/lib/gf180mcu_fd_sc_mcu7t5v0__ss_125C_4v50.lib'…
[WARNING STA-1140] /foss/pdks/gf180mcuD/libs.ref/gf180mcu_fd_sc_mcu7t5v0/lib/gf180mcu_fd_sc_mcu7t5v0__ss_125C_4v50.lib line 17, library gf180mcu_fd_sc_mcu7t5v0__ss_125C_4v50 already exists.
Reading OpenROAD database at '/foss/designs/acoustic-ranger-dvl-processor/layout/digital/top_level_single_verilog/runs/RUN_2026-10-09_11-29-12/28-openroad-globalplacement/top_level.odb'…
Reading design constraints file at '/foss/designs/acoustic-ranger-dvl-processor/layout/digital/top_level_single_verilog/constraint.sdc'…
[WARNING STA-0366] port 'CLK_I' not found.
[WARNING STA-0441] set_input_delay relative to a clock defined on the same port/pin not allowed.
[INFO] No information on clock propagation in input SDC file-- propagating all clocks.
[INFO RSZ-0027] Inserted 5 gf180mcu_fd_sc_mcu7t5v0__dlyb_1 input buffers.
[INFO RSZ-0028] Inserted 23 gf180mcu_fd_sc_mcu7t5v0__dlyb_1 output buffers.
+ repair_design -verbose -max_wire_length 0 -slew_margin 20 -cap_margin 20
Iteration |   Area    | Resized | Buffers | Nets repaired | Remaining
---------------------------------------------------------------------
        0 |     +0.0% |       0 |       0 |             0 |      2367
       10 |     +0.0% |       0 |       0 |             0 |      2357
       20 |     +0.0% |       0 |       0 |             0 |      2347
       30 |     +0.0% |       0 |       0 |             0 |      2337
       40 |     +0.0% |       0 |       0 |             0 |      2327
       50 |     +0.0% |       0 |       0 |             0 |      2317
       60 |     +0.0% |       0 |       0 |             0 |      2307
       70 |     +0.0% |       0 |       0 |             0 |      2297
       80 |     +0.0% |       0 |       0 |             0 |      2287
       90 |     +0.0% |       0 |       0 |             0 |      2277
      100 |     +0.0% |       0 |       0 |             0 |      2267
      110 |     +0.1% |       1 |       1 |             1 |      2257
      120 |     +0.1% |       1 |       1 |             1 |      2247
      130 |     +0.1% |       1 |       1 |             1 |      2237
      140 |     +0.1% |       1 |       1 |             1 |      2227
      150 |     +0.1% |       1 |       1 |             1 |      2217
      160 |     +0.1% |       1 |       1 |             1 |      2207
      170 |     +0.1% |       1 |       1 |             1 |      2197
      180 |     +0.1% |       1 |       1 |             1 |      2187
      190 |     +0.1% |       1 |       1 |             1 |      2177
      200 |     +0.1% |       1 |       1 |             1 |      2167
      210 |     +0.1% |       1 |       1 |             1 |      2157
      220 |     +0.1% |       1 |       1 |             1 |      2147
      230 |     +0.1% |       1 |       1 |             1 |      2137
      240 |     +0.1% |       1 |       1 |             1 |      2127
      250 |     +0.1% |       1 |       1 |             1 |      2117
      260 |     +0.1% |       1 |       1 |             1 |      2107
      270 |     +0.1% |       1 |       1 |             1 |      2097
      280 |     +0.1% |       1 |       1 |             1 |      2087
      290 |     +0.1% |       1 |       1 |             1 |      2077
      300 |     +0.1% |       1 |       1 |             1 |      2067
      310 |     +0.1% |       1 |       1 |             1 |      2057
      320 |     +0.1% |       1 |       1 |             1 |      2047
      330 |     +0.1% |       1 |       1 |             1 |      2037
      340 |     +0.1% |       1 |       1 |             1 |      2027
      350 |     +0.1% |       1 |       1 |             1 |      2017
      360 |     +0.1% |       1 |       1 |             1 |      2007
      370 |     +0.1% |       1 |       1 |             1 |      1997
      380 |     +0.1% |       1 |       1 |             1 |      1987
      390 |     +0.1% |       1 |       1 |             1 |      1977
      400 |     +0.1% |       1 |       1 |             1 |      1967
      410 |     +0.1% |       1 |       1 |             1 |      1957
      420 |     +0.1% |       1 |       1 |             1 |      1947
      430 |     +0.1% |       1 |       1 |             1 |      1937
      440 |     +0.1% |       1 |       1 |             1 |      1927
      450 |     +0.1% |       1 |       1 |             1 |      1917
      460 |     +0.1% |       1 |       1 |             1 |      1907
      470 |     +0.1% |       1 |       1 |             1 |      1897
      480 |     +0.1% |       1 |       1 |             1 |      1887
      490 |     +0.1% |       1 |       1 |             1 |      1877
      500 |     +0.1% |       1 |       1 |             1 |      1867
      510 |     +0.1% |       1 |       1 |             1 |      1857
      520 |     +0.1% |       1 |       1 |             1 |      1847
      530 |     +0.1% |       1 |       1 |             1 |      1837
      540 |     +0.1% |       1 |       1 |             1 |      1827
      550 |     +0.1% |       1 |       1 |             1 |      1817
      560 |     +0.1% |       1 |       1 |             1 |      1807
      570 |     +0.1% |       1 |       1 |             1 |      1797
      580 |     +0.1% |       1 |       1 |             1 |      1787
      590 |     +0.1% |       1 |       1 |             1 |      1777
      600 |     +0.1% |       1 |       1 |             1 |      1767
      610 |     +0.1% |       1 |       1 |             1 |      1757
      620 |     +0.1% |       1 |       1 |             1 |      1747
      630 |     +0.1% |       1 |       1 |             1 |      1737
      640 |     +0.1% |       1 |       1 |             1 |      1727
      650 |     +0.1% |       1 |       1 |             1 |      1717
      660 |     +0.1% |       1 |       1 |             1 |      1707
      670 |     +0.1% |       1 |       1 |             1 |      1697
      680 |     +0.1% |       1 |       1 |             1 |      1687
      690 |     +0.1% |       1 |       1 |             1 |      1677
      700 |     +0.1% |       1 |       1 |             1 |      1667
      710 |     +0.1% |       1 |       1 |             1 |      1657
      720 |     +0.1% |       1 |       1 |             1 |      1647
      730 |     +0.1% |       1 |       1 |             1 |      1637
      740 |     +0.1% |       1 |       1 |             1 |      1627
      750 |     +0.1% |       1 |       1 |             1 |      1617
      760 |     +0.1% |       1 |       1 |             1 |      1607
      770 |     +0.1% |       1 |       1 |             1 |      1597
      780 |     +0.1% |       1 |       1 |             1 |      1587
      790 |     +0.1% |       1 |       1 |             1 |      1577
      800 |     +0.1% |       1 |       1 |             1 |      1567
      810 |     +0.1% |       1 |       1 |             1 |      1557
      820 |     +0.1% |       1 |       1 |             1 |      1547
      830 |     +0.1% |       1 |       1 |             1 |      1537
      840 |     +0.1% |       1 |       1 |             1 |      1527
      850 |     +0.1% |       1 |       1 |             1 |      1517
      860 |     +0.1% |       1 |       1 |             1 |      1507
      870 |     +0.1% |       1 |       1 |             1 |      1497
      880 |     +0.1% |       1 |       1 |             1 |      1487
      890 |     +0.1% |       1 |       1 |             1 |      1477
      900 |     +0.1% |       1 |       1 |             1 |      1467
      910 |     +0.1% |       1 |       1 |             1 |      1457
      920 |     +0.1% |       1 |       1 |             1 |      1447
      930 |     +0.1% |       1 |       2 |             2 |      1437
      940 |     +0.2% |       1 |       3 |             3 |      1427
      950 |     +0.2% |       1 |       3 |             3 |      1417
      960 |     +0.2% |       1 |       5 |             4 |      1407
      970 |     +0.2% |       1 |       5 |             4 |      1397
      980 |     +0.2% |       1 |       5 |             4 |      1387
      990 |     +0.3% |       1 |       6 |             5 |      1377
     1000 |     +0.6% |       2 |      10 |             8 |      1367
     1010 |     +0.6% |       2 |      10 |             8 |      1357
     1020 |     +0.6% |       2 |      10 |             8 |      1347
     1030 |     +0.6% |       2 |      10 |             8 |      1337
     1040 |     +0.6% |       2 |      10 |             8 |      1327
     1050 |     +0.6% |       2 |      11 |             9 |      1317
     1060 |     +0.6% |       2 |      11 |             9 |      1307
     1070 |     +0.6% |       2 |      11 |             9 |      1297
     1080 |     +0.9% |       2 |      18 |            18 |      1287
     1090 |     +1.0% |       2 |      21 |            21 |      1277
     1100 |     +1.0% |       2 |      21 |            21 |      1267
     1110 |     +1.0% |       2 |      21 |            21 |      1257
     1120 |     +1.0% |       2 |      21 |            21 |      1247
     1130 |     +1.0% |       2 |      21 |            21 |      1237
     1140 |     +1.1% |       2 |      22 |            22 |      1227
     1150 |     +1.1% |       2 |      22 |            22 |      1217
     1160 |     +1.1% |       2 |      22 |            22 |      1207
     1170 |     +1.2% |       3 |      24 |            23 |      1197
     1180 |     +1.3% |       3 |      28 |            27 |      1187
     1190 |     +1.3% |       3 |      29 |            28 |      1177
     1200 |     +1.3% |       3 |      29 |            28 |      1167
     1210 |     +1.4% |       3 |      30 |            29 |      1157
     1220 |     +1.5% |       3 |      34 |            33 |      1147
     1230 |     +1.6% |       3 |      39 |            38 |      1137
     1240 |     +1.6% |       3 |      39 |            38 |      1127
     1250 |     +1.6% |       3 |      39 |            38 |      1117
     1260 |     +1.6% |       3 |      39 |            38 |      1107
     1270 |     +1.6% |       3 |      39 |            38 |      1097
     1280 |     +1.7% |       3 |      42 |            40 |      1087
     1290 |     +1.7% |       3 |      42 |            40 |      1077
     1300 |     +1.7% |       3 |      43 |            41 |      1067
     1310 |     +1.7% |       3 |      43 |            41 |      1057
     1320 |     +1.8% |       3 |      46 |            44 |      1047
     1330 |     +1.9% |       3 |      47 |            45 |      1037
     1340 |     +1.9% |       3 |      47 |            45 |      1027
     1350 |     +1.9% |       3 |      47 |            45 |      1017
     1360 |     +1.9% |       3 |      47 |            45 |      1007
     1370 |     +1.9% |       3 |      47 |            45 |       997
     1380 |     +1.9% |       3 |      47 |            45 |       987
     1390 |     +1.9% |       3 |      49 |            46 |       977
     1400 |     +1.9% |       3 |      49 |            46 |       967
     1410 |     +1.9% |       3 |      49 |            46 |       957
     1420 |     +1.9% |       3 |      49 |            46 |       947
     1430 |     +1.9% |       3 |      49 |            46 |       937
     1440 |     +2.0% |       3 |      50 |            47 |       927
     1450 |     +2.0% |       3 |      50 |            47 |       917
     1460 |     +2.0% |       3 |      50 |            47 |       907
     1470 |     +2.0% |       3 |      50 |            47 |       897
     1480 |     +2.0% |       3 |      50 |            47 |       887
     1490 |     +2.0% |       3 |      50 |            47 |       877
     1500 |     +2.0% |       3 |      50 |            47 |       867
     1510 |     +2.0% |       3 |      50 |            47 |       857
     1520 |     +2.0% |       3 |      50 |            47 |       847
     1530 |     +2.0% |       3 |      50 |            47 |       837
     1540 |     +2.0% |       3 |      50 |            47 |       827
     1550 |     +2.0% |       3 |      50 |            47 |       817
     1560 |     +2.0% |       3 |      50 |            47 |       807
     1570 |     +2.0% |       3 |      50 |            47 |       797
     1580 |     +2.0% |       3 |      51 |            48 |       787
     1590 |     +2.0% |       3 |      51 |            48 |       777
     1600 |     +2.0% |       3 |      51 |            48 |       767
     1610 |     +2.0% |       3 |      51 |            48 |       757
     1620 |     +2.0% |       3 |      51 |            48 |       747
     1630 |     +2.1% |       3 |      52 |            49 |       737
     1640 |     +2.1% |       3 |      52 |            49 |       727
     1650 |     +2.1% |       3 |      52 |            49 |       717
     1660 |     +2.1% |       3 |      52 |            49 |       707
     1670 |     +2.1% |       3 |      52 |            49 |       697
     1680 |     +2.1% |       3 |      52 |            49 |       687
     1690 |     +2.1% |       3 |      52 |            49 |       677
     1700 |     +2.1% |       3 |      52 |            49 |       667
     1710 |     +2.1% |       3 |      52 |            49 |       657
     1720 |     +2.1% |       3 |      52 |            49 |       647
     1730 |     +2.1% |       3 |      52 |            49 |       637
     1740 |     +2.6% |       4 |      55 |            50 |       627
     1750 |     +2.6% |       4 |      55 |            50 |       617
     1760 |     +2.6% |       4 |      55 |            50 |       607
     1770 |     +2.6% |       4 |      55 |            50 |       597
     1780 |     +2.6% |       4 |      55 |            50 |       587
     1790 |     +2.6% |       4 |      55 |            50 |       577
     1800 |     +2.6% |       4 |      55 |            50 |       567
     1810 |     +2.6% |       4 |      55 |            50 |       557
     1820 |     +2.6% |       4 |      55 |            50 |       547
     1830 |     +2.6% |       4 |      55 |            50 |       537
     1840 |     +2.6% |       4 |      55 |            50 |       527
     1850 |     +2.6% |       4 |      55 |            50 |       517
     1860 |     +2.6% |       4 |      55 |            50 |       507
     1870 |     +2.6% |       4 |      55 |            50 |       497
     1880 |     +2.6% |       4 |      55 |            50 |       487
     1890 |     +2.6% |       4 |      55 |            50 |       477
     1900 |     +2.6% |       4 |      55 |            50 |       467
     1910 |     +2.6% |       4 |      55 |            50 |       457
     1920 |     +2.6% |       4 |      55 |            50 |       447
     1930 |     +2.7% |       4 |      57 |            51 |       437
     1940 |     +2.7% |       4 |      57 |            51 |       427
     1950 |     +2.7% |       4 |      57 |            51 |       417
     1960 |     +2.7% |       4 |      57 |            51 |       407
     1970 |     +2.7% |       4 |      57 |            51 |       397
     1980 |     +2.7% |       4 |      57 |            51 |       387
     1990 |     +2.7% |       4 |      57 |            51 |       377
     2000 |     +2.7% |       4 |      57 |            51 |       367
     2010 |     +2.7% |       4 |      57 |            51 |       357
     2020 |     +2.7% |       4 |      57 |            51 |       347
     2030 |     +2.7% |       4 |      57 |            51 |       337
     2040 |     +2.7% |       4 |      57 |            51 |       327
     2050 |     +2.7% |       4 |      57 |            51 |       317
     2060 |     +2.7% |       4 |      57 |            51 |       307
     2070 |     +2.7% |       4 |      57 |            51 |       297
     2080 |     +2.7% |       4 |      57 |            51 |       287
     2090 |     +2.7% |       4 |      57 |            51 |       277
     2100 |     +2.7% |       4 |      57 |            51 |       267
     2110 |     +2.7% |       4 |      57 |            51 |       257
     2120 |     +2.7% |       4 |      57 |            51 |       247
     2130 |     +2.7% |       4 |      57 |            51 |       237
     2140 |     +2.7% |       4 |      57 |            51 |       227
     2150 |     +2.7% |       4 |      57 |            51 |       217
     2160 |     +2.7% |       4 |      57 |            51 |       207
     2170 |     +2.7% |       4 |      57 |            51 |       197
     2180 |     +2.7% |       4 |      57 |            51 |       187
     2190 |     +2.7% |       4 |      57 |            51 |       177
     2200 |     +2.7% |       4 |      57 |            51 |       167
     2210 |     +2.7% |       4 |      57 |            51 |       157
     2220 |     +2.7% |       4 |      57 |            51 |       147
     2230 |     +2.9% |       4 |      61 |            54 |       137
     2240 |     +3.2% |       4 |      66 |            59 |       127
     2250 |     +3.2% |       4 |      66 |            59 |       117
     2260 |     +3.2% |       4 |      66 |            59 |       107
     2270 |     +3.2% |       4 |      66 |            59 |        97
     2280 |     +3.2% |       4 |      66 |            59 |        87
     2290 |     +3.2% |       4 |      66 |            59 |        77
     2300 |     +3.2% |       4 |      66 |            59 |        67
     2310 |     +3.2% |       4 |      66 |            59 |        57
     2320 |     +3.2% |       4 |      66 |            59 |        47
     2330 |     +3.2% |       4 |      66 |            59 |        37
     2340 |     +3.2% |       4 |      66 |            59 |        27
     2350 |     +3.2% |       4 |      66 |            59 |        17
     2360 |     +3.2% |       4 |      66 |            59 |         7
    final |     +3.2% |       4 |      66 |            59 |         0
---------------------------------------------------------------------
[INFO RSZ-0034] Found 59 slew violations.
[INFO RSZ-0036] Found 6 capacitance violations.
[INFO RSZ-0039] Resized 4 instances.
[INFO RSZ-0038] Inserted 66 buffers in 59 nets.
[INFO RSZ-0042] Inserted 10 tie gf180mcu_fd_sc_mcu7t5v0__tiel instances.
[INFO RSZ-0042] Inserted 14 tie gf180mcu_fd_sc_mcu7t5v0__tieh instances.
[WARNING RSZ-0020] found 2 floating nets.
 VDD
 VSS
+ detailed_placement -max_displacement  500 100 
Placement Analysis
---------------------------------
total displacement      10481.8 u
average displacement        3.1 u
max displacement           23.5 u
original HPWL           78237.4 u
legalized HPWL          87947.4 u
delta HPWL                   12 %

[INFO DPL-0020] Mirrored 1028 instances
[INFO DPL-0021] HPWL before           87947.4 u
[INFO DPL-0022] HPWL after            85776.7 u
[INFO DPL-0023] HPWL delta               -2.5 %
Setting global connections for newly added cells…
[INFO] Setting global connections...
[INFO ODB-0403] 472 connections made, 0 conflicts skipped.
Updating metrics…
Cell type report:                       Count       Area
  Endcap cell                             244    1071.26
  Tap cell                                744    3266.46
  Tie cell                                 24     210.74
  Buffer                                    6      79.03
  Timing Repair Buffer                     94    2792.29
  Inverter                                254    2243.49
  Sequential cell                         413   26291.91
  Multi-Input combinational cell         1628   28667.12
  Total                                  3407   64622.30
Writing OpenROAD database to '/foss/designs/acoustic-ranger-dvl-processor/layout/digital/top_level_single_verilog/runs/RUN_2026-10-09_11-29-12/32-openroad-repairdesignpostgpl/top_level.odb'…
Writing netlist to '/foss/designs/acoustic-ranger-dvl-processor/layout/digital/top_level_single_verilog/runs/RUN_2026-10-09_11-29-12/32-openroad-repairdesignpostgpl/top_level.nl.v'…
Writing powered netlist to '/foss/designs/acoustic-ranger-dvl-processor/layout/digital/top_level_single_verilog/runs/RUN_2026-10-09_11-29-12/32-openroad-repairdesignpostgpl/top_level.pnl.v'…
Writing layout to '/foss/designs/acoustic-ranger-dvl-processor/layout/digital/top_level_single_verilog/runs/RUN_2026-10-09_11-29-12/32-openroad-repairdesignpostgpl/top_level.def'…
Writing timing constraints to '/foss/designs/acoustic-ranger-dvl-processor/layout/digital/top_level_single_verilog/runs/RUN_2026-10-09_11-29-12/32-openroad-repairdesignpostgpl/top_level.sdc'…
