
===========================================================================
report_checks -unconstrained
===========================================================================
======================= nom_ff_n40C_5v50 Corner ===================================

Startpoint: RST_I (input port clocked by system_clock)
Endpoint: _1375_ (rising edge-triggered flip-flop clocked by signal_clock)
Path Group: signal_clock
Path Type: max

Fanout         Cap        Slew       Delay        Time   Description
---------------------------------------------------------------------------------------------
                               3899.999756 3899.999756   clock system_clock (rise edge)
                                  0.000000 3899.999756   clock network delay (propagated)
                                 20.000000 3919.999512 ^ input external delay
     1    0.012377    0.000000    0.000000 3919.999512 ^ RST_I (in)
                                                         RST_I (net)
                      0.000473    0.000455 3920.000000 ^ input18/I (gf180mcu_fd_sc_mcu7t5v0__buf_2)
    47    0.310393    1.666092    1.046374 3921.046387 ^ input18/Z (gf180mcu_fd_sc_mcu7t5v0__buf_2)
                                                         net18 (net)
                      1.666957    0.021828 3921.068359 ^ _0876_/A2 (gf180mcu_fd_sc_mcu7t5v0__nor2_1)
     8    0.085450    1.066449    0.799446 3921.867676 v _0876_/ZN (gf180mcu_fd_sc_mcu7t5v0__nor2_1)
                                                         _0328_ (net)
                      1.066496    0.003638 3921.871338 v _0987_/B (gf180mcu_fd_sc_mcu7t5v0__oai31_1)
     9    0.059071    1.873916    0.812634 3922.683838 ^ _0987_/ZN (gf180mcu_fd_sc_mcu7t5v0__oai31_1)
                                                         _0413_ (net)
                      1.873916    0.000455 3922.684326 ^ _0988_/I (gf180mcu_fd_sc_mcu7t5v0__clkinv_1)
     7    0.050202    0.861753    0.653472 3923.337891 v _0988_/ZN (gf180mcu_fd_sc_mcu7t5v0__clkinv_1)
                                                         _0414_ (net)
                      0.861753    0.001364 3923.339355 v _1019_/B (gf180mcu_fd_sc_mcu7t5v0__oai21_1)
     1    0.008418    0.382657    0.371983 3923.711182 ^ _1019_/ZN (gf180mcu_fd_sc_mcu7t5v0__oai21_1)
                                                         _0434_ (net)
                      0.382657    0.000000 3923.711182 ^ _1020_/B (gf180mcu_fd_sc_mcu7t5v0__aoi21_1)
     1    0.005320    0.224279    0.163254 3923.874512 v _1020_/ZN (gf180mcu_fd_sc_mcu7t5v0__aoi21_1)
                                                         _0106_ (net)
                      0.224279    0.000000 3923.874512 v _1375_/D (gf180mcu_fd_sc_mcu7t5v0__dffq_1)
                                           3923.874512   data arrival time

                               4000.000000 4000.000000   clock signal_clock (rise edge)
                                  0.000000 4000.000000   clock source latency
     2    0.061138    0.000000    0.000000 4000.000000 ^ signal_input (in)
                                                         signal_input (net)
                      0.005973    0.002274 4000.002441 ^ clkbuf_regs_0_signal_clock/I (gf180mcu_fd_sc_mcu7t5v0__clkbuf_16)
     1    0.023566    0.058945    0.135515 4000.137939 ^ clkbuf_regs_0_signal_clock/Z (gf180mcu_fd_sc_mcu7t5v0__clkbuf_16)
                                                         signal_input_regs (net)
                      0.058945    0.000455 4000.138428 ^ clkbuf_0_signal_input_regs/I (gf180mcu_fd_sc_mcu7t5v0__clkbuf_16)
     2    0.045880    0.071403    0.154159 4000.292480 ^ clkbuf_0_signal_input_regs/Z (gf180mcu_fd_sc_mcu7t5v0__clkbuf_16)
                                                         clknet_0_signal_input_regs (net)
                      0.071403    0.000000 4000.292480 ^ clkbuf_1_1__f_signal_input_regs/I (gf180mcu_fd_sc_mcu7t5v0__clkbuf_16)
     9    0.044135    0.070423    0.155978 4000.448486 ^ clkbuf_1_1__f_signal_input_regs/Z (gf180mcu_fd_sc_mcu7t5v0__clkbuf_16)
                                                         clknet_1_1__leaf_signal_input_regs (net)
                      0.070423    0.000000 4000.448486 ^ _1375_/CLK (gf180mcu_fd_sc_mcu7t5v0__dffq_1)
                                  0.000000 4000.448486   clock reconvergence pessimism
                                 -0.175717 4000.272949   library setup time
                                           4000.272949   data required time
---------------------------------------------------------------------------------------------
                                           4000.272949   data required time
                                           -3923.874512   data arrival time
---------------------------------------------------------------------------------------------
                                             76.398193   slack (MET)


Startpoint: RST_I (input port clocked by system_clock)
Endpoint: _1289_ (rising edge-triggered flip-flop clocked by system_clock)
Path Group: system_clock
Path Type: max

Fanout         Cap        Slew       Delay        Time   Description
---------------------------------------------------------------------------------------------
                                  0.000000    0.000000   clock system_clock (rise edge)
                                  0.000000    0.000000   clock network delay (propagated)
                                 20.000000   20.000000 ^ input external delay
     1    0.012377    0.000000    0.000000   20.000000 ^ RST_I (in)
                                                         RST_I (net)
                      0.000473    0.000194   20.000195 ^ input18/I (gf180mcu_fd_sc_mcu7t5v0__buf_2)
    47    0.310393    1.666092    1.046544   21.046738 ^ input18/Z (gf180mcu_fd_sc_mcu7t5v0__buf_2)
                                                         net18 (net)
                      1.666559    0.015977   21.062716 ^ _0679_/I (gf180mcu_fd_sc_mcu7t5v0__clkinv_2)
    40    0.284137    1.550775    1.241686   22.304401 v _0679_/ZN (gf180mcu_fd_sc_mcu7t5v0__clkinv_2)
                                                         _0200_ (net)
                      1.550775    0.001393   22.305794 v _0687_/A2 (gf180mcu_fd_sc_mcu7t5v0__nand3_1)
     3    0.043562    0.856489    0.833937   23.139730 ^ _0687_/ZN (gf180mcu_fd_sc_mcu7t5v0__nand3_1)
                                                         _0208_ (net)
                      0.856490    0.001224   23.140955 ^ _0688_/A3 (gf180mcu_fd_sc_mcu7t5v0__nor3_1)
     3    0.021348    0.483280    0.331893   23.472847 v _0688_/ZN (gf180mcu_fd_sc_mcu7t5v0__nor3_1)
                                                         _0209_ (net)
                      0.483281    0.000687   23.473536 v _0689_/A2 (gf180mcu_fd_sc_mcu7t5v0__and2_1)
     8    0.054766    0.378545    0.496689   23.970224 v _0689_/Z (gf180mcu_fd_sc_mcu7t5v0__and2_1)
                                                         _0210_ (net)
                      0.378585    0.002206   23.972429 v _0707_/A1 (gf180mcu_fd_sc_mcu7t5v0__and2_1)
     9    0.070318    0.477235    0.510729   24.483160 v _0707_/Z (gf180mcu_fd_sc_mcu7t5v0__and2_1)
                                                         _0223_ (net)
                      0.477263    0.002119   24.485279 v _0747_/A1 (gf180mcu_fd_sc_mcu7t5v0__oai221_1)
     2    0.016590    0.661889    0.381021   24.866301 ^ _0747_/ZN (gf180mcu_fd_sc_mcu7t5v0__oai221_1)
                                                         _0249_ (net)
                      0.661889    0.000513   24.866814 ^ _0749_/B1 (gf180mcu_fd_sc_mcu7t5v0__aoi22_1)
     1    0.006945    0.317598    0.186128   25.052942 v _0749_/ZN (gf180mcu_fd_sc_mcu7t5v0__aoi22_1)
                                                         _0250_ (net)
                      0.317598    0.000149   25.053091 v _0750_/A2 (gf180mcu_fd_sc_mcu7t5v0__nor2_1)
     1    0.005327    0.313996    0.170953   25.224045 ^ _0750_/ZN (gf180mcu_fd_sc_mcu7t5v0__nor2_1)
                                                         _0020_ (net)
                      0.313996    0.000114   25.224157 ^ _1289_/D (gf180mcu_fd_sc_mcu7t5v0__dffq_1)
                                             25.224157   data arrival time

                                100.000000  100.000000   clock system_clock (rise edge)
                                  0.000000  100.000000   clock source latency
     1    0.043257    0.000000    0.000000  100.000000 ^ CLK_I (in)
                                                         CLK_I (net)
                      0.005900    0.002416  100.002411 ^ clkbuf_0_CLK_I/I (gf180mcu_fd_sc_mcu7t5v0__clkbuf_16)
    16    0.228426    0.179530    0.217682  100.220093 ^ clkbuf_0_CLK_I/Z (gf180mcu_fd_sc_mcu7t5v0__clkbuf_16)
                                                         clknet_0_CLK_I (net)
                      0.179642    0.004043  100.224136 ^ clkbuf_4_3_0_CLK_I/I (gf180mcu_fd_sc_mcu7t5v0__clkbuf_8)
    12    0.060456    0.113181    0.206541  100.430679 ^ clkbuf_4_3_0_CLK_I/Z (gf180mcu_fd_sc_mcu7t5v0__clkbuf_8)
                                                         clknet_4_3_0_CLK_I (net)
                      0.113182    0.000703  100.431381 ^ _1289_/CLK (gf180mcu_fd_sc_mcu7t5v0__dffq_1)
                                 -0.500000   99.931381   clock uncertainty
                                  0.000000   99.931381   clock reconvergence pessimism
                                 -0.133383   99.797997   library setup time
                                             99.797997   data required time
---------------------------------------------------------------------------------------------
                                             99.797997   data required time
                                            -25.224157   data arrival time
---------------------------------------------------------------------------------------------
                                             74.573837   slack (MET)




===========================================================================
report_checks --slack_max -0.01
============================================================================
======================= nom_ff_n40C_5v50 Corner ===================================

No paths found.


===========================================================================
 report_check_types -max_slew -max_cap -max_fanout -violators
============================================================================
======================= nom_ff_n40C_5v50 Corner ===================================

max slew

Pin                                        Limit        Slew       Slack
------------------------------------------------------------------------
_1055_/A2                               2.600000    3.418844   -0.818845 (VIOLATED)
_1063_/A2                               2.600000    3.418841   -0.818841 (VIOLATED)
_1049__45/I                             2.600000    3.418840   -0.818840 (VIOLATED)
_1059_/A2                               2.600000    3.418839   -0.818839 (VIOLATED)
_1071_/A2                               2.600000    3.418831   -0.818831 (VIOLATED)
_1067_/A2                               2.600000    3.418825   -0.818825 (VIOLATED)
_1074_/A2                               2.600000    3.418821   -0.818821 (VIOLATED)
_1078_/A2                               2.600000    3.418812   -0.818812 (VIOLATED)
_1082_/A2                               2.600000    3.418800   -0.818800 (VIOLATED)
_1085_/A2                               2.600000    3.418791   -0.818792 (VIOLATED)
_1090_/A2                               2.600000    3.418778   -0.818779 (VIOLATED)
_1094_/A2                               2.600000    3.418752   -0.818752 (VIOLATED)
_1098_/A2                               2.600000    3.418738   -0.818738 (VIOLATED)
_1102_/A2                               2.600000    3.418724   -0.818724 (VIOLATED)
_1128_/A3                               2.600000    3.418717   -0.818718 (VIOLATED)
_1127_/A3                               2.600000    3.418716   -0.818716 (VIOLATED)
_1106_/A2                               2.600000    3.418715   -0.818715 (VIOLATED)
_1129_/A3                               2.600000    3.418712   -0.818712 (VIOLATED)
_1130_/A3                               2.600000    3.418707   -0.818707 (VIOLATED)
_1109_/A2                               2.600000    3.418702   -0.818702 (VIOLATED)
_1114_/A2                               2.600000    3.418694   -0.818694 (VIOLATED)
_1118_/A2                               2.600000    3.418681   -0.818682 (VIOLATED)
_1122_/A2                               2.600000    3.418664   -0.818664 (VIOLATED)
_1125_/A2                               2.600000    3.418662   -0.818662 (VIOLATED)
_1048_/ZN                               2.600000    3.418648   -0.818648 (VIOLATED)
_1192_/A2                               2.600000    2.619062   -0.019063 (VIOLATED)
_1208_/A2                               2.600000    2.619062   -0.019063 (VIOLATED)
_1183_/A2                               2.600000    2.619062   -0.019062 (VIOLATED)
_1244_/A2                               2.600000    2.619061   -0.019062 (VIOLATED)
_1199_/B1                               2.600000    2.619048   -0.019049 (VIOLATED)
_1223_/B1                               2.600000    2.619038   -0.019038 (VIOLATED)
_1232_/B1                               2.600000    2.619036   -0.019036 (VIOLATED)
_1215_/B1                               2.600000    2.619035   -0.019035 (VIOLATED)
_1180_/ZN                               2.600000    2.619009   -0.019009 (VIOLATED)

max capacitance

Pin                                        Limit         Cap       Slack
------------------------------------------------------------------------
_1048_/ZN                               0.129500    0.181412   -0.051912 (VIOLATED)
_1180_/ZN                               0.090110    0.097084   -0.006974 (VIOLATED)



===========================================================================
report_parasitic_annotation -report_unannotated
============================================================================
Found 16 unannotated drivers.
 ext_rst_i
 clkload0/Z
 clkload1/Z
 clkload10/ZN
 clkload11/ZN
 clkload12/Z
 clkload13/ZN
 clkload14/ZN
 clkload2/ZN
 clkload3/Z
 clkload4/ZN
 clkload5/ZN
 clkload6/ZN
 clkload7/ZN
 clkload8/ZN
 clkload9/ZN
Found 0 partially unannotated drivers.

===========================================================================
max slew violation count 34
max fanout violation count 0
max cap violation count 2
============================================================================

===========================================================================
check_setup -verbose -unconstrained_endpoints -multiple_clock -no_clock -no_input_delay -loops -generated_clocks
===========================================================================
