┏━━━━━━━━━━━━━━━━━━━━━━┳━━━━━━━━━━┳━━━━━━━━━━┳━━━━━━━━━━┳━━━━━━━━━━┳━━━━━━━━━━━┳━━━━━━━━━━┳━━━━━━━━━━━┳━━━━━━━━━━┳━━━━━━━━━━━┳━━━━━━━━━━┳━━━━━━━━━━━┳━━━━━━━━━━┓
┃                      ┃ Hold     ┃ Reg to   ┃          ┃          ┃ of which  ┃ Setup    ┃           ┃          ┃           ┃ of which ┃           ┃          ┃
┃                      ┃ Worst    ┃ Reg      ┃          ┃ Hold Vio ┃ reg to    ┃ Worst    ┃ Reg to    ┃ Setup    ┃ Setup Vio ┃ reg to   ┃ Max Cap   ┃ Max Slew ┃
┃ Corner/Group         ┃ Slack    ┃ Paths    ┃ Hold TNS ┃ Count    ┃ reg       ┃ Slack    ┃ Reg Paths ┃ TNS      ┃ Count     ┃ reg      ┃ Violatio… ┃ Violati… ┃
┡━━━━━━━━━━━━━━━━━━━━━━╇━━━━━━━━━━╇━━━━━━━━━━╇━━━━━━━━━━╇━━━━━━━━━━╇━━━━━━━━━━━╇━━━━━━━━━━╇━━━━━━━━━━━╇━━━━━━━━━━╇━━━━━━━━━━━╇━━━━━━━━━━╇━━━━━━━━━━━╇━━━━━━━━━━┩
│ Overall              │ 0.1088   │ 0.1088   │ 0.0000   │ 0        │ 0         │ 64.1808  │ 93.9210   │ 0.0000   │ 0         │ 0        │ 4         │ 50       │
│ nom_tt_025C_5v00     │ 0.4951   │ 0.4951   │ 0.0000   │ 0        │ 0         │ 71.2539  │ 96.5992   │ 0.0000   │ 0         │ 0        │ 2         │ 32       │
│ nom_ss_125C_4v50     │ 1.3628   │ 1.3628   │ 0.0000   │ 0        │ 0         │ 64.8640  │ 93.9389   │ 0.0000   │ 0         │ 0        │ 2         │ 50       │
│ nom_ff_n40C_5v50     │ 0.1111   │ 0.1111   │ 0.0000   │ 0        │ 0         │ 74.1442  │ 97.7609   │ 0.0000   │ 0         │ 0        │ 1         │ 32       │
│ min_tt_025C_5v00     │ 0.4916   │ 0.4916   │ 0.0000   │ 0        │ 0         │ 71.5861  │ 96.6075   │ 0.0000   │ 0         │ 0        │ 2         │ 0        │
│ min_ss_125C_4v50     │ 1.3528   │ 1.3528   │ 0.0000   │ 0        │ 0         │ 65.4326  │ 93.9538   │ 0.0000   │ 0         │ 0        │ 1         │ 0        │
│ min_ff_n40C_5v50     │ 0.1088   │ 0.1088   │ 0.0000   │ 0        │ 0         │ 74.3647  │ 97.7663   │ 0.0000   │ 0         │ 0        │ 1         │ 0        │
│ max_tt_025C_5v00     │ 0.5011   │ 0.5011   │ 0.0000   │ 0        │ 0         │ 70.8605  │ 96.5891   │ 0.0000   │ 0         │ 0        │ 2         │ 50       │
│ max_ss_125C_4v50     │ 1.3731   │ 1.3731   │ 0.0000   │ 0        │ 0         │ 64.1808  │ 93.9210   │ 0.0000   │ 0         │ 0        │ 4         │ 50       │
│ max_ff_n40C_5v50     │ 0.1151   │ 0.1151   │ 0.0000   │ 0        │ 0         │ 73.8817  │ 97.7544   │ 0.0000   │ 0         │ 0        │ 2         │ 32       │
└──────────────────────┴──────────┴──────────┴──────────┴──────────┴───────────┴──────────┴───────────┴──────────┴───────────┴──────────┴───────────┴──────────┘
