
===========================================================================
report_checks -unconstrained
===========================================================================
======================= nom_tt_025C_5v00 Corner ===================================

Startpoint: RST_I (input port clocked by system_clock)
Endpoint: _879_ (rising edge-triggered flip-flop clocked by system_clock)
Path Group: system_clock
Path Type: max

Fanout         Cap        Slew       Delay        Time   Description
---------------------------------------------------------------------------------------------
                                  0.000000    0.000000   clock system_clock (rise edge)
                                  0.000000    0.000000   clock network delay (propagated)
                                 20.000000   20.000000 ^ input external delay
     1    0.004950    0.000000    0.000000   20.000000 ^ RST_I (in)
                                                         RST_I (net)
                      0.000068    0.000028   20.000029 ^ input10/I (gf180mcu_fd_sc_mcu7t5v0__dlyb_1)
    31    0.174606    2.851293    2.431936   22.431965 ^ input10/Z (gf180mcu_fd_sc_mcu7t5v0__dlyb_1)
                                                         net10 (net)
                      2.851305    0.003270   22.435234 ^ _430_/I (gf180mcu_fd_sc_mcu7t5v0__clkinv_1)
    16    0.090342    1.816443    1.481185   23.916420 v _430_/ZN (gf180mcu_fd_sc_mcu7t5v0__clkinv_1)
                                                         _103_ (net)
                      1.816454    0.002492   23.918913 v _491_/A1 (gf180mcu_fd_sc_mcu7t5v0__nand2_1)
     2    0.009235    0.533159    0.529466   24.448378 ^ _491_/ZN (gf180mcu_fd_sc_mcu7t5v0__nand2_1)
                                                         _155_ (net)
                      0.533159    0.000036   24.448414 ^ _502_/C (gf180mcu_fd_sc_mcu7t5v0__aoi211_1)
     5    0.025981    0.735780    0.511154   24.959568 v _502_/ZN (gf180mcu_fd_sc_mcu7t5v0__aoi211_1)
                                                         _166_ (net)
                      0.735780    0.000012   24.959579 v _505_/B (gf180mcu_fd_sc_mcu7t5v0__oai211_1)
     8    0.080805    2.528634    1.300963   26.260544 ^ _505_/ZN (gf180mcu_fd_sc_mcu7t5v0__oai211_1)
                                                         _169_ (net)
                      2.528634    0.000934   26.261477 ^ _534_/B1 (gf180mcu_fd_sc_mcu7t5v0__aoi22_1)
     1    0.003192    0.751691    0.248619   26.510096 v _534_/ZN (gf180mcu_fd_sc_mcu7t5v0__aoi22_1)
                                                         _013_ (net)
                      0.751691    0.000009   26.510105 v _879_/D (gf180mcu_fd_sc_mcu7t5v0__dffq_1)
                                             26.510105   data arrival time

                                100.000000  100.000000   clock system_clock (rise edge)
                                  0.000000  100.000000   clock source latency
     1    0.030847    0.000000    0.000000  100.000000 ^ CLK_I (in)
                                                         CLK_I (net)
                      0.001610    0.000661  100.000656 ^ clkbuf_0_CLK_I/I (gf180mcu_fd_sc_mcu7t5v0__clkbuf_16)
     8    0.192786    0.243555    0.316099  100.316757 ^ clkbuf_0_CLK_I/Z (gf180mcu_fd_sc_mcu7t5v0__clkbuf_16)
                                                         clknet_0_CLK_I (net)
                      0.243557    0.000938  100.317696 ^ clkbuf_3_6__f_CLK_I/I (gf180mcu_fd_sc_mcu7t5v0__clkbuf_16)
    13    0.064074    0.128205    0.284629  100.602325 ^ clkbuf_3_6__f_CLK_I/Z (gf180mcu_fd_sc_mcu7t5v0__clkbuf_16)
                                                         clknet_3_6__leaf_CLK_I (net)
                      0.128206    0.000540  100.602867 ^ _879_/CLK (gf180mcu_fd_sc_mcu7t5v0__dffq_1)
                                 -0.500000  100.102859   clock uncertainty
                                  0.000000  100.102859   clock reconvergence pessimism
                                 -0.446896   99.655968   library setup time
                                             99.655968   data required time
---------------------------------------------------------------------------------------------
                                             99.655968   data required time
                                            -26.510105   data arrival time
---------------------------------------------------------------------------------------------
                                             73.145859   slack (MET)




===========================================================================
report_checks --slack_max -0.01
============================================================================
======================= nom_tt_025C_5v00 Corner ===================================

No paths found.


===========================================================================
 report_check_types -max_slew -max_cap -max_fanout -violators
============================================================================
======================= nom_tt_025C_5v00 Corner ===================================



===========================================================================
report_parasitic_annotation -report_unannotated
============================================================================
Found 9 unannotated drivers.
 ERR_I
 RTY_I
 clkload0/ZN
 clkload1/ZN
 clkload2/ZN
 clkload3/ZN
 clkload4/ZN
 clkload5/ZN
 clkload6/ZN
Found 0 partially unannotated drivers.

===========================================================================
max slew violation count 0
Writing metric design__max_slew_violation__count__corner:nom_tt_025C_5v00: 0
max fanout violation count 0
Writing metric design__max_fanout_violation__count__corner:nom_tt_025C_5v00: 0
max cap violation count 0
Writing metric design__max_cap_violation__count__corner:nom_tt_025C_5v00: 0
============================================================================

===========================================================================
check_setup -verbose -unconstrained_endpoints -multiple_clock -no_clock -no_input_delay -loops -generated_clocks
===========================================================================
