Clock: system_clock
Sources: CLK_I 
Generated: no
Virtual: yes
Propagated: no
Period: 100.000000

===========================================================================
report_clock_properties
============================================================================
Clock                   Period          Waveform
----------------------------------------------------
system_clock        100.000000    0.000000 50.000000

===========================================================================
report_clock_latency
============================================================================
Clock system_clock
rise -> rise
    min     max
0.000000 0.000000 source latency
0.596794         network latency _894_/CLK
        0.604462 network latency _884_/CLK
---------------
0.596794 0.604462 latency
        0.007668 skew

fall -> fall
    min     max
0.000000 0.000000 source latency
0.600973         network latency _894_/CLK
        0.609315 network latency _884_/CLK
---------------
0.600973 0.609315 latency
        0.008342 skew



===========================================================================
report_clock_min_period
============================================================================
system_clock period_min = 8.06 fmax = 124.10
