┏━━━━━━━━━━━━━━━━━━━━━━┳━━━━━━━━━━┳━━━━━━━━━━┳━━━━━━━━━━┳━━━━━━━━━━┳━━━━━━━━━━━┳━━━━━━━━━━┳━━━━━━━━━━━┳━━━━━━━━━━┳━━━━━━━━━━━┳━━━━━━━━━━┳━━━━━━━━━━━┳━━━━━━━━━━┓
┃                      ┃ Hold     ┃ Reg to   ┃          ┃          ┃ of which  ┃ Setup    ┃           ┃          ┃           ┃ of which ┃           ┃          ┃
┃                      ┃ Worst    ┃ Reg      ┃          ┃ Hold Vio ┃ reg to    ┃ Worst    ┃ Reg to    ┃ Setup    ┃ Setup Vio ┃ reg to   ┃ Max Cap   ┃ Max Slew ┃
┃ Corner/Group         ┃ Slack    ┃ Paths    ┃ Hold TNS ┃ Count    ┃ reg       ┃ Slack    ┃ Reg Paths ┃ TNS      ┃ Count     ┃ reg      ┃ Violatio… ┃ Violati… ┃
┡━━━━━━━━━━━━━━━━━━━━━━╇━━━━━━━━━━╇━━━━━━━━━━╇━━━━━━━━━━╇━━━━━━━━━━╇━━━━━━━━━━━╇━━━━━━━━━━╇━━━━━━━━━━━╇━━━━━━━━━━╇━━━━━━━━━━━╇━━━━━━━━━━╇━━━━━━━━━━━╇━━━━━━━━━━┩
│ Overall              │ -0.6316  │ -0.0150  │ -0.6316  │ 4        │ 1         │ 68.8642  │ N/A       │ 0.0000   │ 0         │ 0        │ 1         │ 49       │
│ nom_tt_025C_5v00     │ -0.5905  │ 0.2885   │ -0.5905  │ 1        │ 0         │ 73.7811  │ N/A       │ 0.0000   │ 0         │ 0        │ 1         │ 49       │
│ nom_ss_125C_4v50     │ -0.6316  │ 0.9762   │ -0.6316  │ 1        │ 0         │ 68.8642  │ N/A       │ 0.0000   │ 0         │ 0        │ 1         │ 49       │
│ nom_ff_n40C_5v50     │ -0.5609  │ -0.0150  │ -0.5760  │ 2        │ 1         │ 75.9544  │ N/A       │ 0.0000   │ 0         │ 0        │ 1         │ 49       │
└──────────────────────┴──────────┴──────────┴──────────┴──────────┴───────────┴──────────┴───────────┴──────────┴───────────┴──────────┴───────────┴──────────┘
