
===========================================================================
report_checks -unconstrained
===========================================================================
======================= max_ff_n40C_5v50 Corner ===================================

Startpoint: RST_I (input port clocked by system_clock)
Endpoint: _879_ (rising edge-triggered flip-flop clocked by system_clock)
Path Group: system_clock
Path Type: max

Fanout         Cap        Slew       Delay        Time   Description
---------------------------------------------------------------------------------------------
                                  0.000000    0.000000   clock system_clock (rise edge)
                                  0.000000    0.000000   clock network delay (propagated)
                                 20.000000   20.000000 ^ input external delay
     1    0.008718    0.000000    0.000000   20.000000 ^ RST_I (in)
                                                         RST_I (net)
                      0.000312    0.000128   20.000128 ^ input10/I (gf180mcu_fd_sc_mcu7t5v0__dlyb_1)
    31    0.251260    2.706752    2.052664   22.052792 ^ input10/Z (gf180mcu_fd_sc_mcu7t5v0__dlyb_1)
                                                         net10 (net)
                      2.707118    0.017941   22.070734 ^ _430_/I (gf180mcu_fd_sc_mcu7t5v0__clkinv_1)
    16    0.137710    1.765110    1.432591   23.503325 v _430_/ZN (gf180mcu_fd_sc_mcu7t5v0__clkinv_1)
                                                         _103_ (net)
                      1.765167    0.005576   23.508900 v _491_/A1 (gf180mcu_fd_sc_mcu7t5v0__nand2_1)
     2    0.009907    0.445707    0.445155   23.954056 ^ _491_/ZN (gf180mcu_fd_sc_mcu7t5v0__nand2_1)
                                                         _155_ (net)
                      0.445707    0.000131   23.954187 ^ _502_/C (gf180mcu_fd_sc_mcu7t5v0__aoi211_1)
     5    0.039865    0.587402    0.436884   24.391071 v _502_/ZN (gf180mcu_fd_sc_mcu7t5v0__aoi211_1)
                                                         _166_ (net)
                      0.587402    0.000322   24.391392 v _505_/B (gf180mcu_fd_sc_mcu7t5v0__oai211_1)
     8    0.097700    1.877852    1.012676   25.404068 ^ _505_/ZN (gf180mcu_fd_sc_mcu7t5v0__oai211_1)
                                                         _169_ (net)
                      1.877886    0.004452   25.408520 ^ _534_/B1 (gf180mcu_fd_sc_mcu7t5v0__aoi22_1)
     1    0.005781    0.577474    0.185773   25.594294 v _534_/ZN (gf180mcu_fd_sc_mcu7t5v0__aoi22_1)
                                                         _013_ (net)
                      0.577474    0.000126   25.594419 v _879_/D (gf180mcu_fd_sc_mcu7t5v0__dffq_1)
                                             25.594419   data arrival time

                                100.000000  100.000000   clock system_clock (rise edge)
                                  0.000000  100.000000   clock source latency
     1    0.039116    0.000000    0.000000  100.000000 ^ CLK_I (in)
                                                         CLK_I (net)
                      0.004373    0.001791  100.001785 ^ clkbuf_0_CLK_I/I (gf180mcu_fd_sc_mcu7t5v0__clkbuf_16)
     8    0.214977    0.170986    0.212012  100.213799 ^ clkbuf_0_CLK_I/Z (gf180mcu_fd_sc_mcu7t5v0__clkbuf_16)
                                                         clknet_0_CLK_I (net)
                      0.171148    0.005031  100.218826 ^ clkbuf_3_6__f_CLK_I/I (gf180mcu_fd_sc_mcu7t5v0__clkbuf_16)
    13    0.068764    0.085149    0.187477  100.406303 ^ clkbuf_3_6__f_CLK_I/Z (gf180mcu_fd_sc_mcu7t5v0__clkbuf_16)
                                                         clknet_3_6__leaf_CLK_I (net)
                      0.085150    0.000540  100.406845 ^ _879_/CLK (gf180mcu_fd_sc_mcu7t5v0__dffq_1)
                                 -0.500000   99.906845   clock uncertainty
                                  0.000000   99.906845   clock reconvergence pessimism
                                 -0.305031   99.601814   library setup time
                                             99.601814   data required time
---------------------------------------------------------------------------------------------
                                             99.601814   data required time
                                            -25.594419   data arrival time
---------------------------------------------------------------------------------------------
                                             74.007401   slack (MET)




===========================================================================
report_checks --slack_max -0.01
============================================================================
======================= max_ff_n40C_5v50 Corner ===================================

No paths found.


===========================================================================
 report_check_types -max_slew -max_cap -max_fanout -violators
============================================================================
======================= max_ff_n40C_5v50 Corner ===================================

max slew

Pin                                        Limit        Slew       Slack
------------------------------------------------------------------------
_641_/B                                 2.600000    2.707130   -0.107130 (VIOLATED)
_773_/A2                                2.600000    2.707122   -0.107123 (VIOLATED)
_430_/I                                 2.600000    2.707118   -0.107119 (VIOLATED)
_804_/A1                                2.600000    2.707083   -0.107083 (VIOLATED)
_812_/A1                                2.600000    2.707071   -0.107071 (VIOLATED)
_808_/A1                                2.600000    2.707058   -0.107058 (VIOLATED)
_806_/A1                                2.600000    2.707035   -0.107035 (VIOLATED)
_800_/A1                                2.600000    2.706989   -0.106989 (VIOLATED)
_798_/A1                                2.600000    2.706940   -0.106941 (VIOLATED)
_794_/A1                                2.600000    2.706909   -0.106909 (VIOLATED)
_802_/A1                                2.600000    2.706889   -0.106889 (VIOLATED)
_796_/A1                                2.600000    2.706871   -0.106871 (VIOLATED)
_596_/A2                                2.600000    2.706856   -0.106856 (VIOLATED)
_600_/A2                                2.600000    2.706856   -0.106856 (VIOLATED)
_601_/B2                                2.600000    2.706855   -0.106855 (VIOLATED)
_599_/A3                                2.600000    2.706852   -0.106852 (VIOLATED)
_772_/A2                                2.600000    2.706847   -0.106847 (VIOLATED)
_712_/C                                 2.600000    2.706844   -0.106845 (VIOLATED)
_679_/A1                                2.600000    2.706839   -0.106839 (VIOLATED)
_710_/A1                                2.600000    2.706838   -0.106838 (VIOLATED)
_605_/B                                 2.600000    2.706833   -0.106833 (VIOLATED)
_777_/A1                                2.600000    2.706824   -0.106824 (VIOLATED)
_779_/A1                                2.600000    2.706824   -0.106824 (VIOLATED)
_781_/A1                                2.600000    2.706815   -0.106815 (VIOLATED)
_785_/A1                                2.600000    2.706801   -0.106801 (VIOLATED)
_810_/B                                 2.600000    2.706797   -0.106797 (VIOLATED)
_603_/C                                 2.600000    2.706795   -0.106796 (VIOLATED)
_787_/A1                                2.600000    2.706795   -0.106795 (VIOLATED)
_783_/A1                                2.600000    2.706782   -0.106783 (VIOLATED)
_789_/A1                                2.600000    2.706776   -0.106776 (VIOLATED)
_791_/A1                                2.600000    2.706752   -0.106752 (VIOLATED)
input10/Z                               2.600000    2.706752   -0.106752 (VIOLATED)

max capacitance

Pin                                        Limit         Cap       Slack
------------------------------------------------------------------------
input10/Z                               0.234200    0.251260   -0.017060 (VIOLATED)



===========================================================================
report_parasitic_annotation -report_unannotated
============================================================================
Found 9 unannotated drivers.
 ERR_I
 RTY_I
 clkload0/ZN
 clkload1/ZN
 clkload2/ZN
 clkload3/ZN
 clkload4/ZN
 clkload5/Z
 clkload6/Z
Found 0 partially unannotated drivers.

===========================================================================
max slew violation count 32
max fanout violation count 0
max cap violation count 1
============================================================================

===========================================================================
check_setup -verbose -unconstrained_endpoints -multiple_clock -no_clock -no_input_delay -loops -generated_clocks
===========================================================================
