Clock: system_clock
Sources: CLK_I 
Generated: no
Virtual: yes
Propagated: no
Period: 100.000000

===========================================================================
report_clock_properties
============================================================================
Clock                   Period          Waveform
----------------------------------------------------
system_clock        100.000000    0.000000 50.000000

===========================================================================
report_clock_latency
============================================================================
Clock system_clock
rise -> rise
    min     max
0.000000 0.000000 source latency
0.402425         network latency _827_/CLK
        0.410224 network latency _894_/CLK
---------------
0.402425 0.410224 latency
        0.007799 skew

fall -> fall
    min     max
0.000000 0.000000 source latency
0.404238         network latency _827_/CLK
        0.412499 network latency _894_/CLK
---------------
0.404238 0.412499 latency
        0.008260 skew



===========================================================================
report_clock_min_period
============================================================================
system_clock period_min = 5.92 fmax = 169.06
