
===========================================================================
report_checks -unconstrained
===========================================================================
======================= max_ss_125C_4v50 Corner ===================================

Startpoint: RST_I (input port clocked by system_clock)
Endpoint: _879_ (rising edge-triggered flip-flop clocked by system_clock)
Path Group: system_clock
Path Type: max

Fanout         Cap        Slew       Delay        Time   Description
---------------------------------------------------------------------------------------------
                                  0.000000    0.000000   clock system_clock (rise edge)
                                  0.000000    0.000000   clock network delay (propagated)
                                 20.000000   20.000000 ^ input external delay
     1    0.010240    0.000000    0.000000   20.000000 ^ RST_I (in)
                                                         RST_I (net)
                      0.000401    0.000163   20.000164 ^ input10/I (gf180mcu_fd_sc_mcu7t5v0__dlyb_1)
    31    0.272175    7.467690    5.814890   25.815054 ^ input10/Z (gf180mcu_fd_sc_mcu7t5v0__dlyb_1)
                                                         net10 (net)
                      7.467831    0.018421   25.833475 ^ _430_/I (gf180mcu_fd_sc_mcu7t5v0__clkinv_1)
    16    0.134428    4.718152    3.879396   29.712872 v _430_/ZN (gf180mcu_fd_sc_mcu7t5v0__clkinv_1)
                                                         _103_ (net)
                      4.718248    0.011831   29.724701 v _491_/A1 (gf180mcu_fd_sc_mcu7t5v0__nand2_1)
     2    0.011071    1.198660    1.238357   30.963058 ^ _491_/ZN (gf180mcu_fd_sc_mcu7t5v0__nand2_1)
                                                         _155_ (net)
                      1.198660    0.000114   30.963173 ^ _502_/C (gf180mcu_fd_sc_mcu7t5v0__aoi211_1)
     5    0.039598    1.759579    1.195303   32.158478 v _502_/ZN (gf180mcu_fd_sc_mcu7t5v0__aoi211_1)
                                                         _166_ (net)
                      1.759579    0.000608   32.159084 v _505_/B (gf180mcu_fd_sc_mcu7t5v0__oai211_1)
     8    0.103633    5.747444    2.854865   35.013947 ^ _505_/ZN (gf180mcu_fd_sc_mcu7t5v0__oai211_1)
                                                         _169_ (net)
                      5.747444    0.003048   35.016998 ^ _534_/B1 (gf180mcu_fd_sc_mcu7t5v0__aoi22_1)
     1    0.004451    1.537790    0.518071   35.535069 v _534_/ZN (gf180mcu_fd_sc_mcu7t5v0__aoi22_1)
                                                         _013_ (net)
                      1.537790    0.000092   35.535160 v _879_/D (gf180mcu_fd_sc_mcu7t5v0__dffq_1)
                                             35.535160   data arrival time

                                100.000000  100.000000   clock system_clock (rise edge)
                                  0.000000  100.000000   clock source latency
     1    0.041917    0.000000    0.000000  100.000000 ^ CLK_I (in)
                                                         CLK_I (net)
                      0.005060    0.002068  100.002068 ^ clkbuf_0_CLK_I/I (gf180mcu_fd_sc_mcu7t5v0__clkbuf_16)
     8    0.206336    0.445754    0.573024  100.575089 ^ clkbuf_0_CLK_I/Z (gf180mcu_fd_sc_mcu7t5v0__clkbuf_16)
                                                         clknet_0_CLK_I (net)
                      0.445765    0.003411  100.578499 ^ clkbuf_3_6__f_CLK_I/I (gf180mcu_fd_sc_mcu7t5v0__clkbuf_16)
    13    0.090885    0.267245    0.548305  101.126801 ^ clkbuf_3_6__f_CLK_I/Z (gf180mcu_fd_sc_mcu7t5v0__clkbuf_16)
                                                         clknet_3_6__leaf_CLK_I (net)
                      0.267248    0.001698  101.128502 ^ _879_/CLK (gf180mcu_fd_sc_mcu7t5v0__dffq_1)
                                 -0.500000  100.628502   clock uncertainty
                                  0.000000  100.628502   clock reconvergence pessimism
                                 -0.912545   99.715958   library setup time
                                             99.715958   data required time
---------------------------------------------------------------------------------------------
                                             99.715958   data required time
                                            -35.535160   data arrival time
---------------------------------------------------------------------------------------------
                                             64.180801   slack (MET)




===========================================================================
report_checks --slack_max -0.01
============================================================================
======================= max_ss_125C_4v50 Corner ===================================

No paths found.


===========================================================================
 report_check_types -max_slew -max_cap -max_fanout -violators
============================================================================
======================= max_ss_125C_4v50 Corner ===================================

max slew

Pin                                        Limit        Slew       Slack
------------------------------------------------------------------------
_775_/ZN                                7.000000    7.618644   -0.618644 (VIOLATED)
_776_/B1                                7.000000    7.618644   -0.618644 (VIOLATED)
_778_/B1                                7.000000    7.618644   -0.618644 (VIOLATED)
_780_/B1                                7.000000    7.618644   -0.618644 (VIOLATED)
_782_/B1                                7.000000    7.618644   -0.618644 (VIOLATED)
_784_/B1                                7.000000    7.618644   -0.618644 (VIOLATED)
_786_/B1                                7.000000    7.618644   -0.618644 (VIOLATED)
_788_/B1                                7.000000    7.618644   -0.618644 (VIOLATED)
_790_/B1                                7.000000    7.618644   -0.618644 (VIOLATED)
_793_/A2                                7.000000    7.618644   -0.618644 (VIOLATED)
_795_/A2                                7.000000    7.618644   -0.618644 (VIOLATED)
_797_/A2                                7.000000    7.618644   -0.618644 (VIOLATED)
_799_/A2                                7.000000    7.618644   -0.618644 (VIOLATED)
_801_/A2                                7.000000    7.618644   -0.618644 (VIOLATED)
_803_/A2                                7.000000    7.618644   -0.618644 (VIOLATED)
_805_/A2                                7.000000    7.618644   -0.618644 (VIOLATED)
_807_/A2                                7.000000    7.618644   -0.618644 (VIOLATED)
_811_/A2                                7.000000    7.618644   -0.618644 (VIOLATED)
_806_/A1                                7.000000    7.467840   -0.467840 (VIOLATED)
_802_/A1                                7.000000    7.467839   -0.467839 (VIOLATED)
_812_/A1                                7.000000    7.467839   -0.467839 (VIOLATED)
_773_/A2                                7.000000    7.467832   -0.467832 (VIOLATED)
_430_/I                                 7.000000    7.467831   -0.467831 (VIOLATED)
_641_/B                                 7.000000    7.467818   -0.467818 (VIOLATED)
_808_/A1                                7.000000    7.467813   -0.467812 (VIOLATED)
_804_/A1                                7.000000    7.467812   -0.467812 (VIOLATED)
_796_/A1                                7.000000    7.467805   -0.467805 (VIOLATED)
_800_/A1                                7.000000    7.467804   -0.467804 (VIOLATED)
_798_/A1                                7.000000    7.467800   -0.467800 (VIOLATED)
_596_/A2                                7.000000    7.467791   -0.467791 (VIOLATED)
_600_/A2                                7.000000    7.467786   -0.467786 (VIOLATED)
_601_/B2                                7.000000    7.467785   -0.467785 (VIOLATED)
_794_/A1                                7.000000    7.467783   -0.467783 (VIOLATED)
_605_/B                                 7.000000    7.467762   -0.467763 (VIOLATED)
_603_/C                                 7.000000    7.467761   -0.467761 (VIOLATED)
_787_/A1                                7.000000    7.467741   -0.467741 (VIOLATED)
_789_/A1                                7.000000    7.467740   -0.467740 (VIOLATED)
_599_/A3                                7.000000    7.467690   -0.467690 (VIOLATED)
_679_/A1                                7.000000    7.467690   -0.467690 (VIOLATED)
_710_/A1                                7.000000    7.467690   -0.467690 (VIOLATED)
_712_/C                                 7.000000    7.467690   -0.467690 (VIOLATED)
_772_/A2                                7.000000    7.467690   -0.467690 (VIOLATED)
_777_/A1                                7.000000    7.467690   -0.467690 (VIOLATED)
_779_/A1                                7.000000    7.467690   -0.467690 (VIOLATED)
_781_/A1                                7.000000    7.467690   -0.467690 (VIOLATED)
_783_/A1                                7.000000    7.467690   -0.467690 (VIOLATED)
_785_/A1                                7.000000    7.467690   -0.467690 (VIOLATED)
_791_/A1                                7.000000    7.467690   -0.467690 (VIOLATED)
_810_/B                                 7.000000    7.467690   -0.467690 (VIOLATED)
input10/Z                               7.000000    7.467690   -0.467690 (VIOLATED)

max capacitance

Pin                                        Limit         Cap       Slack
------------------------------------------------------------------------
input10/Z                               0.246600    0.272175   -0.025575 (VIOLATED)
_775_/ZN                                0.120800    0.138853   -0.018053 (VIOLATED)
_760_/ZN                                0.058450    0.060638   -0.002188 (VIOLATED)
_681_/ZN                                0.058450    0.060275   -0.001825 (VIOLATED)



===========================================================================
report_parasitic_annotation -report_unannotated
============================================================================
Found 9 unannotated drivers.
 ERR_I
 RTY_I
 clkload0/ZN
 clkload1/ZN
 clkload2/ZN
 clkload3/ZN
 clkload4/ZN
 clkload5/ZN
 clkload6/ZN
Found 0 partially unannotated drivers.

===========================================================================
max slew violation count 50
max fanout violation count 0
max cap violation count 4
============================================================================

===========================================================================
check_setup -verbose -unconstrained_endpoints -multiple_clock -no_clock -no_input_delay -loops -generated_clocks
===========================================================================
