Clock: system_clock
Sources: CLK_I 
Generated: no
Virtual: yes
Propagated: no
Period: 100.000000

===========================================================================
report_clock_properties
============================================================================
Clock                   Period          Waveform
----------------------------------------------------
system_clock        100.000000    0.000000 50.000000

===========================================================================
report_clock_latency
============================================================================
Clock system_clock
rise -> rise
    min     max
0.000000 0.000000 source latency
1.095844         network latency _894_/CLK
        1.129002 network latency _825_/CLK
---------------
1.095844 1.129002 latency
        0.033158 skew

fall -> fall
    min     max
0.000000 0.000000 source latency
1.106486         network latency _894_/CLK
        1.142119 network latency _825_/CLK
---------------
1.106486 1.142119 latency
        0.035634 skew



===========================================================================
report_clock_min_period
============================================================================
system_clock period_min = 19.00 fmax = 52.63
