Reading timing models for corner nom_tt_025C_5v00…
Reading timing library for the 'nom_tt_025C_5v00' corner at '/foss/pdks/gf180mcuD/libs.ref/gf180mcu_fd_sc_mcu7t5v0/lib/gf180mcu_fd_sc_mcu7t5v0__tt_025C_5v00.lib'…
Reading OpenROAD database at '/foss/designs/acoustic-ranger-dvl-processor/layout/digital/TDC/runs/RUN_2026-09-01_09-22-52/37-openroad-resizertimingpostcts/frequency_counter.odb'…
Reading design constraints file at '/foss/designs/acoustic-ranger-dvl-processor/layout/digital/TDC/constraint.sdc'…
[WARNING STA-0441] set_input_delay relative to a clock defined on the same port/pin not allowed.
[INFO] No information on clock propagation in input SDC file-- propagating all clocks.
[INFO] Setting signal min routing layer to: Metal2 and clock min routing layer to Metal2. 
[INFO] Setting signal max routing layer to: Metal5 and clock max routing layer to Metal5. 
+ global_route -congestion_iterations 50 -verbose
[INFO GRT-0020] Min routing layer: Metal2
[INFO GRT-0021] Max routing layer: Metal5
[INFO GRT-0022] Global adjustment: 30%
[INFO GRT-0023] Grid origin: (0, 0)
[INFO GRT-0088] Layer Metal1  Track-Pitch = 0.5600  line-2-Via Pitch: 0.4750
[INFO GRT-0088] Layer Metal2  Track-Pitch = 0.5600  line-2-Via Pitch: 0.5600
[INFO GRT-0088] Layer Metal3  Track-Pitch = 0.5600  line-2-Via Pitch: 0.5600
[INFO GRT-0088] Layer Metal4  Track-Pitch = 0.5600  line-2-Via Pitch: 0.5600
[INFO GRT-0088] Layer Metal5  Track-Pitch = 0.9000  line-2-Via Pitch: 0.8200
[INFO GRT-0003] Macros: 0
[INFO GRT-0004] Blockages: 0
[INFO GRT-0019] Found 82 clock nets.
[INFO GRT-0001] Minimum degree: 2
[INFO GRT-0002] Maximum degree: 27

[INFO GRT-0053] Routing resources analysis:
          Routing      Original      Derated      Resource
Layer     Direction    Resources     Resources    Reduction (%)
---------------------------------------------------------------
Metal1     Horizontal          0             0          0.00%
Metal2     Vertical        10744          7176          33.21%
Metal3     Horizontal      11050          7348          33.50%
Metal4     Vertical        10738          7172          33.21%
Metal5     Horizontal       6790          4550          32.99%
---------------------------------------------------------------

[INFO GRT-0197] Via related to pin nodes: 5513
[INFO GRT-0198] Via related Steiner nodes: 95
[INFO GRT-0199] Via filling finished.
[INFO GRT-0111] Final number of vias: 6714
[INFO GRT-0112] Final usage 3D: 24413

[INFO GRT-0096] Final congestion report:
Layer         Resource        Demand        Usage (%)    Max H / Max V / Total Overflow
---------------------------------------------------------------------------------------
Metal1               0             0            0.00%             0 /  0 /  0
Metal2            7176          2049           28.55%             0 /  0 /  0
Metal3            7348          2114           28.77%             0 /  0 /  0
Metal4            7172            40            0.56%             0 /  0 /  0
Metal5            4550            68            1.49%             0 /  0 /  0
---------------------------------------------------------------------------------------
Total            26246          4271           16.27%             0 /  0 /  0

[INFO GRT-0018] Total wirelength: 55641 um
[INFO GRT-0014] Routed nets: 994
[INFO GRT-0303] Global routing runtime = 00:00:00
Setting global connections for newly added cells…
[INFO] Setting global connections...
[INFO ODB-0403] 0 connections made, 0 conflicts skipped.
Updating metrics…
Cell type report:                       Count       Area
  Endcap cell                              74     324.89
  Tap cell                                275    1207.36
  Tie cell                                  1       8.78
  Buffer                                    6      79.03
  Clock buffer                             28    1808.84
  Timing Repair Buffer                    132    5751.42
  Inverter                                 49     430.26
  Clock inverter                           12     180.01
  Sequential cell                         166   10567.69
  Multi-Input combinational cell          593   10433.79
  Total                                  1336   30792.07
Writing OpenROAD database to '/foss/designs/acoustic-ranger-dvl-processor/layout/digital/TDC/runs/RUN_2026-09-01_09-22-52/39-openroad-globalrouting/frequency_counter.odb'…
Writing layout to '/foss/designs/acoustic-ranger-dvl-processor/layout/digital/TDC/runs/RUN_2026-09-01_09-22-52/39-openroad-globalrouting/frequency_counter.def'…
