Clock: system_clock
Sources: 
Generated: no
Virtual: yes
Propagated: no
Period: 100.000000

===========================================================================
report_clock_properties
============================================================================
Clock                   Period          Waveform
----------------------------------------------------
system_clock        100.000000    0.000000 50.000000

===========================================================================
report_clock_latency
============================================================================
Clock system_clock
rise -> rise
    min     max
0.000000 0.000000 source latency
20.631378         network latency _4016_/CLK
        20.665264 network latency _3841_/CLK
---------------
20.631378 20.665264 latency
        0.033886 skew

rise -> fall
    min     max
0.000000 0.000000 source latency
20.647430         network latency _4016_/CLK
        20.684750 network latency _3841_/CLK
---------------
20.647430 20.684750 latency
        0.037319 skew



===========================================================================
report_clock_min_period
============================================================================
system_clock period_min = 0.00 fmax = inf
Clock: signal_clock
Sources: signal_input 
Generated: no
Virtual: yes
Propagated: no
Period: 4000.000000

===========================================================================
report_clock_properties
============================================================================
Clock                   Period          Waveform
----------------------------------------------------
signal_clock        4000.000000    0.0000002000.000000

===========================================================================
report_clock_latency
============================================================================
Clock signal_clock
rise -> rise
    min     max
0.000000 0.000000 source latency
0.450694         network latency _4066_/CLK
        0.452911 network latency _4079_/CLK
---------------
0.450694 0.452911 latency
        0.002217 skew

fall -> fall
    min     max
0.000000 0.000000 source latency
0.440878         network latency _4066_/CLK
        0.443151 network latency _4076_/CLK
---------------
0.440878 0.443151 latency
        0.002274 skew



===========================================================================
report_clock_min_period
============================================================================
signal_clock period_min = 4.29 fmax = 233.07
