
===========================================================================
report_checks -path_delay min (Hold)
============================================================================
======================= nom_ff_n40C_5v50 Corner ===================================

Startpoint: _4079_ (rising edge-triggered flip-flop clocked by signal_clock)
Endpoint: _4079_ (rising edge-triggered flip-flop clocked by signal_clock)
Path Group: signal_clock
Path Type: min

Fanout         Cap        Slew       Delay        Time   Description
---------------------------------------------------------------------------------------------
                                  0.000000    0.000000   clock signal_clock (rise edge)
                                  0.000000    0.000000   clock source latency
     2    0.066127    0.000000    0.000000    0.000000 ^ signal_input (in)
                                                         signal_input (net)
                      0.006916    0.002829    0.002829 ^ clkbuf_regs_0_signal_clock/I (gf180mcu_fd_sc_mcu7t5v0__clkbuf_16)
     1    0.022925    0.058534    0.135261    0.138090 ^ clkbuf_regs_0_signal_clock/Z (gf180mcu_fd_sc_mcu7t5v0__clkbuf_16)
                                                         signal_input_regs (net)
                      0.058534    0.000233    0.138322 ^ clkbuf_0_signal_input_regs/I (gf180mcu_fd_sc_mcu7t5v0__clkbuf_16)
     2    0.047168    0.072114    0.154590    0.292913 ^ clkbuf_0_signal_input_regs/Z (gf180mcu_fd_sc_mcu7t5v0__clkbuf_16)
                                                         clknet_0_signal_input_regs (net)
                      0.072115    0.000413    0.293326 ^ clkbuf_1_1__f_signal_input_regs/I (gf180mcu_fd_sc_mcu7t5v0__clkbuf_16)
    10    0.050132    0.073741    0.158368    0.451694 ^ clkbuf_1_1__f_signal_input_regs/Z (gf180mcu_fd_sc_mcu7t5v0__clkbuf_16)
                                                         clknet_1_1__leaf_signal_input_regs (net)
                      0.073747    0.001217    0.452911 ^ _4079_/CLK (gf180mcu_fd_sc_mcu7t5v0__dffq_1)
     4    0.026715    0.315663    0.582358    1.035269 ^ _4079_/Q (gf180mcu_fd_sc_mcu7t5v0__dffq_1)
                                                         tdc_module.measurement_state_machine[15] (net)
                      0.315663    0.000217    1.035486 ^ _3440_/A1 (gf180mcu_fd_sc_mcu7t5v0__aoi21_1)
     1    0.003282    0.093312    0.072680    1.108165 v _3440_/ZN (gf180mcu_fd_sc_mcu7t5v0__aoi21_1)
                                                         _0325_ (net)
                      0.093312    0.000061    1.108226 v _4079_/D (gf180mcu_fd_sc_mcu7t5v0__dffq_1)
                                              1.108226   data arrival time

                                  0.000000    0.000000   clock signal_clock (rise edge)
                                  0.000000    0.000000   clock source latency
     2    0.066127    0.000000    0.000000    0.000000 ^ signal_input (in)
                                                         signal_input (net)
                      0.006916    0.002829    0.002829 ^ clkbuf_regs_0_signal_clock/I (gf180mcu_fd_sc_mcu7t5v0__clkbuf_16)
     1    0.022925    0.058534    0.135261    0.138090 ^ clkbuf_regs_0_signal_clock/Z (gf180mcu_fd_sc_mcu7t5v0__clkbuf_16)
                                                         signal_input_regs (net)
                      0.058534    0.000233    0.138322 ^ clkbuf_0_signal_input_regs/I (gf180mcu_fd_sc_mcu7t5v0__clkbuf_16)
     2    0.047168    0.072114    0.154590    0.292913 ^ clkbuf_0_signal_input_regs/Z (gf180mcu_fd_sc_mcu7t5v0__clkbuf_16)
                                                         clknet_0_signal_input_regs (net)
                      0.072115    0.000413    0.293326 ^ clkbuf_1_1__f_signal_input_regs/I (gf180mcu_fd_sc_mcu7t5v0__clkbuf_16)
    10    0.050132    0.073741    0.158368    0.451694 ^ clkbuf_1_1__f_signal_input_regs/Z (gf180mcu_fd_sc_mcu7t5v0__clkbuf_16)
                                                         clknet_1_1__leaf_signal_input_regs (net)
                      0.073747    0.001217    0.452911 ^ _4079_/CLK (gf180mcu_fd_sc_mcu7t5v0__dffq_1)
                                  0.000000    0.452911   clock reconvergence pessimism
                                  0.058608    0.511519   library hold time
                                              0.511519   data required time
---------------------------------------------------------------------------------------------
                                              0.511519   data required time
                                             -1.108226   data arrival time
---------------------------------------------------------------------------------------------
                                              0.596708   slack (MET)


Startpoint: _4072_ (rising edge-triggered flip-flop clocked by signal_clock)
Endpoint: _4072_ (rising edge-triggered flip-flop clocked by signal_clock)
Path Group: signal_clock
Path Type: min

Fanout         Cap        Slew       Delay        Time   Description
---------------------------------------------------------------------------------------------
                                  0.000000    0.000000   clock signal_clock (rise edge)
                                  0.000000    0.000000   clock source latency
     2    0.066127    0.000000    0.000000    0.000000 ^ signal_input (in)
                                                         signal_input (net)
                      0.006916    0.002829    0.002829 ^ clkbuf_regs_0_signal_clock/I (gf180mcu_fd_sc_mcu7t5v0__clkbuf_16)
     1    0.022925    0.058534    0.135261    0.138090 ^ clkbuf_regs_0_signal_clock/Z (gf180mcu_fd_sc_mcu7t5v0__clkbuf_16)
                                                         signal_input_regs (net)
                      0.058534    0.000233    0.138322 ^ clkbuf_0_signal_input_regs/I (gf180mcu_fd_sc_mcu7t5v0__clkbuf_16)
     2    0.047168    0.072114    0.154590    0.292913 ^ clkbuf_0_signal_input_regs/Z (gf180mcu_fd_sc_mcu7t5v0__clkbuf_16)
                                                         clknet_0_signal_input_regs (net)
                      0.072115    0.000413    0.293326 ^ clkbuf_1_1__f_signal_input_regs/I (gf180mcu_fd_sc_mcu7t5v0__clkbuf_16)
    10    0.050132    0.073741    0.158368    0.451694 ^ clkbuf_1_1__f_signal_input_regs/Z (gf180mcu_fd_sc_mcu7t5v0__clkbuf_16)
                                                         clknet_1_1__leaf_signal_input_regs (net)
                      0.073742    0.000422    0.452116 ^ _4072_/CLK (gf180mcu_fd_sc_mcu7t5v0__dffq_1)
     5    0.027679    0.325697    0.588198    1.040315 ^ _4072_/Q (gf180mcu_fd_sc_mcu7t5v0__dffq_1)
                                                         tdc_module.measurement_state_machine[8] (net)
                      0.325700    0.000493    1.040808 ^ _3421_/A1 (gf180mcu_fd_sc_mcu7t5v0__aoi21_1)
     1    0.003263    0.108917    0.072468    1.113275 v _3421_/ZN (gf180mcu_fd_sc_mcu7t5v0__aoi21_1)
                                                         _0318_ (net)
                      0.108917    0.000035    1.113310 v _4072_/D (gf180mcu_fd_sc_mcu7t5v0__dffq_1)
                                              1.113310   data arrival time

                                  0.000000    0.000000   clock signal_clock (rise edge)
                                  0.000000    0.000000   clock source latency
     2    0.066127    0.000000    0.000000    0.000000 ^ signal_input (in)
                                                         signal_input (net)
                      0.006916    0.002829    0.002829 ^ clkbuf_regs_0_signal_clock/I (gf180mcu_fd_sc_mcu7t5v0__clkbuf_16)
     1    0.022925    0.058534    0.135261    0.138090 ^ clkbuf_regs_0_signal_clock/Z (gf180mcu_fd_sc_mcu7t5v0__clkbuf_16)
                                                         signal_input_regs (net)
                      0.058534    0.000233    0.138322 ^ clkbuf_0_signal_input_regs/I (gf180mcu_fd_sc_mcu7t5v0__clkbuf_16)
     2    0.047168    0.072114    0.154590    0.292913 ^ clkbuf_0_signal_input_regs/Z (gf180mcu_fd_sc_mcu7t5v0__clkbuf_16)
                                                         clknet_0_signal_input_regs (net)
                      0.072115    0.000413    0.293326 ^ clkbuf_1_1__f_signal_input_regs/I (gf180mcu_fd_sc_mcu7t5v0__clkbuf_16)
    10    0.050132    0.073741    0.158368    0.451694 ^ clkbuf_1_1__f_signal_input_regs/Z (gf180mcu_fd_sc_mcu7t5v0__clkbuf_16)
                                                         clknet_1_1__leaf_signal_input_regs (net)
                      0.073742    0.000422    0.452116 ^ _4072_/CLK (gf180mcu_fd_sc_mcu7t5v0__dffq_1)
                                  0.000000    0.452116   clock reconvergence pessimism
                                  0.054338    0.506455   library hold time
                                              0.506455   data required time
---------------------------------------------------------------------------------------------
                                              0.506455   data required time
                                             -1.113310   data arrival time
---------------------------------------------------------------------------------------------
                                              0.606855   slack (MET)


Startpoint: _4063_ (rising edge-triggered flip-flop clocked by signal_clock)
Endpoint: _4063_ (rising edge-triggered flip-flop clocked by signal_clock)
Path Group: signal_clock
Path Type: min

Fanout         Cap        Slew       Delay        Time   Description
---------------------------------------------------------------------------------------------
                                  0.000000    0.000000   clock signal_clock (rise edge)
                                  0.000000    0.000000   clock source latency
     2    0.066127    0.000000    0.000000    0.000000 ^ signal_input (in)
                                                         signal_input (net)
                      0.006916    0.002829    0.002829 ^ clkbuf_regs_0_signal_clock/I (gf180mcu_fd_sc_mcu7t5v0__clkbuf_16)
     1    0.022925    0.058534    0.135261    0.138090 ^ clkbuf_regs_0_signal_clock/Z (gf180mcu_fd_sc_mcu7t5v0__clkbuf_16)
                                                         signal_input_regs (net)
                      0.058534    0.000233    0.138322 ^ clkbuf_0_signal_input_regs/I (gf180mcu_fd_sc_mcu7t5v0__clkbuf_16)
     2    0.047168    0.072114    0.154590    0.292913 ^ clkbuf_0_signal_input_regs/Z (gf180mcu_fd_sc_mcu7t5v0__clkbuf_16)
                                                         clknet_0_signal_input_regs (net)
                      0.072115    0.000373    0.293285 ^ clkbuf_1_0__f_signal_input_regs/I (gf180mcu_fd_sc_mcu7t5v0__clkbuf_16)
     8    0.046950    0.071986    0.157138    0.450424 ^ clkbuf_1_0__f_signal_input_regs/Z (gf180mcu_fd_sc_mcu7t5v0__clkbuf_16)
                                                         clknet_1_0__leaf_signal_input_regs (net)
                      0.071988    0.000559    0.450983 ^ _4063_/CLK (gf180mcu_fd_sc_mcu7t5v0__dffq_1)
     2    0.011848    0.113164    0.439894    0.890876 v _4063_/Q (gf180mcu_fd_sc_mcu7t5v0__dffq_1)
                                                         tdc_module.measurement_pulse_done_internal_flag (net)
                      0.113164    0.000161    0.891038 v _3394_/A1 (gf180mcu_fd_sc_mcu7t5v0__nor2_1)
     2    0.010956    0.267601    0.182075    1.073112 ^ _3394_/ZN (gf180mcu_fd_sc_mcu7t5v0__nor2_1)
                                                         _1425_ (net)
                      0.267601    0.000103    1.073215 ^ _3395_/A2 (gf180mcu_fd_sc_mcu7t5v0__nor2_1)
     1    0.003330    0.129379    0.093634    1.166850 v _3395_/ZN (gf180mcu_fd_sc_mcu7t5v0__nor2_1)
                                                         _0309_ (net)
                      0.129379    0.000035    1.166885 v _4063_/D (gf180mcu_fd_sc_mcu7t5v0__dffq_1)
                                              1.166885   data arrival time

                                  0.000000    0.000000   clock signal_clock (rise edge)
                                  0.000000    0.000000   clock source latency
     2    0.066127    0.000000    0.000000    0.000000 ^ signal_input (in)
                                                         signal_input (net)
                      0.006916    0.002829    0.002829 ^ clkbuf_regs_0_signal_clock/I (gf180mcu_fd_sc_mcu7t5v0__clkbuf_16)
     1    0.022925    0.058534    0.135261    0.138090 ^ clkbuf_regs_0_signal_clock/Z (gf180mcu_fd_sc_mcu7t5v0__clkbuf_16)
                                                         signal_input_regs (net)
                      0.058534    0.000233    0.138322 ^ clkbuf_0_signal_input_regs/I (gf180mcu_fd_sc_mcu7t5v0__clkbuf_16)
     2    0.047168    0.072114    0.154590    0.292913 ^ clkbuf_0_signal_input_regs/Z (gf180mcu_fd_sc_mcu7t5v0__clkbuf_16)
                                                         clknet_0_signal_input_regs (net)
                      0.072115    0.000373    0.293285 ^ clkbuf_1_0__f_signal_input_regs/I (gf180mcu_fd_sc_mcu7t5v0__clkbuf_16)
     8    0.046950    0.071986    0.157138    0.450424 ^ clkbuf_1_0__f_signal_input_regs/Z (gf180mcu_fd_sc_mcu7t5v0__clkbuf_16)
                                                         clknet_1_0__leaf_signal_input_regs (net)
                      0.071988    0.000559    0.450983 ^ _4063_/CLK (gf180mcu_fd_sc_mcu7t5v0__dffq_1)
                                  0.000000    0.450983   clock reconvergence pessimism
                                  0.047800    0.498783   library hold time
                                              0.498783   data required time
---------------------------------------------------------------------------------------------
                                              0.498783   data required time
                                             -1.166885   data arrival time
---------------------------------------------------------------------------------------------
                                              0.668102   slack (MET)


Startpoint: _4077_ (rising edge-triggered flip-flop clocked by signal_clock)
Endpoint: _4077_ (rising edge-triggered flip-flop clocked by signal_clock)
Path Group: signal_clock
Path Type: min

Fanout         Cap        Slew       Delay        Time   Description
---------------------------------------------------------------------------------------------
                                  0.000000    0.000000   clock signal_clock (rise edge)
                                  0.000000    0.000000   clock source latency
     2    0.066127    0.000000    0.000000    0.000000 ^ signal_input (in)
                                                         signal_input (net)
                      0.006916    0.002829    0.002829 ^ clkbuf_regs_0_signal_clock/I (gf180mcu_fd_sc_mcu7t5v0__clkbuf_16)
     1    0.022925    0.058534    0.135261    0.138090 ^ clkbuf_regs_0_signal_clock/Z (gf180mcu_fd_sc_mcu7t5v0__clkbuf_16)
                                                         signal_input_regs (net)
                      0.058534    0.000233    0.138322 ^ clkbuf_0_signal_input_regs/I (gf180mcu_fd_sc_mcu7t5v0__clkbuf_16)
     2    0.047168    0.072114    0.154590    0.292913 ^ clkbuf_0_signal_input_regs/Z (gf180mcu_fd_sc_mcu7t5v0__clkbuf_16)
                                                         clknet_0_signal_input_regs (net)
                      0.072115    0.000413    0.293326 ^ clkbuf_1_1__f_signal_input_regs/I (gf180mcu_fd_sc_mcu7t5v0__clkbuf_16)
    10    0.050132    0.073741    0.158368    0.451694 ^ clkbuf_1_1__f_signal_input_regs/Z (gf180mcu_fd_sc_mcu7t5v0__clkbuf_16)
                                                         clknet_1_1__leaf_signal_input_regs (net)
                      0.073747    0.001210    0.452904 ^ _4077_/CLK (gf180mcu_fd_sc_mcu7t5v0__dffq_1)
     4    0.027772    0.205571    0.507320    0.960224 v _4077_/Q (gf180mcu_fd_sc_mcu7t5v0__dffq_1)
                                                         tdc_module.measurement_state_machine[13] (net)
                      0.205572    0.000250    0.960473 v _3434_/A1 (gf180mcu_fd_sc_mcu7t5v0__oai21_1)
     1    0.004654    0.172223    0.157842    1.118315 ^ _3434_/ZN (gf180mcu_fd_sc_mcu7t5v0__oai21_1)
                                                         _1451_ (net)
                      0.172223    0.000087    1.118402 ^ _3435_/A2 (gf180mcu_fd_sc_mcu7t5v0__nor2_1)
     1    0.002826    0.087433    0.081721    1.200123 v _3435_/ZN (gf180mcu_fd_sc_mcu7t5v0__nor2_1)
                                                         _0323_ (net)
                      0.087433    0.000027    1.200150 v _4077_/D (gf180mcu_fd_sc_mcu7t5v0__dffq_1)
                                              1.200150   data arrival time

                                  0.000000    0.000000   clock signal_clock (rise edge)
                                  0.000000    0.000000   clock source latency
     2    0.066127    0.000000    0.000000    0.000000 ^ signal_input (in)
                                                         signal_input (net)
                      0.006916    0.002829    0.002829 ^ clkbuf_regs_0_signal_clock/I (gf180mcu_fd_sc_mcu7t5v0__clkbuf_16)
     1    0.022925    0.058534    0.135261    0.138090 ^ clkbuf_regs_0_signal_clock/Z (gf180mcu_fd_sc_mcu7t5v0__clkbuf_16)
                                                         signal_input_regs (net)
                      0.058534    0.000233    0.138322 ^ clkbuf_0_signal_input_regs/I (gf180mcu_fd_sc_mcu7t5v0__clkbuf_16)
     2    0.047168    0.072114    0.154590    0.292913 ^ clkbuf_0_signal_input_regs/Z (gf180mcu_fd_sc_mcu7t5v0__clkbuf_16)
                                                         clknet_0_signal_input_regs (net)
                      0.072115    0.000413    0.293326 ^ clkbuf_1_1__f_signal_input_regs/I (gf180mcu_fd_sc_mcu7t5v0__clkbuf_16)
    10    0.050132    0.073741    0.158368    0.451694 ^ clkbuf_1_1__f_signal_input_regs/Z (gf180mcu_fd_sc_mcu7t5v0__clkbuf_16)
                                                         clknet_1_1__leaf_signal_input_regs (net)
                      0.073747    0.001210    0.452904 ^ _4077_/CLK (gf180mcu_fd_sc_mcu7t5v0__dffq_1)
                                  0.000000    0.452904   clock reconvergence pessimism
                                  0.059978    0.512882   library hold time
                                              0.512882   data required time
---------------------------------------------------------------------------------------------
                                              0.512882   data required time
                                             -1.200150   data arrival time
---------------------------------------------------------------------------------------------
                                              0.687268   slack (MET)


Startpoint: _4069_ (rising edge-triggered flip-flop clocked by signal_clock)
Endpoint: _4069_ (rising edge-triggered flip-flop clocked by signal_clock)
Path Group: signal_clock
Path Type: min

Fanout         Cap        Slew       Delay        Time   Description
---------------------------------------------------------------------------------------------
                                  0.000000    0.000000   clock signal_clock (rise edge)
                                  0.000000    0.000000   clock source latency
     2    0.066127    0.000000    0.000000    0.000000 ^ signal_input (in)
                                                         signal_input (net)
                      0.006916    0.002829    0.002829 ^ clkbuf_regs_0_signal_clock/I (gf180mcu_fd_sc_mcu7t5v0__clkbuf_16)
     1    0.022925    0.058534    0.135261    0.138090 ^ clkbuf_regs_0_signal_clock/Z (gf180mcu_fd_sc_mcu7t5v0__clkbuf_16)
                                                         signal_input_regs (net)
                      0.058534    0.000233    0.138322 ^ clkbuf_0_signal_input_regs/I (gf180mcu_fd_sc_mcu7t5v0__clkbuf_16)
     2    0.047168    0.072114    0.154590    0.292913 ^ clkbuf_0_signal_input_regs/Z (gf180mcu_fd_sc_mcu7t5v0__clkbuf_16)
                                                         clknet_0_signal_input_regs (net)
                      0.072115    0.000413    0.293326 ^ clkbuf_1_1__f_signal_input_regs/I (gf180mcu_fd_sc_mcu7t5v0__clkbuf_16)
    10    0.050132    0.073741    0.158368    0.451694 ^ clkbuf_1_1__f_signal_input_regs/Z (gf180mcu_fd_sc_mcu7t5v0__clkbuf_16)
                                                         clknet_1_1__leaf_signal_input_regs (net)
                      0.073742    0.000707    0.452401 ^ _4069_/CLK (gf180mcu_fd_sc_mcu7t5v0__dffq_1)
     6    0.040488    0.283054    0.558172    1.010572 v _4069_/Q (gf180mcu_fd_sc_mcu7t5v0__dffq_1)
                                                         tdc_module.measurement_state_machine[5] (net)
                      0.283066    0.001064    1.011637 v _3413_/A1 (gf180mcu_fd_sc_mcu7t5v0__aoi21_1)
     1    0.004166    0.157207    0.169934    1.181570 ^ _3413_/ZN (gf180mcu_fd_sc_mcu7t5v0__aoi21_1)
                                                         _0315_ (net)
                      0.157207    0.000110    1.181680 ^ _4069_/D (gf180mcu_fd_sc_mcu7t5v0__dffq_1)
                                              1.181680   data arrival time

                                  0.000000    0.000000   clock signal_clock (rise edge)
                                  0.000000    0.000000   clock source latency
     2    0.066127    0.000000    0.000000    0.000000 ^ signal_input (in)
                                                         signal_input (net)
                      0.006916    0.002829    0.002829 ^ clkbuf_regs_0_signal_clock/I (gf180mcu_fd_sc_mcu7t5v0__clkbuf_16)
     1    0.022925    0.058534    0.135261    0.138090 ^ clkbuf_regs_0_signal_clock/Z (gf180mcu_fd_sc_mcu7t5v0__clkbuf_16)
                                                         signal_input_regs (net)
                      0.058534    0.000233    0.138322 ^ clkbuf_0_signal_input_regs/I (gf180mcu_fd_sc_mcu7t5v0__clkbuf_16)
     2    0.047168    0.072114    0.154590    0.292913 ^ clkbuf_0_signal_input_regs/Z (gf180mcu_fd_sc_mcu7t5v0__clkbuf_16)
                                                         clknet_0_signal_input_regs (net)
                      0.072115    0.000413    0.293326 ^ clkbuf_1_1__f_signal_input_regs/I (gf180mcu_fd_sc_mcu7t5v0__clkbuf_16)
    10    0.050132    0.073741    0.158368    0.451694 ^ clkbuf_1_1__f_signal_input_regs/Z (gf180mcu_fd_sc_mcu7t5v0__clkbuf_16)
                                                         clknet_1_1__leaf_signal_input_regs (net)
                      0.073742    0.000707    0.452401 ^ _4069_/CLK (gf180mcu_fd_sc_mcu7t5v0__dffq_1)
                                  0.000000    0.452401   clock reconvergence pessimism
                                  0.031612    0.484013   library hold time
                                              0.484013   data required time
---------------------------------------------------------------------------------------------
                                              0.484013   data required time
                                             -1.181680   data arrival time
---------------------------------------------------------------------------------------------
                                              0.697668   slack (MET)


Startpoint: _4067_ (rising edge-triggered flip-flop clocked by signal_clock)
Endpoint: _4067_ (rising edge-triggered flip-flop clocked by signal_clock)
Path Group: signal_clock
Path Type: min

Fanout         Cap        Slew       Delay        Time   Description
---------------------------------------------------------------------------------------------
                                  0.000000    0.000000   clock signal_clock (rise edge)
                                  0.000000    0.000000   clock source latency
     2    0.066127    0.000000    0.000000    0.000000 ^ signal_input (in)
                                                         signal_input (net)
                      0.006916    0.002829    0.002829 ^ clkbuf_regs_0_signal_clock/I (gf180mcu_fd_sc_mcu7t5v0__clkbuf_16)
     1    0.022925    0.058534    0.135261    0.138090 ^ clkbuf_regs_0_signal_clock/Z (gf180mcu_fd_sc_mcu7t5v0__clkbuf_16)
                                                         signal_input_regs (net)
                      0.058534    0.000233    0.138322 ^ clkbuf_0_signal_input_regs/I (gf180mcu_fd_sc_mcu7t5v0__clkbuf_16)
     2    0.047168    0.072114    0.154590    0.292913 ^ clkbuf_0_signal_input_regs/Z (gf180mcu_fd_sc_mcu7t5v0__clkbuf_16)
                                                         clknet_0_signal_input_regs (net)
                      0.072115    0.000373    0.293285 ^ clkbuf_1_0__f_signal_input_regs/I (gf180mcu_fd_sc_mcu7t5v0__clkbuf_16)
     8    0.046950    0.071986    0.157138    0.450424 ^ clkbuf_1_0__f_signal_input_regs/Z (gf180mcu_fd_sc_mcu7t5v0__clkbuf_16)
                                                         clknet_1_0__leaf_signal_input_regs (net)
                      0.071987    0.000290    0.450714 ^ _4067_/CLK (gf180mcu_fd_sc_mcu7t5v0__dffq_1)
     7    0.042828    0.485441    0.681775    1.132489 ^ _4067_/Q (gf180mcu_fd_sc_mcu7t5v0__dffq_1)
                                                         tdc_module.measurement_state_machine[3] (net)
                      0.485444    0.000602    1.133091 ^ _3408_/A1 (gf180mcu_fd_sc_mcu7t5v0__aoi21_1)
     1    0.003135    0.115986    0.067222    1.200313 v _3408_/ZN (gf180mcu_fd_sc_mcu7t5v0__aoi21_1)
                                                         _0313_ (net)
                      0.115986    0.000032    1.200345 v _4067_/D (gf180mcu_fd_sc_mcu7t5v0__dffq_1)
                                              1.200345   data arrival time

                                  0.000000    0.000000   clock signal_clock (rise edge)
                                  0.000000    0.000000   clock source latency
     2    0.066127    0.000000    0.000000    0.000000 ^ signal_input (in)
                                                         signal_input (net)
                      0.006916    0.002829    0.002829 ^ clkbuf_regs_0_signal_clock/I (gf180mcu_fd_sc_mcu7t5v0__clkbuf_16)
     1    0.022925    0.058534    0.135261    0.138090 ^ clkbuf_regs_0_signal_clock/Z (gf180mcu_fd_sc_mcu7t5v0__clkbuf_16)
                                                         signal_input_regs (net)
                      0.058534    0.000233    0.138322 ^ clkbuf_0_signal_input_regs/I (gf180mcu_fd_sc_mcu7t5v0__clkbuf_16)
     2    0.047168    0.072114    0.154590    0.292913 ^ clkbuf_0_signal_input_regs/Z (gf180mcu_fd_sc_mcu7t5v0__clkbuf_16)
                                                         clknet_0_signal_input_regs (net)
                      0.072115    0.000373    0.293285 ^ clkbuf_1_0__f_signal_input_regs/I (gf180mcu_fd_sc_mcu7t5v0__clkbuf_16)
     8    0.046950    0.071986    0.157138    0.450424 ^ clkbuf_1_0__f_signal_input_regs/Z (gf180mcu_fd_sc_mcu7t5v0__clkbuf_16)
                                                         clknet_1_0__leaf_signal_input_regs (net)
                      0.071987    0.000290    0.450714 ^ _4067_/CLK (gf180mcu_fd_sc_mcu7t5v0__dffq_1)
                                  0.000000    0.450714   clock reconvergence pessimism
                                  0.051901    0.502615   library hold time
                                              0.502615   data required time
---------------------------------------------------------------------------------------------
                                              0.502615   data required time
                                             -1.200345   data arrival time
---------------------------------------------------------------------------------------------
                                              0.697730   slack (MET)


Startpoint: _4068_ (rising edge-triggered flip-flop clocked by signal_clock)
Endpoint: _4068_ (rising edge-triggered flip-flop clocked by signal_clock)
Path Group: signal_clock
Path Type: min

Fanout         Cap        Slew       Delay        Time   Description
---------------------------------------------------------------------------------------------
                                  0.000000    0.000000   clock signal_clock (rise edge)
                                  0.000000    0.000000   clock source latency
     2    0.066127    0.000000    0.000000    0.000000 ^ signal_input (in)
                                                         signal_input (net)
                      0.006916    0.002829    0.002829 ^ clkbuf_regs_0_signal_clock/I (gf180mcu_fd_sc_mcu7t5v0__clkbuf_16)
     1    0.022925    0.058534    0.135261    0.138090 ^ clkbuf_regs_0_signal_clock/Z (gf180mcu_fd_sc_mcu7t5v0__clkbuf_16)
                                                         signal_input_regs (net)
                      0.058534    0.000233    0.138322 ^ clkbuf_0_signal_input_regs/I (gf180mcu_fd_sc_mcu7t5v0__clkbuf_16)
     2    0.047168    0.072114    0.154590    0.292913 ^ clkbuf_0_signal_input_regs/Z (gf180mcu_fd_sc_mcu7t5v0__clkbuf_16)
                                                         clknet_0_signal_input_regs (net)
                      0.072115    0.000373    0.293285 ^ clkbuf_1_0__f_signal_input_regs/I (gf180mcu_fd_sc_mcu7t5v0__clkbuf_16)
     8    0.046950    0.071986    0.157138    0.450424 ^ clkbuf_1_0__f_signal_input_regs/Z (gf180mcu_fd_sc_mcu7t5v0__clkbuf_16)
                                                         clknet_1_0__leaf_signal_input_regs (net)
                      0.071987    0.000404    0.450828 ^ _4068_/CLK (gf180mcu_fd_sc_mcu7t5v0__dffq_1)
     4    0.024978    0.188900    0.495640    0.946468 v _4068_/Q (gf180mcu_fd_sc_mcu7t5v0__dffq_1)
                                                         tdc_module.measurement_state_machine[4] (net)
                      0.188900    0.000196    0.946664 v _3409_/B (gf180mcu_fd_sc_mcu7t5v0__aoi21_1)
     1    0.006389    0.186052    0.152985    1.099649 ^ _3409_/ZN (gf180mcu_fd_sc_mcu7t5v0__aoi21_1)
                                                         _1435_ (net)
                      0.186052    0.000137    1.099786 ^ _3411_/A2 (gf180mcu_fd_sc_mcu7t5v0__nor3_1)
     1    0.003103    0.120369    0.102470    1.202255 v _3411_/ZN (gf180mcu_fd_sc_mcu7t5v0__nor3_1)
                                                         _0314_ (net)
                      0.120369    0.000031    1.202286 v _4068_/D (gf180mcu_fd_sc_mcu7t5v0__dffq_1)
                                              1.202286   data arrival time

                                  0.000000    0.000000   clock signal_clock (rise edge)
                                  0.000000    0.000000   clock source latency
     2    0.066127    0.000000    0.000000    0.000000 ^ signal_input (in)
                                                         signal_input (net)
                      0.006916    0.002829    0.002829 ^ clkbuf_regs_0_signal_clock/I (gf180mcu_fd_sc_mcu7t5v0__clkbuf_16)
     1    0.022925    0.058534    0.135261    0.138090 ^ clkbuf_regs_0_signal_clock/Z (gf180mcu_fd_sc_mcu7t5v0__clkbuf_16)
                                                         signal_input_regs (net)
                      0.058534    0.000233    0.138322 ^ clkbuf_0_signal_input_regs/I (gf180mcu_fd_sc_mcu7t5v0__clkbuf_16)
     2    0.047168    0.072114    0.154590    0.292913 ^ clkbuf_0_signal_input_regs/Z (gf180mcu_fd_sc_mcu7t5v0__clkbuf_16)
                                                         clknet_0_signal_input_regs (net)
                      0.072115    0.000373    0.293285 ^ clkbuf_1_0__f_signal_input_regs/I (gf180mcu_fd_sc_mcu7t5v0__clkbuf_16)
     8    0.046950    0.071986    0.157138    0.450424 ^ clkbuf_1_0__f_signal_input_regs/Z (gf180mcu_fd_sc_mcu7t5v0__clkbuf_16)
                                                         clknet_1_0__leaf_signal_input_regs (net)
                      0.071987    0.000404    0.450828 ^ _4068_/CLK (gf180mcu_fd_sc_mcu7t5v0__dffq_1)
                                  0.000000    0.450828   clock reconvergence pessimism
                                  0.050559    0.501387   library hold time
                                              0.501387   data required time
---------------------------------------------------------------------------------------------
                                              0.501387   data required time
                                             -1.202286   data arrival time
---------------------------------------------------------------------------------------------
                                              0.700899   slack (MET)


Startpoint: _4066_ (rising edge-triggered flip-flop clocked by signal_clock)
Endpoint: _4066_ (rising edge-triggered flip-flop clocked by signal_clock)
Path Group: signal_clock
Path Type: min

Fanout         Cap        Slew       Delay        Time   Description
---------------------------------------------------------------------------------------------
                                  0.000000    0.000000   clock signal_clock (rise edge)
                                  0.000000    0.000000   clock source latency
     2    0.066127    0.000000    0.000000    0.000000 ^ signal_input (in)
                                                         signal_input (net)
                      0.006916    0.002829    0.002829 ^ clkbuf_regs_0_signal_clock/I (gf180mcu_fd_sc_mcu7t5v0__clkbuf_16)
     1    0.022925    0.058534    0.135261    0.138090 ^ clkbuf_regs_0_signal_clock/Z (gf180mcu_fd_sc_mcu7t5v0__clkbuf_16)
                                                         signal_input_regs (net)
                      0.058534    0.000233    0.138322 ^ clkbuf_0_signal_input_regs/I (gf180mcu_fd_sc_mcu7t5v0__clkbuf_16)
     2    0.047168    0.072114    0.154590    0.292913 ^ clkbuf_0_signal_input_regs/Z (gf180mcu_fd_sc_mcu7t5v0__clkbuf_16)
                                                         clknet_0_signal_input_regs (net)
                      0.072115    0.000373    0.293285 ^ clkbuf_1_0__f_signal_input_regs/I (gf180mcu_fd_sc_mcu7t5v0__clkbuf_16)
     8    0.046950    0.071986    0.157138    0.450424 ^ clkbuf_1_0__f_signal_input_regs/Z (gf180mcu_fd_sc_mcu7t5v0__clkbuf_16)
                                                         clknet_1_0__leaf_signal_input_regs (net)
                      0.071987    0.000271    0.450694 ^ _4066_/CLK (gf180mcu_fd_sc_mcu7t5v0__dffq_1)
     4    0.026059    0.195298    0.499890    0.950584 v _4066_/Q (gf180mcu_fd_sc_mcu7t5v0__dffq_1)
                                                         tdc_module.measurement_state_machine[2] (net)
                      0.195300    0.000464    0.951048 v _3405_/B (gf180mcu_fd_sc_mcu7t5v0__aoi21_1)
     1    0.004501    0.165158    0.138814    1.089862 ^ _3405_/ZN (gf180mcu_fd_sc_mcu7t5v0__aoi21_1)
                                                         _1433_ (net)
                      0.165158    0.000045    1.089907 ^ _3406_/A3 (gf180mcu_fd_sc_mcu7t5v0__nor3_1)
     1    0.003757    0.139946    0.112922    1.202829 v _3406_/ZN (gf180mcu_fd_sc_mcu7t5v0__nor3_1)
                                                         _0312_ (net)
                      0.139946    0.000042    1.202871 v _4066_/D (gf180mcu_fd_sc_mcu7t5v0__dffq_1)
                                              1.202871   data arrival time

                                  0.000000    0.000000   clock signal_clock (rise edge)
                                  0.000000    0.000000   clock source latency
     2    0.066127    0.000000    0.000000    0.000000 ^ signal_input (in)
                                                         signal_input (net)
                      0.006916    0.002829    0.002829 ^ clkbuf_regs_0_signal_clock/I (gf180mcu_fd_sc_mcu7t5v0__clkbuf_16)
     1    0.022925    0.058534    0.135261    0.138090 ^ clkbuf_regs_0_signal_clock/Z (gf180mcu_fd_sc_mcu7t5v0__clkbuf_16)
                                                         signal_input_regs (net)
                      0.058534    0.000233    0.138322 ^ clkbuf_0_signal_input_regs/I (gf180mcu_fd_sc_mcu7t5v0__clkbuf_16)
     2    0.047168    0.072114    0.154590    0.292913 ^ clkbuf_0_signal_input_regs/Z (gf180mcu_fd_sc_mcu7t5v0__clkbuf_16)
                                                         clknet_0_signal_input_regs (net)
                      0.072115    0.000373    0.293285 ^ clkbuf_1_0__f_signal_input_regs/I (gf180mcu_fd_sc_mcu7t5v0__clkbuf_16)
     8    0.046950    0.071986    0.157138    0.450424 ^ clkbuf_1_0__f_signal_input_regs/Z (gf180mcu_fd_sc_mcu7t5v0__clkbuf_16)
                                                         clknet_1_0__leaf_signal_input_regs (net)
                      0.071987    0.000271    0.450694 ^ _4066_/CLK (gf180mcu_fd_sc_mcu7t5v0__dffq_1)
                                  0.000000    0.450694   clock reconvergence pessimism
                                  0.044564    0.495258   library hold time
                                              0.495258   data required time
---------------------------------------------------------------------------------------------
                                              0.495258   data required time
                                             -1.202871   data arrival time
---------------------------------------------------------------------------------------------
                                              0.707612   slack (MET)


Startpoint: _4074_ (rising edge-triggered flip-flop clocked by signal_clock)
Endpoint: _4074_ (rising edge-triggered flip-flop clocked by signal_clock)
Path Group: signal_clock
Path Type: min

Fanout         Cap        Slew       Delay        Time   Description
---------------------------------------------------------------------------------------------
                                  0.000000    0.000000   clock signal_clock (rise edge)
                                  0.000000    0.000000   clock source latency
     2    0.066127    0.000000    0.000000    0.000000 ^ signal_input (in)
                                                         signal_input (net)
                      0.006916    0.002829    0.002829 ^ clkbuf_regs_0_signal_clock/I (gf180mcu_fd_sc_mcu7t5v0__clkbuf_16)
     1    0.022925    0.058534    0.135261    0.138090 ^ clkbuf_regs_0_signal_clock/Z (gf180mcu_fd_sc_mcu7t5v0__clkbuf_16)
                                                         signal_input_regs (net)
                      0.058534    0.000233    0.138322 ^ clkbuf_0_signal_input_regs/I (gf180mcu_fd_sc_mcu7t5v0__clkbuf_16)
     2    0.047168    0.072114    0.154590    0.292913 ^ clkbuf_0_signal_input_regs/Z (gf180mcu_fd_sc_mcu7t5v0__clkbuf_16)
                                                         clknet_0_signal_input_regs (net)
                      0.072115    0.000413    0.293326 ^ clkbuf_1_1__f_signal_input_regs/I (gf180mcu_fd_sc_mcu7t5v0__clkbuf_16)
    10    0.050132    0.073741    0.158368    0.451694 ^ clkbuf_1_1__f_signal_input_regs/Z (gf180mcu_fd_sc_mcu7t5v0__clkbuf_16)
                                                         clknet_1_1__leaf_signal_input_regs (net)
                      0.073744    0.000904    0.452598 ^ _4074_/CLK (gf180mcu_fd_sc_mcu7t5v0__dffq_1)
     7    0.044627    0.504656    0.693634    1.146231 ^ _4074_/Q (gf180mcu_fd_sc_mcu7t5v0__dffq_1)
                                                         tdc_module.measurement_state_machine[10] (net)
                      0.504656    0.000405    1.146636 ^ _3426_/A1 (gf180mcu_fd_sc_mcu7t5v0__aoi21_1)
     1    0.003164    0.119925    0.066687    1.213323 v _3426_/ZN (gf180mcu_fd_sc_mcu7t5v0__aoi21_1)
                                                         _0320_ (net)
                      0.119925    0.000032    1.213355 v _4074_/D (gf180mcu_fd_sc_mcu7t5v0__dffq_1)
                                              1.213355   data arrival time

                                  0.000000    0.000000   clock signal_clock (rise edge)
                                  0.000000    0.000000   clock source latency
     2    0.066127    0.000000    0.000000    0.000000 ^ signal_input (in)
                                                         signal_input (net)
                      0.006916    0.002829    0.002829 ^ clkbuf_regs_0_signal_clock/I (gf180mcu_fd_sc_mcu7t5v0__clkbuf_16)
     1    0.022925    0.058534    0.135261    0.138090 ^ clkbuf_regs_0_signal_clock/Z (gf180mcu_fd_sc_mcu7t5v0__clkbuf_16)
                                                         signal_input_regs (net)
                      0.058534    0.000233    0.138322 ^ clkbuf_0_signal_input_regs/I (gf180mcu_fd_sc_mcu7t5v0__clkbuf_16)
     2    0.047168    0.072114    0.154590    0.292913 ^ clkbuf_0_signal_input_regs/Z (gf180mcu_fd_sc_mcu7t5v0__clkbuf_16)
                                                         clknet_0_signal_input_regs (net)
                      0.072115    0.000413    0.293326 ^ clkbuf_1_1__f_signal_input_regs/I (gf180mcu_fd_sc_mcu7t5v0__clkbuf_16)
    10    0.050132    0.073741    0.158368    0.451694 ^ clkbuf_1_1__f_signal_input_regs/Z (gf180mcu_fd_sc_mcu7t5v0__clkbuf_16)
                                                         clknet_1_1__leaf_signal_input_regs (net)
                      0.073744    0.000904    0.452598 ^ _4074_/CLK (gf180mcu_fd_sc_mcu7t5v0__dffq_1)
                                  0.000000    0.452598   clock reconvergence pessimism
                                  0.050966    0.503564   library hold time
                                              0.503564   data required time
---------------------------------------------------------------------------------------------
                                              0.503564   data required time
                                             -1.213355   data arrival time
---------------------------------------------------------------------------------------------
                                              0.709791   slack (MET)


Startpoint: _4078_ (rising edge-triggered flip-flop clocked by signal_clock)
Endpoint: _4078_ (rising edge-triggered flip-flop clocked by signal_clock)
Path Group: signal_clock
Path Type: min

Fanout         Cap        Slew       Delay        Time   Description
---------------------------------------------------------------------------------------------
                                  0.000000    0.000000   clock signal_clock (rise edge)
                                  0.000000    0.000000   clock source latency
     2    0.066127    0.000000    0.000000    0.000000 ^ signal_input (in)
                                                         signal_input (net)
                      0.006916    0.002829    0.002829 ^ clkbuf_regs_0_signal_clock/I (gf180mcu_fd_sc_mcu7t5v0__clkbuf_16)
     1    0.022925    0.058534    0.135261    0.138090 ^ clkbuf_regs_0_signal_clock/Z (gf180mcu_fd_sc_mcu7t5v0__clkbuf_16)
                                                         signal_input_regs (net)
                      0.058534    0.000233    0.138322 ^ clkbuf_0_signal_input_regs/I (gf180mcu_fd_sc_mcu7t5v0__clkbuf_16)
     2    0.047168    0.072114    0.154590    0.292913 ^ clkbuf_0_signal_input_regs/Z (gf180mcu_fd_sc_mcu7t5v0__clkbuf_16)
                                                         clknet_0_signal_input_regs (net)
                      0.072115    0.000413    0.293326 ^ clkbuf_1_1__f_signal_input_regs/I (gf180mcu_fd_sc_mcu7t5v0__clkbuf_16)
    10    0.050132    0.073741    0.158368    0.451694 ^ clkbuf_1_1__f_signal_input_regs/Z (gf180mcu_fd_sc_mcu7t5v0__clkbuf_16)
                                                         clknet_1_1__leaf_signal_input_regs (net)
                      0.073747    0.001199    0.452893 ^ _4078_/CLK (gf180mcu_fd_sc_mcu7t5v0__dffq_1)
     4    0.027105    0.201592    0.504620    0.957513 v _4078_/Q (gf180mcu_fd_sc_mcu7t5v0__dffq_1)
                                                         tdc_module.measurement_state_machine[14] (net)
                      0.201593    0.000316    0.957829 v _3437_/A1 (gf180mcu_fd_sc_mcu7t5v0__oai21_1)
     1    0.006373    0.202682    0.174162    1.131992 ^ _3437_/ZN (gf180mcu_fd_sc_mcu7t5v0__oai21_1)
                                                         _1453_ (net)
                      0.202682    0.000135    1.132127 ^ _3438_/A2 (gf180mcu_fd_sc_mcu7t5v0__nor2_1)
     1    0.003349    0.094269    0.089087    1.221214 v _3438_/ZN (gf180mcu_fd_sc_mcu7t5v0__nor2_1)
                                                         _0324_ (net)
                      0.094269    0.000035    1.221249 v _4078_/D (gf180mcu_fd_sc_mcu7t5v0__dffq_1)
                                              1.221249   data arrival time

                                  0.000000    0.000000   clock signal_clock (rise edge)
                                  0.000000    0.000000   clock source latency
     2    0.066127    0.000000    0.000000    0.000000 ^ signal_input (in)
                                                         signal_input (net)
                      0.006916    0.002829    0.002829 ^ clkbuf_regs_0_signal_clock/I (gf180mcu_fd_sc_mcu7t5v0__clkbuf_16)
     1    0.022925    0.058534    0.135261    0.138090 ^ clkbuf_regs_0_signal_clock/Z (gf180mcu_fd_sc_mcu7t5v0__clkbuf_16)
                                                         signal_input_regs (net)
                      0.058534    0.000233    0.138322 ^ clkbuf_0_signal_input_regs/I (gf180mcu_fd_sc_mcu7t5v0__clkbuf_16)
     2    0.047168    0.072114    0.154590    0.292913 ^ clkbuf_0_signal_input_regs/Z (gf180mcu_fd_sc_mcu7t5v0__clkbuf_16)
                                                         clknet_0_signal_input_regs (net)
                      0.072115    0.000413    0.293326 ^ clkbuf_1_1__f_signal_input_regs/I (gf180mcu_fd_sc_mcu7t5v0__clkbuf_16)
    10    0.050132    0.073741    0.158368    0.451694 ^ clkbuf_1_1__f_signal_input_regs/Z (gf180mcu_fd_sc_mcu7t5v0__clkbuf_16)
                                                         clknet_1_1__leaf_signal_input_regs (net)
                      0.073747    0.001199    0.452893 ^ _4078_/CLK (gf180mcu_fd_sc_mcu7t5v0__dffq_1)
                                  0.000000    0.452893   clock reconvergence pessimism
                                  0.058384    0.511277   library hold time
                                              0.511277   data required time
---------------------------------------------------------------------------------------------
                                              0.511277   data required time
                                             -1.221249   data arrival time
---------------------------------------------------------------------------------------------
                                              0.709971   slack (MET)


Startpoint: _4065_ (rising edge-triggered flip-flop clocked by signal_clock)
Endpoint: _4065_ (rising edge-triggered flip-flop clocked by signal_clock)
Path Group: signal_clock
Path Type: min

Fanout         Cap        Slew       Delay        Time   Description
---------------------------------------------------------------------------------------------
                                  0.000000    0.000000   clock signal_clock (rise edge)
                                  0.000000    0.000000   clock source latency
     2    0.066127    0.000000    0.000000    0.000000 ^ signal_input (in)
                                                         signal_input (net)
                      0.006916    0.002829    0.002829 ^ clkbuf_regs_0_signal_clock/I (gf180mcu_fd_sc_mcu7t5v0__clkbuf_16)
     1    0.022925    0.058534    0.135261    0.138090 ^ clkbuf_regs_0_signal_clock/Z (gf180mcu_fd_sc_mcu7t5v0__clkbuf_16)
                                                         signal_input_regs (net)
                      0.058534    0.000233    0.138322 ^ clkbuf_0_signal_input_regs/I (gf180mcu_fd_sc_mcu7t5v0__clkbuf_16)
     2    0.047168    0.072114    0.154590    0.292913 ^ clkbuf_0_signal_input_regs/Z (gf180mcu_fd_sc_mcu7t5v0__clkbuf_16)
                                                         clknet_0_signal_input_regs (net)
                      0.072115    0.000373    0.293285 ^ clkbuf_1_0__f_signal_input_regs/I (gf180mcu_fd_sc_mcu7t5v0__clkbuf_16)
     8    0.046950    0.071986    0.157138    0.450424 ^ clkbuf_1_0__f_signal_input_regs/Z (gf180mcu_fd_sc_mcu7t5v0__clkbuf_16)
                                                         clknet_1_0__leaf_signal_input_regs (net)
                      0.071987    0.000508    0.450931 ^ _4065_/CLK (gf180mcu_fd_sc_mcu7t5v0__dffq_1)
     7    0.044713    0.309870    0.575111    1.026042 v _4065_/Q (gf180mcu_fd_sc_mcu7t5v0__dffq_1)
                                                         tdc_module.measurement_state_machine[1] (net)
                      0.309873    0.000605    1.026647 v _3403_/A1 (gf180mcu_fd_sc_mcu7t5v0__aoi21_1)
     1    0.003126    0.149315    0.165969    1.192616 ^ _3403_/ZN (gf180mcu_fd_sc_mcu7t5v0__aoi21_1)
                                                         _0311_ (net)
                      0.149315    0.000056    1.192672 ^ _4065_/D (gf180mcu_fd_sc_mcu7t5v0__dffq_1)
                                              1.192672   data arrival time

                                  0.000000    0.000000   clock signal_clock (rise edge)
                                  0.000000    0.000000   clock source latency
     2    0.066127    0.000000    0.000000    0.000000 ^ signal_input (in)
                                                         signal_input (net)
                      0.006916    0.002829    0.002829 ^ clkbuf_regs_0_signal_clock/I (gf180mcu_fd_sc_mcu7t5v0__clkbuf_16)
     1    0.022925    0.058534    0.135261    0.138090 ^ clkbuf_regs_0_signal_clock/Z (gf180mcu_fd_sc_mcu7t5v0__clkbuf_16)
                                                         signal_input_regs (net)
                      0.058534    0.000233    0.138322 ^ clkbuf_0_signal_input_regs/I (gf180mcu_fd_sc_mcu7t5v0__clkbuf_16)
     2    0.047168    0.072114    0.154590    0.292913 ^ clkbuf_0_signal_input_regs/Z (gf180mcu_fd_sc_mcu7t5v0__clkbuf_16)
                                                         clknet_0_signal_input_regs (net)
                      0.072115    0.000373    0.293285 ^ clkbuf_1_0__f_signal_input_regs/I (gf180mcu_fd_sc_mcu7t5v0__clkbuf_16)
     8    0.046950    0.071986    0.157138    0.450424 ^ clkbuf_1_0__f_signal_input_regs/Z (gf180mcu_fd_sc_mcu7t5v0__clkbuf_16)
                                                         clknet_1_0__leaf_signal_input_regs (net)
                      0.071987    0.000508    0.450931 ^ _4065_/CLK (gf180mcu_fd_sc_mcu7t5v0__dffq_1)
                                  0.000000    0.450931   clock reconvergence pessimism
                                  0.031478    0.482409   library hold time
                                              0.482409   data required time
---------------------------------------------------------------------------------------------
                                              0.482409   data required time
                                             -1.192672   data arrival time
---------------------------------------------------------------------------------------------
                                              0.710263   slack (MET)


Startpoint: _4075_ (rising edge-triggered flip-flop clocked by signal_clock)
Endpoint: _4075_ (rising edge-triggered flip-flop clocked by signal_clock)
Path Group: signal_clock
Path Type: min

Fanout         Cap        Slew       Delay        Time   Description
---------------------------------------------------------------------------------------------
                                  0.000000    0.000000   clock signal_clock (rise edge)
                                  0.000000    0.000000   clock source latency
     2    0.066127    0.000000    0.000000    0.000000 ^ signal_input (in)
                                                         signal_input (net)
                      0.006916    0.002829    0.002829 ^ clkbuf_regs_0_signal_clock/I (gf180mcu_fd_sc_mcu7t5v0__clkbuf_16)
     1    0.022925    0.058534    0.135261    0.138090 ^ clkbuf_regs_0_signal_clock/Z (gf180mcu_fd_sc_mcu7t5v0__clkbuf_16)
                                                         signal_input_regs (net)
                      0.058534    0.000233    0.138322 ^ clkbuf_0_signal_input_regs/I (gf180mcu_fd_sc_mcu7t5v0__clkbuf_16)
     2    0.047168    0.072114    0.154590    0.292913 ^ clkbuf_0_signal_input_regs/Z (gf180mcu_fd_sc_mcu7t5v0__clkbuf_16)
                                                         clknet_0_signal_input_regs (net)
                      0.072115    0.000413    0.293326 ^ clkbuf_1_1__f_signal_input_regs/I (gf180mcu_fd_sc_mcu7t5v0__clkbuf_16)
    10    0.050132    0.073741    0.158368    0.451694 ^ clkbuf_1_1__f_signal_input_regs/Z (gf180mcu_fd_sc_mcu7t5v0__clkbuf_16)
                                                         clknet_1_1__leaf_signal_input_regs (net)
                      0.073743    0.000772    0.452466 ^ _4075_/CLK (gf180mcu_fd_sc_mcu7t5v0__dffq_1)
     5    0.029837    0.217927    0.515660    0.968126 v _4075_/Q (gf180mcu_fd_sc_mcu7t5v0__dffq_1)
                                                         tdc_module.measurement_state_machine[11] (net)
                      0.217928    0.000370    0.968497 v _3427_/B (gf180mcu_fd_sc_mcu7t5v0__aoi21_1)
     1    0.007076    0.197959    0.164676    1.133173 ^ _3427_/ZN (gf180mcu_fd_sc_mcu7t5v0__aoi21_1)
                                                         _1446_ (net)
                      0.197959    0.000099    1.133272 ^ _3429_/A2 (gf180mcu_fd_sc_mcu7t5v0__nor3_1)
     1    0.003381    0.125862    0.106372    1.239644 v _3429_/ZN (gf180mcu_fd_sc_mcu7t5v0__nor3_1)
                                                         _0321_ (net)
                      0.125862    0.000036    1.239679 v _4075_/D (gf180mcu_fd_sc_mcu7t5v0__dffq_1)
                                              1.239679   data arrival time

                                  0.000000    0.000000   clock signal_clock (rise edge)
                                  0.000000    0.000000   clock source latency
     2    0.066127    0.000000    0.000000    0.000000 ^ signal_input (in)
                                                         signal_input (net)
                      0.006916    0.002829    0.002829 ^ clkbuf_regs_0_signal_clock/I (gf180mcu_fd_sc_mcu7t5v0__clkbuf_16)
     1    0.022925    0.058534    0.135261    0.138090 ^ clkbuf_regs_0_signal_clock/Z (gf180mcu_fd_sc_mcu7t5v0__clkbuf_16)
                                                         signal_input_regs (net)
                      0.058534    0.000233    0.138322 ^ clkbuf_0_signal_input_regs/I (gf180mcu_fd_sc_mcu7t5v0__clkbuf_16)
     2    0.047168    0.072114    0.154590    0.292913 ^ clkbuf_0_signal_input_regs/Z (gf180mcu_fd_sc_mcu7t5v0__clkbuf_16)
                                                         clknet_0_signal_input_regs (net)
                      0.072115    0.000413    0.293326 ^ clkbuf_1_1__f_signal_input_regs/I (gf180mcu_fd_sc_mcu7t5v0__clkbuf_16)
    10    0.050132    0.073741    0.158368    0.451694 ^ clkbuf_1_1__f_signal_input_regs/Z (gf180mcu_fd_sc_mcu7t5v0__clkbuf_16)
                                                         clknet_1_1__leaf_signal_input_regs (net)
                      0.073743    0.000772    0.452466 ^ _4075_/CLK (gf180mcu_fd_sc_mcu7t5v0__dffq_1)
                                  0.000000    0.452466   clock reconvergence pessimism
                                  0.049148    0.501614   library hold time
                                              0.501614   data required time
---------------------------------------------------------------------------------------------
                                              0.501614   data required time
                                             -1.239679   data arrival time
---------------------------------------------------------------------------------------------
                                              0.738065   slack (MET)


Startpoint: _4073_ (rising edge-triggered flip-flop clocked by signal_clock)
Endpoint: _4073_ (rising edge-triggered flip-flop clocked by signal_clock)
Path Group: signal_clock
Path Type: min

Fanout         Cap        Slew       Delay        Time   Description
---------------------------------------------------------------------------------------------
                                  0.000000    0.000000   clock signal_clock (rise edge)
                                  0.000000    0.000000   clock source latency
     2    0.066127    0.000000    0.000000    0.000000 ^ signal_input (in)
                                                         signal_input (net)
                      0.006916    0.002829    0.002829 ^ clkbuf_regs_0_signal_clock/I (gf180mcu_fd_sc_mcu7t5v0__clkbuf_16)
     1    0.022925    0.058534    0.135261    0.138090 ^ clkbuf_regs_0_signal_clock/Z (gf180mcu_fd_sc_mcu7t5v0__clkbuf_16)
                                                         signal_input_regs (net)
                      0.058534    0.000233    0.138322 ^ clkbuf_0_signal_input_regs/I (gf180mcu_fd_sc_mcu7t5v0__clkbuf_16)
     2    0.047168    0.072114    0.154590    0.292913 ^ clkbuf_0_signal_input_regs/Z (gf180mcu_fd_sc_mcu7t5v0__clkbuf_16)
                                                         clknet_0_signal_input_regs (net)
                      0.072115    0.000373    0.293285 ^ clkbuf_1_0__f_signal_input_regs/I (gf180mcu_fd_sc_mcu7t5v0__clkbuf_16)
     8    0.046950    0.071986    0.157138    0.450424 ^ clkbuf_1_0__f_signal_input_regs/Z (gf180mcu_fd_sc_mcu7t5v0__clkbuf_16)
                                                         clknet_1_0__leaf_signal_input_regs (net)
                      0.071987    0.000471    0.450895 ^ _4073_/CLK (gf180mcu_fd_sc_mcu7t5v0__dffq_1)
     5    0.030046    0.219158    0.516116    0.967011 v _4073_/Q (gf180mcu_fd_sc_mcu7t5v0__dffq_1)
                                                         tdc_module.measurement_state_machine[9] (net)
                      0.219160    0.000458    0.967469 v _3422_/B (gf180mcu_fd_sc_mcu7t5v0__aoi21_1)
     1    0.005185    0.176414    0.149666    1.117136 ^ _3422_/ZN (gf180mcu_fd_sc_mcu7t5v0__aoi21_1)
                                                         _1443_ (net)
                      0.176414    0.000101    1.117237 ^ _3424_/A2 (gf180mcu_fd_sc_mcu7t5v0__nor3_1)
     1    0.005820    0.141283    0.121016    1.238253 v _3424_/ZN (gf180mcu_fd_sc_mcu7t5v0__nor3_1)
                                                         _0319_ (net)
                      0.141283    0.000129    1.238382 v _4073_/D (gf180mcu_fd_sc_mcu7t5v0__dffq_1)
                                              1.238382   data arrival time

                                  0.000000    0.000000   clock signal_clock (rise edge)
                                  0.000000    0.000000   clock source latency
     2    0.066127    0.000000    0.000000    0.000000 ^ signal_input (in)
                                                         signal_input (net)
                      0.006916    0.002829    0.002829 ^ clkbuf_regs_0_signal_clock/I (gf180mcu_fd_sc_mcu7t5v0__clkbuf_16)
     1    0.022925    0.058534    0.135261    0.138090 ^ clkbuf_regs_0_signal_clock/Z (gf180mcu_fd_sc_mcu7t5v0__clkbuf_16)
                                                         signal_input_regs (net)
                      0.058534    0.000233    0.138322 ^ clkbuf_0_signal_input_regs/I (gf180mcu_fd_sc_mcu7t5v0__clkbuf_16)
     2    0.047168    0.072114    0.154590    0.292913 ^ clkbuf_0_signal_input_regs/Z (gf180mcu_fd_sc_mcu7t5v0__clkbuf_16)
                                                         clknet_0_signal_input_regs (net)
                      0.072115    0.000373    0.293285 ^ clkbuf_1_0__f_signal_input_regs/I (gf180mcu_fd_sc_mcu7t5v0__clkbuf_16)
     8    0.046950    0.071986    0.157138    0.450424 ^ clkbuf_1_0__f_signal_input_regs/Z (gf180mcu_fd_sc_mcu7t5v0__clkbuf_16)
                                                         clknet_1_0__leaf_signal_input_regs (net)
                      0.071987    0.000471    0.450895 ^ _4073_/CLK (gf180mcu_fd_sc_mcu7t5v0__dffq_1)
                                  0.000000    0.450895   clock reconvergence pessimism
                                  0.044155    0.495050   library hold time
                                              0.495050   data required time
---------------------------------------------------------------------------------------------
                                              0.495050   data required time
                                             -1.238382   data arrival time
---------------------------------------------------------------------------------------------
                                              0.743332   slack (MET)


Startpoint: _4076_ (rising edge-triggered flip-flop clocked by signal_clock)
Endpoint: _4076_ (rising edge-triggered flip-flop clocked by signal_clock)
Path Group: signal_clock
Path Type: min

Fanout         Cap        Slew       Delay        Time   Description
---------------------------------------------------------------------------------------------
                                  0.000000    0.000000   clock signal_clock (rise edge)
                                  0.000000    0.000000   clock source latency
     2    0.066127    0.000000    0.000000    0.000000 ^ signal_input (in)
                                                         signal_input (net)
                      0.006916    0.002829    0.002829 ^ clkbuf_regs_0_signal_clock/I (gf180mcu_fd_sc_mcu7t5v0__clkbuf_16)
     1    0.022925    0.058534    0.135261    0.138090 ^ clkbuf_regs_0_signal_clock/Z (gf180mcu_fd_sc_mcu7t5v0__clkbuf_16)
                                                         signal_input_regs (net)
                      0.058534    0.000233    0.138322 ^ clkbuf_0_signal_input_regs/I (gf180mcu_fd_sc_mcu7t5v0__clkbuf_16)
     2    0.047168    0.072114    0.154590    0.292913 ^ clkbuf_0_signal_input_regs/Z (gf180mcu_fd_sc_mcu7t5v0__clkbuf_16)
                                                         clknet_0_signal_input_regs (net)
                      0.072115    0.000413    0.293326 ^ clkbuf_1_1__f_signal_input_regs/I (gf180mcu_fd_sc_mcu7t5v0__clkbuf_16)
    10    0.050132    0.073741    0.158368    0.451694 ^ clkbuf_1_1__f_signal_input_regs/Z (gf180mcu_fd_sc_mcu7t5v0__clkbuf_16)
                                                         clknet_1_1__leaf_signal_input_regs (net)
                      0.073745    0.001072    0.452766 ^ _4076_/CLK (gf180mcu_fd_sc_mcu7t5v0__dffq_1)
     5    0.032378    0.233159    0.525841    0.978607 v _4076_/Q (gf180mcu_fd_sc_mcu7t5v0__dffq_1)
                                                         tdc_module.measurement_state_machine[12] (net)
                      0.233161    0.000559    0.979166 v _3431_/A1 (gf180mcu_fd_sc_mcu7t5v0__oai21_1)
     1    0.006484    0.206268    0.184750    1.163916 ^ _3431_/ZN (gf180mcu_fd_sc_mcu7t5v0__oai21_1)
                                                         _1449_ (net)
                      0.206268    0.000084    1.164001 ^ _3432_/A2 (gf180mcu_fd_sc_mcu7t5v0__nor2_1)
     1    0.003903    0.092463    0.093613    1.257613 v _3432_/ZN (gf180mcu_fd_sc_mcu7t5v0__nor2_1)
                                                         _0322_ (net)
                      0.092463    0.000046    1.257659 v _4076_/D (gf180mcu_fd_sc_mcu7t5v0__dffq_1)
                                              1.257659   data arrival time

                                  0.000000    0.000000   clock signal_clock (rise edge)
                                  0.000000    0.000000   clock source latency
     2    0.066127    0.000000    0.000000    0.000000 ^ signal_input (in)
                                                         signal_input (net)
                      0.006916    0.002829    0.002829 ^ clkbuf_regs_0_signal_clock/I (gf180mcu_fd_sc_mcu7t5v0__clkbuf_16)
     1    0.022925    0.058534    0.135261    0.138090 ^ clkbuf_regs_0_signal_clock/Z (gf180mcu_fd_sc_mcu7t5v0__clkbuf_16)
                                                         signal_input_regs (net)
                      0.058534    0.000233    0.138322 ^ clkbuf_0_signal_input_regs/I (gf180mcu_fd_sc_mcu7t5v0__clkbuf_16)
     2    0.047168    0.072114    0.154590    0.292913 ^ clkbuf_0_signal_input_regs/Z (gf180mcu_fd_sc_mcu7t5v0__clkbuf_16)
                                                         clknet_0_signal_input_regs (net)
                      0.072115    0.000413    0.293326 ^ clkbuf_1_1__f_signal_input_regs/I (gf180mcu_fd_sc_mcu7t5v0__clkbuf_16)
    10    0.050132    0.073741    0.158368    0.451694 ^ clkbuf_1_1__f_signal_input_regs/Z (gf180mcu_fd_sc_mcu7t5v0__clkbuf_16)
                                                         clknet_1_1__leaf_signal_input_regs (net)
                      0.073745    0.001072    0.452766 ^ _4076_/CLK (gf180mcu_fd_sc_mcu7t5v0__dffq_1)
                                  0.000000    0.452766   clock reconvergence pessimism
                                  0.058805    0.511572   library hold time
                                              0.511572   data required time
---------------------------------------------------------------------------------------------
                                              0.511572   data required time
                                             -1.257659   data arrival time
---------------------------------------------------------------------------------------------
                                              0.746087   slack (MET)


Startpoint: _4064_ (rising edge-triggered flip-flop clocked by signal_clock)
Endpoint: _4064_ (rising edge-triggered flip-flop clocked by signal_clock)
Path Group: signal_clock
Path Type: min

Fanout         Cap        Slew       Delay        Time   Description
---------------------------------------------------------------------------------------------
                                  0.000000    0.000000   clock signal_clock (rise edge)
                                  0.000000    0.000000   clock source latency
     2    0.066127    0.000000    0.000000    0.000000 ^ signal_input (in)
                                                         signal_input (net)
                      0.006916    0.002829    0.002829 ^ clkbuf_regs_0_signal_clock/I (gf180mcu_fd_sc_mcu7t5v0__clkbuf_16)
     1    0.022925    0.058534    0.135261    0.138090 ^ clkbuf_regs_0_signal_clock/Z (gf180mcu_fd_sc_mcu7t5v0__clkbuf_16)
                                                         signal_input_regs (net)
                      0.058534    0.000233    0.138322 ^ clkbuf_0_signal_input_regs/I (gf180mcu_fd_sc_mcu7t5v0__clkbuf_16)
     2    0.047168    0.072114    0.154590    0.292913 ^ clkbuf_0_signal_input_regs/Z (gf180mcu_fd_sc_mcu7t5v0__clkbuf_16)
                                                         clknet_0_signal_input_regs (net)
                      0.072115    0.000373    0.293285 ^ clkbuf_1_0__f_signal_input_regs/I (gf180mcu_fd_sc_mcu7t5v0__clkbuf_16)
     8    0.046950    0.071986    0.157138    0.450424 ^ clkbuf_1_0__f_signal_input_regs/Z (gf180mcu_fd_sc_mcu7t5v0__clkbuf_16)
                                                         clknet_1_0__leaf_signal_input_regs (net)
                      0.071988    0.000565    0.450989 ^ _4064_/CLK (gf180mcu_fd_sc_mcu7t5v0__dffq_1)
     5    0.032566    0.234298    0.526368    0.977357 v _4064_/Q (gf180mcu_fd_sc_mcu7t5v0__dffq_1)
                                                         tdc_module.measurement_state_machine[0] (net)
                      0.234299    0.000449    0.977805 v _3396_/B (gf180mcu_fd_sc_mcu7t5v0__aoi21_1)
     1    0.006618    0.196180    0.164301    1.142107 ^ _3396_/ZN (gf180mcu_fd_sc_mcu7t5v0__aoi21_1)
                                                         _1426_ (net)
                      0.196180    0.000092    1.142198 ^ _3399_/A2 (gf180mcu_fd_sc_mcu7t5v0__nor3_1)
     1    0.003797    0.129031    0.109450    1.251649 v _3399_/ZN (gf180mcu_fd_sc_mcu7t5v0__nor3_1)
                                                         _0310_ (net)
                      0.129031    0.000043    1.251692 v _4064_/D (gf180mcu_fd_sc_mcu7t5v0__dffq_1)
                                              1.251692   data arrival time

                                  0.000000    0.000000   clock signal_clock (rise edge)
                                  0.000000    0.000000   clock source latency
     2    0.066127    0.000000    0.000000    0.000000 ^ signal_input (in)
                                                         signal_input (net)
                      0.006916    0.002829    0.002829 ^ clkbuf_regs_0_signal_clock/I (gf180mcu_fd_sc_mcu7t5v0__clkbuf_16)
     1    0.022925    0.058534    0.135261    0.138090 ^ clkbuf_regs_0_signal_clock/Z (gf180mcu_fd_sc_mcu7t5v0__clkbuf_16)
                                                         signal_input_regs (net)
                      0.058534    0.000233    0.138322 ^ clkbuf_0_signal_input_regs/I (gf180mcu_fd_sc_mcu7t5v0__clkbuf_16)
     2    0.047168    0.072114    0.154590    0.292913 ^ clkbuf_0_signal_input_regs/Z (gf180mcu_fd_sc_mcu7t5v0__clkbuf_16)
                                                         clknet_0_signal_input_regs (net)
                      0.072115    0.000373    0.293285 ^ clkbuf_1_0__f_signal_input_regs/I (gf180mcu_fd_sc_mcu7t5v0__clkbuf_16)
     8    0.046950    0.071986    0.157138    0.450424 ^ clkbuf_1_0__f_signal_input_regs/Z (gf180mcu_fd_sc_mcu7t5v0__clkbuf_16)
                                                         clknet_1_0__leaf_signal_input_regs (net)
                      0.071988    0.000565    0.450989 ^ _4064_/CLK (gf180mcu_fd_sc_mcu7t5v0__dffq_1)
                                  0.000000    0.450989   clock reconvergence pessimism
                                  0.047907    0.498895   library hold time
                                              0.498895   data required time
---------------------------------------------------------------------------------------------
                                              0.498895   data required time
                                             -1.251692   data arrival time
---------------------------------------------------------------------------------------------
                                              0.752796   slack (MET)


Startpoint: _4070_ (rising edge-triggered flip-flop clocked by signal_clock)
Endpoint: _4070_ (rising edge-triggered flip-flop clocked by signal_clock)
Path Group: signal_clock
Path Type: min

Fanout         Cap        Slew       Delay        Time   Description
---------------------------------------------------------------------------------------------
                                  0.000000    0.000000   clock signal_clock (rise edge)
                                  0.000000    0.000000   clock source latency
     2    0.066127    0.000000    0.000000    0.000000 ^ signal_input (in)
                                                         signal_input (net)
                      0.006916    0.002829    0.002829 ^ clkbuf_regs_0_signal_clock/I (gf180mcu_fd_sc_mcu7t5v0__clkbuf_16)
     1    0.022925    0.058534    0.135261    0.138090 ^ clkbuf_regs_0_signal_clock/Z (gf180mcu_fd_sc_mcu7t5v0__clkbuf_16)
                                                         signal_input_regs (net)
                      0.058534    0.000233    0.138322 ^ clkbuf_0_signal_input_regs/I (gf180mcu_fd_sc_mcu7t5v0__clkbuf_16)
     2    0.047168    0.072114    0.154590    0.292913 ^ clkbuf_0_signal_input_regs/Z (gf180mcu_fd_sc_mcu7t5v0__clkbuf_16)
                                                         clknet_0_signal_input_regs (net)
                      0.072115    0.000413    0.293326 ^ clkbuf_1_1__f_signal_input_regs/I (gf180mcu_fd_sc_mcu7t5v0__clkbuf_16)
    10    0.050132    0.073741    0.158368    0.451694 ^ clkbuf_1_1__f_signal_input_regs/Z (gf180mcu_fd_sc_mcu7t5v0__clkbuf_16)
                                                         clknet_1_1__leaf_signal_input_regs (net)
                      0.073742    0.000695    0.452388 ^ _4070_/CLK (gf180mcu_fd_sc_mcu7t5v0__dffq_1)
     5    0.037472    0.263870    0.545726    0.998115 v _4070_/Q (gf180mcu_fd_sc_mcu7t5v0__dffq_1)
                                                         tdc_module.measurement_state_machine[6] (net)
                      0.263875    0.000654    0.998769 v _3415_/B (gf180mcu_fd_sc_mcu7t5v0__aoi21_1)
     1    0.005214    0.187179    0.158666    1.157434 ^ _3415_/ZN (gf180mcu_fd_sc_mcu7t5v0__aoi21_1)
                                                         _1439_ (net)
                      0.187179    0.000058    1.157493 ^ _3416_/A3 (gf180mcu_fd_sc_mcu7t5v0__nor3_1)
     1    0.002970    0.132928    0.110415    1.267908 v _3416_/ZN (gf180mcu_fd_sc_mcu7t5v0__nor3_1)
                                                         _0316_ (net)
                      0.132928    0.000029    1.267937 v _4070_/D (gf180mcu_fd_sc_mcu7t5v0__dffq_1)
                                              1.267937   data arrival time

                                  0.000000    0.000000   clock signal_clock (rise edge)
                                  0.000000    0.000000   clock source latency
     2    0.066127    0.000000    0.000000    0.000000 ^ signal_input (in)
                                                         signal_input (net)
                      0.006916    0.002829    0.002829 ^ clkbuf_regs_0_signal_clock/I (gf180mcu_fd_sc_mcu7t5v0__clkbuf_16)
     1    0.022925    0.058534    0.135261    0.138090 ^ clkbuf_regs_0_signal_clock/Z (gf180mcu_fd_sc_mcu7t5v0__clkbuf_16)
                                                         signal_input_regs (net)
                      0.058534    0.000233    0.138322 ^ clkbuf_0_signal_input_regs/I (gf180mcu_fd_sc_mcu7t5v0__clkbuf_16)
     2    0.047168    0.072114    0.154590    0.292913 ^ clkbuf_0_signal_input_regs/Z (gf180mcu_fd_sc_mcu7t5v0__clkbuf_16)
                                                         clknet_0_signal_input_regs (net)
                      0.072115    0.000413    0.293326 ^ clkbuf_1_1__f_signal_input_regs/I (gf180mcu_fd_sc_mcu7t5v0__clkbuf_16)
    10    0.050132    0.073741    0.158368    0.451694 ^ clkbuf_1_1__f_signal_input_regs/Z (gf180mcu_fd_sc_mcu7t5v0__clkbuf_16)
                                                         clknet_1_1__leaf_signal_input_regs (net)
                      0.073742    0.000695    0.452388 ^ _4070_/CLK (gf180mcu_fd_sc_mcu7t5v0__dffq_1)
                                  0.000000    0.452388   clock reconvergence pessimism
                                  0.046984    0.499372   library hold time
                                              0.499372   data required time
---------------------------------------------------------------------------------------------
                                              0.499372   data required time
                                             -1.267937   data arrival time
---------------------------------------------------------------------------------------------
                                              0.768565   slack (MET)


Startpoint: _4071_ (rising edge-triggered flip-flop clocked by signal_clock)
Endpoint: _4071_ (rising edge-triggered flip-flop clocked by signal_clock)
Path Group: signal_clock
Path Type: min

Fanout         Cap        Slew       Delay        Time   Description
---------------------------------------------------------------------------------------------
                                  0.000000    0.000000   clock signal_clock (rise edge)
                                  0.000000    0.000000   clock source latency
     2    0.066127    0.000000    0.000000    0.000000 ^ signal_input (in)
                                                         signal_input (net)
                      0.006916    0.002829    0.002829 ^ clkbuf_regs_0_signal_clock/I (gf180mcu_fd_sc_mcu7t5v0__clkbuf_16)
     1    0.022925    0.058534    0.135261    0.138090 ^ clkbuf_regs_0_signal_clock/Z (gf180mcu_fd_sc_mcu7t5v0__clkbuf_16)
                                                         signal_input_regs (net)
                      0.058534    0.000233    0.138322 ^ clkbuf_0_signal_input_regs/I (gf180mcu_fd_sc_mcu7t5v0__clkbuf_16)
     2    0.047168    0.072114    0.154590    0.292913 ^ clkbuf_0_signal_input_regs/Z (gf180mcu_fd_sc_mcu7t5v0__clkbuf_16)
                                                         clknet_0_signal_input_regs (net)
                      0.072115    0.000413    0.293326 ^ clkbuf_1_1__f_signal_input_regs/I (gf180mcu_fd_sc_mcu7t5v0__clkbuf_16)
    10    0.050132    0.073741    0.158368    0.451694 ^ clkbuf_1_1__f_signal_input_regs/Z (gf180mcu_fd_sc_mcu7t5v0__clkbuf_16)
                                                         clknet_1_1__leaf_signal_input_regs (net)
                      0.073742    0.000596    0.452290 ^ _4071_/CLK (gf180mcu_fd_sc_mcu7t5v0__dffq_1)
     6    0.040718    0.284524    0.559150    1.011440 v _4071_/Q (gf180mcu_fd_sc_mcu7t5v0__dffq_1)
                                                         tdc_module.measurement_state_machine[7] (net)
                      0.284531    0.000823    1.012263 v _3417_/A1 (gf180mcu_fd_sc_mcu7t5v0__nor2_1)
     1    0.004871    0.166219    0.170604    1.182867 ^ _3417_/ZN (gf180mcu_fd_sc_mcu7t5v0__nor2_1)
                                                         _1440_ (net)
                      0.166219    0.000093    1.182961 ^ _3419_/A2 (gf180mcu_fd_sc_mcu7t5v0__nor3_1)
     1    0.004873    0.130854    0.112620    1.295581 v _3419_/ZN (gf180mcu_fd_sc_mcu7t5v0__nor3_1)
                                                         _0317_ (net)
                      0.130854    0.000066    1.295647 v _4071_/D (gf180mcu_fd_sc_mcu7t5v0__dffq_1)
                                              1.295647   data arrival time

                                  0.000000    0.000000   clock signal_clock (rise edge)
                                  0.000000    0.000000   clock source latency
     2    0.066127    0.000000    0.000000    0.000000 ^ signal_input (in)
                                                         signal_input (net)
                      0.006916    0.002829    0.002829 ^ clkbuf_regs_0_signal_clock/I (gf180mcu_fd_sc_mcu7t5v0__clkbuf_16)
     1    0.022925    0.058534    0.135261    0.138090 ^ clkbuf_regs_0_signal_clock/Z (gf180mcu_fd_sc_mcu7t5v0__clkbuf_16)
                                                         signal_input_regs (net)
                      0.058534    0.000233    0.138322 ^ clkbuf_0_signal_input_regs/I (gf180mcu_fd_sc_mcu7t5v0__clkbuf_16)
     2    0.047168    0.072114    0.154590    0.292913 ^ clkbuf_0_signal_input_regs/Z (gf180mcu_fd_sc_mcu7t5v0__clkbuf_16)
                                                         clknet_0_signal_input_regs (net)
                      0.072115    0.000413    0.293326 ^ clkbuf_1_1__f_signal_input_regs/I (gf180mcu_fd_sc_mcu7t5v0__clkbuf_16)
    10    0.050132    0.073741    0.158368    0.451694 ^ clkbuf_1_1__f_signal_input_regs/Z (gf180mcu_fd_sc_mcu7t5v0__clkbuf_16)
                                                         clknet_1_1__leaf_signal_input_regs (net)
                      0.073742    0.000596    0.452290 ^ _4071_/CLK (gf180mcu_fd_sc_mcu7t5v0__dffq_1)
                                  0.000000    0.452290   clock reconvergence pessimism
                                  0.047619    0.499909   library hold time
                                              0.499909   data required time
---------------------------------------------------------------------------------------------
                                              0.499909   data required time
                                             -1.295647   data arrival time
---------------------------------------------------------------------------------------------
                                              0.795738   slack (MET)



