Clock: system_clock
Sources: CLK_I 
Generated: no
Virtual: yes
Propagated: no
Period: 100.000000

===========================================================================
report_clock_properties
============================================================================
Clock                   Period          Waveform
----------------------------------------------------
system_clock        100.000000    0.000000 50.000000

===========================================================================
report_clock_latency
============================================================================
Clock system_clock
rise -> rise
    min     max
0.000000 0.000000 source latency
1.101251         network latency _827_/CLK
        1.118677 network latency _894_/CLK
---------------
1.101251 1.118677 latency
        0.017426 skew

fall -> fall
    min     max
0.000000 0.000000 source latency
1.112500         network latency _827_/CLK
        1.131269 network latency _894_/CLK
---------------
1.112500 1.131269 latency
        0.018769 skew



===========================================================================
report_clock_min_period
============================================================================
system_clock period_min = 15.11 fmax = 66.20
