
===========================================================================
 report_power
============================================================================
======================= nom_ss_125C_4v50 Corner ===================================

Group                    Internal    Switching      Leakage        Total
                            Power        Power        Power        Power (Watts)
------------------------------------------------------------------------
Sequential           3.787367e-04 3.116164e-05 9.768991e-08 4.099960e-04  44.5%
Combinational        5.214089e-05 3.965241e-05 3.005641e-07 9.209386e-05  10.0%
Clock                2.667234e-04 1.517846e-04 4.231158e-07 4.189311e-04  45.5%
Macro                0.000000e+00 0.000000e+00 0.000000e+00 0.000000e+00   0.0%
Pad                  0.000000e+00 0.000000e+00 0.000000e+00 0.000000e+00   0.0%
------------------------------------------------------------------------
Total                6.976009e-04 2.225986e-04 8.213700e-07 9.210209e-04 100.0%
                            75.7%        24.2%         0.1%

