                                                                       Cells by Function                                                                        
┏━━━━━━━━━━━━━━━━━━━━━━━━━━━━━━━━━━━━━━━━━━━━━━━━━━━━━━━━━━━━━━━━━━━━━━━━━━━━━━━━━━━━━━━━━━━━━━━━━━━━━━━━━━━━━━━━━━━━━━━━━━━━━━━━━━━┳━━━━━━━━━━━━━━━━━━━━━━━━━━┓
┃ Cell Function                                                                                                                     ┃ Count                    ┃
┡━━━━━━━━━━━━━━━━━━━━━━━━━━━━━━━━━━━━━━━━━━━━━━━━━━━━━━━━━━━━━━━━━━━━━━━━━━━━━━━━━━━━━━━━━━━━━━━━━━━━━━━━━━━━━━━━━━━━━━━━━━━━━━━━━━━╇━━━━━━━━━━━━━━━━━━━━━━━━━━┩
│ gf180mcu_fd_sc_mcu7t5v0__and2                                                                                                     │ 33                       │
│ gf180mcu_fd_sc_mcu7t5v0__and3                                                                                                     │ 14                       │
│ gf180mcu_fd_sc_mcu7t5v0__and4                                                                                                     │ 8                        │
│ gf180mcu_fd_sc_mcu7t5v0__aoi21                                                                                                    │ 41                       │
│ gf180mcu_fd_sc_mcu7t5v0__aoi211                                                                                                   │ 31                       │
│ gf180mcu_fd_sc_mcu7t5v0__aoi22                                                                                                    │ 42                       │
│ gf180mcu_fd_sc_mcu7t5v0__aoi221                                                                                                   │ 4                        │
│ gf180mcu_fd_sc_mcu7t5v0__aoi222                                                                                                   │ 16                       │
│ gf180mcu_fd_sc_mcu7t5v0__buf                                                                                                      │ 11                       │
│ gf180mcu_fd_sc_mcu7t5v0__clkbuf                                                                                                   │ 29                       │
│ gf180mcu_fd_sc_mcu7t5v0__clkinv                                                                                                   │ 54                       │
│ gf180mcu_fd_sc_mcu7t5v0__dffq                                                                                                     │ 166                      │
│ gf180mcu_fd_sc_mcu7t5v0__dlyb                                                                                                     │ 36                       │
│ gf180mcu_fd_sc_mcu7t5v0__dlyc                                                                                                     │ 58                       │
│ gf180mcu_fd_sc_mcu7t5v0__fill                                                                                                     │ 547                      │
│ gf180mcu_fd_sc_mcu7t5v0__fillcap                                                                                                  │ 405                      │
│ gf180mcu_fd_sc_mcu7t5v0__inv                                                                                                      │ 8                        │
│ gf180mcu_fd_sc_mcu7t5v0__mux2                                                                                                     │ 7                        │
│ gf180mcu_fd_sc_mcu7t5v0__nand2                                                                                                    │ 45                       │
│ gf180mcu_fd_sc_mcu7t5v0__nand3                                                                                                    │ 10                       │
│ gf180mcu_fd_sc_mcu7t5v0__nand4                                                                                                    │ 6                        │
│ gf180mcu_fd_sc_mcu7t5v0__nor2                                                                                                     │ 172                      │
│ gf180mcu_fd_sc_mcu7t5v0__nor3                                                                                                     │ 45                       │
│ gf180mcu_fd_sc_mcu7t5v0__nor4                                                                                                     │ 10                       │
│ gf180mcu_fd_sc_mcu7t5v0__oai21                                                                                                    │ 61                       │
│ gf180mcu_fd_sc_mcu7t5v0__oai211                                                                                                   │ 8                        │
│ gf180mcu_fd_sc_mcu7t5v0__oai221                                                                                                   │ 2                        │
│ gf180mcu_fd_sc_mcu7t5v0__oai31                                                                                                    │ 5                        │
│ gf180mcu_fd_sc_mcu7t5v0__or2                                                                                                      │ 4                        │
│ gf180mcu_fd_sc_mcu7t5v0__or3                                                                                                      │ 2                        │
│ gf180mcu_fd_sc_mcu7t5v0__or4                                                                                                      │ 5                        │
│ gf180mcu_fd_sc_mcu7t5v0__xnor2                                                                                                    │ 4                        │
│ gf180mcu_fd_sc_mcu7t5v0__xor2                                                                                                     │ 18                       │
└───────────────────────────────────────────────────────────────────────────────────────────────────────────────────────────────────┴──────────────────────────┘
