[WARNING ORD-0039] .openroad ignored with -python
                                Cells by Master                                 
┏━━━━━━━━━━━━━━━━━━━━━━━━━━━━━━━━━━━━━━━━━━━━━━━━━━━━━━━━━━━━━━━━━┳━━━━━━━━━━━━┓
┃ Cell                                                            ┃ Count      ┃
┡━━━━━━━━━━━━━━━━━━━━━━━━━━━━━━━━━━━━━━━━━━━━━━━━━━━━━━━━━━━━━━━━━╇━━━━━━━━━━━━┩
│ gf180mcu_fd_sc_mcu7t5v0__and2_1                                 │ 33         │
│ gf180mcu_fd_sc_mcu7t5v0__and3_1                                 │ 14         │
│ gf180mcu_fd_sc_mcu7t5v0__and4_1                                 │ 8          │
│ gf180mcu_fd_sc_mcu7t5v0__aoi211_1                               │ 31         │
│ gf180mcu_fd_sc_mcu7t5v0__aoi21_1                                │ 41         │
│ gf180mcu_fd_sc_mcu7t5v0__aoi221_1                               │ 4          │
│ gf180mcu_fd_sc_mcu7t5v0__aoi222_1                               │ 16         │
│ gf180mcu_fd_sc_mcu7t5v0__aoi22_1                                │ 42         │
│ gf180mcu_fd_sc_mcu7t5v0__buf_1                                  │ 6          │
│ gf180mcu_fd_sc_mcu7t5v0__buf_2                                  │ 1          │
│ gf180mcu_fd_sc_mcu7t5v0__buf_4                                  │ 3          │
│ gf180mcu_fd_sc_mcu7t5v0__buf_8                                  │ 1          │
│ gf180mcu_fd_sc_mcu7t5v0__clkbuf_16                              │ 7          │
│ gf180mcu_fd_sc_mcu7t5v0__clkbuf_3                               │ 2          │
│ gf180mcu_fd_sc_mcu7t5v0__clkbuf_4                               │ 4          │
│ gf180mcu_fd_sc_mcu7t5v0__clkbuf_8                               │ 16         │
│ gf180mcu_fd_sc_mcu7t5v0__clkinv_1                               │ 50         │
│ gf180mcu_fd_sc_mcu7t5v0__clkinv_2                               │ 2          │
│ gf180mcu_fd_sc_mcu7t5v0__clkinv_4                               │ 1          │
│ gf180mcu_fd_sc_mcu7t5v0__clkinv_8                               │ 1          │
│ gf180mcu_fd_sc_mcu7t5v0__dffq_1                                 │ 166        │
│ gf180mcu_fd_sc_mcu7t5v0__dlyb_1                                 │ 36         │
│ gf180mcu_fd_sc_mcu7t5v0__dlyc_1                                 │ 58         │
│ gf180mcu_fd_sc_mcu7t5v0__endcap                                 │ 100        │
│ gf180mcu_fd_sc_mcu7t5v0__fill_1                                 │ 279        │
│ gf180mcu_fd_sc_mcu7t5v0__fill_2                                 │ 268        │
│ gf180mcu_fd_sc_mcu7t5v0__fillcap_16                             │ 47         │
│ gf180mcu_fd_sc_mcu7t5v0__fillcap_32                             │ 22         │
│ gf180mcu_fd_sc_mcu7t5v0__fillcap_4                              │ 224        │
│ gf180mcu_fd_sc_mcu7t5v0__fillcap_8                              │ 112        │
│ gf180mcu_fd_sc_mcu7t5v0__filltie                                │ 260        │
│ gf180mcu_fd_sc_mcu7t5v0__inv_3                                  │ 5          │
│ gf180mcu_fd_sc_mcu7t5v0__inv_4                                  │ 3          │
│ gf180mcu_fd_sc_mcu7t5v0__mux2_2                                 │ 7          │
│ gf180mcu_fd_sc_mcu7t5v0__nand2_1                                │ 45         │
│ gf180mcu_fd_sc_mcu7t5v0__nand3_1                                │ 10         │
│ gf180mcu_fd_sc_mcu7t5v0__nand4_1                                │ 6          │
│ gf180mcu_fd_sc_mcu7t5v0__nor2_1                                 │ 172        │
│ gf180mcu_fd_sc_mcu7t5v0__nor3_1                                 │ 45         │
│ gf180mcu_fd_sc_mcu7t5v0__nor4_1                                 │ 10         │
│ gf180mcu_fd_sc_mcu7t5v0__oai211_1                               │ 8          │
│ gf180mcu_fd_sc_mcu7t5v0__oai21_1                                │ 61         │
│ gf180mcu_fd_sc_mcu7t5v0__oai221_1                               │ 2          │
│ gf180mcu_fd_sc_mcu7t5v0__oai31_1                                │ 5          │
│ gf180mcu_fd_sc_mcu7t5v0__or2_1                                  │ 3          │
│ gf180mcu_fd_sc_mcu7t5v0__or2_2                                  │ 1          │
│ gf180mcu_fd_sc_mcu7t5v0__or3_1                                  │ 2          │
│ gf180mcu_fd_sc_mcu7t5v0__or4_1                                  │ 5          │
│ gf180mcu_fd_sc_mcu7t5v0__tiel                                   │ 1          │
│ gf180mcu_fd_sc_mcu7t5v0__xnor2_1                                │ 4          │
│ gf180mcu_fd_sc_mcu7t5v0__xor2_1                                 │ 18         │
└─────────────────────────────────────────────────────────────────┴────────────┘
                               Cells by Function                                
┏━━━━━━━━━━━━━━━━━━━━━━━━━━━━━━━━━━━━━━━━━━━━━━━━━━━━━━━━━━━━━━━━┳━━━━━━━━━━━━━┓
┃ Cell Function                                                  ┃ Count       ┃
┡━━━━━━━━━━━━━━━━━━━━━━━━━━━━━━━━━━━━━━━━━━━━━━━━━━━━━━━━━━━━━━━━╇━━━━━━━━━━━━━┩
│ gf180mcu_fd_sc_mcu7t5v0__and2                                  │ 33          │
│ gf180mcu_fd_sc_mcu7t5v0__and3                                  │ 14          │
│ gf180mcu_fd_sc_mcu7t5v0__and4                                  │ 8           │
│ gf180mcu_fd_sc_mcu7t5v0__aoi21                                 │ 41          │
│ gf180mcu_fd_sc_mcu7t5v0__aoi211                                │ 31          │
│ gf180mcu_fd_sc_mcu7t5v0__aoi22                                 │ 42          │
│ gf180mcu_fd_sc_mcu7t5v0__aoi221                                │ 4           │
│ gf180mcu_fd_sc_mcu7t5v0__aoi222                                │ 16          │
│ gf180mcu_fd_sc_mcu7t5v0__buf                                   │ 11          │
│ gf180mcu_fd_sc_mcu7t5v0__clkbuf                                │ 29          │
│ gf180mcu_fd_sc_mcu7t5v0__clkinv                                │ 54          │
│ gf180mcu_fd_sc_mcu7t5v0__dffq                                  │ 166         │
│ gf180mcu_fd_sc_mcu7t5v0__dlyb                                  │ 36          │
│ gf180mcu_fd_sc_mcu7t5v0__dlyc                                  │ 58          │
│ gf180mcu_fd_sc_mcu7t5v0__fill                                  │ 547         │
│ gf180mcu_fd_sc_mcu7t5v0__fillcap                               │ 405         │
│ gf180mcu_fd_sc_mcu7t5v0__inv                                   │ 8           │
│ gf180mcu_fd_sc_mcu7t5v0__mux2                                  │ 7           │
│ gf180mcu_fd_sc_mcu7t5v0__nand2                                 │ 45          │
│ gf180mcu_fd_sc_mcu7t5v0__nand3                                 │ 10          │
│ gf180mcu_fd_sc_mcu7t5v0__nand4                                 │ 6           │
│ gf180mcu_fd_sc_mcu7t5v0__nor2                                  │ 172         │
│ gf180mcu_fd_sc_mcu7t5v0__nor3                                  │ 45          │
│ gf180mcu_fd_sc_mcu7t5v0__nor4                                  │ 10          │
│ gf180mcu_fd_sc_mcu7t5v0__oai21                                 │ 61          │
│ gf180mcu_fd_sc_mcu7t5v0__oai211                                │ 8           │
│ gf180mcu_fd_sc_mcu7t5v0__oai221                                │ 2           │
│ gf180mcu_fd_sc_mcu7t5v0__oai31                                 │ 5           │
│ gf180mcu_fd_sc_mcu7t5v0__or2                                   │ 4           │
│ gf180mcu_fd_sc_mcu7t5v0__or3                                   │ 2           │
│ gf180mcu_fd_sc_mcu7t5v0__or4                                   │ 5           │
│ gf180mcu_fd_sc_mcu7t5v0__xnor2                                 │ 4           │
│ gf180mcu_fd_sc_mcu7t5v0__xor2                                  │ 18          │
└────────────────────────────────────────────────────────────────┴─────────────┘
                                  Cells by SCL                                  
┏━━━━━━━━━━━━━━━━━━━━━━━━━━━━━━━━━━━━━━━━━━━━━━━━━━━━━━━━━━━━━┳━━━━━━━━━━━━━━━━┓
┃ SCL                                                         ┃ Count          ┃
┡━━━━━━━━━━━━━━━━━━━━━━━━━━━━━━━━━━━━━━━━━━━━━━━━━━━━━━━━━━━━━╇━━━━━━━━━━━━━━━━┩
│ gf180mcu_fd_sc_mcu7t5v0                                     │ 1907           │
└─────────────────────────────────────────────────────────────┴────────────────┘
                             Buffers by Cell Master                             
┏━━━━━━━━━━━━━━━━━━━━━━━━━━━━━━━━━━━━━━━━━━━━━━━━━━━━━━━━━━━━━━━━━┳━━━━━━━━━━━━┓
┃ Buffer                                                          ┃ Count      ┃
┡━━━━━━━━━━━━━━━━━━━━━━━━━━━━━━━━━━━━━━━━━━━━━━━━━━━━━━━━━━━━━━━━━╇━━━━━━━━━━━━┩
│ gf180mcu_fd_sc_mcu7t5v0__buf_1                                  │ 6          │
│ gf180mcu_fd_sc_mcu7t5v0__buf_2                                  │ 1          │
│ gf180mcu_fd_sc_mcu7t5v0__buf_4                                  │ 3          │
│ gf180mcu_fd_sc_mcu7t5v0__buf_8                                  │ 1          │
│ gf180mcu_fd_sc_mcu7t5v0__clkbuf_16                              │ 7          │
│ gf180mcu_fd_sc_mcu7t5v0__clkbuf_3                               │ 2          │
│ gf180mcu_fd_sc_mcu7t5v0__clkbuf_4                               │ 4          │
│ gf180mcu_fd_sc_mcu7t5v0__clkbuf_8                               │ 16         │
│ gf180mcu_fd_sc_mcu7t5v0__dlyb_1                                 │ 36         │
│ gf180mcu_fd_sc_mcu7t5v0__dlyc_1                                 │ 58         │
└─────────────────────────────────────────────────────────────────┴────────────┘
