
===========================================================================
report_checks -unconstrained
===========================================================================
======================= nom_tt_025C_5v00 Corner ===================================

Startpoint: RST_I (input port clocked by system_clock)
Endpoint: _1366_ (rising edge-triggered flip-flop clocked by signal_clock)
Path Group: signal_clock
Path Type: max

Fanout         Cap        Slew       Delay        Time   Description
---------------------------------------------------------------------------------------------
                               3899.999756 3899.999756   clock system_clock (rise edge)
                                  0.000000 3899.999756   clock network delay (propagated)
                                 20.000000 3919.999512 v input external delay
    47    0.233811    0.000000    0.000000 3919.999512 v RST_I (in)
                                                         RST_I (net)
                      0.007731    0.003183 3920.002686 v _0876_/A2 (gf180mcu_fd_sc_mcu7t5v0__nor2_1)
    18    0.107689    3.244372    1.899935 3921.902588 ^ _0876_/ZN (gf180mcu_fd_sc_mcu7t5v0__nor2_1)
                                                         _0328_ (net)
                      3.244372    0.001364 3921.904053 ^ _0987_/B (gf180mcu_fd_sc_mcu7t5v0__oai31_1)
     9    0.044055    1.239014    0.722139 3922.626221 v _0987_/ZN (gf180mcu_fd_sc_mcu7t5v0__oai31_1)
                                                         _0413_ (net)
                      1.239014    0.000455 3922.626709 v _0988_/I (gf180mcu_fd_sc_mcu7t5v0__clkinv_1)
     7    0.038080    0.799850    0.724413 3923.351074 ^ _0988_/ZN (gf180mcu_fd_sc_mcu7t5v0__clkinv_1)
                                                         _0414_ (net)
                      0.799850    0.000000 3923.351074 ^ _0995_/B (gf180mcu_fd_sc_mcu7t5v0__oai21_1)
     1    0.004251    0.285876    0.185992 3923.537109 v _0995_/ZN (gf180mcu_fd_sc_mcu7t5v0__oai21_1)
                                                         _0419_ (net)
                      0.285876    0.000000 3923.537109 v _0996_/B (gf180mcu_fd_sc_mcu7t5v0__aoi21_1)
     1    0.002780    0.289275    0.255568 3923.792725 ^ _0996_/ZN (gf180mcu_fd_sc_mcu7t5v0__aoi21_1)
                                                         _0097_ (net)
                      0.289275    0.000000 3923.792725 ^ _1366_/D (gf180mcu_fd_sc_mcu7t5v0__dffq_1)
                                           3923.792725   data arrival time

                               4000.000000 4000.000000   clock signal_clock (rise edge)
                                  0.000000 4000.000000   clock source latency
    19    0.077293    0.000000    0.000000 4000.000000 ^ signal_input (in)
                                                         signal_input (net)
                      0.003032    0.001364 4000.001465 ^ _1366_/CLK (gf180mcu_fd_sc_mcu7t5v0__dffq_1)
                                  0.000000 4000.001465   clock reconvergence pessimism
                                 -0.262966 3999.738281   library setup time
                                           3999.738281   data required time
---------------------------------------------------------------------------------------------
                                           3999.738281   data required time
                                           -3923.792725   data arrival time
---------------------------------------------------------------------------------------------
                                             75.945770   slack (MET)


Startpoint: CYC_I (input port clocked by system_clock)
Endpoint: _1328_ (rising edge-triggered flip-flop clocked by system_clock)
Path Group: system_clock
Path Type: max

Fanout         Cap        Slew       Delay        Time   Description
---------------------------------------------------------------------------------------------
                                  0.000000    0.000000   clock system_clock (rise edge)
                                  0.000000    0.000000   clock network delay (propagated)
                                 20.000000   20.000000 v input external delay
     2    0.009850    0.000000    0.000000   20.000000 v CYC_I (in)
                                                         CYC_I (net)
                      0.000061    0.000025   20.000025 v _0685_/A2 (gf180mcu_fd_sc_mcu7t5v0__nand2_1)
     3    0.014608    0.358355    0.213786   20.213812 ^ _0685_/ZN (gf180mcu_fd_sc_mcu7t5v0__nand2_1)
                                                         _0206_ (net)
                      0.358355    0.000023   20.213835 ^ _0686_/A2 (gf180mcu_fd_sc_mcu7t5v0__nor2_1)
     3    0.021340    0.376761    0.313157   20.526993 v _0686_/ZN (gf180mcu_fd_sc_mcu7t5v0__nor2_1)
                                                         _0207_ (net)
                      0.376761    0.000428   20.527420 v _0741_/B (gf180mcu_fd_sc_mcu7t5v0__aoi21_1)
     2    0.009768    0.503418    0.388805   20.916225 ^ _0741_/ZN (gf180mcu_fd_sc_mcu7t5v0__aoi21_1)
                                                         _0243_ (net)
                      0.503418    0.000009   20.916235 ^ _0751_/A1 (gf180mcu_fd_sc_mcu7t5v0__nand2_1)
     2    0.007213    0.242619    0.171871   21.088106 v _0751_/ZN (gf180mcu_fd_sc_mcu7t5v0__nand2_1)
                                                         _0251_ (net)
                      0.242619    0.000005   21.088112 v _0752_/A2 (gf180mcu_fd_sc_mcu7t5v0__nor2_1)
    48    0.263501    8.028573    4.532302   25.620413 ^ _0752_/ZN (gf180mcu_fd_sc_mcu7t5v0__nor2_1)
                                                         _0252_ (net)
                      8.028573    0.002123   25.622536 ^ _0856_/A2 (gf180mcu_fd_sc_mcu7t5v0__nor2_1)
     1    0.004415    1.494738   -0.013927   25.608610 v _0856_/ZN (gf180mcu_fd_sc_mcu7t5v0__nor2_1)
                                                         _0318_ (net)
                      1.494738    0.000007   25.608616 v _0857_/B (gf180mcu_fd_sc_mcu7t5v0__aoi211_1)
     1    0.002827    0.862489    0.613273   26.221889 ^ _0857_/ZN (gf180mcu_fd_sc_mcu7t5v0__aoi211_1)
                                                         _0059_ (net)
                      0.862489    0.000005   26.221895 ^ _1328_/D (gf180mcu_fd_sc_mcu7t5v0__dffq_1)
                                             26.221895   data arrival time

                                100.000000  100.000000   clock system_clock (rise edge)
                                  0.000000  100.000000   clock source latency
   149    0.601545    0.000000    0.000000  100.000000 ^ CLK_I (in)
                                                         CLK_I (net)
                      0.016978    0.006942  100.006935 ^ _1328_/CLK (gf180mcu_fd_sc_mcu7t5v0__dffq_1)
                                 -0.500000   99.506935   clock uncertainty
                                  0.000000   99.506935   clock reconvergence pessimism
                                 -0.280423   99.226517   library setup time
                                             99.226517   data required time
---------------------------------------------------------------------------------------------
                                             99.226517   data required time
                                            -26.221895   data arrival time
---------------------------------------------------------------------------------------------
                                             73.004616   slack (MET)




===========================================================================
report_checks --slack_max -0.01
============================================================================
======================= nom_tt_025C_5v00 Corner ===================================

No paths found.


===========================================================================
 report_check_types -max_slew -max_cap -max_fanout -violators
============================================================================
======================= nom_tt_025C_5v00 Corner ===================================

max slew

Pin                                        Limit        Slew       Slack
------------------------------------------------------------------------
_0752_/ZN                               4.000000    8.028573   -4.028573 (VIOLATED)
_0755_/A2                               4.000000    8.028573   -4.028573 (VIOLATED)
_0758_/A2                               4.000000    8.028573   -4.028573 (VIOLATED)
_0761_/A2                               4.000000    8.028573   -4.028573 (VIOLATED)
_0764_/A2                               4.000000    8.028573   -4.028573 (VIOLATED)
_0767_/A2                               4.000000    8.028573   -4.028573 (VIOLATED)
_0770_/A2                               4.000000    8.028573   -4.028573 (VIOLATED)
_0772_/A2                               4.000000    8.028573   -4.028573 (VIOLATED)
_0773_/A2                               4.000000    8.028573   -4.028573 (VIOLATED)
_0774_/A2                               4.000000    8.028573   -4.028573 (VIOLATED)
_0775_/A2                               4.000000    8.028573   -4.028573 (VIOLATED)
_0777_/A2                               4.000000    8.028573   -4.028573 (VIOLATED)
_0780_/A2                               4.000000    8.028573   -4.028573 (VIOLATED)
_0783_/A2                               4.000000    8.028573   -4.028573 (VIOLATED)
_0786_/A2                               4.000000    8.028573   -4.028573 (VIOLATED)
_0789_/A2                               4.000000    8.028573   -4.028573 (VIOLATED)
_0792_/A2                               4.000000    8.028573   -4.028573 (VIOLATED)
_0795_/A2                               4.000000    8.028573   -4.028573 (VIOLATED)
_0798_/A2                               4.000000    8.028573   -4.028573 (VIOLATED)
_0801_/A2                               4.000000    8.028573   -4.028573 (VIOLATED)
_0804_/A2                               4.000000    8.028573   -4.028573 (VIOLATED)
_0807_/A2                               4.000000    8.028573   -4.028573 (VIOLATED)
_0810_/A2                               4.000000    8.028573   -4.028573 (VIOLATED)
_0813_/A2                               4.000000    8.028573   -4.028573 (VIOLATED)
_0816_/A2                               4.000000    8.028573   -4.028573 (VIOLATED)
_0819_/A2                               4.000000    8.028573   -4.028573 (VIOLATED)
_0822_/A2                               4.000000    8.028573   -4.028573 (VIOLATED)
_0825_/A2                               4.000000    8.028573   -4.028573 (VIOLATED)
_0828_/A2                               4.000000    8.028573   -4.028573 (VIOLATED)
_0831_/A2                               4.000000    8.028573   -4.028573 (VIOLATED)
_0834_/A2                               4.000000    8.028573   -4.028573 (VIOLATED)
_0836_/A2                               4.000000    8.028573   -4.028573 (VIOLATED)
_0837_/A2                               4.000000    8.028573   -4.028573 (VIOLATED)
_0840_/A2                               4.000000    8.028573   -4.028573 (VIOLATED)
_0841_/A2                               4.000000    8.028573   -4.028573 (VIOLATED)
_0842_/A2                               4.000000    8.028573   -4.028573 (VIOLATED)
_0843_/A2                               4.000000    8.028573   -4.028573 (VIOLATED)
_0844_/A2                               4.000000    8.028573   -4.028573 (VIOLATED)
_0845_/A2                               4.000000    8.028573   -4.028573 (VIOLATED)
_0848_/A2                               4.000000    8.028573   -4.028573 (VIOLATED)
_0849_/A2                               4.000000    8.028573   -4.028573 (VIOLATED)
_0854_/A2                               4.000000    8.028573   -4.028573 (VIOLATED)
_0855_/A2                               4.000000    8.028573   -4.028573 (VIOLATED)
_0856_/A2                               4.000000    8.028573   -4.028573 (VIOLATED)
_0857_/A2                               4.000000    8.028573   -4.028573 (VIOLATED)
_0860_/A2                               4.000000    8.028573   -4.028573 (VIOLATED)
_0861_/A2                               4.000000    8.028573   -4.028573 (VIOLATED)
_0866_/A2                               4.000000    8.028573   -4.028573 (VIOLATED)
_0867_/A2                               4.000000    8.028573   -4.028573 (VIOLATED)
_1048_/ZN                               4.000000    4.041649   -0.041649 (VIOLATED)
_1049_/I                                4.000000    4.041649   -0.041649 (VIOLATED)
_1055_/A2                               4.000000    4.041649   -0.041649 (VIOLATED)
_1059_/A2                               4.000000    4.041649   -0.041649 (VIOLATED)
_1063_/A2                               4.000000    4.041649   -0.041649 (VIOLATED)
_1067_/A2                               4.000000    4.041649   -0.041649 (VIOLATED)
_1071_/A2                               4.000000    4.041649   -0.041649 (VIOLATED)
_1074_/A2                               4.000000    4.041649   -0.041649 (VIOLATED)
_1078_/A2                               4.000000    4.041649   -0.041649 (VIOLATED)
_1082_/A2                               4.000000    4.041649   -0.041649 (VIOLATED)
_1085_/A2                               4.000000    4.041649   -0.041649 (VIOLATED)
_1090_/A2                               4.000000    4.041649   -0.041649 (VIOLATED)
_1094_/A2                               4.000000    4.041649   -0.041649 (VIOLATED)
_1098_/A2                               4.000000    4.041649   -0.041649 (VIOLATED)
_1102_/A2                               4.000000    4.041649   -0.041649 (VIOLATED)
_1106_/A2                               4.000000    4.041649   -0.041649 (VIOLATED)
_1109_/A2                               4.000000    4.041649   -0.041649 (VIOLATED)
_1114_/A2                               4.000000    4.041649   -0.041649 (VIOLATED)
_1118_/A2                               4.000000    4.041649   -0.041649 (VIOLATED)
_1122_/A2                               4.000000    4.041649   -0.041649 (VIOLATED)
_1125_/A2                               4.000000    4.041649   -0.041649 (VIOLATED)
_1127_/A3                               4.000000    4.041649   -0.041649 (VIOLATED)
_1128_/A3                               4.000000    4.041649   -0.041649 (VIOLATED)
_1129_/A3                               4.000000    4.041649   -0.041649 (VIOLATED)
_1130_/A3                               4.000000    4.041649   -0.041649 (VIOLATED)

max capacitance

Pin                                        Limit         Cap       Slack
------------------------------------------------------------------------
_0752_/ZN                               0.125100    0.263501   -0.138401 (VIOLATED)
_1048_/ZN                               0.124200    0.131981   -0.007781 (VIOLATED)
_0753_/Z                                0.238800    0.244212   -0.005412 (VIOLATED)



===========================================================================
report_parasitic_annotation -report_unannotated
============================================================================
Found 1 unannotated drivers.
 ext_rst_i
Found 0 partially unannotated drivers.

===========================================================================
max slew violation count 74
Writing metric design__max_slew_violation__count__corner:nom_tt_025C_5v00: 74
max fanout violation count 0
Writing metric design__max_fanout_violation__count__corner:nom_tt_025C_5v00: 0
max cap violation count 3
Writing metric design__max_cap_violation__count__corner:nom_tt_025C_5v00: 3
============================================================================

===========================================================================
check_setup -verbose -unconstrained_endpoints -multiple_clock -no_clock -no_input_delay -loops -generated_clocks
===========================================================================
