Clock: system_clock
Sources: CLK_I 
Generated: no
Virtual: yes
Propagated: no
Period: 100.000000

===========================================================================
report_clock_properties
============================================================================
Clock                   Period          Waveform
----------------------------------------------------
system_clock        100.000000    0.000000 50.000000

===========================================================================
report_clock_latency
============================================================================
Clock system_clock
rise -> rise
    min     max
0.000000 0.000000 source latency
0.004462         network latency _1422_/CLK
        20.001743 network latency _1377_/CLK
---------------
0.004462 20.001743 latency
        19.997280 skew

rise -> fall
    min     max
0.000000 0.000000 source latency
20.001240         network latency _1366_/CLK
        20.001743 network latency _1377_/CLK
---------------
20.001240 20.001743 latency
        0.000503 skew

fall -> fall
    min     max
0.000000 0.000000 source latency
0.004462         network latency _1422_/CLK
        0.013401 network latency _1406_/CLK
---------------
0.004462 0.013401 latency
        0.008939 skew



===========================================================================
report_clock_min_period
============================================================================
system_clock period_min = 7.88 fmax = 126.89
Clock: signal_clock
Sources: signal_input 
Generated: no
Virtual: yes
Propagated: no
Period: 4000.000000

===========================================================================
report_clock_properties
============================================================================
Clock                   Period          Waveform
----------------------------------------------------
signal_clock        4000.000000    0.0000002000.000000

===========================================================================
report_clock_latency
============================================================================
Clock signal_clock
rise -> rise
    min     max
0.000000 0.000000 source latency
0.001240         network latency _1366_/CLK
        0.001742 network latency _1378_/CLK
---------------
0.001240 0.001742 latency
        0.000502 skew

fall -> fall
    min     max
0.000000 0.000000 source latency
0.001137         network latency _1366_/CLK
        0.001819 network latency _1375_/CLK
---------------
0.001137 0.001819 latency
        0.000682 skew



===========================================================================
report_clock_min_period
============================================================================
signal_clock period_min = 6.07 fmax = 164.62
