
===========================================================================
 report_power
============================================================================
======================= nom_tt_025C_5v00 Corner ===================================

Group                    Internal    Switching      Leakage        Total
                            Power        Power        Power        Power (Watts)
------------------------------------------------------------------------
Sequential           8.304882e-04 1.288642e-06 6.564650e-08 8.318425e-04  96.8%
Combinational        8.572312e-06 1.166031e-05 6.451789e-08 2.029714e-05   2.4%
Clock                2.375919e-06 4.911343e-06 2.376636e-08 7.311028e-06   0.9%
Macro                0.000000e+00 0.000000e+00 0.000000e+00 0.000000e+00   0.0%
Pad                  0.000000e+00 0.000000e+00 0.000000e+00 0.000000e+00   0.0%
------------------------------------------------------------------------
Total                8.414363e-04 1.786028e-05 1.539288e-07 8.594505e-04 100.0%
                            97.9%         2.1%         0.0%
Writing metric power__internal__total: 0.0008414363255724311
Writing metric power__switching__total: 1.7860284060589038e-5
Writing metric power__leakage__total: 1.5392878083275718e-7
Writing metric power__total: 0.0008594504906795919

