Clock: system_clock
Sources: CLK_I 
Generated: no
Virtual: yes
Propagated: no
Period: 100.000000

===========================================================================
report_clock_properties
============================================================================
Clock                   Period          Waveform
----------------------------------------------------
system_clock        100.000000    0.000000 50.000000

===========================================================================
report_clock_latency
============================================================================
Clock system_clock
rise -> rise
    min     max
0.000000 0.000000 source latency
0.442053         network latency _1436_/CLK
        20.460415 network latency _1362_/CLK
---------------
0.442053 20.460415 latency
        20.018360 skew

rise -> fall
    min     max
0.000000 0.000000 source latency
20.448555         network latency _1374_/CLK
        20.451656 network latency _1362_/CLK
---------------
20.448555 20.451656 latency
        0.003102 skew

fall -> fall
    min     max
0.000000 0.000000 source latency
0.455813         network latency _1436_/CLK
        0.469441 network latency _1298_/CLK
---------------
0.455813 0.469441 latency
        0.013628 skew



===========================================================================
report_clock_min_period
============================================================================
system_clock period_min = 5.05 fmax = 198.11
Clock: signal_clock
Sources: signal_input 
Generated: no
Virtual: yes
Propagated: no
Period: 4000.000000

===========================================================================
report_clock_properties
============================================================================
Clock                   Period          Waveform
----------------------------------------------------
signal_clock        4000.000000    0.0000002000.000000

===========================================================================
report_clock_latency
============================================================================
Clock signal_clock
rise -> rise
    min     max
0.000000 0.000000 source latency
0.457384         network latency _1374_/CLK
        0.460412 network latency _1362_/CLK
---------------
0.457384 0.460412 latency
        0.003028 skew

fall -> fall
    min     max
0.000000 0.000000 source latency
0.448608         network latency _1373_/CLK
        0.451564 network latency _1362_/CLK
---------------
0.448608 0.451564 latency
        0.002956 skew



===========================================================================
report_clock_min_period
============================================================================
signal_clock period_min = 3.91 fmax = 255.58
