
===========================================================================
 report_power
============================================================================
======================= max_ff_n40C_5v50 Corner ===================================

Group                    Internal    Switching      Leakage        Total
                            Power        Power        Power        Power (Watts)
------------------------------------------------------------------------
Sequential           1.037203e-03 3.415969e-06 8.096454e-08 1.040700e-03  45.8%
Combinational        2.629657e-05 3.650685e-05 1.071450e-07 6.291056e-05   2.8%
Clock                7.175672e-04 4.493064e-04 1.090611e-07 1.166983e-03  51.4%
Macro                0.000000e+00 0.000000e+00 0.000000e+00 0.000000e+00   0.0%
Pad                  0.000000e+00 0.000000e+00 0.000000e+00 0.000000e+00   0.0%
------------------------------------------------------------------------
Total                1.781066e-03 4.892292e-04 2.971690e-07 2.270592e-03 100.0%
                            78.4%        21.5%         0.0%

