Reading technology LEF file at '/foss/pdks/gf180mcuD/libs.ref/gf180mcu_fd_sc_mcu7t5v0/techlef/gf180mcu_fd_sc_mcu7t5v0__nom.tlef'…
[INFO ODB-0388] unsupported LEF58_EOLENCLOSURE property for layer Via1 :"
  	EOLENCLOSURE 0.34 0.06 ;"
[INFO ODB-0388] unsupported LEF58_EOLENCLOSURE property for layer Via2 :" EOLENCLOSURE 0.34 0.06 ; "
[INFO ODB-0388] unsupported LEF58_EOLENCLOSURE property for layer Via3 :" EOLENCLOSURE 0.34 0.06 ; "
[INFO ODB-0388] unsupported LEF58_EOLENCLOSURE property for layer Via4 :" EOLENCLOSURE 0.34 0.06 ; "
[INFO ODB-0227] LEF file: /foss/pdks/gf180mcuD/libs.ref/gf180mcu_fd_sc_mcu7t5v0/techlef/gf180mcu_fd_sc_mcu7t5v0__nom.tlef, created 15 layers, 56 vias
Reading cell LEF file at '/foss/pdks/gf180mcuD/libs.ref/gf180mcu_fd_sc_mcu7t5v0/lef/gf180mcu_fd_sc_mcu7t5v0.lef'…
[WARNING ODB-0220] WARNING (LEFPARS-2008): NOWIREEXTENSIONATPIN statement is obsolete in version 5.6 or later.
The NOWIREEXTENSIONATPIN statement will be ignored. See file /foss/pdks/gf180mcuD/libs.ref/gf180mcu_fd_sc_mcu7t5v0/lef/gf180mcu_fd_sc_mcu7t5v0.lef at line 2.

[INFO ODB-0227] LEF file: /foss/pdks/gf180mcuD/libs.ref/gf180mcu_fd_sc_mcu7t5v0/lef/gf180mcu_fd_sc_mcu7t5v0.lef, created 229 library cells
[INFO ODB-0127] Reading DEF file: /foss/designs/acoustic-ranger-dvl-processor/layout/digital/i2c_wb_master/runs/RUN_2026-08-31_17-24-00/53-odb-cellfrequencytables/i2c_controller.def
[INFO ODB-0128] Design: i2c_controller
[INFO ODB-0130]     Created 38 pins.
[INFO ODB-0131]     Created 1232 components and 6517 component-terminals.
[INFO ODB-0132]     Created 2 special nets and 4518 connections.
[INFO ODB-0133]     Created 579 nets and 1992 connections.
[INFO ODB-0134] Finished DEF file: /foss/designs/acoustic-ranger-dvl-processor/layout/digital/i2c_wb_master/runs/RUN_2026-08-31_17-24-00/53-odb-cellfrequencytables/i2c_controller.def
Using RCX ruleset '/foss/pdks/gf180mcuD/libs.tech/librelane/rules.openrcx.gf180mcuD.nom'…
[INFO RCX-0431] Defined process_corner CURRENT_CORNER with ext_model_index 0
[INFO RCX-0029] Defined extraction corner CURRENT_CORNER
+ extract_parasitics  -ext_model_file /foss/pdks/gf180mcuD/libs.tech/librelane/rules.openrcx.gf180mcuD.nom -lef_res
[INFO RCX-0435] Reading extraction model file /foss/pdks/gf180mcuD/libs.tech/librelane/rules.openrcx.gf180mcuD.nom ...
[INFO RCX-0436] RC segment generation i2c_controller (max_merge_res 50.0) ...
[INFO RCX-0040] Final 2303 rc segments
[INFO RCX-0439] Coupling Cap extraction i2c_controller ...
[INFO RCX-0440] Coupling threshhold is 0.1000 fF, coupling capacitance less than 0.1000 fF will be grounded.
[INFO RCX-0442] 47% of 4148 wires extracted
[INFO RCX-0442] 100% of 4148 wires extracted
[INFO RCX-0045] Extract 579 nets, 2880 rsegs, 2880 caps, 6074 ccs
Setting global connections for newly added cells…
[INFO] Setting global connections...
[INFO ODB-0403] 0 connections made, 0 conflicts skipped.
Updating metrics…
Cell type report:                       Count       Area
  Endcap cell                              72     316.11
  Fill cell                               456    3189.63
  Tap cell                                133     583.92
  Standard cell                           571   16299.36
  Total                                  1232   20389.02
Writing extracted parasitics to '/foss/designs/acoustic-ranger-dvl-processor/layout/digital/i2c_wb_master/runs/RUN_2026-08-31_17-24-00/54-openroad-rcx/nom/i2c_controller.nom.spef'…
[INFO RCX-0443] 579 nets finished
