
===========================================================================
report_checks -unconstrained
===========================================================================
======================= nom_ss_125C_4v50 Corner ===================================

Startpoint: RST_I (input port clocked by system_clock)
Endpoint: _1375_ (rising edge-triggered flip-flop clocked by signal_clock)
Path Group: signal_clock
Path Type: max

Fanout         Cap        Slew       Delay        Time   Description
---------------------------------------------------------------------------------------------
                               3899.999756 3899.999756   clock system_clock (rise edge)
                                  0.000000 3899.999756   clock network delay (propagated)
                                 20.000000 3919.999512 ^ input external delay
     1    0.012576    0.000000    0.000000 3919.999512 ^ RST_I (in)
                                                         RST_I (net)
                      0.000482    0.000455 3920.000000 ^ input18/I (gf180mcu_fd_sc_mcu7t5v0__buf_2)
    47    0.313773    4.312709    2.660272 3922.660400 ^ input18/Z (gf180mcu_fd_sc_mcu7t5v0__buf_2)
                                                         net18 (net)
                      4.313057    0.021828 3922.682129 ^ _0876_/A2 (gf180mcu_fd_sc_mcu7t5v0__nor2_1)
     8    0.086598    2.747196    2.207344 3924.889404 v _0876_/ZN (gf180mcu_fd_sc_mcu7t5v0__nor2_1)
                                                         _0328_ (net)
                      2.747213    0.004093 3924.893555 v _0987_/B (gf180mcu_fd_sc_mcu7t5v0__oai31_1)
     9    0.059879    6.004280    2.152774 3927.046387 ^ _0987_/ZN (gf180mcu_fd_sc_mcu7t5v0__oai31_1)
                                                         _0413_ (net)
                      6.004280    0.000909 3927.047363 ^ _0988_/I (gf180mcu_fd_sc_mcu7t5v0__clkinv_1)
     7    0.051294    2.504060    1.890840 3928.937988 v _0988_/ZN (gf180mcu_fd_sc_mcu7t5v0__clkinv_1)
                                                         _0414_ (net)
                      2.504060    0.001364 3928.939453 v _1019_/B (gf180mcu_fd_sc_mcu7t5v0__oai21_1)
     1    0.008459    1.018833    1.047283 3929.986816 ^ _1019_/ZN (gf180mcu_fd_sc_mcu7t5v0__oai21_1)
                                                         _0434_ (net)
                      1.018833    0.000455 3929.987305 ^ _1020_/B (gf180mcu_fd_sc_mcu7t5v0__aoi21_1)
     1    0.005259    0.577279    0.459295 3930.446533 v _1020_/ZN (gf180mcu_fd_sc_mcu7t5v0__aoi21_1)
                                                         _0106_ (net)
                      0.577279    0.000000 3930.446533 v _1375_/D (gf180mcu_fd_sc_mcu7t5v0__dffq_1)
                                           3930.446533   data arrival time

                               4000.000000 4000.000000   clock signal_clock (rise edge)
                                  0.000000 4000.000000   clock source latency
     2    0.061658    0.000000    0.000000 4000.000000 ^ signal_input (in)
                                                         signal_input (net)
                      0.006029    0.002274 4000.002441 ^ clkbuf_regs_0_signal_clock/I (gf180mcu_fd_sc_mcu7t5v0__clkbuf_16)
     1    0.023826    0.164075    0.371529 4000.374023 ^ clkbuf_regs_0_signal_clock/Z (gf180mcu_fd_sc_mcu7t5v0__clkbuf_16)
                                                         signal_input_regs (net)
                      0.164075    0.000455 4000.374268 ^ clkbuf_0_signal_input_regs/I (gf180mcu_fd_sc_mcu7t5v0__clkbuf_16)
     2    0.046400    0.199099    0.432010 4000.806396 ^ clkbuf_0_signal_input_regs/Z (gf180mcu_fd_sc_mcu7t5v0__clkbuf_16)
                                                         clknet_0_signal_input_regs (net)
                      0.199099    0.000455 4000.806885 ^ clkbuf_1_1__f_signal_input_regs/I (gf180mcu_fd_sc_mcu7t5v0__clkbuf_16)
     9    0.044436    0.196236    0.437012 4001.243896 ^ clkbuf_1_1__f_signal_input_regs/Z (gf180mcu_fd_sc_mcu7t5v0__clkbuf_16)
                                                         clknet_1_1__leaf_signal_input_regs (net)
                      0.196236    0.000000 4001.243896 ^ _1375_/CLK (gf180mcu_fd_sc_mcu7t5v0__dffq_1)
                                  0.000000 4001.243896   clock reconvergence pessimism
                                 -0.580194 4000.663574   library setup time
                                           4000.663574   data required time
---------------------------------------------------------------------------------------------
                                           4000.663574   data required time
                                           -3930.446533   data arrival time
---------------------------------------------------------------------------------------------
                                             70.217171   slack (MET)


Startpoint: ADDR_I[6] (input port clocked by system_clock)
Endpoint: _1419_ (rising edge-triggered flip-flop clocked by system_clock)
Path Group: system_clock
Path Type: max

Fanout         Cap        Slew       Delay        Time   Description
---------------------------------------------------------------------------------------------
                                  0.000000    0.000000   clock system_clock (rise edge)
                                  0.000000    0.000000   clock network delay (propagated)
                                 20.000000   20.000000 v input external delay
     1    0.003852    0.000000    0.000000   20.000000 v ADDR_I[6] (in)
                                                         ADDR_I[6] (net)
                      0.000073    0.000030   20.000031 v input7/I (gf180mcu_fd_sc_mcu7t5v0__dlyb_1)
     2    0.009385    0.460990    1.894328   21.894360 v input7/Z (gf180mcu_fd_sc_mcu7t5v0__dlyb_1)
                                                         net7 (net)
                      0.460990    0.000156   21.894516 v _0682_/A4 (gf180mcu_fd_sc_mcu7t5v0__or4_1)
     2    0.006628    0.557012    1.709367   23.603882 v _0682_/Z (gf180mcu_fd_sc_mcu7t5v0__or4_1)
                                                         _0203_ (net)
                      0.557012    0.000052   23.603933 v _1176_/A3 (gf180mcu_fd_sc_mcu7t5v0__or3_1)
     5    0.051124    1.143668    1.957494   25.561428 v _1176_/Z (gf180mcu_fd_sc_mcu7t5v0__or3_1)
                                                         _0553_ (net)
                      1.143683    0.002336   25.563763 v _1180_/A3 (gf180mcu_fd_sc_mcu7t5v0__nor3_1)
     8    0.098124    7.986262    4.863223   30.426987 ^ _1180_/ZN (gf180mcu_fd_sc_mcu7t5v0__nor3_1)
                                                         _0557_ (net)
                      7.986262    0.004732   30.431719 ^ _1232_/B1 (gf180mcu_fd_sc_mcu7t5v0__aoi222_1)
     1    0.021458    2.654094    0.984791   31.416510 v _1232_/ZN (gf180mcu_fd_sc_mcu7t5v0__aoi222_1)
                                                         _0603_ (net)
                      2.654094    0.000899   31.417408 v _1233_/A2 (gf180mcu_fd_sc_mcu7t5v0__aoi21_1)
     1    0.006588    0.992266    1.176069   32.593479 ^ _1233_/ZN (gf180mcu_fd_sc_mcu7t5v0__aoi21_1)
                                                         _0604_ (net)
                      0.992266    0.000142   32.593620 ^ _1235_/C (gf180mcu_fd_sc_mcu7t5v0__aoi221_1)
     1    0.014211    1.608616    0.699906   33.293526 v _1235_/ZN (gf180mcu_fd_sc_mcu7t5v0__aoi221_1)
                                                         _0606_ (net)
                      1.608616    0.000451   33.293976 v _1236_/A2 (gf180mcu_fd_sc_mcu7t5v0__nand2_1)
     1    0.012861    0.765681    0.800643   34.094620 ^ _1236_/ZN (gf180mcu_fd_sc_mcu7t5v0__nand2_1)
                                                         _0607_ (net)
                      0.765681    0.000469   34.095089 ^ _1237_/B2 (gf180mcu_fd_sc_mcu7t5v0__aoi22_1)
     1    0.010102    0.828840    0.460663   34.555752 v _1237_/ZN (gf180mcu_fd_sc_mcu7t5v0__aoi22_1)
                                                         _0608_ (net)
                      0.828840    0.000256   34.556007 v _1238_/A2 (gf180mcu_fd_sc_mcu7t5v0__nor2_1)
     1    0.009215    0.999160    0.608683   35.164688 ^ _1238_/ZN (gf180mcu_fd_sc_mcu7t5v0__nor2_1)
                                                         _0150_ (net)
                      0.999160    0.000242   35.164932 ^ _1419_/D (gf180mcu_fd_sc_mcu7t5v0__dffq_1)
                                             35.164932   data arrival time

                                100.000000  100.000000   clock system_clock (rise edge)
                                  0.000000  100.000000   clock source latency
     1    0.043517    0.000000    0.000000  100.000000 ^ CLK_I (in)
                                                         CLK_I (net)
                      0.005945    0.002430  100.002426 ^ clkbuf_0_CLK_I/I (gf180mcu_fd_sc_mcu7t5v0__clkbuf_16)
    16    0.229066    0.480784    0.595939  100.598366 ^ clkbuf_0_CLK_I/Z (gf180mcu_fd_sc_mcu7t5v0__clkbuf_16)
                                                         clknet_0_CLK_I (net)
                      0.480795    0.003467  100.601837 ^ clkbuf_4_14_0_CLK_I/I (gf180mcu_fd_sc_mcu7t5v0__clkbuf_8)
    10    0.062986    0.317023    0.582190  101.184021 ^ clkbuf_4_14_0_CLK_I/Z (gf180mcu_fd_sc_mcu7t5v0__clkbuf_8)
                                                         clknet_4_14_0_CLK_I (net)
                      0.317023    0.001265  101.185287 ^ _1419_/CLK (gf180mcu_fd_sc_mcu7t5v0__dffq_1)
                                 -0.500000  100.685287   clock uncertainty
                                  0.000000  100.685287   clock reconvergence pessimism
                                 -0.505037  100.180244   library setup time
                                            100.180244   data required time
---------------------------------------------------------------------------------------------
                                            100.180244   data required time
                                            -35.164932   data arrival time
---------------------------------------------------------------------------------------------
                                             65.015312   slack (MET)




===========================================================================
report_checks --slack_max -0.01
============================================================================
======================= nom_ss_125C_4v50 Corner ===================================

No paths found.


===========================================================================
 report_check_types -max_slew -max_cap -max_fanout -violators
============================================================================
======================= nom_ss_125C_4v50 Corner ===================================

max slew

Pin                                        Limit        Slew       Slack
------------------------------------------------------------------------
_1049__45/I                             7.000000   10.035806   -3.035805 (VIOLATED)
_1055_/A2                               7.000000   10.035808   -3.035807 (VIOLATED)
_1059_/A2                               7.000000   10.035806   -3.035805 (VIOLATED)
_1063_/A2                               7.000000   10.035807   -3.035806 (VIOLATED)
_1067_/A2                               7.000000   10.035800   -3.035800 (VIOLATED)
_1071_/A2                               7.000000   10.035802   -3.035802 (VIOLATED)
_1074_/A2                               7.000000   10.035799   -3.035799 (VIOLATED)
_1078_/A2                               7.000000   10.035795   -3.035796 (VIOLATED)
_1082_/A2                               7.000000   10.035791   -3.035791 (VIOLATED)
_1085_/A2                               7.000000   10.035789   -3.035789 (VIOLATED)
_1090_/A2                               7.000000   10.035784   -3.035784 (VIOLATED)
_1094_/A2                               7.000000   10.035774   -3.035774 (VIOLATED)
_1098_/A2                               7.000000   10.035769   -3.035770 (VIOLATED)
_1048_/ZN                               7.000000   10.035739   -3.035739 (VIOLATED)
_1102_/A2                               7.000000   10.035739   -3.035739 (VIOLATED)
_1106_/A2                               7.000000   10.035739   -3.035739 (VIOLATED)
_1109_/A2                               7.000000   10.035739   -3.035739 (VIOLATED)
_1114_/A2                               7.000000   10.035739   -3.035739 (VIOLATED)
_1118_/A2                               7.000000   10.035739   -3.035739 (VIOLATED)
_1122_/A2                               7.000000   10.035739   -3.035739 (VIOLATED)
_1125_/A2                               7.000000   10.035739   -3.035739 (VIOLATED)
_1127_/A3                               7.000000   10.035739   -3.035739 (VIOLATED)
_1128_/A3                               7.000000   10.035739   -3.035739 (VIOLATED)
_1129_/A3                               7.000000   10.035739   -3.035739 (VIOLATED)
_1130_/A3                               7.000000   10.035739   -3.035739 (VIOLATED)
_1180_/ZN                               7.000000    7.986262   -0.986263 (VIOLATED)
_1183_/A2                               7.000000    7.986262   -0.986263 (VIOLATED)
_1192_/A2                               7.000000    7.986262   -0.986263 (VIOLATED)
_1199_/B1                               7.000000    7.986262   -0.986263 (VIOLATED)
_1208_/A2                               7.000000    7.986262   -0.986263 (VIOLATED)
_1215_/B1                               7.000000    7.986262   -0.986263 (VIOLATED)
_1223_/B1                               7.000000    7.986262   -0.986263 (VIOLATED)
_1232_/B1                               7.000000    7.986262   -0.986263 (VIOLATED)
_1244_/A2                               7.000000    7.986262   -0.986263 (VIOLATED)

max capacitance

Pin                                        Limit         Cap       Slack
------------------------------------------------------------------------
_1048_/ZN                               0.120800    0.184863   -0.064063 (VIOLATED)
_1180_/ZN                               0.079850    0.098124   -0.018274 (VIOLATED)



===========================================================================
report_parasitic_annotation -report_unannotated
============================================================================
Found 16 unannotated drivers.
 ext_rst_i
 clkload0/Z
 clkload1/Z
 clkload10/ZN
 clkload11/ZN
 clkload12/Z
 clkload13/ZN
 clkload14/ZN
 clkload2/ZN
 clkload3/Z
 clkload4/ZN
 clkload5/ZN
 clkload6/ZN
 clkload7/ZN
 clkload8/ZN
 clkload9/ZN
Found 0 partially unannotated drivers.

===========================================================================
max slew violation count 34
max fanout violation count 0
max cap violation count 2
============================================================================

===========================================================================
check_setup -verbose -unconstrained_endpoints -multiple_clock -no_clock -no_input_delay -loops -generated_clocks
===========================================================================
