
===========================================================================
report_checks -unconstrained
===========================================================================
======================= max_tt_025C_5v00 Corner ===================================

Startpoint: RST_I (input port clocked by system_clock)
Endpoint: _879_ (rising edge-triggered flip-flop clocked by system_clock)
Path Group: system_clock
Path Type: max

Fanout         Cap        Slew       Delay        Time   Description
---------------------------------------------------------------------------------------------
                                  0.000000    0.000000   clock system_clock (rise edge)
                                  0.000000    0.000000   clock network delay (propagated)
                                 20.000000   20.000000 ^ input external delay
     1    0.010220    0.000000    0.000000   20.000000 ^ RST_I (in)
                                                         RST_I (net)
                      0.000400    0.000163   20.000164 ^ input10/I (gf180mcu_fd_sc_mcu7t5v0__dlyb_1)
    31    0.269391    4.348349    3.306735   23.306898 ^ input10/Z (gf180mcu_fd_sc_mcu7t5v0__dlyb_1)
                                                         net10 (net)
                      4.348585    0.018234   23.325132 ^ _430_/I (gf180mcu_fd_sc_mcu7t5v0__clkinv_1)
    16    0.132890    2.703428    2.187937   25.513069 v _430_/ZN (gf180mcu_fd_sc_mcu7t5v0__clkinv_1)
                                                         _103_ (net)
                      2.703592    0.011697   25.524767 v _491_/A1 (gf180mcu_fd_sc_mcu7t5v0__nand2_1)
     2    0.010945    0.701584    0.697947   26.222713 ^ _491_/ZN (gf180mcu_fd_sc_mcu7t5v0__nand2_1)
                                                         _155_ (net)
                      0.701584    0.000112   26.222826 ^ _502_/C (gf180mcu_fd_sc_mcu7t5v0__aoi211_1)
     5    0.039224    0.988651    0.676304   26.899130 v _502_/ZN (gf180mcu_fd_sc_mcu7t5v0__aoi211_1)
                                                         _166_ (net)
                      0.988651    0.000600   26.899729 v _505_/B (gf180mcu_fd_sc_mcu7t5v0__oai211_1)
     8    0.101624    3.135188    1.610699   28.510429 ^ _505_/ZN (gf180mcu_fd_sc_mcu7t5v0__oai211_1)
                                                         _169_ (net)
                      3.135188    0.002990   28.513418 ^ _534_/B1 (gf180mcu_fd_sc_mcu7t5v0__aoi22_1)
     1    0.004462    0.892814    0.266306   28.779724 v _534_/ZN (gf180mcu_fd_sc_mcu7t5v0__aoi22_1)
                                                         _013_ (net)
                      0.892814    0.000091   28.779816 v _879_/D (gf180mcu_fd_sc_mcu7t5v0__dffq_1)
                                             28.779816   data arrival time

                                100.000000  100.000000   clock system_clock (rise edge)
                                  0.000000  100.000000   clock source latency
     1    0.041647    0.000000    0.000000  100.000000 ^ CLK_I (in)
                                                         CLK_I (net)
                      0.005018    0.002053  100.002052 ^ clkbuf_0_CLK_I/I (gf180mcu_fd_sc_mcu7t5v0__clkbuf_16)
     8    0.204176    0.252958    0.321940  100.323990 ^ clkbuf_0_CLK_I/Z (gf180mcu_fd_sc_mcu7t5v0__clkbuf_16)
                                                         clknet_0_CLK_I (net)
                      0.252978    0.003368  100.327354 ^ clkbuf_3_6__f_CLK_I/I (gf180mcu_fd_sc_mcu7t5v0__clkbuf_16)
    13    0.090349    0.150572    0.303395  100.630753 ^ clkbuf_3_6__f_CLK_I/Z (gf180mcu_fd_sc_mcu7t5v0__clkbuf_16)
                                                         clknet_3_6__leaf_CLK_I (net)
                      0.150578    0.001684  100.632439 ^ _879_/CLK (gf180mcu_fd_sc_mcu7t5v0__dffq_1)
                                 -0.500000  100.132439   clock uncertainty
                                  0.000000  100.132439   clock reconvergence pessimism
                                 -0.492069   99.640366   library setup time
                                             99.640366   data required time
---------------------------------------------------------------------------------------------
                                             99.640366   data required time
                                            -28.779816   data arrival time
---------------------------------------------------------------------------------------------
                                             70.860542   slack (MET)




===========================================================================
report_checks --slack_max -0.01
============================================================================
======================= max_tt_025C_5v00 Corner ===================================

No paths found.


===========================================================================
 report_check_types -max_slew -max_cap -max_fanout -violators
============================================================================
======================= max_tt_025C_5v00 Corner ===================================

max slew

Pin                                        Limit        Slew       Slack
------------------------------------------------------------------------
_806_/A1                                4.000000    4.348600   -0.348600 (VIOLATED)
_812_/A1                                4.000000    4.348599   -0.348599 (VIOLATED)
_802_/A1                                4.000000    4.348598   -0.348598 (VIOLATED)
_773_/A2                                4.000000    4.348587   -0.348587 (VIOLATED)
_430_/I                                 4.000000    4.348585   -0.348585 (VIOLATED)
_641_/B                                 4.000000    4.348563   -0.348563 (VIOLATED)
_808_/A1                                4.000000    4.348555   -0.348555 (VIOLATED)
_804_/A1                                4.000000    4.348553   -0.348553 (VIOLATED)
_796_/A1                                4.000000    4.348542   -0.348542 (VIOLATED)
_800_/A1                                4.000000    4.348541   -0.348541 (VIOLATED)
_798_/A1                                4.000000    4.348533   -0.348533 (VIOLATED)
_596_/A2                                4.000000    4.348519   -0.348519 (VIOLATED)
_600_/A2                                4.000000    4.348510   -0.348510 (VIOLATED)
_601_/B2                                4.000000    4.348508   -0.348508 (VIOLATED)
_794_/A1                                4.000000    4.348505   -0.348506 (VIOLATED)
_605_/B                                 4.000000    4.348472   -0.348471 (VIOLATED)
_603_/C                                 4.000000    4.348469   -0.348469 (VIOLATED)
_787_/A1                                4.000000    4.348434   -0.348434 (VIOLATED)
_789_/A1                                4.000000    4.348432   -0.348432 (VIOLATED)
_781_/A1                                4.000000    4.348377   -0.348377 (VIOLATED)
_772_/A2                                4.000000    4.348364   -0.348364 (VIOLATED)
_679_/A1                                4.000000    4.348362   -0.348363 (VIOLATED)
_710_/A1                                4.000000    4.348362   -0.348362 (VIOLATED)
_599_/A3                                4.000000    4.348349   -0.348349 (VIOLATED)
_712_/C                                 4.000000    4.348349   -0.348349 (VIOLATED)
_777_/A1                                4.000000    4.348349   -0.348349 (VIOLATED)
_779_/A1                                4.000000    4.348349   -0.348349 (VIOLATED)
_783_/A1                                4.000000    4.348349   -0.348349 (VIOLATED)
_785_/A1                                4.000000    4.348349   -0.348349 (VIOLATED)
_791_/A1                                4.000000    4.348349   -0.348349 (VIOLATED)
_810_/B                                 4.000000    4.348349   -0.348349 (VIOLATED)
input10/Z                               4.000000    4.348349   -0.348349 (VIOLATED)
_807_/A2                                4.000000    4.185278   -0.185278 (VIOLATED)
_805_/A2                                4.000000    4.185277   -0.185277 (VIOLATED)
_811_/A2                                4.000000    4.185276   -0.185275 (VIOLATED)
_803_/A2                                4.000000    4.185273   -0.185273 (VIOLATED)
_801_/A2                                4.000000    4.185271   -0.185271 (VIOLATED)
_799_/A2                                4.000000    4.185269   -0.185270 (VIOLATED)
_795_/A2                                4.000000    4.185265   -0.185265 (VIOLATED)
_797_/A2                                4.000000    4.185262   -0.185262 (VIOLATED)
_775_/ZN                                4.000000    4.185246   -0.185246 (VIOLATED)
_776_/B1                                4.000000    4.185246   -0.185246 (VIOLATED)
_778_/B1                                4.000000    4.185246   -0.185246 (VIOLATED)
_780_/B1                                4.000000    4.185246   -0.185246 (VIOLATED)
_782_/B1                                4.000000    4.185246   -0.185246 (VIOLATED)
_784_/B1                                4.000000    4.185246   -0.185246 (VIOLATED)
_786_/B1                                4.000000    4.185246   -0.185246 (VIOLATED)
_788_/B1                                4.000000    4.185246   -0.185246 (VIOLATED)
_790_/B1                                4.000000    4.185246   -0.185246 (VIOLATED)
_793_/A2                                4.000000    4.185246   -0.185246 (VIOLATED)

max capacitance

Pin                                        Limit         Cap       Slack
------------------------------------------------------------------------
input10/Z                               0.239200    0.269391   -0.030191 (VIOLATED)
_775_/ZN                                0.124200    0.136907   -0.012707 (VIOLATED)



===========================================================================
report_parasitic_annotation -report_unannotated
============================================================================
Found 9 unannotated drivers.
 ERR_I
 RTY_I
 clkload0/ZN
 clkload1/ZN
 clkload2/ZN
 clkload3/ZN
 clkload4/ZN
 clkload5/ZN
 clkload6/ZN
Found 0 partially unannotated drivers.

===========================================================================
max slew violation count 50
max fanout violation count 0
max cap violation count 2
============================================================================

===========================================================================
check_setup -verbose -unconstrained_endpoints -multiple_clock -no_clock -no_input_delay -loops -generated_clocks
===========================================================================
