Clock: system_clock
Sources: CLK_I 
Generated: no
Virtual: yes
Propagated: no
Period: 100.000000

===========================================================================
report_clock_properties
============================================================================
Clock                   Period          Waveform
----------------------------------------------------
system_clock        100.000000    0.000000 50.000000

===========================================================================
report_clock_latency
============================================================================
Clock system_clock
rise -> rise
    min     max
0.000000 0.000000 source latency
0.613395         network latency _894_/CLK
        0.632936 network latency _825_/CLK
---------------
0.613395 0.632936 latency
        0.019541 skew

fall -> fall
    min     max
0.000000 0.000000 source latency
0.618982         network latency _894_/CLK
        0.640078 network latency _825_/CLK
---------------
0.618982 0.640078 latency
        0.021096 skew



===========================================================================
report_clock_min_period
============================================================================
system_clock period_min = 10.83 fmax = 92.31
