Clock: system_clock
Sources: CLK_I 
Generated: no
Virtual: yes
Propagated: no
Period: 100.000000

===========================================================================
report_clock_properties
============================================================================
Clock                   Period          Waveform
----------------------------------------------------
system_clock        100.000000    0.000000 50.000000

===========================================================================
report_clock_latency
============================================================================
Clock system_clock
rise -> rise
    min     max
0.000000 0.000000 source latency
1.095317         network latency _827_/CLK
        1.110709 network latency _894_/CLK
---------------
1.095317 1.110709 latency
        0.015392 skew

fall -> fall
    min     max
0.000000 0.000000 source latency
1.105981         network latency _827_/CLK
        1.122565 network latency _894_/CLK
---------------
1.105981 1.122565 latency
        0.016584 skew



===========================================================================
report_clock_min_period
============================================================================
system_clock period_min = 14.63 fmax = 68.35
