Clock: system_clock
Sources: 
Generated: no
Virtual: yes
Propagated: no
Period: 100.000000

===========================================================================
report_clock_properties
============================================================================
Clock                   Period          Waveform
----------------------------------------------------
system_clock        100.000000    0.000000 50.000000

===========================================================================
report_clock_latency
============================================================================
Clock system_clock
rise -> rise
    min     max
0.000000 0.000000 source latency
20.959085         network latency _4016_/CLK
        21.004330 network latency _3841_/CLK
---------------
20.959085 21.004330 latency
        0.045244 skew

rise -> fall
    min     max
0.000000 0.000000 source latency
20.989275         network latency _4016_/CLK
        21.040529 network latency _3841_/CLK
---------------
20.989275 21.040529 latency
        0.051255 skew



===========================================================================
report_clock_min_period
============================================================================
system_clock period_min = 0.00 fmax = inf
Clock: signal_clock
Sources: signal_input 
Generated: no
Virtual: yes
Propagated: no
Period: 4000.000000

===========================================================================
report_clock_properties
============================================================================
Clock                   Period          Waveform
----------------------------------------------------
signal_clock        4000.000000    0.0000002000.000000

===========================================================================
report_clock_latency
============================================================================
Clock signal_clock
rise -> rise
    min     max
0.000000 0.000000 source latency
0.696373         network latency _4066_/CLK
        0.699032 network latency _4079_/CLK
---------------
0.696373 0.699032 latency
        0.002659 skew

fall -> fall
    min     max
0.000000 0.000000 source latency
0.681212         network latency _4066_/CLK
        0.684167 network latency _4077_/CLK
---------------
0.681212 0.684167 latency
        0.002956 skew



===========================================================================
report_clock_min_period
============================================================================
signal_clock period_min = 6.78 fmax = 147.59
