[WARNING ORD-0039] .openroad ignored with -python
Unannotated report:
['report_parasitic_annotation -report_unannotated\n',
 '============================================================================\n',
 'Found 43 unannotated drivers.\n',
 ' BPF_OUT\n',
 ' IN_BPF\n',
 ' IN_SCHMITT\n',
 ' JUNCTION\n',
 ' OTA_IN_M\n',
 ' RX_IN_N\n',
 ' RX_IN_P\n',
 ' clkload0/Z\n',
 ' clkload1/ZN\n',
 ' clkload10/ZN\n',
 ' clkload11/ZN\n',
 ' clkload12/ZN\n',
 ' clkload13/ZN\n',
 ' clkload14/Z\n',
 ' clkload15/ZN\n',
 ' clkload16/ZN\n',
 ' clkload17/ZN\n',
 ' clkload18/ZN\n',
 ' clkload19/ZN\n',
 ' clkload2/ZN\n',
 ' clkload20/ZN\n',
 ' clkload21/ZN\n',
 ' clkload22/Z\n',
 ' clkload23/ZN\n',
 ' clkload24/Z\n',
 ' clkload25/Z\n',
 ' clkload26/Z\n',
 ' clkload27/ZN\n',
 ' clkload28/Z\n',
 ' clkload29/Z\n',
 ' clkload3/Z\n',
 ' clkload30/Z\n',
 ' clkload31/Z\n',
 ' clkload32/Z\n',
 ' clkload33/Z\n',
 ' clkload34/Z\n',
 ' clkload35/ZN\n',
 ' clkload4/ZN\n',
 ' clkload5/ZN\n',
 ' clkload6/ZN\n',
 ' clkload7/Z\n',
 ' clkload8/Z\n',
 ' clkload9/Z\n',
 'Found 0 partially unannotated drivers.\n',
 '\n']
Reported nets:
['BPF_OUT',
 'IN_BPF',
 'IN_SCHMITT',
 'JUNCTION',
 'OTA_IN_M',
 'RX_IN_N',
 'RX_IN_P',
 'clkload0/Z',
 'clkload1/ZN',
 'clkload10/ZN',
 'clkload11/ZN',
 'clkload12/ZN',
 'clkload13/ZN',
 'clkload14/Z',
 'clkload15/ZN',
 'clkload16/ZN',
 'clkload17/ZN',
 'clkload18/ZN',
 'clkload19/ZN',
 'clkload2/ZN',
 'clkload20/ZN',
 'clkload21/ZN',
 'clkload22/Z',
 'clkload23/ZN',
 'clkload24/Z',
 'clkload25/Z',
 'clkload26/Z',
 'clkload27/ZN',
 'clkload28/Z',
 'clkload29/Z',
 'clkload3/Z',
 'clkload30/Z',
 'clkload31/Z',
 'clkload32/Z',
 'clkload33/Z',
 'clkload34/Z',
 'clkload35/ZN',
 'clkload4/ZN',
 'clkload5/ZN',
 'clkload6/ZN',
 'clkload7/Z',
 'clkload8/Z',
 'clkload9/Z']
Filtered nets:
[]
done
