Netgen 1.5.318 compiled on Thu Apr 16 09:02:45 PM CEST 2026
Warning: netgen command 'format' use fully-qualified name '::netgen::format'
Warning: netgen command 'global' use fully-qualified name '::netgen::global'
Warning:  A case-insensitive file has been read and so the	verilog file must be treated case-insensitive to match.
Reading SPICE netlist file '/foss/pdks/gf180mcuD/libs.ref/gf180mcu_fd_sc_mcu7t5v0/spice/gf180mcu_fd_sc_mcu7t5v0.spice'...
Call to undefined subcircuit nfet_05v0
Creating placeholder cell definition.
Call to undefined subcircuit pfet_05v0
Creating placeholder cell definition.
Reading Verilog netlist file '/foss/designs/acoustic-ranger-dvl-processor/layout/digital/TDC/runs/RUN_2026-09-01_09-22-52/52-openroad-fillinsertion/frequency_counter.pnl.v'...
Warning:  A case-insensitive file has been read and so the	verilog file must be treated case-insensitive to match.
Note:  Implicit pin VNW in instance PHY_EDGE_ROW_0_Left_37 of gf180mcu_fd_sc_mcu7t5v0__endcap in cell frequency_counter
Note:  Implicit pin VPW in instance PHY_EDGE_ROW_0_Left_37 of gf180mcu_fd_sc_mcu7t5v0__endcap in cell frequency_counter
Note:  Implicit pin VNW in instance PHY_EDGE_ROW_0_Right_0 of gf180mcu_fd_sc_mcu7t5v0__endcap in cell frequency_counter
Note:  Implicit pin VPW in instance PHY_EDGE_ROW_0_Right_0 of gf180mcu_fd_sc_mcu7t5v0__endcap in cell frequency_counter
Note:  Implicit pin VNW in instance PHY_EDGE_ROW_10_Left_47 of gf180mcu_fd_sc_mcu7t5v0__endcap in cell frequency_counter
Note:  Implicit pin VPW in instance PHY_EDGE_ROW_10_Left_47 of gf180mcu_fd_sc_mcu7t5v0__endcap in cell frequency_counter
Note:  Implicit pin VNW in instance PHY_EDGE_ROW_10_Right_10 of gf180mcu_fd_sc_mcu7t5v0__endcap in cell frequency_counter
Note:  Implicit pin VPW in instance PHY_EDGE_ROW_10_Right_10 of gf180mcu_fd_sc_mcu7t5v0__endcap in cell frequency_counter
Note:  Implicit pin VNW in instance PHY_EDGE_ROW_11_Left_48 of gf180mcu_fd_sc_mcu7t5v0__endcap in cell frequency_counter
Note:  Implicit pin VPW in instance PHY_EDGE_ROW_11_Left_48 of gf180mcu_fd_sc_mcu7t5v0__endcap in cell frequency_counter
Note:  Implicit pin VNW in instance PHY_EDGE_ROW_11_Right_11 of gf180mcu_fd_sc_mcu7t5v0__endcap in cell frequency_counter
Note:  Implicit pin VPW in instance PHY_EDGE_ROW_11_Right_11 of gf180mcu_fd_sc_mcu7t5v0__endcap in cell frequency_counter
Note:  Implicit pin VNW in instance PHY_EDGE_ROW_12_Left_49 of gf180mcu_fd_sc_mcu7t5v0__endcap in cell frequency_counter
Note:  Implicit pin VPW in instance PHY_EDGE_ROW_12_Left_49 of gf180mcu_fd_sc_mcu7t5v0__endcap in cell frequency_counter
Note:  Implicit pin VNW in instance PHY_EDGE_ROW_12_Right_12 of gf180mcu_fd_sc_mcu7t5v0__endcap in cell frequency_counter
Note:  Implicit pin VPW in instance PHY_EDGE_ROW_12_Right_12 of gf180mcu_fd_sc_mcu7t5v0__endcap in cell frequency_counter
Note:  Implicit pin VNW in instance PHY_EDGE_ROW_13_Left_50 of gf180mcu_fd_sc_mcu7t5v0__endcap in cell frequency_counter
Note:  Implicit pin VPW in instance PHY_EDGE_ROW_13_Left_50 of gf180mcu_fd_sc_mcu7t5v0__endcap in cell frequency_counter
Note:  Implicit pin VNW in instance PHY_EDGE_ROW_13_Right_13 of gf180mcu_fd_sc_mcu7t5v0__endcap in cell frequency_counter
Note:  Implicit pin VPW in instance PHY_EDGE_ROW_13_Right_13 of gf180mcu_fd_sc_mcu7t5v0__endcap in cell frequency_counter
Note:  Implicit pin VNW in instance PHY_EDGE_ROW_14_Left_51 of gf180mcu_fd_sc_mcu7t5v0__endcap in cell frequency_counter
Note:  Implicit pin VPW in instance PHY_EDGE_ROW_14_Left_51 of gf180mcu_fd_sc_mcu7t5v0__endcap in cell frequency_counter
Note:  Implicit pin VNW in instance PHY_EDGE_ROW_14_Right_14 of gf180mcu_fd_sc_mcu7t5v0__endcap in cell frequency_counter
Note:  Implicit pin VPW in instance PHY_EDGE_ROW_14_Right_14 of gf180mcu_fd_sc_mcu7t5v0__endcap in cell frequency_counter
Note:  Implicit pin VNW in instance PHY_EDGE_ROW_15_Left_52 of gf180mcu_fd_sc_mcu7t5v0__endcap in cell frequency_counter
Note:  Implicit pin VPW in instance PHY_EDGE_ROW_15_Left_52 of gf180mcu_fd_sc_mcu7t5v0__endcap in cell frequency_counter
Note:  Implicit pin VNW in instance PHY_EDGE_ROW_15_Right_15 of gf180mcu_fd_sc_mcu7t5v0__endcap in cell frequency_counter
Note:  Implicit pin VPW in instance PHY_EDGE_ROW_15_Right_15 of gf180mcu_fd_sc_mcu7t5v0__endcap in cell frequency_counter
Note:  Implicit pin VNW in instance PHY_EDGE_ROW_16_Left_53 of gf180mcu_fd_sc_mcu7t5v0__endcap in cell frequency_counter
Note:  Implicit pin VPW in instance PHY_EDGE_ROW_16_Left_53 of gf180mcu_fd_sc_mcu7t5v0__endcap in cell frequency_counter
Note:  Implicit pin VNW in instance PHY_EDGE_ROW_16_Right_16 of gf180mcu_fd_sc_mcu7t5v0__endcap in cell frequency_counter
Note:  Implicit pin VPW in instance PHY_EDGE_ROW_16_Right_16 of gf180mcu_fd_sc_mcu7t5v0__endcap in cell frequency_counter
Note:  Implicit pin VNW in instance PHY_EDGE_ROW_17_Left_54 of gf180mcu_fd_sc_mcu7t5v0__endcap in cell frequency_counter
Note:  Implicit pin VPW in instance PHY_EDGE_ROW_17_Left_54 of gf180mcu_fd_sc_mcu7t5v0__endcap in cell frequency_counter
Note:  Implicit pin VNW in instance PHY_EDGE_ROW_17_Right_17 of gf180mcu_fd_sc_mcu7t5v0__endcap in cell frequency_counter
Note:  Implicit pin VPW in instance PHY_EDGE_ROW_17_Right_17 of gf180mcu_fd_sc_mcu7t5v0__endcap in cell frequency_counter
Note:  Implicit pin VNW in instance PHY_EDGE_ROW_18_Left_55 of gf180mcu_fd_sc_mcu7t5v0__endcap in cell frequency_counter
Note:  Implicit pin VPW in instance PHY_EDGE_ROW_18_Left_55 of gf180mcu_fd_sc_mcu7t5v0__endcap in cell frequency_counter
Note:  Implicit pin VNW in instance PHY_EDGE_ROW_18_Right_18 of gf180mcu_fd_sc_mcu7t5v0__endcap in cell frequency_counter
Note:  Implicit pin VPW in instance PHY_EDGE_ROW_18_Right_18 of gf180mcu_fd_sc_mcu7t5v0__endcap in cell frequency_counter
Note:  Implicit pin VNW in instance PHY_EDGE_ROW_19_Left_56 of gf180mcu_fd_sc_mcu7t5v0__endcap in cell frequency_counter
Note:  Implicit pin VPW in instance PHY_EDGE_ROW_19_Left_56 of gf180mcu_fd_sc_mcu7t5v0__endcap in cell frequency_counter
Note:  Implicit pin VNW in instance PHY_EDGE_ROW_19_Right_19 of gf180mcu_fd_sc_mcu7t5v0__endcap in cell frequency_counter
Note:  Implicit pin VPW in instance PHY_EDGE_ROW_19_Right_19 of gf180mcu_fd_sc_mcu7t5v0__endcap in cell frequency_counter
Note:  Implicit pin VNW in instance PHY_EDGE_ROW_1_Left_38 of gf180mcu_fd_sc_mcu7t5v0__endcap in cell frequency_counter
Note:  Implicit pin VPW in instance PHY_EDGE_ROW_1_Left_38 of gf180mcu_fd_sc_mcu7t5v0__endcap in cell frequency_counter
Note:  Implicit pin VNW in instance PHY_EDGE_ROW_1_Right_1 of gf180mcu_fd_sc_mcu7t5v0__endcap in cell frequency_counter
Note:  Implicit pin VPW in instance PHY_EDGE_ROW_1_Right_1 of gf180mcu_fd_sc_mcu7t5v0__endcap in cell frequency_counter
Note:  Implicit pin VNW in instance PHY_EDGE_ROW_20_Left_57 of gf180mcu_fd_sc_mcu7t5v0__endcap in cell frequency_counter
Note:  Implicit pin VPW in instance PHY_EDGE_ROW_20_Left_57 of gf180mcu_fd_sc_mcu7t5v0__endcap in cell frequency_counter
Note:  Implicit pin VNW in instance PHY_EDGE_ROW_20_Right_20 of gf180mcu_fd_sc_mcu7t5v0__endcap in cell frequency_counter
Note:  Implicit pin VPW in instance PHY_EDGE_ROW_20_Right_20 of gf180mcu_fd_sc_mcu7t5v0__endcap in cell frequency_counter
Note:  Implicit pin VNW in instance PHY_EDGE_ROW_21_Left_58 of gf180mcu_fd_sc_mcu7t5v0__endcap in cell frequency_counter
Note:  Implicit pin VPW in instance PHY_EDGE_ROW_21_Left_58 of gf180mcu_fd_sc_mcu7t5v0__endcap in cell frequency_counter
Note:  Implicit pin VNW in instance PHY_EDGE_ROW_21_Right_21 of gf180mcu_fd_sc_mcu7t5v0__endcap in cell frequency_counter
Note:  Implicit pin VPW in instance PHY_EDGE_ROW_21_Right_21 of gf180mcu_fd_sc_mcu7t5v0__endcap in cell frequency_counter
Note:  Implicit pin VNW in instance PHY_EDGE_ROW_22_Left_59 of gf180mcu_fd_sc_mcu7t5v0__endcap in cell frequency_counter
Note:  Implicit pin VPW in instance PHY_EDGE_ROW_22_Left_59 of gf180mcu_fd_sc_mcu7t5v0__endcap in cell frequency_counter
Note:  Implicit pin VNW in instance PHY_EDGE_ROW_22_Right_22 of gf180mcu_fd_sc_mcu7t5v0__endcap in cell frequency_counter
Note:  Implicit pin VPW in instance PHY_EDGE_ROW_22_Right_22 of gf180mcu_fd_sc_mcu7t5v0__endcap in cell frequency_counter
Note:  Implicit pin VNW in instance PHY_EDGE_ROW_23_Left_60 of gf180mcu_fd_sc_mcu7t5v0__endcap in cell frequency_counter
Note:  Implicit pin VPW in instance PHY_EDGE_ROW_23_Left_60 of gf180mcu_fd_sc_mcu7t5v0__endcap in cell frequency_counter
Note:  Implicit pin VNW in instance PHY_EDGE_ROW_23_Right_23 of gf180mcu_fd_sc_mcu7t5v0__endcap in cell frequency_counter
Note:  Implicit pin VPW in instance PHY_EDGE_ROW_23_Right_23 of gf180mcu_fd_sc_mcu7t5v0__endcap in cell frequency_counter
Note:  Implicit pin VNW in instance PHY_EDGE_ROW_24_Left_61 of gf180mcu_fd_sc_mcu7t5v0__endcap in cell frequency_counter
Note:  Implicit pin VPW in instance PHY_EDGE_ROW_24_Left_61 of gf180mcu_fd_sc_mcu7t5v0__endcap in cell frequency_counter
Note:  Implicit pin VNW in instance PHY_EDGE_ROW_24_Right_24 of gf180mcu_fd_sc_mcu7t5v0__endcap in cell frequency_counter
Note:  Implicit pin VPW in instance PHY_EDGE_ROW_24_Right_24 of gf180mcu_fd_sc_mcu7t5v0__endcap in cell frequency_counter
Note:  Implicit pin VNW in instance PHY_EDGE_ROW_25_Left_62 of gf180mcu_fd_sc_mcu7t5v0__endcap in cell frequency_counter
Note:  Implicit pin VPW in instance PHY_EDGE_ROW_25_Left_62 of gf180mcu_fd_sc_mcu7t5v0__endcap in cell frequency_counter
Note:  Implicit pin VNW in instance PHY_EDGE_ROW_25_Right_25 of gf180mcu_fd_sc_mcu7t5v0__endcap in cell frequency_counter
Note:  Implicit pin VPW in instance PHY_EDGE_ROW_25_Right_25 of gf180mcu_fd_sc_mcu7t5v0__endcap in cell frequency_counter
Note:  Implicit pin VNW in instance PHY_EDGE_ROW_26_Left_63 of gf180mcu_fd_sc_mcu7t5v0__endcap in cell frequency_counter
Note:  Implicit pin VPW in instance PHY_EDGE_ROW_26_Left_63 of gf180mcu_fd_sc_mcu7t5v0__endcap in cell frequency_counter
Note:  Implicit pin VNW in instance PHY_EDGE_ROW_26_Right_26 of gf180mcu_fd_sc_mcu7t5v0__endcap in cell frequency_counter
Note:  Implicit pin VPW in instance PHY_EDGE_ROW_26_Right_26 of gf180mcu_fd_sc_mcu7t5v0__endcap in cell frequency_counter
Note:  Implicit pin VNW in instance PHY_EDGE_ROW_27_Left_64 of gf180mcu_fd_sc_mcu7t5v0__endcap in cell frequency_counter
Note:  Implicit pin VPW in instance PHY_EDGE_ROW_27_Left_64 of gf180mcu_fd_sc_mcu7t5v0__endcap in cell frequency_counter
Note:  Implicit pin VNW in instance PHY_EDGE_ROW_27_Right_27 of gf180mcu_fd_sc_mcu7t5v0__endcap in cell frequency_counter
Note:  Implicit pin VPW in instance PHY_EDGE_ROW_27_Right_27 of gf180mcu_fd_sc_mcu7t5v0__endcap in cell frequency_counter
Note:  Implicit pin VNW in instance PHY_EDGE_ROW_28_Left_65 of gf180mcu_fd_sc_mcu7t5v0__endcap in cell frequency_counter
Note:  Implicit pin VPW in instance PHY_EDGE_ROW_28_Left_65 of gf180mcu_fd_sc_mcu7t5v0__endcap in cell frequency_counter
Note:  Implicit pin VNW in instance PHY_EDGE_ROW_28_Right_28 of gf180mcu_fd_sc_mcu7t5v0__endcap in cell frequency_counter
Note:  Implicit pin VPW in instance PHY_EDGE_ROW_28_Right_28 of gf180mcu_fd_sc_mcu7t5v0__endcap in cell frequency_counter
Note:  Implicit pin VNW in instance PHY_EDGE_ROW_29_Left_66 of gf180mcu_fd_sc_mcu7t5v0__endcap in cell frequency_counter
Note:  Implicit pin VPW in instance PHY_EDGE_ROW_29_Left_66 of gf180mcu_fd_sc_mcu7t5v0__endcap in cell frequency_counter
Note:  Implicit pin VNW in instance PHY_EDGE_ROW_29_Right_29 of gf180mcu_fd_sc_mcu7t5v0__endcap in cell frequency_counter
Note:  Implicit pin VPW in instance PHY_EDGE_ROW_29_Right_29 of gf180mcu_fd_sc_mcu7t5v0__endcap in cell frequency_counter
Note:  Implicit pin VNW in instance PHY_EDGE_ROW_2_Left_39 of gf180mcu_fd_sc_mcu7t5v0__endcap in cell frequency_counter
Note:  Implicit pin VPW in instance PHY_EDGE_ROW_2_Left_39 of gf180mcu_fd_sc_mcu7t5v0__endcap in cell frequency_counter
Note:  Implicit pin VNW in instance PHY_EDGE_ROW_2_Right_2 of gf180mcu_fd_sc_mcu7t5v0__endcap in cell frequency_counter
Note:  Implicit pin VPW in instance PHY_EDGE_ROW_2_Right_2 of gf180mcu_fd_sc_mcu7t5v0__endcap in cell frequency_counter
Note:  Implicit pin VNW in instance PHY_EDGE_ROW_30_Left_67 of gf180mcu_fd_sc_mcu7t5v0__endcap in cell frequency_counter
Note:  Implicit pin VPW in instance PHY_EDGE_ROW_30_Left_67 of gf180mcu_fd_sc_mcu7t5v0__endcap in cell frequency_counter
Note:  Implicit pin VNW in instance PHY_EDGE_ROW_30_Right_30 of gf180mcu_fd_sc_mcu7t5v0__endcap in cell frequency_counter
Note:  Implicit pin VPW in instance PHY_EDGE_ROW_30_Right_30 of gf180mcu_fd_sc_mcu7t5v0__endcap in cell frequency_counter
Note:  Implicit pin VNW in instance PHY_EDGE_ROW_31_Left_68 of gf180mcu_fd_sc_mcu7t5v0__endcap in cell frequency_counter
Note:  Implicit pin VPW in instance PHY_EDGE_ROW_31_Left_68 of gf180mcu_fd_sc_mcu7t5v0__endcap in cell frequency_counter
Note:  Implicit pin VNW in instance PHY_EDGE_ROW_31_Right_31 of gf180mcu_fd_sc_mcu7t5v0__endcap in cell frequency_counter
Note:  Implicit pin VPW in instance PHY_EDGE_ROW_31_Right_31 of gf180mcu_fd_sc_mcu7t5v0__endcap in cell frequency_counter
Note:  Implicit pin VNW in instance PHY_EDGE_ROW_32_Left_69 of gf180mcu_fd_sc_mcu7t5v0__endcap in cell frequency_counter
Note:  Implicit pin VPW in instance PHY_EDGE_ROW_32_Left_69 of gf180mcu_fd_sc_mcu7t5v0__endcap in cell frequency_counter
Note:  Implicit pin VNW in instance PHY_EDGE_ROW_32_Right_32 of gf180mcu_fd_sc_mcu7t5v0__endcap in cell frequency_counter
Note:  Implicit pin VPW in instance PHY_EDGE_ROW_32_Right_32 of gf180mcu_fd_sc_mcu7t5v0__endcap in cell frequency_counter
Note:  Implicit pin VNW in instance PHY_EDGE_ROW_33_Left_70 of gf180mcu_fd_sc_mcu7t5v0__endcap in cell frequency_counter
Note:  Implicit pin VPW in instance PHY_EDGE_ROW_33_Left_70 of gf180mcu_fd_sc_mcu7t5v0__endcap in cell frequency_counter
Note:  Implicit pin VNW in instance PHY_EDGE_ROW_33_Right_33 of gf180mcu_fd_sc_mcu7t5v0__endcap in cell frequency_counter
Note:  Implicit pin VPW in instance PHY_EDGE_ROW_33_Right_33 of gf180mcu_fd_sc_mcu7t5v0__endcap in cell frequency_counter
Note:  Implicit pin VNW in instance PHY_EDGE_ROW_34_Left_71 of gf180mcu_fd_sc_mcu7t5v0__endcap in cell frequency_counter
Note:  Implicit pin VPW in instance PHY_EDGE_ROW_34_Left_71 of gf180mcu_fd_sc_mcu7t5v0__endcap in cell frequency_counter
Note:  Implicit pin VNW in instance PHY_EDGE_ROW_34_Right_34 of gf180mcu_fd_sc_mcu7t5v0__endcap in cell frequency_counter
Note:  Implicit pin VPW in instance PHY_EDGE_ROW_34_Right_34 of gf180mcu_fd_sc_mcu7t5v0__endcap in cell frequency_counter
Note:  Implicit pin VNW in instance PHY_EDGE_ROW_35_Left_72 of gf180mcu_fd_sc_mcu7t5v0__endcap in cell frequency_counter
Note:  Implicit pin VPW in instance PHY_EDGE_ROW_35_Left_72 of gf180mcu_fd_sc_mcu7t5v0__endcap in cell frequency_counter
Note:  Implicit pin VNW in instance PHY_EDGE_ROW_35_Right_35 of gf180mcu_fd_sc_mcu7t5v0__endcap in cell frequency_counter
Note:  Implicit pin VPW in instance PHY_EDGE_ROW_35_Right_35 of gf180mcu_fd_sc_mcu7t5v0__endcap in cell frequency_counter
Note:  Implicit pin VNW in instance PHY_EDGE_ROW_36_Left_73 of gf180mcu_fd_sc_mcu7t5v0__endcap in cell frequency_counter
Note:  Implicit pin VPW in instance PHY_EDGE_ROW_36_Left_73 of gf180mcu_fd_sc_mcu7t5v0__endcap in cell frequency_counter
Note:  Implicit pin VNW in instance PHY_EDGE_ROW_36_Right_36 of gf180mcu_fd_sc_mcu7t5v0__endcap in cell frequency_counter
Note:  Implicit pin VPW in instance PHY_EDGE_ROW_36_Right_36 of gf180mcu_fd_sc_mcu7t5v0__endcap in cell frequency_counter
Note:  Implicit pin VNW in instance PHY_EDGE_ROW_3_Left_40 of gf180mcu_fd_sc_mcu7t5v0__endcap in cell frequency_counter
Note:  Implicit pin VPW in instance PHY_EDGE_ROW_3_Left_40 of gf180mcu_fd_sc_mcu7t5v0__endcap in cell frequency_counter
Note:  Implicit pin VNW in instance PHY_EDGE_ROW_3_Right_3 of gf180mcu_fd_sc_mcu7t5v0__endcap in cell frequency_counter
Note:  Implicit pin VPW in instance PHY_EDGE_ROW_3_Right_3 of gf180mcu_fd_sc_mcu7t5v0__endcap in cell frequency_counter
Note:  Implicit pin VNW in instance PHY_EDGE_ROW_4_Left_41 of gf180mcu_fd_sc_mcu7t5v0__endcap in cell frequency_counter
Note:  Implicit pin VPW in instance PHY_EDGE_ROW_4_Left_41 of gf180mcu_fd_sc_mcu7t5v0__endcap in cell frequency_counter
Note:  Implicit pin VNW in instance PHY_EDGE_ROW_4_Right_4 of gf180mcu_fd_sc_mcu7t5v0__endcap in cell frequency_counter
Note:  Implicit pin VPW in instance PHY_EDGE_ROW_4_Right_4 of gf180mcu_fd_sc_mcu7t5v0__endcap in cell frequency_counter
Note:  Implicit pin VNW in instance PHY_EDGE_ROW_5_Left_42 of gf180mcu_fd_sc_mcu7t5v0__endcap in cell frequency_counter
Note:  Implicit pin VPW in instance PHY_EDGE_ROW_5_Left_42 of gf180mcu_fd_sc_mcu7t5v0__endcap in cell frequency_counter
Note:  Implicit pin VNW in instance PHY_EDGE_ROW_5_Right_5 of gf180mcu_fd_sc_mcu7t5v0__endcap in cell frequency_counter
Note:  Implicit pin VPW in instance PHY_EDGE_ROW_5_Right_5 of gf180mcu_fd_sc_mcu7t5v0__endcap in cell frequency_counter
Note:  Implicit pin VNW in instance PHY_EDGE_ROW_6_Left_43 of gf180mcu_fd_sc_mcu7t5v0__endcap in cell frequency_counter
Note:  Implicit pin VPW in instance PHY_EDGE_ROW_6_Left_43 of gf180mcu_fd_sc_mcu7t5v0__endcap in cell frequency_counter
Note:  Implicit pin VNW in instance PHY_EDGE_ROW_6_Right_6 of gf180mcu_fd_sc_mcu7t5v0__endcap in cell frequency_counter
Note:  Implicit pin VPW in instance PHY_EDGE_ROW_6_Right_6 of gf180mcu_fd_sc_mcu7t5v0__endcap in cell frequency_counter
Note:  Implicit pin VNW in instance PHY_EDGE_ROW_7_Left_44 of gf180mcu_fd_sc_mcu7t5v0__endcap in cell frequency_counter
Note:  Implicit pin VPW in instance PHY_EDGE_ROW_7_Left_44 of gf180mcu_fd_sc_mcu7t5v0__endcap in cell frequency_counter
Note:  Implicit pin VNW in instance PHY_EDGE_ROW_7_Right_7 of gf180mcu_fd_sc_mcu7t5v0__endcap in cell frequency_counter
Note:  Implicit pin VPW in instance PHY_EDGE_ROW_7_Right_7 of gf180mcu_fd_sc_mcu7t5v0__endcap in cell frequency_counter
Note:  Implicit pin VNW in instance PHY_EDGE_ROW_8_Left_45 of gf180mcu_fd_sc_mcu7t5v0__endcap in cell frequency_counter
Note:  Implicit pin VPW in instance PHY_EDGE_ROW_8_Left_45 of gf180mcu_fd_sc_mcu7t5v0__endcap in cell frequency_counter
Note:  Implicit pin VNW in instance PHY_EDGE_ROW_8_Right_8 of gf180mcu_fd_sc_mcu7t5v0__endcap in cell frequency_counter
Note:  Implicit pin VPW in instance PHY_EDGE_ROW_8_Right_8 of gf180mcu_fd_sc_mcu7t5v0__endcap in cell frequency_counter
Note:  Implicit pin VNW in instance PHY_EDGE_ROW_9_Left_46 of gf180mcu_fd_sc_mcu7t5v0__endcap in cell frequency_counter
Note:  Implicit pin VPW in instance PHY_EDGE_ROW_9_Left_46 of gf180mcu_fd_sc_mcu7t5v0__endcap in cell frequency_counter
Note:  Implicit pin VNW in instance PHY_EDGE_ROW_9_Right_9 of gf180mcu_fd_sc_mcu7t5v0__endcap in cell frequency_counter
Note:  Implicit pin VPW in instance PHY_EDGE_ROW_9_Right_9 of gf180mcu_fd_sc_mcu7t5v0__endcap in cell frequency_counter
Note:  Implicit pin Z in instance clkload0 of gf180mcu_fd_sc_mcu7t5v0__clkbuf_2 in cell frequency_counter
Note:  Implicit pin ZN in instance clkload1 of gf180mcu_fd_sc_mcu7t5v0__inv_2 in cell frequency_counter
Note:  Implicit pin ZN in instance clkload10 of gf180mcu_fd_sc_mcu7t5v0__inv_3 in cell frequency_counter
Note:  Implicit pin ZN in instance clkload11 of gf180mcu_fd_sc_mcu7t5v0__clkinv_4 in cell frequency_counter
Note:  Implicit pin ZN in instance clkload12 of gf180mcu_fd_sc_mcu7t5v0__inv_2 in cell frequency_counter
Note:  Implicit pin ZN in instance clkload13 of gf180mcu_fd_sc_mcu7t5v0__inv_2 in cell frequency_counter
Note:  Implicit pin ZN in instance clkload14 of gf180mcu_fd_sc_mcu7t5v0__clkinv_2 in cell frequency_counter
Note:  Implicit pin Z in instance clkload2 of gf180mcu_fd_sc_mcu7t5v0__clkbuf_2 in cell frequency_counter
Note:  Implicit pin Z in instance clkload3 of gf180mcu_fd_sc_mcu7t5v0__clkbuf_4 in cell frequency_counter
Note:  Implicit pin Z in instance clkload4 of gf180mcu_fd_sc_mcu7t5v0__clkbuf_4 in cell frequency_counter
Note:  Implicit pin Z in instance clkload5 of gf180mcu_fd_sc_mcu7t5v0__clkbuf_4 in cell frequency_counter
Note:  Implicit pin ZN in instance clkload6 of gf180mcu_fd_sc_mcu7t5v0__clkinv_4 in cell frequency_counter
Note:  Implicit pin ZN in instance clkload7 of gf180mcu_fd_sc_mcu7t5v0__inv_2 in cell frequency_counter
Note:  Implicit pin ZN in instance clkload8 of gf180mcu_fd_sc_mcu7t5v0__inv_4 in cell frequency_counter
Note:  Implicit pin ZN in instance clkload9 of gf180mcu_fd_sc_mcu7t5v0__inv_2 in cell frequency_counter
Treating empty subcircuits as black-box cells
Generating JSON file result

Reading setup file /usr/local/lib/python3.12/dist-packages/librelane/scripts/netgen/setup.tcl

Model nfet_05v0 pin 1 == 3
No property par1 found for device nfet_05v0
No property NRD found for device nfet_05v0
No property NRS found for device nfet_05v0
No property par found for device nfet_05v0
No property sa found for device nfet_05v0
No property sb found for device nfet_05v0
No property sd found for device nfet_05v0
No property par found for device nfet_05v0
No property dtemp found for device nfet_05v0
No property nf found for device nfet_05v0
No property as found for device nfet_05v0
No property ad found for device nfet_05v0
No property ps found for device nfet_05v0
No property pd found for device nfet_05v0
No property $D found for device nfet_05v0
No property $X found for device nfet_05v0
No property $Y found for device nfet_05v0
Model pfet_05v0 pin 1 == 3
No property par1 found for device pfet_05v0
No property NRD found for device pfet_05v0
No property NRS found for device pfet_05v0
No property par found for device pfet_05v0
No property sa found for device pfet_05v0
No property sb found for device pfet_05v0
No property sd found for device pfet_05v0
No property par found for device pfet_05v0
No property dtemp found for device pfet_05v0
No property nf found for device pfet_05v0
No property as found for device pfet_05v0
No property ad found for device pfet_05v0
No property ps found for device pfet_05v0
No property pd found for device pfet_05v0
No property $D found for device pfet_05v0
No property $X found for device pfet_05v0
No property $Y found for device pfet_05v0
No property par1 found for device diode_nd2ps_06v0
No property par1 found for device diode_pd2nw_06v0
Comparison output logged to file /foss/designs/acoustic-ranger-dvl-processor/layout/digital/TDC/runs/RUN_2026-09-01_09-22-52/70-netgen-lvs/reports/lvs.netgen.rpt
Logging to file "/foss/designs/acoustic-ranger-dvl-processor/layout/digital/TDC/runs/RUN_2026-09-01_09-22-52/70-netgen-lvs/reports/lvs.netgen.rpt" enabled

Contents of circuit 1:  Circuit: 'gf180mcu_fd_sc_mcu7t5v0__fillcap_4'
Circuit gf180mcu_fd_sc_mcu7t5v0__fillcap_4 contains 0 device instances.
Circuit contains 0 nets, and 4 disconnected pins.
Contents of circuit 2:  Circuit: 'gf180mcu_fd_sc_mcu7t5v0__fillcap_4'
Circuit gf180mcu_fd_sc_mcu7t5v0__fillcap_4 contains 2 device instances.
  Class: pfet_05v0             instances:   1
  Class: nfet_05v0             instances:   1
Circuit contains 6 nets.

Circuit gf180mcu_fd_sc_mcu7t5v0__fillcap_4 contains no devices.

Contents of circuit 1:  Circuit: 'gf180mcu_fd_sc_mcu7t5v0__fillcap_16'
Circuit gf180mcu_fd_sc_mcu7t5v0__fillcap_16 contains 0 device instances.
Circuit contains 0 nets, and 4 disconnected pins.
Contents of circuit 2:  Circuit: 'gf180mcu_fd_sc_mcu7t5v0__fillcap_16'
Circuit gf180mcu_fd_sc_mcu7t5v0__fillcap_16 contains 8 device instances.
  Class: pfet_05v0             instances:   4
  Class: nfet_05v0             instances:   4
Circuit contains 12 nets.

Circuit gf180mcu_fd_sc_mcu7t5v0__fillcap_16 contains no devices.

Contents of circuit 1:  Circuit: 'gf180mcu_fd_sc_mcu7t5v0__aoi211_1'
Circuit gf180mcu_fd_sc_mcu7t5v0__aoi211_1 contains 0 device instances.
Circuit contains 0 nets, and 9 disconnected pins.
Contents of circuit 2:  Circuit: 'gf180mcu_fd_sc_mcu7t5v0__aoi211_1'
Circuit gf180mcu_fd_sc_mcu7t5v0__aoi211_1 contains 8 device instances.
  Class: pfet_05v0             instances:   4
  Class: nfet_05v0             instances:   4
Circuit contains 12 nets.

Circuit gf180mcu_fd_sc_mcu7t5v0__aoi211_1 contains no devices.

Contents of circuit 1:  Circuit: 'gf180mcu_fd_sc_mcu7t5v0__and2_1'
Circuit gf180mcu_fd_sc_mcu7t5v0__and2_1 contains 0 device instances.
Circuit contains 0 nets, and 7 disconnected pins.
Contents of circuit 2:  Circuit: 'gf180mcu_fd_sc_mcu7t5v0__and2_1'
Circuit gf180mcu_fd_sc_mcu7t5v0__and2_1 contains 6 device instances.
  Class: pfet_05v0             instances:   3
  Class: nfet_05v0             instances:   3
Circuit contains 9 nets.

Circuit gf180mcu_fd_sc_mcu7t5v0__and2_1 contains no devices.

Contents of circuit 1:  Circuit: 'gf180mcu_fd_sc_mcu7t5v0__dffq_1'
Circuit gf180mcu_fd_sc_mcu7t5v0__dffq_1 contains 0 device instances.
Circuit contains 0 nets, and 7 disconnected pins.
Contents of circuit 2:  Circuit: 'gf180mcu_fd_sc_mcu7t5v0__dffq_1'
Circuit gf180mcu_fd_sc_mcu7t5v0__dffq_1 contains 24 device instances.
  Class: pfet_05v0             instances:  12
  Class: nfet_05v0             instances:  12
Circuit contains 19 nets.

Circuit gf180mcu_fd_sc_mcu7t5v0__dffq_1 contains no devices.

Contents of circuit 1:  Circuit: 'gf180mcu_fd_sc_mcu7t5v0__oai21_1'
Circuit gf180mcu_fd_sc_mcu7t5v0__oai21_1 contains 0 device instances.
Circuit contains 0 nets, and 8 disconnected pins.
Contents of circuit 2:  Circuit: 'gf180mcu_fd_sc_mcu7t5v0__oai21_1'
Circuit gf180mcu_fd_sc_mcu7t5v0__oai21_1 contains 6 device instances.
  Class: pfet_05v0             instances:   3
  Class: nfet_05v0             instances:   3
Circuit contains 10 nets.

Circuit gf180mcu_fd_sc_mcu7t5v0__oai21_1 contains no devices.

Contents of circuit 1:  Circuit: 'gf180mcu_fd_sc_mcu7t5v0__aoi22_1'
Circuit gf180mcu_fd_sc_mcu7t5v0__aoi22_1 contains 0 device instances.
Circuit contains 0 nets, and 9 disconnected pins.
Contents of circuit 2:  Circuit: 'gf180mcu_fd_sc_mcu7t5v0__aoi22_1'
Circuit gf180mcu_fd_sc_mcu7t5v0__aoi22_1 contains 8 device instances.
  Class: pfet_05v0             instances:   4
  Class: nfet_05v0             instances:   4
Circuit contains 12 nets.

Circuit gf180mcu_fd_sc_mcu7t5v0__aoi22_1 contains no devices.

Contents of circuit 1:  Circuit: 'gf180mcu_fd_sc_mcu7t5v0__nor2_1'
Circuit gf180mcu_fd_sc_mcu7t5v0__nor2_1 contains 0 device instances.
Circuit contains 0 nets, and 7 disconnected pins.
Contents of circuit 2:  Circuit: 'gf180mcu_fd_sc_mcu7t5v0__nor2_1'
Circuit gf180mcu_fd_sc_mcu7t5v0__nor2_1 contains 4 device instances.
  Class: pfet_05v0             instances:   2
  Class: nfet_05v0             instances:   2
Circuit contains 8 nets.

Circuit gf180mcu_fd_sc_mcu7t5v0__nor2_1 contains no devices.

Contents of circuit 1:  Circuit: 'gf180mcu_fd_sc_mcu7t5v0__or2_1'
Circuit gf180mcu_fd_sc_mcu7t5v0__or2_1 contains 0 device instances.
Circuit contains 0 nets, and 7 disconnected pins.
Contents of circuit 2:  Circuit: 'gf180mcu_fd_sc_mcu7t5v0__or2_1'
Circuit gf180mcu_fd_sc_mcu7t5v0__or2_1 contains 6 device instances.
  Class: pfet_05v0             instances:   3
  Class: nfet_05v0             instances:   3
Circuit contains 9 nets.

Circuit gf180mcu_fd_sc_mcu7t5v0__or2_1 contains no devices.

Contents of circuit 1:  Circuit: 'gf180mcu_fd_sc_mcu7t5v0__nand2_1'
Circuit gf180mcu_fd_sc_mcu7t5v0__nand2_1 contains 0 device instances.
Circuit contains 0 nets, and 7 disconnected pins.
Contents of circuit 2:  Circuit: 'gf180mcu_fd_sc_mcu7t5v0__nand2_1'
Circuit gf180mcu_fd_sc_mcu7t5v0__nand2_1 contains 4 device instances.
  Class: pfet_05v0             instances:   2
  Class: nfet_05v0             instances:   2
Circuit contains 8 nets.

Circuit gf180mcu_fd_sc_mcu7t5v0__nand2_1 contains no devices.

Contents of circuit 1:  Circuit: 'gf180mcu_fd_sc_mcu7t5v0__buf_4'
Circuit gf180mcu_fd_sc_mcu7t5v0__buf_4 contains 0 device instances.
Circuit contains 0 nets, and 6 disconnected pins.
Contents of circuit 2:  Circuit: 'gf180mcu_fd_sc_mcu7t5v0__buf_4'
Circuit gf180mcu_fd_sc_mcu7t5v0__buf_4 contains 12 device instances.
  Class: pfet_05v0             instances:   6
  Class: nfet_05v0             instances:   6
Circuit contains 7 nets.

Circuit gf180mcu_fd_sc_mcu7t5v0__buf_4 contains no devices.

Contents of circuit 1:  Circuit: 'gf180mcu_fd_sc_mcu7t5v0__aoi21_1'
Circuit gf180mcu_fd_sc_mcu7t5v0__aoi21_1 contains 0 device instances.
Circuit contains 0 nets, and 8 disconnected pins.
Contents of circuit 2:  Circuit: 'gf180mcu_fd_sc_mcu7t5v0__aoi21_1'
Circuit gf180mcu_fd_sc_mcu7t5v0__aoi21_1 contains 6 device instances.
  Class: pfet_05v0             instances:   3
  Class: nfet_05v0             instances:   3
Circuit contains 10 nets.

Circuit gf180mcu_fd_sc_mcu7t5v0__aoi21_1 contains no devices.

Contents of circuit 1:  Circuit: 'gf180mcu_fd_sc_mcu7t5v0__mux2_2'
Circuit gf180mcu_fd_sc_mcu7t5v0__mux2_2 contains 0 device instances.
Circuit contains 0 nets, and 8 disconnected pins.
Contents of circuit 2:  Circuit: 'gf180mcu_fd_sc_mcu7t5v0__mux2_2'
Circuit gf180mcu_fd_sc_mcu7t5v0__mux2_2 contains 14 device instances.
  Class: pfet_05v0             instances:   7
  Class: nfet_05v0             instances:   7
Circuit contains 14 nets.

Circuit gf180mcu_fd_sc_mcu7t5v0__mux2_2 contains no devices.

Contents of circuit 1:  Circuit: 'gf180mcu_fd_sc_mcu7t5v0__clkinv_1'
Circuit gf180mcu_fd_sc_mcu7t5v0__clkinv_1 contains 0 device instances.
Circuit contains 0 nets, and 6 disconnected pins.
Contents of circuit 2:  Circuit: 'gf180mcu_fd_sc_mcu7t5v0__clkinv_1'
Circuit gf180mcu_fd_sc_mcu7t5v0__clkinv_1 contains 2 device instances.
  Class: pfet_05v0             instances:   1
  Class: nfet_05v0             instances:   1
Circuit contains 6 nets.

Circuit gf180mcu_fd_sc_mcu7t5v0__clkinv_1 contains no devices.

Contents of circuit 1:  Circuit: 'gf180mcu_fd_sc_mcu7t5v0__aoi221_1'
Circuit gf180mcu_fd_sc_mcu7t5v0__aoi221_1 contains 0 device instances.
Circuit contains 0 nets, and 10 disconnected pins.
Contents of circuit 2:  Circuit: 'gf180mcu_fd_sc_mcu7t5v0__aoi221_1'
Circuit gf180mcu_fd_sc_mcu7t5v0__aoi221_1 contains 10 device instances.
  Class: pfet_05v0             instances:   5
  Class: nfet_05v0             instances:   5
Circuit contains 14 nets.

Circuit gf180mcu_fd_sc_mcu7t5v0__aoi221_1 contains no devices.

Contents of circuit 1:  Circuit: 'gf180mcu_fd_sc_mcu7t5v0__clkbuf_8'
Circuit gf180mcu_fd_sc_mcu7t5v0__clkbuf_8 contains 0 device instances.
Circuit contains 0 nets, and 6 disconnected pins.
Contents of circuit 2:  Circuit: 'gf180mcu_fd_sc_mcu7t5v0__clkbuf_8'
Circuit gf180mcu_fd_sc_mcu7t5v0__clkbuf_8 contains 23 device instances.
  Class: pfet_05v0             instances:  12
  Class: nfet_05v0             instances:  11
Circuit contains 7 nets.

Circuit gf180mcu_fd_sc_mcu7t5v0__clkbuf_8 contains no devices.

Contents of circuit 1:  Circuit: 'gf180mcu_fd_sc_mcu7t5v0__dlyc_1'
Circuit gf180mcu_fd_sc_mcu7t5v0__dlyc_1 contains 0 device instances.
Circuit contains 0 nets, and 6 disconnected pins.
Contents of circuit 2:  Circuit: 'gf180mcu_fd_sc_mcu7t5v0__dlyc_1'
Circuit gf180mcu_fd_sc_mcu7t5v0__dlyc_1 contains 20 device instances.
  Class: pfet_05v0             instances:  10
  Class: nfet_05v0             instances:  10
Circuit contains 19 nets.

Circuit gf180mcu_fd_sc_mcu7t5v0__dlyc_1 contains no devices.

Contents of circuit 1:  Circuit: 'gf180mcu_fd_sc_mcu7t5v0__fillcap_8'
Circuit gf180mcu_fd_sc_mcu7t5v0__fillcap_8 contains 0 device instances.
Circuit contains 0 nets, and 4 disconnected pins.
Contents of circuit 2:  Circuit: 'gf180mcu_fd_sc_mcu7t5v0__fillcap_8'
Circuit gf180mcu_fd_sc_mcu7t5v0__fillcap_8 contains 4 device instances.
  Class: pfet_05v0             instances:   2
  Class: nfet_05v0             instances:   2
Circuit contains 8 nets.

Circuit gf180mcu_fd_sc_mcu7t5v0__fillcap_8 contains no devices.

Contents of circuit 1:  Circuit: 'gf180mcu_fd_sc_mcu7t5v0__nor3_1'
Circuit gf180mcu_fd_sc_mcu7t5v0__nor3_1 contains 0 device instances.
Circuit contains 0 nets, and 8 disconnected pins.
Contents of circuit 2:  Circuit: 'gf180mcu_fd_sc_mcu7t5v0__nor3_1'
Circuit gf180mcu_fd_sc_mcu7t5v0__nor3_1 contains 6 device instances.
  Class: pfet_05v0             instances:   3
  Class: nfet_05v0             instances:   3
Circuit contains 10 nets.

Circuit gf180mcu_fd_sc_mcu7t5v0__nor3_1 contains no devices.

Contents of circuit 1:  Circuit: 'gf180mcu_fd_sc_mcu7t5v0__dlyb_1'
Circuit gf180mcu_fd_sc_mcu7t5v0__dlyb_1 contains 0 device instances.
Circuit contains 0 nets, and 6 disconnected pins.
Contents of circuit 2:  Circuit: 'gf180mcu_fd_sc_mcu7t5v0__dlyb_1'
Circuit gf180mcu_fd_sc_mcu7t5v0__dlyb_1 contains 12 device instances.
  Class: pfet_05v0             instances:   6
  Class: nfet_05v0             instances:   6
Circuit contains 13 nets.

Circuit gf180mcu_fd_sc_mcu7t5v0__dlyb_1 contains no devices.

Contents of circuit 1:  Circuit: 'gf180mcu_fd_sc_mcu7t5v0__aoi222_1'
Circuit gf180mcu_fd_sc_mcu7t5v0__aoi222_1 contains 0 device instances.
Circuit contains 0 nets, and 11 disconnected pins.
Contents of circuit 2:  Circuit: 'gf180mcu_fd_sc_mcu7t5v0__aoi222_1'
Circuit gf180mcu_fd_sc_mcu7t5v0__aoi222_1 contains 12 device instances.
  Class: pfet_05v0             instances:   6
  Class: nfet_05v0             instances:   6
Circuit contains 16 nets.

Circuit gf180mcu_fd_sc_mcu7t5v0__aoi222_1 contains no devices.

Contents of circuit 1:  Circuit: 'gf180mcu_fd_sc_mcu7t5v0__xor2_1'
Circuit gf180mcu_fd_sc_mcu7t5v0__xor2_1 contains 0 device instances.
Circuit contains 0 nets, and 7 disconnected pins.
Contents of circuit 2:  Circuit: 'gf180mcu_fd_sc_mcu7t5v0__xor2_1'
Circuit gf180mcu_fd_sc_mcu7t5v0__xor2_1 contains 10 device instances.
  Class: pfet_05v0             instances:   5
  Class: nfet_05v0             instances:   5
Circuit contains 11 nets.

Circuit gf180mcu_fd_sc_mcu7t5v0__xor2_1 contains no devices.

Contents of circuit 1:  Circuit: 'gf180mcu_fd_sc_mcu7t5v0__fillcap_32'
Circuit gf180mcu_fd_sc_mcu7t5v0__fillcap_32 contains 0 device instances.
Circuit contains 0 nets, and 4 disconnected pins.
Contents of circuit 2:  Circuit: 'gf180mcu_fd_sc_mcu7t5v0__fillcap_32'
Circuit gf180mcu_fd_sc_mcu7t5v0__fillcap_32 contains 16 device instances.
  Class: pfet_05v0             instances:   8
  Class: nfet_05v0             instances:   8
Circuit contains 20 nets.

Circuit gf180mcu_fd_sc_mcu7t5v0__fillcap_32 contains no devices.

Contents of circuit 1:  Circuit: 'gf180mcu_fd_sc_mcu7t5v0__nor2_2'
Circuit gf180mcu_fd_sc_mcu7t5v0__nor2_2 contains 0 device instances.
Circuit contains 0 nets, and 7 disconnected pins.
Contents of circuit 2:  Circuit: 'gf180mcu_fd_sc_mcu7t5v0__nor2_2'
Circuit gf180mcu_fd_sc_mcu7t5v0__nor2_2 contains 8 device instances.
  Class: pfet_05v0             instances:   4
  Class: nfet_05v0             instances:   4
Circuit contains 9 nets.

Circuit gf180mcu_fd_sc_mcu7t5v0__nor2_2 contains no devices.

Contents of circuit 1:  Circuit: 'gf180mcu_fd_sc_mcu7t5v0__or3_1'
Circuit gf180mcu_fd_sc_mcu7t5v0__or3_1 contains 0 device instances.
Circuit contains 0 nets, and 8 disconnected pins.
Contents of circuit 2:  Circuit: 'gf180mcu_fd_sc_mcu7t5v0__or3_1'
Circuit gf180mcu_fd_sc_mcu7t5v0__or3_1 contains 8 device instances.
  Class: pfet_05v0             instances:   4
  Class: nfet_05v0             instances:   4
Circuit contains 11 nets.

Circuit gf180mcu_fd_sc_mcu7t5v0__or3_1 contains no devices.

Contents of circuit 1:  Circuit: 'gf180mcu_fd_sc_mcu7t5v0__clkbuf_16'
Circuit gf180mcu_fd_sc_mcu7t5v0__clkbuf_16 contains 0 device instances.
Circuit contains 0 nets, and 6 disconnected pins.
Contents of circuit 2:  Circuit: 'gf180mcu_fd_sc_mcu7t5v0__clkbuf_16'
Circuit gf180mcu_fd_sc_mcu7t5v0__clkbuf_16 contains 46 device instances.
  Class: pfet_05v0             instances:  24
  Class: nfet_05v0             instances:  22
Circuit contains 7 nets.

Circuit gf180mcu_fd_sc_mcu7t5v0__clkbuf_16 contains no devices.

Contents of circuit 1:  Circuit: 'gf180mcu_fd_sc_mcu7t5v0__or4_1'
Circuit gf180mcu_fd_sc_mcu7t5v0__or4_1 contains 0 device instances.
Circuit contains 0 nets, and 9 disconnected pins.
Contents of circuit 2:  Circuit: 'gf180mcu_fd_sc_mcu7t5v0__or4_1'
Circuit gf180mcu_fd_sc_mcu7t5v0__or4_1 contains 10 device instances.
  Class: pfet_05v0             instances:   5
  Class: nfet_05v0             instances:   5
Circuit contains 13 nets.

Circuit gf180mcu_fd_sc_mcu7t5v0__or4_1 contains no devices.

Contents of circuit 1:  Circuit: 'gf180mcu_fd_sc_mcu7t5v0__nand4_1'
Circuit gf180mcu_fd_sc_mcu7t5v0__nand4_1 contains 0 device instances.
Circuit contains 0 nets, and 9 disconnected pins.
Contents of circuit 2:  Circuit: 'gf180mcu_fd_sc_mcu7t5v0__nand4_1'
Circuit gf180mcu_fd_sc_mcu7t5v0__nand4_1 contains 8 device instances.
  Class: pfet_05v0             instances:   4
  Class: nfet_05v0             instances:   4
Circuit contains 12 nets.

Circuit gf180mcu_fd_sc_mcu7t5v0__nand4_1 contains no devices.

Contents of circuit 1:  Circuit: 'gf180mcu_fd_sc_mcu7t5v0__and3_1'
Circuit gf180mcu_fd_sc_mcu7t5v0__and3_1 contains 0 device instances.
Circuit contains 0 nets, and 8 disconnected pins.
Contents of circuit 2:  Circuit: 'gf180mcu_fd_sc_mcu7t5v0__and3_1'
Circuit gf180mcu_fd_sc_mcu7t5v0__and3_1 contains 8 device instances.
  Class: pfet_05v0             instances:   4
  Class: nfet_05v0             instances:   4
Circuit contains 11 nets.

Circuit gf180mcu_fd_sc_mcu7t5v0__and3_1 contains no devices.

Contents of circuit 1:  Circuit: 'gf180mcu_fd_sc_mcu7t5v0__xnor2_1'
Circuit gf180mcu_fd_sc_mcu7t5v0__xnor2_1 contains 0 device instances.
Circuit contains 0 nets, and 7 disconnected pins.
Contents of circuit 2:  Circuit: 'gf180mcu_fd_sc_mcu7t5v0__xnor2_1'
Circuit gf180mcu_fd_sc_mcu7t5v0__xnor2_1 contains 10 device instances.
  Class: pfet_05v0             instances:   5
  Class: nfet_05v0             instances:   5
Circuit contains 11 nets.

Circuit gf180mcu_fd_sc_mcu7t5v0__xnor2_1 contains no devices.

Contents of circuit 1:  Circuit: 'gf180mcu_fd_sc_mcu7t5v0__oai211_1'
Circuit gf180mcu_fd_sc_mcu7t5v0__oai211_1 contains 0 device instances.
Circuit contains 0 nets, and 9 disconnected pins.
Contents of circuit 2:  Circuit: 'gf180mcu_fd_sc_mcu7t5v0__oai211_1'
Circuit gf180mcu_fd_sc_mcu7t5v0__oai211_1 contains 8 device instances.
  Class: pfet_05v0             instances:   4
  Class: nfet_05v0             instances:   4
Circuit contains 12 nets.

Circuit gf180mcu_fd_sc_mcu7t5v0__oai211_1 contains no devices.

Contents of circuit 1:  Circuit: 'gf180mcu_fd_sc_mcu7t5v0__clkbuf_2'
Circuit gf180mcu_fd_sc_mcu7t5v0__clkbuf_2 contains 0 device instances.
Circuit contains 0 nets, and 6 disconnected pins.
Contents of circuit 2:  Circuit: 'gf180mcu_fd_sc_mcu7t5v0__clkbuf_2'
Circuit gf180mcu_fd_sc_mcu7t5v0__clkbuf_2 contains 6 device instances.
  Class: pfet_05v0             instances:   3
  Class: nfet_05v0             instances:   3
Circuit contains 7 nets.

Circuit gf180mcu_fd_sc_mcu7t5v0__clkbuf_2 contains no devices.

Contents of circuit 1:  Circuit: 'gf180mcu_fd_sc_mcu7t5v0__clkbuf_4'
Circuit gf180mcu_fd_sc_mcu7t5v0__clkbuf_4 contains 0 device instances.
Circuit contains 0 nets, and 6 disconnected pins.
Contents of circuit 2:  Circuit: 'gf180mcu_fd_sc_mcu7t5v0__clkbuf_4'
Circuit gf180mcu_fd_sc_mcu7t5v0__clkbuf_4 contains 11 device instances.
  Class: pfet_05v0             instances:   6
  Class: nfet_05v0             instances:   5
Circuit contains 7 nets.

Circuit gf180mcu_fd_sc_mcu7t5v0__clkbuf_4 contains no devices.

Contents of circuit 1:  Circuit: 'gf180mcu_fd_sc_mcu7t5v0__inv_2'
Circuit gf180mcu_fd_sc_mcu7t5v0__inv_2 contains 0 device instances.
Circuit contains 0 nets, and 6 disconnected pins.
Contents of circuit 2:  Circuit: 'gf180mcu_fd_sc_mcu7t5v0__inv_2'
Circuit gf180mcu_fd_sc_mcu7t5v0__inv_2 contains 4 device instances.
  Class: pfet_05v0             instances:   2
  Class: nfet_05v0             instances:   2
Circuit contains 6 nets.

Circuit gf180mcu_fd_sc_mcu7t5v0__inv_2 contains no devices.

Contents of circuit 1:  Circuit: 'gf180mcu_fd_sc_mcu7t5v0__fillcap_64'
Circuit gf180mcu_fd_sc_mcu7t5v0__fillcap_64 contains 0 device instances.
Circuit contains 0 nets, and 4 disconnected pins.
Contents of circuit 2:  Circuit: 'gf180mcu_fd_sc_mcu7t5v0__fillcap_64'
Circuit gf180mcu_fd_sc_mcu7t5v0__fillcap_64 contains 32 device instances.
  Class: pfet_05v0             instances:  16
  Class: nfet_05v0             instances:  16
Circuit contains 36 nets.

Circuit gf180mcu_fd_sc_mcu7t5v0__fillcap_64 contains no devices.

Contents of circuit 1:  Circuit: 'gf180mcu_fd_sc_mcu7t5v0__nand3_1'
Circuit gf180mcu_fd_sc_mcu7t5v0__nand3_1 contains 0 device instances.
Circuit contains 0 nets, and 8 disconnected pins.
Contents of circuit 2:  Circuit: 'gf180mcu_fd_sc_mcu7t5v0__nand3_1'
Circuit gf180mcu_fd_sc_mcu7t5v0__nand3_1 contains 6 device instances.
  Class: pfet_05v0             instances:   3
  Class: nfet_05v0             instances:   3
Circuit contains 10 nets.

Circuit gf180mcu_fd_sc_mcu7t5v0__nand3_1 contains no devices.

Contents of circuit 1:  Circuit: 'gf180mcu_fd_sc_mcu7t5v0__buf_1'
Circuit gf180mcu_fd_sc_mcu7t5v0__buf_1 contains 0 device instances.
Circuit contains 0 nets, and 6 disconnected pins.
Contents of circuit 2:  Circuit: 'gf180mcu_fd_sc_mcu7t5v0__buf_1'
Circuit gf180mcu_fd_sc_mcu7t5v0__buf_1 contains 4 device instances.
  Class: pfet_05v0             instances:   2
  Class: nfet_05v0             instances:   2
Circuit contains 7 nets.

Circuit gf180mcu_fd_sc_mcu7t5v0__buf_1 contains no devices.

Contents of circuit 1:  Circuit: 'gf180mcu_fd_sc_mcu7t5v0__inv_3'
Circuit gf180mcu_fd_sc_mcu7t5v0__inv_3 contains 0 device instances.
Circuit contains 0 nets, and 6 disconnected pins.
Contents of circuit 2:  Circuit: 'gf180mcu_fd_sc_mcu7t5v0__inv_3'
Circuit gf180mcu_fd_sc_mcu7t5v0__inv_3 contains 6 device instances.
  Class: pfet_05v0             instances:   3
  Class: nfet_05v0             instances:   3
Circuit contains 6 nets.

Circuit gf180mcu_fd_sc_mcu7t5v0__inv_3 contains no devices.

Contents of circuit 1:  Circuit: 'gf180mcu_fd_sc_mcu7t5v0__clkinv_4'
Circuit gf180mcu_fd_sc_mcu7t5v0__clkinv_4 contains 0 device instances.
Circuit contains 0 nets, and 6 disconnected pins.
Contents of circuit 2:  Circuit: 'gf180mcu_fd_sc_mcu7t5v0__clkinv_4'
Circuit gf180mcu_fd_sc_mcu7t5v0__clkinv_4 contains 8 device instances.
  Class: pfet_05v0             instances:   4
  Class: nfet_05v0             instances:   4
Circuit contains 6 nets.

Circuit gf180mcu_fd_sc_mcu7t5v0__clkinv_4 contains no devices.

Contents of circuit 1:  Circuit: 'gf180mcu_fd_sc_mcu7t5v0__buf_2'
Circuit gf180mcu_fd_sc_mcu7t5v0__buf_2 contains 0 device instances.
Circuit contains 0 nets, and 6 disconnected pins.
Contents of circuit 2:  Circuit: 'gf180mcu_fd_sc_mcu7t5v0__buf_2'
Circuit gf180mcu_fd_sc_mcu7t5v0__buf_2 contains 6 device instances.
  Class: pfet_05v0             instances:   3
  Class: nfet_05v0             instances:   3
Circuit contains 7 nets.

Circuit gf180mcu_fd_sc_mcu7t5v0__buf_2 contains no devices.

Contents of circuit 1:  Circuit: 'gf180mcu_fd_sc_mcu7t5v0__and4_1'
Circuit gf180mcu_fd_sc_mcu7t5v0__and4_1 contains 0 device instances.
Circuit contains 0 nets, and 9 disconnected pins.
Contents of circuit 2:  Circuit: 'gf180mcu_fd_sc_mcu7t5v0__and4_1'
Circuit gf180mcu_fd_sc_mcu7t5v0__and4_1 contains 10 device instances.
  Class: pfet_05v0             instances:   5
  Class: nfet_05v0             instances:   5
Circuit contains 13 nets.

Circuit gf180mcu_fd_sc_mcu7t5v0__and4_1 contains no devices.

Contents of circuit 1:  Circuit: 'gf180mcu_fd_sc_mcu7t5v0__clkinv_2'
Circuit gf180mcu_fd_sc_mcu7t5v0__clkinv_2 contains 0 device instances.
Circuit contains 0 nets, and 6 disconnected pins.
Contents of circuit 2:  Circuit: 'gf180mcu_fd_sc_mcu7t5v0__clkinv_2'
Circuit gf180mcu_fd_sc_mcu7t5v0__clkinv_2 contains 4 device instances.
  Class: pfet_05v0             instances:   2
  Class: nfet_05v0             instances:   2
Circuit contains 6 nets.

Circuit gf180mcu_fd_sc_mcu7t5v0__clkinv_2 contains no devices.

Contents of circuit 1:  Circuit: 'gf180mcu_fd_sc_mcu7t5v0__inv_4'
Circuit gf180mcu_fd_sc_mcu7t5v0__inv_4 contains 0 device instances.
Circuit contains 0 nets, and 6 disconnected pins.
Contents of circuit 2:  Circuit: 'gf180mcu_fd_sc_mcu7t5v0__inv_4'
Circuit gf180mcu_fd_sc_mcu7t5v0__inv_4 contains 8 device instances.
  Class: pfet_05v0             instances:   4
  Class: nfet_05v0             instances:   4
Circuit contains 6 nets.

Circuit gf180mcu_fd_sc_mcu7t5v0__inv_4 contains no devices.

Contents of circuit 1:  Circuit: 'gf180mcu_fd_sc_mcu7t5v0__oai31_1'
Circuit gf180mcu_fd_sc_mcu7t5v0__oai31_1 contains 0 device instances.
Circuit contains 0 nets, and 9 disconnected pins.
Contents of circuit 2:  Circuit: 'gf180mcu_fd_sc_mcu7t5v0__oai31_1'
Circuit gf180mcu_fd_sc_mcu7t5v0__oai31_1 contains 8 device instances.
  Class: pfet_05v0             instances:   4
  Class: nfet_05v0             instances:   4
Circuit contains 12 nets.

Circuit gf180mcu_fd_sc_mcu7t5v0__oai31_1 contains no devices.

Contents of circuit 1:  Circuit: 'gf180mcu_fd_sc_mcu7t5v0__buf_8'
Circuit gf180mcu_fd_sc_mcu7t5v0__buf_8 contains 0 device instances.
Circuit contains 0 nets, and 6 disconnected pins.
Contents of circuit 2:  Circuit: 'gf180mcu_fd_sc_mcu7t5v0__buf_8'
Circuit gf180mcu_fd_sc_mcu7t5v0__buf_8 contains 24 device instances.
  Class: pfet_05v0             instances:  12
  Class: nfet_05v0             instances:  12
Circuit contains 7 nets.

Circuit gf180mcu_fd_sc_mcu7t5v0__buf_8 contains no devices.

Contents of circuit 1:  Circuit: 'gf180mcu_fd_sc_mcu7t5v0__buf_3'
Circuit gf180mcu_fd_sc_mcu7t5v0__buf_3 contains 0 device instances.
Circuit contains 0 nets, and 6 disconnected pins.
Contents of circuit 2:  Circuit: 'gf180mcu_fd_sc_mcu7t5v0__buf_3'
Circuit gf180mcu_fd_sc_mcu7t5v0__buf_3 contains 8 device instances.
  Class: pfet_05v0             instances:   4
  Class: nfet_05v0             instances:   4
Circuit contains 7 nets.

Circuit gf180mcu_fd_sc_mcu7t5v0__buf_3 contains no devices.

Contents of circuit 1:  Circuit: 'gf180mcu_fd_sc_mcu7t5v0__inv_1'
Circuit gf180mcu_fd_sc_mcu7t5v0__inv_1 contains 0 device instances.
Circuit contains 0 nets, and 6 disconnected pins.
Contents of circuit 2:  Circuit: 'gf180mcu_fd_sc_mcu7t5v0__inv_1'
Circuit gf180mcu_fd_sc_mcu7t5v0__inv_1 contains 2 device instances.
  Class: pfet_05v0             instances:   1
  Class: nfet_05v0             instances:   1
Circuit contains 6 nets.

Circuit gf180mcu_fd_sc_mcu7t5v0__inv_1 contains no devices.

Contents of circuit 1:  Circuit: 'gf180mcu_fd_sc_mcu7t5v0__oai221_1'
Circuit gf180mcu_fd_sc_mcu7t5v0__oai221_1 contains 0 device instances.
Circuit contains 0 nets, and 10 disconnected pins.
Contents of circuit 2:  Circuit: 'gf180mcu_fd_sc_mcu7t5v0__oai221_1'
Circuit gf180mcu_fd_sc_mcu7t5v0__oai221_1 contains 10 device instances.
  Class: pfet_05v0             instances:   5
  Class: nfet_05v0             instances:   5
Circuit contains 14 nets.

Circuit gf180mcu_fd_sc_mcu7t5v0__oai221_1 contains no devices.

Contents of circuit 1:  Circuit: 'gf180mcu_fd_sc_mcu7t5v0__nor4_1'
Circuit gf180mcu_fd_sc_mcu7t5v0__nor4_1 contains 0 device instances.
Circuit contains 0 nets, and 9 disconnected pins.
Contents of circuit 2:  Circuit: 'gf180mcu_fd_sc_mcu7t5v0__nor4_1'
Circuit gf180mcu_fd_sc_mcu7t5v0__nor4_1 contains 8 device instances.
  Class: pfet_05v0             instances:   4
  Class: nfet_05v0             instances:   4
Circuit contains 12 nets.

Circuit gf180mcu_fd_sc_mcu7t5v0__nor4_1 contains no devices.

Contents of circuit 1:  Circuit: 'gf180mcu_fd_sc_mcu7t5v0__tiel'
Circuit gf180mcu_fd_sc_mcu7t5v0__tiel contains 0 device instances.
Circuit contains 0 nets, and 5 disconnected pins.
Contents of circuit 2:  Circuit: 'gf180mcu_fd_sc_mcu7t5v0__tiel'
Circuit gf180mcu_fd_sc_mcu7t5v0__tiel contains 2 device instances.
  Class: pfet_05v0             instances:   1
  Class: nfet_05v0             instances:   1
Circuit contains 6 nets.

Circuit gf180mcu_fd_sc_mcu7t5v0__tiel contains no devices.

Contents of circuit 1:  Circuit: 'gf180mcu_fd_sc_mcu7t5v0__clkbuf_1'
Circuit gf180mcu_fd_sc_mcu7t5v0__clkbuf_1 contains 0 device instances.
Circuit contains 0 nets, and 6 disconnected pins.
Contents of circuit 2:  Circuit: 'gf180mcu_fd_sc_mcu7t5v0__clkbuf_1'
Circuit gf180mcu_fd_sc_mcu7t5v0__clkbuf_1 contains 4 device instances.
  Class: pfet_05v0             instances:   2
  Class: nfet_05v0             instances:   2
Circuit contains 7 nets.

Circuit gf180mcu_fd_sc_mcu7t5v0__clkbuf_1 contains no devices.

Contents of circuit 1:  Circuit: 'frequency_counter'
Circuit frequency_counter contains 1470 device instances.
  Class: gf180mcu_fd_sc_mcu7t5v0__dlyc_1 instances:  72
  Class: gf180mcu_fd_sc_mcu7t5v0__buf_8 instances:   1
  Class: gf180mcu_fd_sc_mcu7t5v0__clkbuf_16 instances:   7
  Class: gf180mcu_fd_sc_mcu7t5v0__clkbuf_8 instances:  16
  Class: gf180mcu_fd_sc_mcu7t5v0__and4_1 instances:   8
  Class: gf180mcu_fd_sc_mcu7t5v0__nand4_1 instances:   6
  Class: gf180mcu_fd_sc_mcu7t5v0__nor2_2 instances:   1
  Class: gf180mcu_fd_sc_mcu7t5v0__aoi222_1 instances:  16
  Class: gf180mcu_fd_sc_mcu7t5v0__fillcap_8 instances: 139
  Class: gf180mcu_fd_sc_mcu7t5v0__and3_1 instances:  14
  Class: gf180mcu_fd_sc_mcu7t5v0__nor4_1 instances:  10
  Class: gf180mcu_fd_sc_mcu7t5v0__aoi22_1 instances:  42
  Class: gf180mcu_fd_sc_mcu7t5v0__nand3_1 instances:  10
  Class: gf180mcu_fd_sc_mcu7t5v0__dffq_1 instances: 166
  Class: gf180mcu_fd_sc_mcu7t5v0__oai221_1 instances:   2
  Class: gf180mcu_fd_sc_mcu7t5v0__nor3_1 instances:  45
  Class: gf180mcu_fd_sc_mcu7t5v0__oai211_1 instances:   8
  Class: gf180mcu_fd_sc_mcu7t5v0__buf_2 instances:   8
  Class: gf180mcu_fd_sc_mcu7t5v0__fillcap_16 instances:  60
  Class: gf180mcu_fd_sc_mcu7t5v0__aoi221_1 instances:   4
  Class: gf180mcu_fd_sc_mcu7t5v0__inv_3 instances:   1
  Class: gf180mcu_fd_sc_mcu7t5v0__clkbuf_2 instances:   4
  Class: gf180mcu_fd_sc_mcu7t5v0__oai21_1 instances:  61
  Class: gf180mcu_fd_sc_mcu7t5v0__dlyb_1 instances:  36
  Class: gf180mcu_fd_sc_mcu7t5v0__fillcap_32 instances:  40
  Class: gf180mcu_fd_sc_mcu7t5v0__or4_1 instances:   5
  Class: gf180mcu_fd_sc_mcu7t5v0__inv_4 instances:   1
  Class: gf180mcu_fd_sc_mcu7t5v0__oai31_1 instances:   5
  Class: gf180mcu_fd_sc_mcu7t5v0__buf_4 instances:   6
  Class: gf180mcu_fd_sc_mcu7t5v0__nand2_1 instances:  45
  Class: gf180mcu_fd_sc_mcu7t5v0__inv_1 instances:   1
  Class: gf180mcu_fd_sc_mcu7t5v0__or2_1 instances:   4
  Class: gf180mcu_fd_sc_mcu7t5v0__fillcap_4 instances: 242
  Class: gf180mcu_fd_sc_mcu7t5v0__clkinv_4 instances:   2
  Class: gf180mcu_fd_sc_mcu7t5v0__and2_1 instances:  33
  Class: gf180mcu_fd_sc_mcu7t5v0__xor2_1 instances:  18
  Class: gf180mcu_fd_sc_mcu7t5v0__clkbuf_4 instances:   4
  Class: gf180mcu_fd_sc_mcu7t5v0__buf_1 instances:  10
  Class: gf180mcu_fd_sc_mcu7t5v0__inv_2 instances:   5
  Class: gf180mcu_fd_sc_mcu7t5v0__clkbuf_1 instances:   1
  Class: gf180mcu_fd_sc_mcu7t5v0__mux2_2 instances:   7
  Class: gf180mcu_fd_sc_mcu7t5v0__clkinv_1 instances:  50
  Class: gf180mcu_fd_sc_mcu7t5v0__aoi211_1 instances:  31
  Class: gf180mcu_fd_sc_mcu7t5v0__xnor2_1 instances:   4
  Class: gf180mcu_fd_sc_mcu7t5v0__tiel instances:   1
  Class: gf180mcu_fd_sc_mcu7t5v0__or3_1 instances:   2
  Class: gf180mcu_fd_sc_mcu7t5v0__clkinv_2 instances:   1
  Class: gf180mcu_fd_sc_mcu7t5v0__buf_3 instances:   1
  Class: gf180mcu_fd_sc_mcu7t5v0__fillcap_64 instances:   2
  Class: gf180mcu_fd_sc_mcu7t5v0__nor2_1 instances: 171
  Class: gf180mcu_fd_sc_mcu7t5v0__aoi21_1 instances:  41
Circuit contains 1011 nets, and 1 disconnected pin.
Contents of circuit 2:  Circuit: 'frequency_counter'
Circuit frequency_counter contains 1470 device instances.
  Class: gf180mcu_fd_sc_mcu7t5v0__dlyc_1 instances:  72
  Class: gf180mcu_fd_sc_mcu7t5v0__buf_8 instances:   1
  Class: gf180mcu_fd_sc_mcu7t5v0__clkbuf_16 instances:   7
  Class: gf180mcu_fd_sc_mcu7t5v0__clkbuf_8 instances:  16
  Class: gf180mcu_fd_sc_mcu7t5v0__and4_1 instances:   8
  Class: gf180mcu_fd_sc_mcu7t5v0__nand4_1 instances:   6
  Class: gf180mcu_fd_sc_mcu7t5v0__nor2_2 instances:   1
  Class: gf180mcu_fd_sc_mcu7t5v0__aoi222_1 instances:  16
  Class: gf180mcu_fd_sc_mcu7t5v0__fillcap_8 instances: 139
  Class: gf180mcu_fd_sc_mcu7t5v0__and3_1 instances:  14
  Class: gf180mcu_fd_sc_mcu7t5v0__nor4_1 instances:  10
  Class: gf180mcu_fd_sc_mcu7t5v0__aoi22_1 instances:  42
  Class: gf180mcu_fd_sc_mcu7t5v0__nand3_1 instances:  10
  Class: gf180mcu_fd_sc_mcu7t5v0__dffq_1 instances: 166
  Class: gf180mcu_fd_sc_mcu7t5v0__oai221_1 instances:   2
  Class: gf180mcu_fd_sc_mcu7t5v0__nor3_1 instances:  45
  Class: gf180mcu_fd_sc_mcu7t5v0__oai211_1 instances:   8
  Class: gf180mcu_fd_sc_mcu7t5v0__buf_2 instances:   8
  Class: gf180mcu_fd_sc_mcu7t5v0__fillcap_16 instances:  60
  Class: gf180mcu_fd_sc_mcu7t5v0__aoi221_1 instances:   4
  Class: gf180mcu_fd_sc_mcu7t5v0__inv_3 instances:   1
  Class: gf180mcu_fd_sc_mcu7t5v0__clkbuf_2 instances:   4
  Class: gf180mcu_fd_sc_mcu7t5v0__oai21_1 instances:  61
  Class: gf180mcu_fd_sc_mcu7t5v0__dlyb_1 instances:  36
  Class: gf180mcu_fd_sc_mcu7t5v0__fillcap_32 instances:  40
  Class: gf180mcu_fd_sc_mcu7t5v0__or4_1 instances:   5
  Class: gf180mcu_fd_sc_mcu7t5v0__inv_4 instances:   1
  Class: gf180mcu_fd_sc_mcu7t5v0__oai31_1 instances:   5
  Class: gf180mcu_fd_sc_mcu7t5v0__buf_4 instances:   6
  Class: gf180mcu_fd_sc_mcu7t5v0__nand2_1 instances:  45
  Class: gf180mcu_fd_sc_mcu7t5v0__inv_1 instances:   1
  Class: gf180mcu_fd_sc_mcu7t5v0__or2_1 instances:   4
  Class: gf180mcu_fd_sc_mcu7t5v0__fillcap_4 instances: 242
  Class: gf180mcu_fd_sc_mcu7t5v0__clkinv_4 instances:   2
  Class: gf180mcu_fd_sc_mcu7t5v0__and2_1 instances:  33
  Class: gf180mcu_fd_sc_mcu7t5v0__xor2_1 instances:  18
  Class: gf180mcu_fd_sc_mcu7t5v0__clkbuf_4 instances:   4
  Class: gf180mcu_fd_sc_mcu7t5v0__buf_1 instances:  10
  Class: gf180mcu_fd_sc_mcu7t5v0__inv_2 instances:   5
  Class: gf180mcu_fd_sc_mcu7t5v0__clkbuf_1 instances:   1
  Class: gf180mcu_fd_sc_mcu7t5v0__mux2_2 instances:   7
  Class: gf180mcu_fd_sc_mcu7t5v0__clkinv_1 instances:  50
  Class: gf180mcu_fd_sc_mcu7t5v0__aoi211_1 instances:  31
  Class: gf180mcu_fd_sc_mcu7t5v0__xnor2_1 instances:   4
  Class: gf180mcu_fd_sc_mcu7t5v0__tiel instances:   1
  Class: gf180mcu_fd_sc_mcu7t5v0__or3_1 instances:   2
  Class: gf180mcu_fd_sc_mcu7t5v0__clkinv_2 instances:   1
  Class: gf180mcu_fd_sc_mcu7t5v0__buf_3 instances:   1
  Class: gf180mcu_fd_sc_mcu7t5v0__fillcap_64 instances:   2
  Class: gf180mcu_fd_sc_mcu7t5v0__nor2_1 instances: 171
  Class: gf180mcu_fd_sc_mcu7t5v0__aoi21_1 instances:  41
Circuit contains 1159 nets, and 1 disconnected pin.

Circuit was modified by parallel/series device merging.
New circuit summary:

Contents of circuit 1:  Circuit: 'frequency_counter'
Circuit frequency_counter contains 992 device instances.
  Class: gf180mcu_fd_sc_mcu7t5v0__dlyc_1 instances:  72
  Class: gf180mcu_fd_sc_mcu7t5v0__buf_8 instances:   1
  Class: gf180mcu_fd_sc_mcu7t5v0__clkbuf_16 instances:   7
  Class: gf180mcu_fd_sc_mcu7t5v0__clkbuf_8 instances:  16
  Class: gf180mcu_fd_sc_mcu7t5v0__and4_1 instances:   8
  Class: gf180mcu_fd_sc_mcu7t5v0__nand4_1 instances:   6
  Class: gf180mcu_fd_sc_mcu7t5v0__nor2_2 instances:   1
  Class: gf180mcu_fd_sc_mcu7t5v0__aoi222_1 instances:  16
  Class: gf180mcu_fd_sc_mcu7t5v0__fillcap_8 instances:   1
  Class: gf180mcu_fd_sc_mcu7t5v0__and3_1 instances:  14
  Class: gf180mcu_fd_sc_mcu7t5v0__nor4_1 instances:  10
  Class: gf180mcu_fd_sc_mcu7t5v0__aoi22_1 instances:  42
  Class: gf180mcu_fd_sc_mcu7t5v0__nand3_1 instances:  10
  Class: gf180mcu_fd_sc_mcu7t5v0__dffq_1 instances: 166
  Class: gf180mcu_fd_sc_mcu7t5v0__oai221_1 instances:   2
  Class: gf180mcu_fd_sc_mcu7t5v0__nor3_1 instances:  45
  Class: gf180mcu_fd_sc_mcu7t5v0__oai211_1 instances:   8
  Class: gf180mcu_fd_sc_mcu7t5v0__buf_2 instances:   8
  Class: gf180mcu_fd_sc_mcu7t5v0__fillcap_16 instances:   1
  Class: gf180mcu_fd_sc_mcu7t5v0__aoi221_1 instances:   4
  Class: gf180mcu_fd_sc_mcu7t5v0__inv_3 instances:   1
  Class: gf180mcu_fd_sc_mcu7t5v0__clkbuf_2 instances:   4
  Class: gf180mcu_fd_sc_mcu7t5v0__oai21_1 instances:  61
  Class: gf180mcu_fd_sc_mcu7t5v0__dlyb_1 instances:  36
  Class: gf180mcu_fd_sc_mcu7t5v0__fillcap_32 instances:   1
  Class: gf180mcu_fd_sc_mcu7t5v0__or4_1 instances:   5
  Class: gf180mcu_fd_sc_mcu7t5v0__inv_4 instances:   1
  Class: gf180mcu_fd_sc_mcu7t5v0__oai31_1 instances:   5
  Class: gf180mcu_fd_sc_mcu7t5v0__buf_4 instances:   6
  Class: gf180mcu_fd_sc_mcu7t5v0__nand2_1 instances:  45
  Class: gf180mcu_fd_sc_mcu7t5v0__inv_1 instances:   1
  Class: gf180mcu_fd_sc_mcu7t5v0__or2_1 instances:   4
  Class: gf180mcu_fd_sc_mcu7t5v0__fillcap_4 instances:   1
  Class: gf180mcu_fd_sc_mcu7t5v0__clkinv_4 instances:   2
  Class: gf180mcu_fd_sc_mcu7t5v0__and2_1 instances:  33
  Class: gf180mcu_fd_sc_mcu7t5v0__xor2_1 instances:  18
  Class: gf180mcu_fd_sc_mcu7t5v0__clkbuf_4 instances:   4
  Class: gf180mcu_fd_sc_mcu7t5v0__buf_1 instances:  10
  Class: gf180mcu_fd_sc_mcu7t5v0__inv_2 instances:   5
  Class: gf180mcu_fd_sc_mcu7t5v0__clkbuf_1 instances:   1
  Class: gf180mcu_fd_sc_mcu7t5v0__mux2_2 instances:   7
  Class: gf180mcu_fd_sc_mcu7t5v0__clkinv_1 instances:  50
  Class: gf180mcu_fd_sc_mcu7t5v0__aoi211_1 instances:  31
  Class: gf180mcu_fd_sc_mcu7t5v0__xnor2_1 instances:   4
  Class: gf180mcu_fd_sc_mcu7t5v0__tiel instances:   1
  Class: gf180mcu_fd_sc_mcu7t5v0__or3_1 instances:   2
  Class: gf180mcu_fd_sc_mcu7t5v0__clkinv_2 instances:   1
  Class: gf180mcu_fd_sc_mcu7t5v0__buf_3 instances:   1
  Class: gf180mcu_fd_sc_mcu7t5v0__fillcap_64 instances:   1
  Class: gf180mcu_fd_sc_mcu7t5v0__nor2_1 instances: 171
  Class: gf180mcu_fd_sc_mcu7t5v0__aoi21_1 instances:  41
Circuit contains 1011 nets, and 1 disconnected pin.
Contents of circuit 2:  Circuit: 'frequency_counter'
Circuit frequency_counter contains 992 device instances.
  Class: gf180mcu_fd_sc_mcu7t5v0__dlyc_1 instances:  72
  Class: gf180mcu_fd_sc_mcu7t5v0__buf_8 instances:   1
  Class: gf180mcu_fd_sc_mcu7t5v0__clkbuf_16 instances:   7
  Class: gf180mcu_fd_sc_mcu7t5v0__clkbuf_8 instances:  16
  Class: gf180mcu_fd_sc_mcu7t5v0__and4_1 instances:   8
  Class: gf180mcu_fd_sc_mcu7t5v0__nand4_1 instances:   6
  Class: gf180mcu_fd_sc_mcu7t5v0__nor2_2 instances:   1
  Class: gf180mcu_fd_sc_mcu7t5v0__aoi222_1 instances:  16
  Class: gf180mcu_fd_sc_mcu7t5v0__fillcap_8 instances:   1
  Class: gf180mcu_fd_sc_mcu7t5v0__and3_1 instances:  14
  Class: gf180mcu_fd_sc_mcu7t5v0__nor4_1 instances:  10
  Class: gf180mcu_fd_sc_mcu7t5v0__aoi22_1 instances:  42
  Class: gf180mcu_fd_sc_mcu7t5v0__nand3_1 instances:  10
  Class: gf180mcu_fd_sc_mcu7t5v0__dffq_1 instances: 166
  Class: gf180mcu_fd_sc_mcu7t5v0__oai221_1 instances:   2
  Class: gf180mcu_fd_sc_mcu7t5v0__nor3_1 instances:  45
  Class: gf180mcu_fd_sc_mcu7t5v0__oai211_1 instances:   8
  Class: gf180mcu_fd_sc_mcu7t5v0__buf_2 instances:   8
  Class: gf180mcu_fd_sc_mcu7t5v0__fillcap_16 instances:   1
  Class: gf180mcu_fd_sc_mcu7t5v0__aoi221_1 instances:   4
  Class: gf180mcu_fd_sc_mcu7t5v0__inv_3 instances:   1
  Class: gf180mcu_fd_sc_mcu7t5v0__clkbuf_2 instances:   4
  Class: gf180mcu_fd_sc_mcu7t5v0__oai21_1 instances:  61
  Class: gf180mcu_fd_sc_mcu7t5v0__dlyb_1 instances:  36
  Class: gf180mcu_fd_sc_mcu7t5v0__fillcap_32 instances:   1
  Class: gf180mcu_fd_sc_mcu7t5v0__or4_1 instances:   5
  Class: gf180mcu_fd_sc_mcu7t5v0__inv_4 instances:   1
  Class: gf180mcu_fd_sc_mcu7t5v0__oai31_1 instances:   5
  Class: gf180mcu_fd_sc_mcu7t5v0__buf_4 instances:   6
  Class: gf180mcu_fd_sc_mcu7t5v0__nand2_1 instances:  45
  Class: gf180mcu_fd_sc_mcu7t5v0__inv_1 instances:   1
  Class: gf180mcu_fd_sc_mcu7t5v0__or2_1 instances:   4
  Class: gf180mcu_fd_sc_mcu7t5v0__fillcap_4 instances:   1
  Class: gf180mcu_fd_sc_mcu7t5v0__clkinv_4 instances:   2
  Class: gf180mcu_fd_sc_mcu7t5v0__and2_1 instances:  33
  Class: gf180mcu_fd_sc_mcu7t5v0__xor2_1 instances:  18
  Class: gf180mcu_fd_sc_mcu7t5v0__clkbuf_4 instances:   4
  Class: gf180mcu_fd_sc_mcu7t5v0__buf_1 instances:  10
  Class: gf180mcu_fd_sc_mcu7t5v0__inv_2 instances:   5
  Class: gf180mcu_fd_sc_mcu7t5v0__clkbuf_1 instances:   1
  Class: gf180mcu_fd_sc_mcu7t5v0__mux2_2 instances:   7
  Class: gf180mcu_fd_sc_mcu7t5v0__clkinv_1 instances:  50
  Class: gf180mcu_fd_sc_mcu7t5v0__aoi211_1 instances:  31
  Class: gf180mcu_fd_sc_mcu7t5v0__xnor2_1 instances:   4
  Class: gf180mcu_fd_sc_mcu7t5v0__tiel instances:   1
  Class: gf180mcu_fd_sc_mcu7t5v0__or3_1 instances:   2
  Class: gf180mcu_fd_sc_mcu7t5v0__clkinv_2 instances:   1
  Class: gf180mcu_fd_sc_mcu7t5v0__buf_3 instances:   1
  Class: gf180mcu_fd_sc_mcu7t5v0__fillcap_64 instances:   1
  Class: gf180mcu_fd_sc_mcu7t5v0__nor2_1 instances: 171
  Class: gf180mcu_fd_sc_mcu7t5v0__aoi21_1 instances:  41
Circuit contains 1159 nets, and 1 disconnected pin.

Circuit 1 contains 992 devices, Circuit 2 contains 992 devices.
Circuit 1 contains 1011 nets,    Circuit 2 contains 1011 nets.


Final result: 
Circuits match uniquely.
.
Logging to file "/foss/designs/acoustic-ranger-dvl-processor/layout/digital/TDC/runs/RUN_2026-09-01_09-22-52/70-netgen-lvs/reports/lvs.netgen.rpt" disabled
LVS Done.
