
===========================================================================
report_checks -unconstrained
===========================================================================
======================= max_tt_025C_5v00 Corner ===================================

Startpoint: RST_I (input port clocked by system_clock)
Endpoint: _879_ (rising edge-triggered flip-flop clocked by system_clock)
Path Group: system_clock
Path Type: max

Fanout         Cap        Slew       Delay        Time   Description
---------------------------------------------------------------------------------------------
                                  0.000000    0.000000   clock system_clock (rise edge)
                                  0.000000    0.000000   clock network delay (propagated)
                                 20.000000   20.000000 ^ input external delay
     1    0.008709    0.000000    0.000000   20.000000 ^ RST_I (in)
                                                         RST_I (net)
                      0.000312    0.000128   20.000128 ^ input10/I (gf180mcu_fd_sc_mcu7t5v0__dlyb_1)
    31    0.251982    4.073599    3.145116   23.145245 ^ input10/Z (gf180mcu_fd_sc_mcu7t5v0__dlyb_1)
                                                         net10 (net)
                      4.073845    0.018002   23.163246 ^ _430_/I (gf180mcu_fd_sc_mcu7t5v0__clkinv_1)
    16    0.138338    2.697654    2.201439   25.364685 v _430_/ZN (gf180mcu_fd_sc_mcu7t5v0__clkinv_1)
                                                         _103_ (net)
                      2.697691    0.005612   25.370296 v _491_/A1 (gf180mcu_fd_sc_mcu7t5v0__nand2_1)
     2    0.009931    0.670036    0.676760   26.047056 ^ _491_/ZN (gf180mcu_fd_sc_mcu7t5v0__nand2_1)
                                                         _155_ (net)
                      0.670036    0.000131   26.047188 ^ _502_/C (gf180mcu_fd_sc_mcu7t5v0__aoi211_1)
     5    0.040004    0.912123    0.677346   26.724535 v _502_/ZN (gf180mcu_fd_sc_mcu7t5v0__aoi211_1)
                                                         _166_ (net)
                      0.912123    0.000323   26.724857 v _505_/B (gf180mcu_fd_sc_mcu7t5v0__oai211_1)
     8    0.098776    3.052207    1.555733   28.280592 ^ _505_/ZN (gf180mcu_fd_sc_mcu7t5v0__oai211_1)
                                                         _169_ (net)
                      3.052228    0.004501   28.285093 ^ _534_/B1 (gf180mcu_fd_sc_mcu7t5v0__aoi22_1)
     1    0.005731    0.903468    0.294948   28.580040 v _534_/ZN (gf180mcu_fd_sc_mcu7t5v0__aoi22_1)
                                                         _013_ (net)
                      0.903468    0.000124   28.580164 v _879_/D (gf180mcu_fd_sc_mcu7t5v0__dffq_1)
                                             28.580164   data arrival time

                                100.000000  100.000000   clock system_clock (rise edge)
                                  0.000000  100.000000   clock source latency
     1    0.039106    0.000000    0.000000  100.000000 ^ CLK_I (in)
                                                         CLK_I (net)
                      0.004372    0.001791  100.001785 ^ clkbuf_0_CLK_I/I (gf180mcu_fd_sc_mcu7t5v0__clkbuf_16)
     8    0.214897    0.263090    0.327553  100.329338 ^ clkbuf_0_CLK_I/Z (gf180mcu_fd_sc_mcu7t5v0__clkbuf_16)
                                                         clknet_0_CLK_I (net)
                      0.263134    0.005038  100.334381 ^ clkbuf_3_6__f_CLK_I/I (gf180mcu_fd_sc_mcu7t5v0__clkbuf_16)
    13    0.068764    0.132433    0.292076  100.626457 ^ clkbuf_3_6__f_CLK_I/Z (gf180mcu_fd_sc_mcu7t5v0__clkbuf_16)
                                                         clknet_3_6__leaf_CLK_I (net)
                      0.132434    0.000540  100.626991 ^ _879_/CLK (gf180mcu_fd_sc_mcu7t5v0__dffq_1)
                                 -0.500000  100.126991   clock uncertainty
                                  0.000000  100.126991   clock reconvergence pessimism
                                 -0.499329   99.627663   library setup time
                                             99.627663   data required time
---------------------------------------------------------------------------------------------
                                             99.627663   data required time
                                            -28.580164   data arrival time
---------------------------------------------------------------------------------------------
                                             71.047501   slack (MET)




===========================================================================
report_checks --slack_max -0.01
============================================================================
======================= max_tt_025C_5v00 Corner ===================================

No paths found.


===========================================================================
 report_check_types -max_slew -max_cap -max_fanout -violators
============================================================================
======================= max_tt_025C_5v00 Corner ===================================

max slew

Pin                                        Limit        Slew       Slack
------------------------------------------------------------------------
_641_/B                                 4.000000    4.073853   -0.073853 (VIOLATED)
_773_/A2                                4.000000    4.073848   -0.073848 (VIOLATED)
_430_/I                                 4.000000    4.073845   -0.073845 (VIOLATED)
_804_/A1                                4.000000    4.073822   -0.073821 (VIOLATED)
_812_/A1                                4.000000    4.073814   -0.073814 (VIOLATED)
_808_/A1                                4.000000    4.073804   -0.073805 (VIOLATED)
_806_/A1                                4.000000    4.073790   -0.073789 (VIOLATED)
_800_/A1                                4.000000    4.073758   -0.073758 (VIOLATED)
_798_/A1                                4.000000    4.073726   -0.073725 (VIOLATED)
_794_/A1                                4.000000    4.073705   -0.073705 (VIOLATED)
_802_/A1                                4.000000    4.073691   -0.073691 (VIOLATED)
_796_/A1                                4.000000    4.073679   -0.073679 (VIOLATED)
_596_/A2                                4.000000    4.073668   -0.073669 (VIOLATED)
_600_/A2                                4.000000    4.073668   -0.073669 (VIOLATED)
_601_/B2                                4.000000    4.073668   -0.073668 (VIOLATED)
_599_/A3                                4.000000    4.073666   -0.073666 (VIOLATED)
_772_/A2                                4.000000    4.073662   -0.073662 (VIOLATED)
_712_/C                                 4.000000    4.073661   -0.073661 (VIOLATED)
_679_/A1                                4.000000    4.073658   -0.073658 (VIOLATED)
_710_/A1                                4.000000    4.073657   -0.073657 (VIOLATED)
_605_/B                                 4.000000    4.073654   -0.073654 (VIOLATED)
_777_/A1                                4.000000    4.073647   -0.073647 (VIOLATED)
_779_/A1                                4.000000    4.073647   -0.073647 (VIOLATED)
_781_/A1                                4.000000    4.073642   -0.073642 (VIOLATED)
_785_/A1                                4.000000    4.073632   -0.073632 (VIOLATED)
_810_/B                                 4.000000    4.073629   -0.073629 (VIOLATED)
_603_/C                                 4.000000    4.073628   -0.073628 (VIOLATED)
_787_/A1                                4.000000    4.073628   -0.073628 (VIOLATED)
_783_/A1                                4.000000    4.073619   -0.073619 (VIOLATED)
_789_/A1                                4.000000    4.073615   -0.073615 (VIOLATED)
_791_/A1                                4.000000    4.073599   -0.073599 (VIOLATED)
input10/Z                               4.000000    4.073599   -0.073599 (VIOLATED)

max capacitance

Pin                                        Limit         Cap       Slack
------------------------------------------------------------------------
input10/Z                               0.239200    0.251982   -0.012782 (VIOLATED)



===========================================================================
report_parasitic_annotation -report_unannotated
============================================================================
Found 9 unannotated drivers.
 ERR_I
 RTY_I
 clkload0/ZN
 clkload1/ZN
 clkload2/ZN
 clkload3/ZN
 clkload4/ZN
 clkload5/Z
 clkload6/Z
Found 0 partially unannotated drivers.

===========================================================================
max slew violation count 32
max fanout violation count 0
max cap violation count 1
============================================================================

===========================================================================
check_setup -verbose -unconstrained_endpoints -multiple_clock -no_clock -no_input_delay -loops -generated_clocks
===========================================================================
