Clock: system_clock
Sources: CLK_I 
Generated: no
Virtual: yes
Propagated: no
Period: 100.000000

===========================================================================
report_clock_properties
============================================================================
Clock                   Period          Waveform
----------------------------------------------------
system_clock        100.000000    0.000000 50.000000

===========================================================================
report_clock_latency
============================================================================
Clock system_clock
rise -> rise
    min     max
0.000000 0.000000 source latency
0.621027         network latency _827_/CLK
        0.632616 network latency _894_/CLK
---------------
0.621027 0.632616 latency
        0.011589 skew

fall -> fall
    min     max
0.000000 0.000000 source latency
0.627065         network latency _827_/CLK
        0.639613 network latency _894_/CLK
---------------
0.627065 0.639613 latency
        0.012548 skew



===========================================================================
report_clock_min_period
============================================================================
system_clock period_min = 8.94 fmax = 111.80
