┏━━━━━━━━━━━━━━━━━━━━━━┳━━━━━━━━━━┳━━━━━━━━━━┳━━━━━━━━━━┳━━━━━━━━━━┳━━━━━━━━━━━┳━━━━━━━━━━┳━━━━━━━━━━━┳━━━━━━━━━━┳━━━━━━━━━━━┳━━━━━━━━━━┳━━━━━━━━━━━┳━━━━━━━━━━┓
┃                      ┃ Hold     ┃ Reg to   ┃          ┃          ┃ of which  ┃ Setup    ┃           ┃          ┃           ┃ of which ┃           ┃          ┃
┃                      ┃ Worst    ┃ Reg      ┃          ┃ Hold Vio ┃ reg to    ┃ Worst    ┃ Reg to    ┃ Setup    ┃ Setup Vio ┃ reg to   ┃ Max Cap   ┃ Max Slew ┃
┃ Corner/Group         ┃ Slack    ┃ Paths    ┃ Hold TNS ┃ Count    ┃ reg       ┃ Slack    ┃ Reg Paths ┃ TNS      ┃ Count     ┃ reg      ┃ Violatio… ┃ Violati… ┃
┡━━━━━━━━━━━━━━━━━━━━━━╇━━━━━━━━━━╇━━━━━━━━━━╇━━━━━━━━━━╇━━━━━━━━━━╇━━━━━━━━━━━╇━━━━━━━━━━╇━━━━━━━━━━━╇━━━━━━━━━━╇━━━━━━━━━━━╇━━━━━━━━━━╇━━━━━━━━━━━╇━━━━━━━━━━┩
│ Overall              │ 0.1386   │ 0.1386   │ 0.0000   │ 0        │ 0         │ 64.4946  │ 93.9043   │ 0.0000   │ 0         │ 0        │ 2         │ 32       │
│ nom_tt_025C_5v00     │ 0.5399   │ 0.5399   │ 0.0000   │ 0        │ 0         │ 71.4107  │ 96.5899   │ 0.0000   │ 0         │ 0        │ 0         │ 0        │
│ nom_ss_125C_4v50     │ 1.4405   │ 1.4405   │ 0.0000   │ 0        │ 0         │ 65.1160  │ 93.9225   │ 0.0000   │ 0         │ 0        │ 0         │ 0        │
│ nom_ff_n40C_5v50     │ 0.1410   │ 0.1410   │ 0.0000   │ 0        │ 0         │ 74.2498  │ 97.7543   │ 0.0000   │ 0         │ 0        │ 1         │ 0        │
│ min_tt_025C_5v00     │ 0.5363   │ 0.5363   │ 0.0000   │ 0        │ 0         │ 71.7134  │ 96.5984   │ 0.0000   │ 0         │ 0        │ 0         │ 0        │
│ min_ss_125C_4v50     │ 1.4345   │ 1.4345   │ 0.0000   │ 0        │ 0         │ 65.6414  │ 93.9376   │ 0.0000   │ 0         │ 0        │ 0         │ 0        │
│ min_ff_n40C_5v50     │ 0.1386   │ 0.1386   │ 0.0000   │ 0        │ 0         │ 74.4513  │ 97.7598   │ 0.0000   │ 0         │ 0        │ 0         │ 0        │
│ max_tt_025C_5v00     │ 0.5443   │ 0.5443   │ 0.0000   │ 0        │ 0         │ 71.0475  │ 96.5797   │ 0.0000   │ 0         │ 0        │ 1         │ 32       │
│ max_ss_125C_4v50     │ 1.4477   │ 1.4477   │ 0.0000   │ 0        │ 0         │ 64.4946  │ 93.9043   │ 0.0000   │ 0         │ 0        │ 2         │ 0        │
│ max_ff_n40C_5v50     │ 0.1440   │ 0.1440   │ 0.0000   │ 0        │ 0         │ 74.0074  │ 97.7477   │ 0.0000   │ 0         │ 0        │ 1         │ 32       │
└──────────────────────┴──────────┴──────────┴──────────┴──────────┴───────────┴──────────┴───────────┴──────────┴───────────┴──────────┴───────────┴──────────┘
