
===========================================================================
report_checks -unconstrained
===========================================================================
======================= nom_tt_025C_5v00 Corner ===================================

Startpoint: RST_I (input port clocked by system_clock)
Endpoint: _1375_ (rising edge-triggered flip-flop clocked by signal_clock)
Path Group: signal_clock
Path Type: max

Fanout         Cap        Slew       Delay        Time   Description
---------------------------------------------------------------------------------------------
                               3899.999756 3899.999756   clock system_clock (rise edge)
                                  0.000000 3899.999756   clock network delay (propagated)
                                 20.000000 3919.999512 ^ input external delay
     1    0.005538    0.000000    0.000000 3919.999512 ^ RST_I (in)
                                                         RST_I (net)
                      0.000023    0.000000 3919.999512 ^ input18/I (gf180mcu_fd_sc_mcu7t5v0__buf_2)
    47    0.243093    1.983993    1.260105 3921.259766 ^ input18/Z (gf180mcu_fd_sc_mcu7t5v0__buf_2)
                                                         net18 (net)
                      1.984021    0.004093 3921.263672 ^ _0876_/A2 (gf180mcu_fd_sc_mcu7t5v0__nor2_1)
     8    0.058192    1.178607    0.898126 3922.161865 v _0876_/ZN (gf180mcu_fd_sc_mcu7t5v0__nor2_1)
                                                         _0328_ (net)
                      1.178608    0.001364 3922.163330 v _0987_/B (gf180mcu_fd_sc_mcu7t5v0__oai31_1)
     9    0.047272    2.632946    0.973159 3923.136475 ^ _0987_/ZN (gf180mcu_fd_sc_mcu7t5v0__oai31_1)
                                                         _0413_ (net)
                      2.632946    0.000000 3923.136475 ^ _0988_/I (gf180mcu_fd_sc_mcu7t5v0__clkinv_1)
     7    0.040206    1.129490    0.842647 3923.979004 v _0988_/ZN (gf180mcu_fd_sc_mcu7t5v0__clkinv_1)
                                                         _0414_ (net)
                      1.129490    0.000455 3923.979492 v _1019_/B (gf180mcu_fd_sc_mcu7t5v0__oai21_1)
     1    0.005352    0.491281    0.479304 3924.458740 ^ _1019_/ZN (gf180mcu_fd_sc_mcu7t5v0__oai21_1)
                                                         _0434_ (net)
                      0.491281    0.000000 3924.458740 ^ _1020_/B (gf180mcu_fd_sc_mcu7t5v0__aoi21_1)
     1    0.003427    0.289987    0.219643 3924.678467 v _1020_/ZN (gf180mcu_fd_sc_mcu7t5v0__aoi21_1)
                                                         _0106_ (net)
                      0.289987    0.000000 3924.678467 v _1375_/D (gf180mcu_fd_sc_mcu7t5v0__dffq_1)
                                           3924.678467   data arrival time

                               4000.000000 4000.000000   clock signal_clock (rise edge)
                                  0.000000 4000.000000   clock source latency
     2    0.053915    0.000000    0.000000 4000.000000 ^ signal_input (in)
                                                         signal_input (net)
                      0.002977    0.001364 4000.001465 ^ clkbuf_regs_0_signal_clock/I (gf180mcu_fd_sc_mcu7t5v0__clkbuf_16)
     1    0.023314    0.091273    0.208274 4000.209717 ^ clkbuf_regs_0_signal_clock/Z (gf180mcu_fd_sc_mcu7t5v0__clkbuf_16)
                                                         signal_input_regs (net)
                      0.091273    0.000000 4000.209717 ^ clkbuf_0_signal_input_regs/I (gf180mcu_fd_sc_mcu7t5v0__clkbuf_16)
     2    0.046304    0.111921    0.240561 4000.450195 ^ clkbuf_0_signal_input_regs/Z (gf180mcu_fd_sc_mcu7t5v0__clkbuf_16)
                                                         clknet_0_signal_input_regs (net)
                      0.111921    0.000000 4000.450195 ^ clkbuf_1_1__f_signal_input_regs/I (gf180mcu_fd_sc_mcu7t5v0__clkbuf_16)
     9    0.038052    0.104801    0.238742 4000.688965 ^ clkbuf_1_1__f_signal_input_regs/Z (gf180mcu_fd_sc_mcu7t5v0__clkbuf_16)
                                                         clknet_1_1__leaf_signal_input_regs (net)
                      0.104801    0.000455 4000.689453 ^ _1375_/CLK (gf180mcu_fd_sc_mcu7t5v0__dffq_1)
                                  0.000000 4000.689453   clock reconvergence pessimism
                                 -0.283773 4000.405273   library setup time
                                           4000.405273   data required time
---------------------------------------------------------------------------------------------
                                           4000.405273   data required time
                                           -3924.678467   data arrival time
---------------------------------------------------------------------------------------------
                                             75.726830   slack (MET)


Startpoint: RST_I (input port clocked by system_clock)
Endpoint: _1288_ (rising edge-triggered flip-flop clocked by system_clock)
Path Group: system_clock
Path Type: max

Fanout         Cap        Slew       Delay        Time   Description
---------------------------------------------------------------------------------------------
                                  0.000000    0.000000   clock system_clock (rise edge)
                                  0.000000    0.000000   clock network delay (propagated)
                                 20.000000   20.000000 ^ input external delay
     1    0.005538    0.000000    0.000000   20.000000 ^ RST_I (in)
                                                         RST_I (net)
                      0.000023    0.000009   20.000010 ^ input18/I (gf180mcu_fd_sc_mcu7t5v0__buf_2)
    47    0.243093    1.983993    1.259673   21.259682 ^ input18/Z (gf180mcu_fd_sc_mcu7t5v0__buf_2)
                                                         net18 (net)
                      1.984004    0.002609   21.262293 ^ _0679_/I (gf180mcu_fd_sc_mcu7t5v0__clkinv_2)
    40    0.230100    1.916162    1.555836   22.818129 v _0679_/ZN (gf180mcu_fd_sc_mcu7t5v0__clkinv_2)
                                                         _0200_ (net)
                      1.916162    0.000009   22.818138 v _0687_/A2 (gf180mcu_fd_sc_mcu7t5v0__nand3_1)
     3    0.021655    0.856996    0.857014   23.675152 ^ _0687_/ZN (gf180mcu_fd_sc_mcu7t5v0__nand3_1)
                                                         _0208_ (net)
                      0.856996    0.000044   23.675196 ^ _0688_/A3 (gf180mcu_fd_sc_mcu7t5v0__nor3_1)
     3    0.011817    0.486431    0.353522   24.028717 v _0688_/ZN (gf180mcu_fd_sc_mcu7t5v0__nor3_1)
                                                         _0209_ (net)
                      0.486431    0.000037   24.028755 v _0689_/A2 (gf180mcu_fd_sc_mcu7t5v0__and2_1)
     8    0.040485    0.432591    0.609838   24.638592 v _0689_/Z (gf180mcu_fd_sc_mcu7t5v0__and2_1)
                                                         _0210_ (net)
                      0.432595    0.000743   24.639336 v _0707_/A1 (gf180mcu_fd_sc_mcu7t5v0__and2_1)
     9    0.052762    0.547115    0.642132   25.281467 v _0707_/Z (gf180mcu_fd_sc_mcu7t5v0__and2_1)
                                                         _0223_ (net)
                      0.547115    0.000377   25.281843 v _0747_/A1 (gf180mcu_fd_sc_mcu7t5v0__oai221_1)
     2    0.013339    0.944349    0.498250   25.780094 ^ _0747_/ZN (gf180mcu_fd_sc_mcu7t5v0__oai221_1)
                                                         _0249_ (net)
                      0.944349    0.000179   25.780273 ^ _0748_/B1 (gf180mcu_fd_sc_mcu7t5v0__aoi221_1)
     1    0.002790    0.718207    0.300574   26.080847 v _0748_/ZN (gf180mcu_fd_sc_mcu7t5v0__aoi221_1)
                                                         _0019_ (net)
                      0.718207    0.000005   26.080853 v _1288_/D (gf180mcu_fd_sc_mcu7t5v0__dffq_1)
                                             26.080853   data arrival time

                                100.000000  100.000000   clock system_clock (rise edge)
                                  0.000000  100.000000   clock source latency
     1    0.034983    0.000000    0.000000  100.000000 ^ CLK_I (in)
                                                         CLK_I (net)
                      0.002581    0.001059  100.001053 ^ clkbuf_0_CLK_I/I (gf180mcu_fd_sc_mcu7t5v0__clkbuf_16)
    16    0.204781    0.254580    0.323162  100.324219 ^ clkbuf_0_CLK_I/Z (gf180mcu_fd_sc_mcu7t5v0__clkbuf_16)
                                                         clknet_0_CLK_I (net)
                      0.254584    0.001457  100.325676 ^ clkbuf_4_3_0_CLK_I/I (gf180mcu_fd_sc_mcu7t5v0__clkbuf_8)
    12    0.050179    0.157187    0.303906  100.629578 ^ clkbuf_4_3_0_CLK_I/Z (gf180mcu_fd_sc_mcu7t5v0__clkbuf_8)
                                                         clknet_4_3_0_CLK_I (net)
                      0.157187    0.000057  100.629639 ^ _1288_/CLK (gf180mcu_fd_sc_mcu7t5v0__dffq_1)
                                 -0.500000  100.129639   clock uncertainty
                                  0.000000  100.129639   clock reconvergence pessimism
                                 -0.429252   99.700386   library setup time
                                             99.700386   data required time
---------------------------------------------------------------------------------------------
                                             99.700386   data required time
                                            -26.080853   data arrival time
---------------------------------------------------------------------------------------------
                                             73.619537   slack (MET)




===========================================================================
report_checks --slack_max -0.01
============================================================================
======================= nom_tt_025C_5v00 Corner ===================================

No paths found.


===========================================================================
 report_check_types -max_slew -max_cap -max_fanout -violators
============================================================================
======================= nom_tt_025C_5v00 Corner ===================================

max slew

Pin                                        Limit        Slew       Slack
------------------------------------------------------------------------
_1048_/ZN                               4.000000    4.143801   -0.143801 (VIOLATED)
_1049__45/I                             4.000000    4.143801   -0.143801 (VIOLATED)
_1055_/A2                               4.000000    4.143801   -0.143801 (VIOLATED)
_1059_/A2                               4.000000    4.143801   -0.143801 (VIOLATED)
_1063_/A2                               4.000000    4.143801   -0.143801 (VIOLATED)
_1067_/A2                               4.000000    4.143801   -0.143801 (VIOLATED)
_1071_/A2                               4.000000    4.143801   -0.143801 (VIOLATED)
_1074_/A2                               4.000000    4.143801   -0.143801 (VIOLATED)
_1078_/A2                               4.000000    4.143801   -0.143801 (VIOLATED)
_1082_/A2                               4.000000    4.143801   -0.143801 (VIOLATED)
_1085_/A2                               4.000000    4.143801   -0.143801 (VIOLATED)
_1090_/A2                               4.000000    4.143801   -0.143801 (VIOLATED)
_1094_/A2                               4.000000    4.143801   -0.143801 (VIOLATED)
_1098_/A2                               4.000000    4.143801   -0.143801 (VIOLATED)
_1102_/A2                               4.000000    4.143801   -0.143801 (VIOLATED)
_1106_/A2                               4.000000    4.143801   -0.143801 (VIOLATED)
_1109_/A2                               4.000000    4.143801   -0.143801 (VIOLATED)
_1114_/A2                               4.000000    4.143801   -0.143801 (VIOLATED)
_1118_/A2                               4.000000    4.143801   -0.143801 (VIOLATED)
_1122_/A2                               4.000000    4.143801   -0.143801 (VIOLATED)
_1125_/A2                               4.000000    4.143801   -0.143801 (VIOLATED)
_1127_/A3                               4.000000    4.143801   -0.143801 (VIOLATED)
_1128_/A3                               4.000000    4.143801   -0.143801 (VIOLATED)
_1129_/A3                               4.000000    4.143801   -0.143801 (VIOLATED)
_1130_/A3                               4.000000    4.143801   -0.143801 (VIOLATED)

max capacitance

Pin                                        Limit         Cap       Slack
------------------------------------------------------------------------
_1048_/ZN                               0.124200    0.135481   -0.011281 (VIOLATED)



===========================================================================
report_parasitic_annotation -report_unannotated
============================================================================
Found 16 unannotated drivers.
 ext_rst_i
 clkload0/Z
 clkload1/Z
 clkload10/ZN
 clkload11/ZN
 clkload12/Z
 clkload13/ZN
 clkload14/ZN
 clkload2/ZN
 clkload3/Z
 clkload4/ZN
 clkload5/ZN
 clkload6/ZN
 clkload7/ZN
 clkload8/ZN
 clkload9/ZN
Found 0 partially unannotated drivers.

===========================================================================
max slew violation count 25
Writing metric design__max_slew_violation__count__corner:nom_tt_025C_5v00: 25
max fanout violation count 0
Writing metric design__max_fanout_violation__count__corner:nom_tt_025C_5v00: 0
max cap violation count 1
Writing metric design__max_cap_violation__count__corner:nom_tt_025C_5v00: 1
============================================================================

===========================================================================
check_setup -verbose -unconstrained_endpoints -multiple_clock -no_clock -no_input_delay -loops -generated_clocks
===========================================================================
