
===========================================================================
 report_power
============================================================================
======================= nom_tt_025C_5v00 Corner ===================================

Group                    Internal    Switching      Leakage        Total
                            Power        Power        Power        Power (Watts)
------------------------------------------------------------------------
Sequential           8.419426e-04 1.309038e-06 6.564650e-08 8.433173e-04  48.2%
Combinational        1.703643e-05 1.996316e-05 7.161632e-08 3.707121e-05   2.1%
Clock                5.687600e-04 3.022179e-04 3.634313e-08 8.710142e-04  49.7%
Macro                0.000000e+00 0.000000e+00 0.000000e+00 0.000000e+00   0.0%
Pad                  0.000000e+00 0.000000e+00 0.000000e+00 0.000000e+00   0.0%
------------------------------------------------------------------------
Total                1.427740e-03 3.234901e-04 1.736044e-07 1.751403e-03 100.0%
                            81.5%        18.5%         0.0%
Writing metric power__internal__total: 0.0014277395093813539
Writing metric power__switching__total: 0.00032349012326449156
Writing metric power__leakage__total: 1.7360436288527126e-7
Writing metric power__total: 0.0017514032078906894

