Reading timing models for corner nom_tt_025C_5v00…
Reading timing library for the 'nom_tt_025C_5v00' corner at '/foss/pdks/gf180mcuD/libs.ref/gf180mcu_fd_sc_mcu7t5v0/lib/gf180mcu_fd_sc_mcu7t5v0__tt_025C_5v00.lib'…
Reading OpenROAD database at '/foss/designs/acoustic-ranger-dvl-processor/layout/digital/TDC/runs/RUN_2026-08-31_14-43-30/19-openroad-tapendcapinsertion/frequency_counter.odb'…
Reading design constraints file at '/foss/designs/acoustic-ranger-dvl-processor/layout/digital/TDC/constraint.sdc'…
[INFO] No information on clock propagation in input SDC file-- propagating all clocks.
[INFO] Setting global connections...
[INFO ODB-0403] 0 connections made, 0 conflicts skipped.
+ pdngen 
[INFO PDN-0001] Inserting grid: stdcell_grid
Setting global connections for newly added cells…
[INFO] Setting global connections...
[INFO ODB-0403] 0 connections made, 0 conflicts skipped.
Updating metrics…
Cell type report:                       Count       Area
  Endcap cell                             100     439.04
  Tap cell                                260    1141.50
  Tie cell                                  1       8.78
  Buffer                                    6      79.03
  Inverter                                 51     447.82
  Sequential cell                         166   10567.69
  Multi-Input combinational cell          593   10425.00
  Total                                  1177   23108.87
Writing OpenROAD database to '/foss/designs/acoustic-ranger-dvl-processor/layout/digital/TDC/runs/RUN_2026-08-31_14-43-30/21-openroad-generatepdn/frequency_counter.odb'…
Writing netlist to '/foss/designs/acoustic-ranger-dvl-processor/layout/digital/TDC/runs/RUN_2026-08-31_14-43-30/21-openroad-generatepdn/frequency_counter.nl.v'…
Writing powered netlist to '/foss/designs/acoustic-ranger-dvl-processor/layout/digital/TDC/runs/RUN_2026-08-31_14-43-30/21-openroad-generatepdn/frequency_counter.pnl.v'…
Writing layout to '/foss/designs/acoustic-ranger-dvl-processor/layout/digital/TDC/runs/RUN_2026-08-31_14-43-30/21-openroad-generatepdn/frequency_counter.def'…
Writing timing constraints to '/foss/designs/acoustic-ranger-dvl-processor/layout/digital/TDC/runs/RUN_2026-08-31_14-43-30/21-openroad-generatepdn/frequency_counter.sdc'…
[INFO PSM-0040] All shapes on net VDD are connected.
[INFO PSM-0040] All shapes on net VSS are connected.
