
 /----------------------------------------------------------------------------\
 |  yosys -- Yosys Open SYnthesis Suite                                       |
 |  Copyright (C) 2012 - 2026  Claire Xenia Wolf <claire@yosyshq.com>         |
 |  Distributed under an ISC-like license, type "license" to see terms        |
 \----------------------------------------------------------------------------/
 Yosys 0.64 (git sha1 6d2c445ae, g++ 13.3.0-6ubuntu2~24.04.1 -fPIC -O3)

1. Executing Liberty frontend: /foss/pdks/gf180mcuD/libs.ref/gf180mcu_fd_sc_mcu7t5v0/lib/gf180mcu_fd_sc_mcu7t5v0__tt_025C_5v00.lib
Imported 229 cell types from liberty file.
[INFO] Using SDC file '/foss/designs/acoustic-ranger-dvl-processor/layout/digital/i2c_wb_master/runs/RUN_2026-08-31_17-24-00/06-yosys-synthesis/synthesis.abc.sdc' for ABC…wtaf

2. Executing Verilog-2005 frontend: /foss/designs/acoustic-ranger-dvl-processor/design/digital/I2C/i2c_controller_wb_master.v
Parsing SystemVerilog input from `/foss/designs/acoustic-ranger-dvl-processor/design/digital/I2C/i2c_controller_wb_master.v' to AST representation.
Storing AST representation for module `$abstract\i2c_controller'.
Successfully finished Verilog frontend.

3. Executing HIERARCHY pass (managing design hierarchy).

4. Executing AST frontend in derive mode using pre-parsed AST for module `\i2c_controller'.
Generating RTLIL representation for module `\i2c_controller'.

4.1. Analyzing design hierarchy..
Top module:  \i2c_controller

4.2. Analyzing design hierarchy..
Top module:  \i2c_controller
Removing unused module `$abstract\i2c_controller'.
Removed 1 unused modules.
Renaming module i2c_controller to i2c_controller.

5. Executing ATTRMAP pass (move or copy attributes).

6. Executing HIERARCHY pass (managing design hierarchy).

6.1. Analyzing design hierarchy..
Top module:  \i2c_controller

6.2. Analyzing design hierarchy..
Top module:  \i2c_controller
Removed 0 unused modules.

7. Executing PROC_CLEAN pass (remove empty switches from decision trees).
Cleaned up 0 empty switches.

8. Executing PROC_RMDEAD pass (remove dead branches from decision trees).
Marked 17 switch rules as full_case in process $proc$/foss/designs/acoustic-ranger-dvl-processor/design/digital/I2C/i2c_controller_wb_master.v:336$48 in module i2c_controller.
Marked 1 switch rules as full_case in process $proc$/foss/designs/acoustic-ranger-dvl-processor/design/digital/I2C/i2c_controller_wb_master.v:316$46 in module i2c_controller.
Marked 1 switch rules as full_case in process $proc$/foss/designs/acoustic-ranger-dvl-processor/design/digital/I2C/i2c_controller_wb_master.v:300$40 in module i2c_controller.
Marked 1 switch rules as full_case in process $proc$/foss/designs/acoustic-ranger-dvl-processor/design/digital/I2C/i2c_controller_wb_master.v:289$38 in module i2c_controller.
Marked 6 switch rules as full_case in process $proc$/foss/designs/acoustic-ranger-dvl-processor/design/digital/I2C/i2c_controller_wb_master.v:117$9 in module i2c_controller.
Marked 1 switch rules as full_case in process $proc$/foss/designs/acoustic-ranger-dvl-processor/design/digital/I2C/i2c_controller_wb_master.v:92$3 in module i2c_controller.
Marked 1 switch rules as full_case in process $proc$/foss/designs/acoustic-ranger-dvl-processor/design/digital/I2C/i2c_controller_wb_master.v:82$1 in module i2c_controller.
Removed a total of 0 dead cases.

9. Executing PROC_PRUNE pass (remove redundant assignments in processes).
Removed 4 redundant assignments.
Promoted 4 assignments to connections.

10. Executing PROC_INIT pass (extract init attributes).

11. Executing PROC_ARST pass (detect async resets in processes).

12. Executing PROC_ROM pass (convert switches to ROMs).
Converted 0 switches.
<suppressed ~38 debug messages>

13. Executing PROC_MUX pass (convert decision trees to multiplexers).
Creating decoders for process `\i2c_controller.$proc$/foss/designs/acoustic-ranger-dvl-processor/design/digital/I2C/i2c_controller_wb_master.v:336$48'.
     1/10: $0\address_data_buffer_internal[7:0]
     2/10: $0\iteration[3:0]
     3/10: $0\i2c_next_state_routine_block[1:0]
     4/10: $0\register_content_data_flag[0:0]
     5/10: $0\register_addr_data_flag[0:0]
     6/10: $0\read_request_internal_flag[0:0]
     7/10: $0\received_data_internal_flag[0:0]
     8/10: $0\write_request_internal_flag[0:0]
     9/10: $0\recv_data_buffer[7:0]
    10/10: $0\i2c_sda_out_pin_ctrl[0:0]
Creating decoders for process `\i2c_controller.$proc$/foss/designs/acoustic-ranger-dvl-processor/design/digital/I2C/i2c_controller_wb_master.v:316$46'.
     1/1: $0\i2c_state[1:0]
Creating decoders for process `\i2c_controller.$proc$/foss/designs/acoustic-ranger-dvl-processor/design/digital/I2C/i2c_controller_wb_master.v:300$40'.
     1/1: $0\previous_state[0:0]
Creating decoders for process `\i2c_controller.$proc$/foss/designs/acoustic-ranger-dvl-processor/design/digital/I2C/i2c_controller_wb_master.v:289$38'.
     1/1: $0\sda_previous_state[0:0]
Creating decoders for process `\i2c_controller.$proc$/foss/designs/acoustic-ranger-dvl-processor/design/digital/I2C/i2c_controller_wb_master.v:276$31'.
Creating decoders for process `\i2c_controller.$proc$/foss/designs/acoustic-ranger-dvl-processor/design/digital/I2C/i2c_controller_wb_master.v:117$9'.
     1/9: $0\wb_master_next_state[1:0]
     2/9: $0\addr_pointer_register_internal[7:0]
     3/9: $0\send_data_buffer[7:0]
     4/9: $0\addr_set_register[7:0]
     5/9: $0\WE_O[0:0]
     6/9: $0\STB_O[0:0]
     7/9: $0\CYC_O[0:0]
     8/9: $0\DAT_O[7:0]
     9/9: $0\ADDR_O[7:0]
Creating decoders for process `\i2c_controller.$proc$/foss/designs/acoustic-ranger-dvl-processor/design/digital/I2C/i2c_controller_wb_master.v:92$3'.
     1/1: $0\wb_master_subroutine_iteration[1:0]
Creating decoders for process `\i2c_controller.$proc$/foss/designs/acoustic-ranger-dvl-processor/design/digital/I2C/i2c_controller_wb_master.v:82$1'.
     1/1: $0\wb_master_state[1:0]

14. Executing PROC_DLATCH pass (convert process syncs to latches).

15. Executing PROC_DFF pass (convert process syncs to FFs).
Creating register for signal `\i2c_controller.\i2c_sda_out_pin_ctrl' using process `\i2c_controller.$proc$/foss/designs/acoustic-ranger-dvl-processor/design/digital/I2C/i2c_controller_wb_master.v:336$48'.
  created $dff cell `$procdff$639' with positive edge clock.
Creating register for signal `\i2c_controller.\recv_data_buffer' using process `\i2c_controller.$proc$/foss/designs/acoustic-ranger-dvl-processor/design/digital/I2C/i2c_controller_wb_master.v:336$48'.
  created $dff cell `$procdff$640' with positive edge clock.
Creating register for signal `\i2c_controller.\write_request_internal_flag' using process `\i2c_controller.$proc$/foss/designs/acoustic-ranger-dvl-processor/design/digital/I2C/i2c_controller_wb_master.v:336$48'.
  created $dff cell `$procdff$641' with positive edge clock.
Creating register for signal `\i2c_controller.\received_data_internal_flag' using process `\i2c_controller.$proc$/foss/designs/acoustic-ranger-dvl-processor/design/digital/I2C/i2c_controller_wb_master.v:336$48'.
  created $dff cell `$procdff$642' with positive edge clock.
Creating register for signal `\i2c_controller.\read_request_internal_flag' using process `\i2c_controller.$proc$/foss/designs/acoustic-ranger-dvl-processor/design/digital/I2C/i2c_controller_wb_master.v:336$48'.
  created $dff cell `$procdff$643' with positive edge clock.
Creating register for signal `\i2c_controller.\register_addr_data_flag' using process `\i2c_controller.$proc$/foss/designs/acoustic-ranger-dvl-processor/design/digital/I2C/i2c_controller_wb_master.v:336$48'.
  created $dff cell `$procdff$644' with positive edge clock.
Creating register for signal `\i2c_controller.\register_content_data_flag' using process `\i2c_controller.$proc$/foss/designs/acoustic-ranger-dvl-processor/design/digital/I2C/i2c_controller_wb_master.v:336$48'.
  created $dff cell `$procdff$645' with positive edge clock.
Creating register for signal `\i2c_controller.\i2c_next_state_routine_block' using process `\i2c_controller.$proc$/foss/designs/acoustic-ranger-dvl-processor/design/digital/I2C/i2c_controller_wb_master.v:336$48'.
  created $dff cell `$procdff$646' with positive edge clock.
Creating register for signal `\i2c_controller.\iteration' using process `\i2c_controller.$proc$/foss/designs/acoustic-ranger-dvl-processor/design/digital/I2C/i2c_controller_wb_master.v:336$48'.
  created $dff cell `$procdff$647' with positive edge clock.
Creating register for signal `\i2c_controller.\address_data_buffer_internal' using process `\i2c_controller.$proc$/foss/designs/acoustic-ranger-dvl-processor/design/digital/I2C/i2c_controller_wb_master.v:336$48'.
  created $dff cell `$procdff$648' with positive edge clock.
Creating register for signal `\i2c_controller.\i2c_state' using process `\i2c_controller.$proc$/foss/designs/acoustic-ranger-dvl-processor/design/digital/I2C/i2c_controller_wb_master.v:316$46'.
  created $dff cell `$procdff$649' with positive edge clock.
Creating register for signal `\i2c_controller.\previous_state' using process `\i2c_controller.$proc$/foss/designs/acoustic-ranger-dvl-processor/design/digital/I2C/i2c_controller_wb_master.v:300$40'.
  created $dff cell `$procdff$650' with positive edge clock.
Creating register for signal `\i2c_controller.\rising_edge_detected' using process `\i2c_controller.$proc$/foss/designs/acoustic-ranger-dvl-processor/design/digital/I2C/i2c_controller_wb_master.v:300$40'.
  created $dff cell `$procdff$651' with positive edge clock.
Creating register for signal `\i2c_controller.\falling_edge_detected' using process `\i2c_controller.$proc$/foss/designs/acoustic-ranger-dvl-processor/design/digital/I2C/i2c_controller_wb_master.v:300$40'.
  created $dff cell `$procdff$652' with positive edge clock.
Creating register for signal `\i2c_controller.\sda_previous_state' using process `\i2c_controller.$proc$/foss/designs/acoustic-ranger-dvl-processor/design/digital/I2C/i2c_controller_wb_master.v:289$38'.
  created $dff cell `$procdff$653' with positive edge clock.
Creating register for signal `\i2c_controller.\scl_synchroniser_internal' using process `\i2c_controller.$proc$/foss/designs/acoustic-ranger-dvl-processor/design/digital/I2C/i2c_controller_wb_master.v:276$31'.
  created $dff cell `$procdff$654' with positive edge clock.
Creating register for signal `\i2c_controller.\sda_synchroniser_internal' using process `\i2c_controller.$proc$/foss/designs/acoustic-ranger-dvl-processor/design/digital/I2C/i2c_controller_wb_master.v:276$31'.
  created $dff cell `$procdff$655' with positive edge clock.
Creating register for signal `\i2c_controller.\ADDR_O' using process `\i2c_controller.$proc$/foss/designs/acoustic-ranger-dvl-processor/design/digital/I2C/i2c_controller_wb_master.v:117$9'.
  created $dff cell `$procdff$656' with positive edge clock.
Creating register for signal `\i2c_controller.\DAT_O' using process `\i2c_controller.$proc$/foss/designs/acoustic-ranger-dvl-processor/design/digital/I2C/i2c_controller_wb_master.v:117$9'.
  created $dff cell `$procdff$657' with positive edge clock.
Creating register for signal `\i2c_controller.\CYC_O' using process `\i2c_controller.$proc$/foss/designs/acoustic-ranger-dvl-processor/design/digital/I2C/i2c_controller_wb_master.v:117$9'.
  created $dff cell `$procdff$658' with positive edge clock.
Creating register for signal `\i2c_controller.\STB_O' using process `\i2c_controller.$proc$/foss/designs/acoustic-ranger-dvl-processor/design/digital/I2C/i2c_controller_wb_master.v:117$9'.
  created $dff cell `$procdff$659' with positive edge clock.
Creating register for signal `\i2c_controller.\WE_O' using process `\i2c_controller.$proc$/foss/designs/acoustic-ranger-dvl-processor/design/digital/I2C/i2c_controller_wb_master.v:117$9'.
  created $dff cell `$procdff$660' with positive edge clock.
Creating register for signal `\i2c_controller.\addr_set_register' using process `\i2c_controller.$proc$/foss/designs/acoustic-ranger-dvl-processor/design/digital/I2C/i2c_controller_wb_master.v:117$9'.
  created $dff cell `$procdff$661' with positive edge clock.
Creating register for signal `\i2c_controller.\send_data_buffer' using process `\i2c_controller.$proc$/foss/designs/acoustic-ranger-dvl-processor/design/digital/I2C/i2c_controller_wb_master.v:117$9'.
  created $dff cell `$procdff$662' with positive edge clock.
Creating register for signal `\i2c_controller.\addr_pointer_register_internal' using process `\i2c_controller.$proc$/foss/designs/acoustic-ranger-dvl-processor/design/digital/I2C/i2c_controller_wb_master.v:117$9'.
  created $dff cell `$procdff$663' with positive edge clock.
Creating register for signal `\i2c_controller.\wb_master_next_state' using process `\i2c_controller.$proc$/foss/designs/acoustic-ranger-dvl-processor/design/digital/I2C/i2c_controller_wb_master.v:117$9'.
  created $dff cell `$procdff$664' with positive edge clock.
Creating register for signal `\i2c_controller.\wb_master_subroutine_iteration' using process `\i2c_controller.$proc$/foss/designs/acoustic-ranger-dvl-processor/design/digital/I2C/i2c_controller_wb_master.v:92$3'.
  created $dff cell `$procdff$665' with positive edge clock.
Creating register for signal `\i2c_controller.\wb_master_state' using process `\i2c_controller.$proc$/foss/designs/acoustic-ranger-dvl-processor/design/digital/I2C/i2c_controller_wb_master.v:82$1'.
  created $dff cell `$procdff$666' with positive edge clock.

16. Executing PROC_MEMWR pass (convert process memory writes to cells).

17. Executing PROC_CLEAN pass (remove empty switches from decision trees).
Found and cleaned up 20 empty switches in `\i2c_controller.$proc$/foss/designs/acoustic-ranger-dvl-processor/design/digital/I2C/i2c_controller_wb_master.v:336$48'.
Removing empty process `i2c_controller.$proc$/foss/designs/acoustic-ranger-dvl-processor/design/digital/I2C/i2c_controller_wb_master.v:336$48'.
Found and cleaned up 1 empty switch in `\i2c_controller.$proc$/foss/designs/acoustic-ranger-dvl-processor/design/digital/I2C/i2c_controller_wb_master.v:316$46'.
Removing empty process `i2c_controller.$proc$/foss/designs/acoustic-ranger-dvl-processor/design/digital/I2C/i2c_controller_wb_master.v:316$46'.
Found and cleaned up 1 empty switch in `\i2c_controller.$proc$/foss/designs/acoustic-ranger-dvl-processor/design/digital/I2C/i2c_controller_wb_master.v:300$40'.
Removing empty process `i2c_controller.$proc$/foss/designs/acoustic-ranger-dvl-processor/design/digital/I2C/i2c_controller_wb_master.v:300$40'.
Found and cleaned up 1 empty switch in `\i2c_controller.$proc$/foss/designs/acoustic-ranger-dvl-processor/design/digital/I2C/i2c_controller_wb_master.v:289$38'.
Removing empty process `i2c_controller.$proc$/foss/designs/acoustic-ranger-dvl-processor/design/digital/I2C/i2c_controller_wb_master.v:289$38'.
Removing empty process `i2c_controller.$proc$/foss/designs/acoustic-ranger-dvl-processor/design/digital/I2C/i2c_controller_wb_master.v:276$31'.
Found and cleaned up 10 empty switches in `\i2c_controller.$proc$/foss/designs/acoustic-ranger-dvl-processor/design/digital/I2C/i2c_controller_wb_master.v:117$9'.
Removing empty process `i2c_controller.$proc$/foss/designs/acoustic-ranger-dvl-processor/design/digital/I2C/i2c_controller_wb_master.v:117$9'.
Found and cleaned up 4 empty switches in `\i2c_controller.$proc$/foss/designs/acoustic-ranger-dvl-processor/design/digital/I2C/i2c_controller_wb_master.v:92$3'.
Removing empty process `i2c_controller.$proc$/foss/designs/acoustic-ranger-dvl-processor/design/digital/I2C/i2c_controller_wb_master.v:92$3'.
Found and cleaned up 1 empty switch in `\i2c_controller.$proc$/foss/designs/acoustic-ranger-dvl-processor/design/digital/I2C/i2c_controller_wb_master.v:82$1'.
Removing empty process `i2c_controller.$proc$/foss/designs/acoustic-ranger-dvl-processor/design/digital/I2C/i2c_controller_wb_master.v:82$1'.
Cleaned up 38 empty switches.

18. Executing CHECK pass (checking for obvious problems).
Checking module i2c_controller...
Found and reported 0 problems.

19. Executing OPT_EXPR pass (perform const folding).
Optimizing module i2c_controller.
<suppressed ~55 debug messages>

20. Executing FLATTEN pass (flatten design).

21. Executing OPT_EXPR pass (perform const folding).
Optimizing module i2c_controller.

22. Executing OPT_CLEAN pass (remove unused cells and wires).
Finding unused cells or wires in module \i2c_controller..
Removed 14 unused cells and 195 unused wires.
<suppressed ~17 debug messages>

23. Executing OPT_EXPR pass (perform const folding).
Optimizing module i2c_controller.

24. Executing OPT_MERGE pass (detect identical cells).
Finding identical cells in module `\i2c_controller'.
Computing hashes of 340 cells of `\i2c_controller'.
Finding duplicate cells in `\i2c_controller'.
Computing hashes of 236 cells of `\i2c_controller'.
Finding duplicate cells in `\i2c_controller'.
Computing hashes of 232 cells of `\i2c_controller'.
Finding duplicate cells in `\i2c_controller'.
<suppressed ~324 debug messages>
Removed a total of 108 cells.

25. Executing OPT_MUXTREE pass (detect dead branches in mux trees).
Running muxtree optimizer on module \i2c_controller..
  Creating internal representation of mux trees.
  Evaluating internal representation of mux trees.
      Replacing known input bits on port B of cell $procmux$258: \register_addr_data_flag -> 1'1
  Analyzing evaluation results.
Removed 0 multiplexer ports.
<suppressed ~180 debug messages>

26. Executing OPT_REDUCE pass (consolidate $*mux and $reduce_* inputs).
  Optimizing cells in module \i2c_controller.
    New ctrl vector for $pmux cell $procmux$462: $auto$opt_reduce.cc:137:opt_pmux$668
    New ctrl vector for $pmux cell $procmux$583: { $auto$opt_reduce.cc:137:opt_pmux$670 $procmux$618_CMP }
    New ctrl vector for $pmux cell $procmux$555: { $auto$opt_reduce.cc:137:opt_pmux$672 $procmux$618_CMP }
    New ctrl vector for $pmux cell $procmux$453: $auto$opt_reduce.cc:137:opt_pmux$674
    New ctrl vector for $pmux cell $procmux$611: { $auto$opt_reduce.cc:137:opt_pmux$676 $procmux$618_CMP }
    New ctrl vector for $pmux cell $procmux$597: { $auto$opt_reduce.cc:137:opt_pmux$678 $procmux$618_CMP }
    New ctrl vector for $pmux cell $procmux$575: { $auto$opt_reduce.cc:137:opt_pmux$680 $procmux$618_CMP }
    New ctrl vector for $pmux cell $procmux$617: { $auto$opt_reduce.cc:137:opt_pmux$682 $procmux$618_CMP }
    New ctrl vector for $pmux cell $procmux$493: $auto$opt_reduce.cc:137:opt_pmux$684
    New ctrl vector for $pmux cell $procmux$569: { $auto$opt_reduce.cc:137:opt_pmux$686 $procmux$618_CMP }
    New ctrl vector for $pmux cell $procmux$484: $auto$opt_reduce.cc:137:opt_pmux$688
    New ctrl vector for $pmux cell $procmux$589: { $auto$opt_reduce.cc:137:opt_pmux$690 $procmux$618_CMP }
    New ctrl vector for $pmux cell $procmux$561: $auto$opt_reduce.cc:137:opt_pmux$692
    New ctrl vector for $pmux cell $procmux$603: $auto$opt_reduce.cc:137:opt_pmux$694
  Optimizing cells in module \i2c_controller.
Performed a total of 16 changes.

27. Executing OPT_MERGE pass (detect identical cells).
Finding identical cells in module `\i2c_controller'.
Computing hashes of 244 cells of `\i2c_controller'.
Finding duplicate cells in `\i2c_controller'.
Computing hashes of 230 cells of `\i2c_controller'.
Finding duplicate cells in `\i2c_controller'.
Computing hashes of 226 cells of `\i2c_controller'.
Finding duplicate cells in `\i2c_controller'.
<suppressed ~54 debug messages>
Removed a total of 18 cells.

28. Executing OPT_DFF pass (perform DFF optimizations).

29. Executing OPT_CLEAN pass (remove unused cells and wires).
Finding unused cells or wires in module \i2c_controller..
Removed 0 unused cells and 128 unused wires.
<suppressed ~1 debug messages>

30. Executing OPT_EXPR pass (perform const folding).
Optimizing module i2c_controller.

31. Rerunning OPT passes. (Maybe there is more to do…)

32. Executing OPT_MUXTREE pass (detect dead branches in mux trees).
Running muxtree optimizer on module \i2c_controller..
  Creating internal representation of mux trees.
  Evaluating internal representation of mux trees.
  Analyzing evaluation results.
Removed 0 multiplexer ports.
<suppressed ~180 debug messages>

33. Executing OPT_REDUCE pass (consolidate $*mux and $reduce_* inputs).
  Optimizing cells in module \i2c_controller.
    New ctrl vector for $pmux cell $procmux$446: { $procmux$472_CMP $auto$opt_reduce.cc:137:opt_pmux$696 }
    New ctrl vector for $pmux cell $procmux$627: { $procmux$472_CMP $auto$opt_reduce.cc:137:opt_pmux$698 }
    New ctrl vector for $pmux cell $procmux$573: $auto$opt_reduce.cc:137:opt_pmux$700
    New ctrl vector for $pmux cell $procmux$615: $auto$opt_reduce.cc:137:opt_pmux$702
    New ctrl vector for $pmux cell $procmux$478: { $procmux$472_CMP $auto$opt_reduce.cc:137:opt_pmux$704 }
    New ctrl vector for $pmux cell $procmux$587: $auto$opt_reduce.cc:137:opt_pmux$706
  Optimizing cells in module \i2c_controller.
Performed a total of 6 changes.

34. Executing OPT_MERGE pass (detect identical cells).
Finding identical cells in module `\i2c_controller'.
Computing hashes of 232 cells of `\i2c_controller'.
Finding duplicate cells in `\i2c_controller'.
Computing hashes of 227 cells of `\i2c_controller'.
Finding duplicate cells in `\i2c_controller'.
<suppressed ~15 debug messages>
Removed a total of 5 cells.

35. Executing OPT_DFF pass (perform DFF optimizations).

36. Executing OPT_CLEAN pass (remove unused cells and wires).
Finding unused cells or wires in module \i2c_controller..
Removed 0 unused cells and 5 unused wires.
<suppressed ~1 debug messages>

37. Executing OPT_EXPR pass (perform const folding).
Optimizing module i2c_controller.

38. Rerunning OPT passes. (Maybe there is more to do…)

39. Executing OPT_MUXTREE pass (detect dead branches in mux trees).
Running muxtree optimizer on module \i2c_controller..
  Creating internal representation of mux trees.
  Evaluating internal representation of mux trees.
  Analyzing evaluation results.
Removed 0 multiplexer ports.
<suppressed ~174 debug messages>

40. Executing OPT_REDUCE pass (consolidate $*mux and $reduce_* inputs).
  Optimizing cells in module \i2c_controller.
Performed a total of 0 changes.

41. Executing OPT_MERGE pass (detect identical cells).
Finding identical cells in module `\i2c_controller'.
Computing hashes of 227 cells of `\i2c_controller'.
Finding duplicate cells in `\i2c_controller'.
Removed a total of 0 cells.

42. Executing OPT_DFF pass (perform DFF optimizations).

43. Executing OPT_CLEAN pass (remove unused cells and wires).
Finding unused cells or wires in module \i2c_controller..

44. Executing OPT_EXPR pass (perform const folding).
Optimizing module i2c_controller.

45. Executing FSM pass (extract and optimize FSM).

45.1. Executing FSM_DETECT pass (finding FSMs in design).
Not marking i2c_controller.i2c_next_state_routine_block as FSM state register:
    Users of register don't seem to benefit from recoding.
Not marking i2c_controller.wb_master_next_state as FSM state register:
    Users of register don't seem to benefit from recoding.

45.2. Executing FSM_EXTRACT pass (extracting FSM from design).

45.3. Executing FSM_OPT pass (simple optimizations of FSMs).

45.4. Executing OPT_CLEAN pass (remove unused cells and wires).
Finding unused cells or wires in module \i2c_controller..

45.5. Executing FSM_OPT pass (simple optimizations of FSMs).

45.6. Executing FSM_RECODE pass (re-assigning FSM state encoding).

45.7. Executing FSM_INFO pass (dumping all available information on FSM cells).

45.8. Executing FSM_MAP pass (mapping FSMs to basic logic).

46. Executing OPT_EXPR pass (perform const folding).
Optimizing module i2c_controller.

47. Executing OPT_MERGE pass (detect identical cells).
Finding identical cells in module `\i2c_controller'.
Computing hashes of 227 cells of `\i2c_controller'.
Finding duplicate cells in `\i2c_controller'.
Removed a total of 0 cells.

48. Executing OPT_MUXTREE pass (detect dead branches in mux trees).
Running muxtree optimizer on module \i2c_controller..
  Creating internal representation of mux trees.
  Evaluating internal representation of mux trees.
  Analyzing evaluation results.
Removed 0 multiplexer ports.
<suppressed ~174 debug messages>

49. Executing OPT_REDUCE pass (consolidate $*mux and $reduce_* inputs).
  Optimizing cells in module \i2c_controller.
Performed a total of 0 changes.

50. Executing OPT_MERGE pass (detect identical cells).
Finding identical cells in module `\i2c_controller'.
Computing hashes of 227 cells of `\i2c_controller'.
Finding duplicate cells in `\i2c_controller'.
Removed a total of 0 cells.

51. Executing OPT_DFF pass (perform DFF optimizations).
Adding SRST signal on $procdff$666 ($dff) from module i2c_controller (D = \wb_master_next_state, Q = \wb_master_state, rval = 2'00).
Adding SRST signal on $procdff$665 ($dff) from module i2c_controller (D = $procmux$627_Y, Q = \wb_master_subroutine_iteration, rval = 2'00).
Adding EN signal on $auto$ff.cc:337:slice$708 ($sdff) from module i2c_controller (D = $procmux$627_Y, Q = \wb_master_subroutine_iteration).
Adding SRST signal on $procdff$664 ($dff) from module i2c_controller (D = $procmux$446_Y, Q = \wb_master_next_state, rval = 2'00).
Adding EN signal on $auto$ff.cc:337:slice$712 ($sdff) from module i2c_controller (D = $procmux$446_Y, Q = \wb_master_next_state).
Adding EN signal on $procdff$663 ($dff) from module i2c_controller (D = $procmux$478_Y, Q = \addr_pointer_register_internal).
Adding EN signal on $procdff$662 ($dff) from module i2c_controller (D = $procmux$513_Y, Q = \send_data_buffer).
Adding SRST signal on $procdff$661 ($dff) from module i2c_controller (D = $procmux$550_Y, Q = \addr_set_register, rval = 8'10101010).
Adding EN signal on $auto$ff.cc:337:slice$750 ($sdff) from module i2c_controller (D = \recv_data_buffer, Q = \addr_set_register).
Adding SRST signal on $procdff$660 ($dff) from module i2c_controller (D = $procmux$559_Y, Q = \WE_O, rval = 1'0).
Adding EN signal on $auto$ff.cc:337:slice$756 ($sdff) from module i2c_controller (D = $procmux$559_Y, Q = \WE_O).
Adding SRST signal on $procdff$659 ($dff) from module i2c_controller (D = $procmux$573_Y, Q = \STB_O, rval = 1'0).
Adding EN signal on $auto$ff.cc:337:slice$766 ($sdff) from module i2c_controller (D = $procmux$569_Y, Q = \STB_O).
Adding SRST signal on $procdff$658 ($dff) from module i2c_controller (D = $procmux$587_Y, Q = \CYC_O, rval = 1'0).
Adding EN signal on $auto$ff.cc:337:slice$772 ($sdff) from module i2c_controller (D = $procmux$583_Y, Q = \CYC_O).
Adding SRST signal on $procdff$657 ($dff) from module i2c_controller (D = $procmux$601_Y, Q = \DAT_O, rval = 8'00000000).
Adding EN signal on $auto$ff.cc:337:slice$778 ($sdff) from module i2c_controller (D = $procmux$601_Y, Q = \DAT_O).
Adding SRST signal on $procdff$656 ($dff) from module i2c_controller (D = $procmux$615_Y, Q = \ADDR_O, rval = 8'00000000).
Adding EN signal on $auto$ff.cc:337:slice$788 ($sdff) from module i2c_controller (D = $procmux$611_Y, Q = \ADDR_O).
Adding SRST signal on $procdff$653 ($dff) from module i2c_controller (D = \sda_synchroniser_internal [1], Q = \sda_previous_state, rval = 1'0).
Adding SRST signal on $procdff$650 ($dff) from module i2c_controller (D = \scl_synchroniser_internal [1], Q = \previous_state, rval = 1'0).
Adding SRST signal on $procdff$649 ($dff) from module i2c_controller (D = \i2c_next_state_routine_block, Q = \i2c_state, rval = 2'00).
Adding EN signal on $procdff$648 ($dff) from module i2c_controller (D = { \address_data_buffer_internal [6:0] \sda_synchroniser_internal [1] }, Q = \address_data_buffer_internal).
Adding SRST signal on $procdff$647 ($dff) from module i2c_controller (D = $procmux$129_Y, Q = \iteration, rval = 4'0000).
Adding EN signal on $auto$ff.cc:337:slice$806 ($sdff) from module i2c_controller (D = $procmux$129_Y, Q = \iteration).
Adding SRST signal on $procdff$646 ($dff) from module i2c_controller (D = $procmux$188_Y [1], Q = \i2c_next_state_routine_block [1], rval = 1'0).
Adding SRST signal on $procdff$646 ($dff) from module i2c_controller (D = $procmux$222_Y [0], Q = \i2c_next_state_routine_block [0], rval = 1'0).
Adding EN signal on $auto$ff.cc:337:slice$831 ($sdff) from module i2c_controller (D = $procmux$222_Y [0], Q = \i2c_next_state_routine_block [0]).
Adding EN signal on $auto$ff.cc:337:slice$828 ($sdff) from module i2c_controller (D = $procmux$188_Y [1], Q = \i2c_next_state_routine_block [1]).
Adding SRST signal on $procdff$645 ($dff) from module i2c_controller (D = $procmux$242_Y, Q = \register_content_data_flag, rval = 1'0).
Adding EN signal on $auto$ff.cc:337:slice$872 ($sdff) from module i2c_controller (D = 1'1, Q = \register_content_data_flag).
Adding SRST signal on $procdff$644 ($dff) from module i2c_controller (D = $procmux$265_Y, Q = \register_addr_data_flag, rval = 1'0).
Adding EN signal on $auto$ff.cc:337:slice$880 ($sdff) from module i2c_controller (D = 1'1, Q = \register_addr_data_flag).
Adding EN signal on $procdff$642 ($dff) from module i2c_controller (D = $procmux$310_Y, Q = \received_data_internal_flag).
Adding SRST signal on $auto$ff.cc:337:slice$888 ($dffe) from module i2c_controller (D = $procmux$305_Y, Q = \received_data_internal_flag, rval = 1'1).
Adding EN signal on $procdff$641 ($dff) from module i2c_controller (D = $procmux$341_Y, Q = \write_request_internal_flag).
Adding EN signal on $procdff$640 ($dff) from module i2c_controller (D = { \recv_data_buffer [6:0] \sda_synchroniser_internal [1] }, Q = \recv_data_buffer).
Adding EN signal on $procdff$639 ($dff) from module i2c_controller (D = $procmux$429_Y, Q = \i2c_sda_out_pin_ctrl).
Adding SRST signal on $auto$ff.cc:337:slice$936 ($dffe) from module i2c_controller (D = $procmux$393_Y, Q = \i2c_sda_out_pin_ctrl, rval = 1'1).

52. Executing OPT_CLEAN pass (remove unused cells and wires).
Finding unused cells or wires in module \i2c_controller..
Removed 61 unused cells and 61 unused wires.
<suppressed ~62 debug messages>

53. Executing OPT_EXPR pass (perform const folding).
Optimizing module i2c_controller.
<suppressed ~14 debug messages>

54. Rerunning OPT passes. (Maybe there is more to do…)

55. Executing OPT_MUXTREE pass (detect dead branches in mux trees).
Running muxtree optimizer on module \i2c_controller..
  Creating internal representation of mux trees.
  Evaluating internal representation of mux trees.
  Analyzing evaluation results.
Removed 0 multiplexer ports.
<suppressed ~105 debug messages>

56. Executing OPT_REDUCE pass (consolidate $*mux and $reduce_* inputs).
  Optimizing cells in module \i2c_controller.
Performed a total of 0 changes.

57. Executing OPT_MERGE pass (detect identical cells).
Finding identical cells in module `\i2c_controller'.
Computing hashes of 274 cells of `\i2c_controller'.
Finding duplicate cells in `\i2c_controller'.
Computing hashes of 239 cells of `\i2c_controller'.
Finding duplicate cells in `\i2c_controller'.
Computing hashes of 236 cells of `\i2c_controller'.
Finding duplicate cells in `\i2c_controller'.
Computing hashes of 235 cells of `\i2c_controller'.
Finding duplicate cells in `\i2c_controller'.
<suppressed ~117 debug messages>
Removed a total of 39 cells.

58. Executing OPT_DFF pass (perform DFF optimizations).

59. Executing OPT_CLEAN pass (remove unused cells and wires).
Finding unused cells or wires in module \i2c_controller..
Removed 0 unused cells and 38 unused wires.
<suppressed ~1 debug messages>

60. Executing OPT_EXPR pass (perform const folding).
Optimizing module i2c_controller.

61. Rerunning OPT passes. (Maybe there is more to do…)

62. Executing OPT_MUXTREE pass (detect dead branches in mux trees).
Running muxtree optimizer on module \i2c_controller..
  Creating internal representation of mux trees.
  Evaluating internal representation of mux trees.
  Analyzing evaluation results.
Removed 0 multiplexer ports.
<suppressed ~102 debug messages>

63. Executing OPT_REDUCE pass (consolidate $*mux and $reduce_* inputs).
  Optimizing cells in module \i2c_controller.
Performed a total of 0 changes.

64. Executing OPT_MERGE pass (detect identical cells).
Finding identical cells in module `\i2c_controller'.
Computing hashes of 235 cells of `\i2c_controller'.
Finding duplicate cells in `\i2c_controller'.
Removed a total of 0 cells.

65. Executing OPT_DFF pass (perform DFF optimizations).

66. Executing OPT_CLEAN pass (remove unused cells and wires).
Finding unused cells or wires in module \i2c_controller..

67. Executing OPT_EXPR pass (perform const folding).
Optimizing module i2c_controller.

68. Executing WREDUCE pass (reducing word size of cells).
Removed top 1 bits (of 2) from port B of cell i2c_controller.$auto$opt_dff.cc:235:make_patterns_logic$726 ($ne).
Removed top 1 bits (of 2) from port B of cell i2c_controller.$auto$opt_dff.cc:235:make_patterns_logic$717 ($ne).
Removed top 31 bits (of 32) from port B of cell i2c_controller.$add$/foss/designs/acoustic-ranger-dvl-processor/design/digital/I2C/i2c_controller_wb_master.v:448$78 ($add).
Removed top 28 bits (of 32) from port Y of cell i2c_controller.$add$/foss/designs/acoustic-ranger-dvl-processor/design/digital/I2C/i2c_controller_wb_master.v:448$78 ($add).
Removed top 28 bits (of 32) from port B of cell i2c_controller.$lt$/foss/designs/acoustic-ranger-dvl-processor/design/digital/I2C/i2c_controller_wb_master.v:479$87 ($lt).
Removed top 29 bits (of 32) from port A of cell i2c_controller.$sub$/foss/designs/acoustic-ranger-dvl-processor/design/digital/I2C/i2c_controller_wb_master.v:481$89 ($sub).
Removed top 27 bits (of 32) from port Y of cell i2c_controller.$sub$/foss/designs/acoustic-ranger-dvl-processor/design/digital/I2C/i2c_controller_wb_master.v:481$89 ($sub).
Removed top 27 bits (of 32) from port B of cell i2c_controller.$shiftx$/foss/designs/acoustic-ranger-dvl-processor/design/digital/I2C/i2c_controller_wb_master.v:481$90 ($shiftx).
Removed top 1 bits (of 2) from mux cell i2c_controller.$procmux$213 ($mux).
Removed top 1 bits (of 2) from mux cell i2c_controller.$procmux$222 ($mux).
Removed top 1 bits (of 2) from port B of cell i2c_controller.$procmux$424_CMP0 ($eq).
Removed top 1 bits (of 2) from mux cell i2c_controller.$procmux$453 ($mux).
Removed top 4 bits (of 8) from port B of cell i2c_controller.$procmux$517_CMP0 ($eq).
Removed top 4 bits (of 8) from port B of cell i2c_controller.$procmux$518_CMP0 ($eq).
Removed top 4 bits (of 8) from port B of cell i2c_controller.$procmux$526_CMP0 ($eq).
Removed top 4 bits (of 8) from port B of cell i2c_controller.$procmux$544_CMP0 ($eq).
Removed top 1 bits (of 2) from port B of cell i2c_controller.$procmux$607_CMP0 ($eq).
Removed top 1 bits (of 2) from port B of cell i2c_controller.$procmux$619_CMP0 ($eq).
Removed top 28 bits (of 32) from wire i2c_controller.$add$/foss/designs/acoustic-ranger-dvl-processor/design/digital/I2C/i2c_controller_wb_master.v:439$77_Y.
Removed top 1 bits (of 2) from wire i2c_controller.$procmux$213_Y.
Removed top 1 bits (of 2) from wire i2c_controller.$procmux$222_Y.
Removed top 1 bits (of 2) from wire i2c_controller.$procmux$453_Y.

69. Executing PEEPOPT pass (run peephole optimizers).

70. Executing OPT_CLEAN pass (remove unused cells and wires).
Finding unused cells or wires in module \i2c_controller..
Removed 0 unused cells and 4 unused wires.
<suppressed ~1 debug messages>

71. Executing ALUMACC pass (create $alu and $macc cells).
Extracting $alu and $macc cells in module i2c_controller:
  creating $macc model for $add$/foss/designs/acoustic-ranger-dvl-processor/design/digital/I2C/i2c_controller_wb_master.v:106$7 ($add).
  creating $macc model for $add$/foss/designs/acoustic-ranger-dvl-processor/design/digital/I2C/i2c_controller_wb_master.v:257$30 ($add).
  creating $macc model for $add$/foss/designs/acoustic-ranger-dvl-processor/design/digital/I2C/i2c_controller_wb_master.v:448$78 ($add).
  creating $macc model for $add$/foss/designs/acoustic-ranger-dvl-processor/design/digital/I2C/i2c_controller_wb_master.v:475$85 ($add).
  creating $macc model for $sub$/foss/designs/acoustic-ranger-dvl-processor/design/digital/I2C/i2c_controller_wb_master.v:481$89 ($sub).
  creating $alu model for $macc $sub$/foss/designs/acoustic-ranger-dvl-processor/design/digital/I2C/i2c_controller_wb_master.v:481$89.
  creating $alu model for $macc $add$/foss/designs/acoustic-ranger-dvl-processor/design/digital/I2C/i2c_controller_wb_master.v:475$85.
  creating $alu model for $macc $add$/foss/designs/acoustic-ranger-dvl-processor/design/digital/I2C/i2c_controller_wb_master.v:448$78.
  creating $alu model for $macc $add$/foss/designs/acoustic-ranger-dvl-processor/design/digital/I2C/i2c_controller_wb_master.v:257$30.
  creating $alu model for $macc $add$/foss/designs/acoustic-ranger-dvl-processor/design/digital/I2C/i2c_controller_wb_master.v:106$7.
  creating $alu model for $lt$/foss/designs/acoustic-ranger-dvl-processor/design/digital/I2C/i2c_controller_wb_master.v:427$70 ($lt): new $alu
  creating $alu model for $lt$/foss/designs/acoustic-ranger-dvl-processor/design/digital/I2C/i2c_controller_wb_master.v:479$87 ($lt): merged with $lt$/foss/designs/acoustic-ranger-dvl-processor/design/digital/I2C/i2c_controller_wb_master.v:427$70.
  creating $alu model for $eq$/foss/designs/acoustic-ranger-dvl-processor/design/digital/I2C/i2c_controller_wb_master.v:492$95 ($eq): merged with $lt$/foss/designs/acoustic-ranger-dvl-processor/design/digital/I2C/i2c_controller_wb_master.v:427$70.
  creating $alu cell for $lt$/foss/designs/acoustic-ranger-dvl-processor/design/digital/I2C/i2c_controller_wb_master.v:427$70, $lt$/foss/designs/acoustic-ranger-dvl-processor/design/digital/I2C/i2c_controller_wb_master.v:479$87, $eq$/foss/designs/acoustic-ranger-dvl-processor/design/digital/I2C/i2c_controller_wb_master.v:492$95: $auto$alumacc.cc:512:replace_alu$965
  creating $alu cell for $add$/foss/designs/acoustic-ranger-dvl-processor/design/digital/I2C/i2c_controller_wb_master.v:106$7: $auto$alumacc.cc:512:replace_alu$972
  creating $alu cell for $add$/foss/designs/acoustic-ranger-dvl-processor/design/digital/I2C/i2c_controller_wb_master.v:257$30: $auto$alumacc.cc:512:replace_alu$975
  creating $alu cell for $add$/foss/designs/acoustic-ranger-dvl-processor/design/digital/I2C/i2c_controller_wb_master.v:448$78: $auto$alumacc.cc:512:replace_alu$978
  creating $alu cell for $add$/foss/designs/acoustic-ranger-dvl-processor/design/digital/I2C/i2c_controller_wb_master.v:475$85: $auto$alumacc.cc:512:replace_alu$981
  creating $alu cell for $sub$/foss/designs/acoustic-ranger-dvl-processor/design/digital/I2C/i2c_controller_wb_master.v:481$89: $auto$alumacc.cc:512:replace_alu$984
  created 6 $alu and 0 $macc cells.

72. Executing SHARE pass (SAT-based resource sharing).

73. Executing OPT_EXPR pass (perform const folding).
Optimizing module i2c_controller.

74. Executing OPT_MERGE pass (detect identical cells).
Finding identical cells in module `\i2c_controller'.
Computing hashes of 235 cells of `\i2c_controller'.
Finding duplicate cells in `\i2c_controller'.
Computing hashes of 233 cells of `\i2c_controller'.
Finding duplicate cells in `\i2c_controller'.
<suppressed ~8 debug messages>
Removed a total of 2 cells.

75. Executing OPT_MUXTREE pass (detect dead branches in mux trees).
Running muxtree optimizer on module \i2c_controller..
  Creating internal representation of mux trees.
  Evaluating internal representation of mux trees.
  Analyzing evaluation results.
Removed 0 multiplexer ports.
<suppressed ~102 debug messages>

76. Executing OPT_REDUCE pass (consolidate $*mux and $reduce_* inputs).
  Optimizing cells in module \i2c_controller.
Performed a total of 0 changes.

77. Executing OPT_MERGE pass (detect identical cells).
Finding identical cells in module `\i2c_controller'.
Computing hashes of 233 cells of `\i2c_controller'.
Finding duplicate cells in `\i2c_controller'.
Removed a total of 0 cells.

78. Executing OPT_DFF pass (perform DFF optimizations).

79. Executing OPT_CLEAN pass (remove unused cells and wires).
Finding unused cells or wires in module \i2c_controller..
Removed 0 unused cells and 7 unused wires.
<suppressed ~1 debug messages>

80. Executing OPT_EXPR pass (perform const folding).
Optimizing module i2c_controller.

81. Rerunning OPT passes. (Maybe there is more to do…)

82. Executing OPT_MUXTREE pass (detect dead branches in mux trees).
Running muxtree optimizer on module \i2c_controller..
  Creating internal representation of mux trees.
  Evaluating internal representation of mux trees.
  Analyzing evaluation results.
Removed 0 multiplexer ports.
<suppressed ~102 debug messages>

83. Executing OPT_REDUCE pass (consolidate $*mux and $reduce_* inputs).
  Optimizing cells in module \i2c_controller.
Performed a total of 0 changes.

84. Executing OPT_MERGE pass (detect identical cells).
Finding identical cells in module `\i2c_controller'.
Computing hashes of 233 cells of `\i2c_controller'.
Finding duplicate cells in `\i2c_controller'.
Removed a total of 0 cells.

85. Executing OPT_DFF pass (perform DFF optimizations).

86. Executing OPT_CLEAN pass (remove unused cells and wires).
Finding unused cells or wires in module \i2c_controller..

87. Executing OPT_EXPR pass (perform const folding).
Optimizing module i2c_controller.

88. Executing MEMORY pass.

88.1. Executing OPT_MEM pass (optimize memories).
Performed a total of 0 transformations.

88.2. Executing OPT_MEM_PRIORITY pass (removing unnecessary memory write priority relations).
Performed a total of 0 transformations.

88.3. Executing OPT_MEM_FEEDBACK pass (finding memory read-to-write feedback paths).

88.4. Executing MEMORY_BMUX2ROM pass (converting muxes to ROMs).

88.5. Executing MEMORY_DFF pass (merging $dff cells to $memrd).

88.6. Executing OPT_CLEAN pass (remove unused cells and wires).
Finding unused cells or wires in module \i2c_controller..

88.7. Executing MEMORY_SHARE pass (consolidating $memrd/$memwr cells).

88.8. Executing OPT_MEM_WIDEN pass (optimize memories where all ports are wide).
Performed a total of 0 transformations.

88.9. Executing OPT_CLEAN pass (remove unused cells and wires).
Finding unused cells or wires in module \i2c_controller..

88.10. Executing MEMORY_COLLECT pass (generating $mem cells).

89. Executing OPT_CLEAN pass (remove unused cells and wires).
Finding unused cells or wires in module \i2c_controller..

90. Executing OPT_EXPR pass (perform const folding).
Optimizing module i2c_controller.
<suppressed ~66 debug messages>

91. Executing OPT_MERGE pass (detect identical cells).
Finding identical cells in module `\i2c_controller'.
Computing hashes of 196 cells of `\i2c_controller'.
Finding duplicate cells in `\i2c_controller'.
Computing hashes of 192 cells of `\i2c_controller'.
Finding duplicate cells in `\i2c_controller'.
<suppressed ~12 debug messages>
Removed a total of 4 cells.

92. Executing OPT_DFF pass (perform DFF optimizations).

93. Executing OPT_CLEAN pass (remove unused cells and wires).
Finding unused cells or wires in module \i2c_controller..
Removed 0 unused cells and 50 unused wires.
<suppressed ~1 debug messages>

94. Executing MEMORY_MAP pass (converting memories to logic and flip-flops).

95. Executing OPT_EXPR pass (perform const folding).
Optimizing module i2c_controller.
<suppressed ~2 debug messages>

96. Executing OPT_MERGE pass (detect identical cells).
Finding identical cells in module `\i2c_controller'.
Computing hashes of 192 cells of `\i2c_controller'.
Finding duplicate cells in `\i2c_controller'.
Removed a total of 0 cells.

97. Executing OPT_MUXTREE pass (detect dead branches in mux trees).
Running muxtree optimizer on module \i2c_controller..
  Creating internal representation of mux trees.
  Evaluating internal representation of mux trees.
  Analyzing evaluation results.
Removed 0 multiplexer ports.
<suppressed ~47 debug messages>

98. Executing OPT_REDUCE pass (consolidate $*mux and $reduce_* inputs).
  Optimizing cells in module \i2c_controller.
    Consolidated identical input bits for $mux cell $procmux$175:
      Old ports: A=2'11, B=2'00, Y=$procmux$175_Y
      New ports: A=1'1, B=1'0, Y=$procmux$175_Y [0]
      New connections: $procmux$175_Y [1] = $procmux$175_Y [0]
    Consolidated identical input bits for $mux cell $procmux$209:
      Old ports: A=2'11, B=2'10, Y=$procmux$209_Y
      New ports: A=1'1, B=1'0, Y=$procmux$209_Y [0]
      New connections: $procmux$209_Y [1] = 1'1
    Consolidated identical input bits for $mux cell $procmux$462:
      Old ports: A=2'10, B=2'00, Y=$procmux$462_Y
      New ports: A=1'1, B=1'0, Y=$procmux$462_Y [1]
      New connections: $procmux$462_Y [0] = 1'0
  Optimizing cells in module \i2c_controller.
    Consolidated identical input bits for $mux cell $procmux$186:
      Old ports: A=$procmux$175_Y, B=2'11, Y=$procmux$186_Y
      New ports: A=$procmux$175_Y [0], B=1'1, Y=$procmux$186_Y [0]
      New connections: $procmux$186_Y [1] = $procmux$186_Y [0]
    Consolidated identical input bits for $mux cell $procmux$468:
      Old ports: A=$procmux$462_Y, B=2'00, Y=$procmux$468_Y
      New ports: A=$procmux$462_Y [1], B=1'0, Y=$procmux$468_Y [1]
      New connections: $procmux$468_Y [0] = 1'0
  Optimizing cells in module \i2c_controller.
Performed a total of 5 changes.

99. Executing OPT_MERGE pass (detect identical cells).
Finding identical cells in module `\i2c_controller'.
Computing hashes of 192 cells of `\i2c_controller'.
Finding duplicate cells in `\i2c_controller'.
Removed a total of 0 cells.

100. Executing OPT_SHARE pass.

101. Executing OPT_DFF pass (perform DFF optimizations).

102. Executing OPT_CLEAN pass (remove unused cells and wires).
Finding unused cells or wires in module \i2c_controller..

103. Executing OPT_EXPR pass (perform const folding).
Optimizing module i2c_controller.
<suppressed ~4 debug messages>

104. Rerunning OPT passes. (Maybe there is more to do…)

105. Executing OPT_MUXTREE pass (detect dead branches in mux trees).
Running muxtree optimizer on module \i2c_controller..
  Creating internal representation of mux trees.
  Evaluating internal representation of mux trees.
  Analyzing evaluation results.
Removed 0 multiplexer ports.
<suppressed ~43 debug messages>

106. Executing OPT_REDUCE pass (consolidate $*mux and $reduce_* inputs).
  Optimizing cells in module \i2c_controller.
Performed a total of 0 changes.

107. Executing OPT_MERGE pass (detect identical cells).
Finding identical cells in module `\i2c_controller'.
Computing hashes of 192 cells of `\i2c_controller'.
Finding duplicate cells in `\i2c_controller'.
Computing hashes of 190 cells of `\i2c_controller'.
Finding duplicate cells in `\i2c_controller'.
<suppressed ~6 debug messages>
Removed a total of 2 cells.

108. Executing OPT_SHARE pass.

109. Executing OPT_DFF pass (perform DFF optimizations).

110. Executing OPT_CLEAN pass (remove unused cells and wires).
Finding unused cells or wires in module \i2c_controller..
Removed 0 unused cells and 2 unused wires.
<suppressed ~1 debug messages>

111. Executing OPT_EXPR pass (perform const folding).
Optimizing module i2c_controller.

112. Rerunning OPT passes. (Maybe there is more to do…)

113. Executing OPT_MUXTREE pass (detect dead branches in mux trees).
Running muxtree optimizer on module \i2c_controller..
  Creating internal representation of mux trees.
  Evaluating internal representation of mux trees.
  Analyzing evaluation results.
Removed 0 multiplexer ports.
<suppressed ~43 debug messages>

114. Executing OPT_REDUCE pass (consolidate $*mux and $reduce_* inputs).
  Optimizing cells in module \i2c_controller.
Performed a total of 0 changes.

115. Executing OPT_MERGE pass (detect identical cells).
Finding identical cells in module `\i2c_controller'.
Computing hashes of 190 cells of `\i2c_controller'.
Finding duplicate cells in `\i2c_controller'.
Removed a total of 0 cells.

116. Executing OPT_SHARE pass.

117. Executing OPT_DFF pass (perform DFF optimizations).

118. Executing OPT_CLEAN pass (remove unused cells and wires).
Finding unused cells or wires in module \i2c_controller..

119. Executing OPT_EXPR pass (perform const folding).
Optimizing module i2c_controller.

120. Executing TECHMAP pass (map to technology primitives).

120.1. Executing Verilog-2005 frontend: /foss/tools/yosys/bin/../share/yosys/techmap.v
Parsing Verilog input from `/foss/tools/yosys/bin/../share/yosys/techmap.v' to AST representation.
Generating RTLIL representation for module `\_90_simplemap_bool_ops'.
Generating RTLIL representation for module `\_90_simplemap_reduce_ops'.
Generating RTLIL representation for module `\_90_simplemap_logic_ops'.
Generating RTLIL representation for module `\_90_simplemap_compare_ops'.
Generating RTLIL representation for module `\_90_simplemap_various'.
Generating RTLIL representation for module `\_90_simplemap_registers'.
Generating RTLIL representation for module `\_90_shift_ops_shr_shl_sshl_sshr'.
Generating RTLIL representation for module `\_90_shift_shiftx'.
Generating RTLIL representation for module `\_90_fa'.
Generating RTLIL representation for module `\_90_lcu_brent_kung'.
Generating RTLIL representation for module `\_90_alu'.
Generating RTLIL representation for module `\_90_macc'.
Generating RTLIL representation for module `\_90_alumacc'.
Generating RTLIL representation for module `$__div_mod_u'.
Generating RTLIL representation for module `$__div_mod_trunc'.
Generating RTLIL representation for module `\_90_div'.
Generating RTLIL representation for module `\_90_mod'.
Generating RTLIL representation for module `$__div_mod_floor'.
Generating RTLIL representation for module `\_90_divfloor'.
Generating RTLIL representation for module `\_90_modfloor'.
Generating RTLIL representation for module `\_90_pow'.
Generating RTLIL representation for module `\_90_pmux'.
Generating RTLIL representation for module `\_90_demux'.
Generating RTLIL representation for module `\_90_lut'.
Generating RTLIL representation for module `$connect'.
Generating RTLIL representation for module `$input_port'.
Successfully finished Verilog frontend.

120.2. Continuing TECHMAP pass.
Using extmapper simplemap for cells of type $not.
Using template $paramod$9e8c19db10db5b8954224cafa0587db20bab09bd\_90_alu for cells of type $alu.
Using template $paramod$32a7b7b86c07519b7537abc18e96f0331f97914d\_90_alu for cells of type $alu.
Using template $paramod$c3cd1564c35d873179656addd6052d7ea8b6d991\_90_alu for cells of type $alu.
Using template $paramod$175e67c02b86e96b1288b9dc100122520d7240d8\_90_alu for cells of type $alu.
Using extmapper simplemap for cells of type $reduce_and.
Using template $paramod$fc972a7a46956c1788f3cb5257b53c8f1df2d0cc\_90_alu for cells of type $alu.
Using extmapper simplemap for cells of type $reduce_or.
Using extmapper simplemap for cells of type $sdffce.
Using extmapper simplemap for cells of type $reduce_bool.
Using extmapper simplemap for cells of type $ne.
Using extmapper simplemap for cells of type $dffe.
Using extmapper simplemap for cells of type $sdffe.
Using extmapper simplemap for cells of type $sdff.
Using extmapper simplemap for cells of type $logic_and.
Using extmapper simplemap for cells of type $and.
Using extmapper simplemap for cells of type $eq.
Using template $paramod$constmap:5cb70b3ab130d323186fb05365b64f9830cd7998$paramod$1a113abfe50dfb5a1fd917c5cefa667fe43865bf\_90_shift_shiftx for cells of type $shiftx.
Using extmapper simplemap for cells of type $mux.
Using template $paramod$bf2533632d512eac76dd186c0da49367e29b8e98\_90_pmux for cells of type $pmux.
Using extmapper simplemap for cells of type $or.
Using template $paramod$521ce43182eecb9f60c72393a788160d2c356bf5\_90_pmux for cells of type $pmux.
Using template $paramod$c5c783b17ab1d780abfad8cfe6563a0a7b47a3b0\_90_pmux for cells of type $pmux.
Using template $paramod$fc16b9f758000d363d24f130038bd99b46b4fa1b\_90_pmux for cells of type $pmux.
Using extmapper simplemap for cells of type $logic_not.
Using extmapper simplemap for cells of type $dff.
Using extmapper simplemap for cells of type $pos.
Using template $paramod\_90_fa\WIDTH=32'00000000000000000000000000000001 for cells of type $fa.
Using template $paramod\_90_lcu_brent_kung\WIDTH=32'00000000000000000000000000000001 for cells of type $lcu.
Using extmapper simplemap for cells of type $xor.
Using template $paramod\_90_fa\WIDTH=32'00000000000000000000000000000010 for cells of type $fa.
Using template $paramod\_90_lcu_brent_kung\WIDTH=32'00000000000000000000000000000010 for cells of type $lcu.
Using template $paramod\_90_fa\WIDTH=32'00000000000000000000000000001000 for cells of type $fa.
Using template $paramod\_90_lcu_brent_kung\WIDTH=32'00000000000000000000000000001000 for cells of type $lcu.
Using template $paramod\_90_fa\WIDTH=32'00000000000000000000000000000100 for cells of type $fa.
Using template $paramod\_90_lcu_brent_kung\WIDTH=32'00000000000000000000000000000100 for cells of type $lcu.
No more expansions possible.
<suppressed ~1235 debug messages>

121. Executing OPT_EXPR pass (perform const folding).
Optimizing module i2c_controller.
<suppressed ~523 debug messages>

122. Executing OPT_MERGE pass (detect identical cells).
Finding identical cells in module `\i2c_controller'.
Computing hashes of 755 cells of `\i2c_controller'.
Finding duplicate cells in `\i2c_controller'.
Computing hashes of 668 cells of `\i2c_controller'.
Finding duplicate cells in `\i2c_controller'.
Computing hashes of 654 cells of `\i2c_controller'.
Finding duplicate cells in `\i2c_controller'.
<suppressed ~303 debug messages>
Removed a total of 101 cells.

123. Executing OPT_DFF pass (perform DFF optimizations).

124. Executing OPT_CLEAN pass (remove unused cells and wires).
Finding unused cells or wires in module \i2c_controller..
Removed 93 unused cells and 547 unused wires.
<suppressed ~94 debug messages>

125. Executing OPT_EXPR pass (perform const folding).
Optimizing module i2c_controller.

126. Executing OPT_MERGE pass (detect identical cells).
Finding identical cells in module `\i2c_controller'.
Computing hashes of 561 cells of `\i2c_controller'.
Finding duplicate cells in `\i2c_controller'.
Removed a total of 0 cells.

127. Executing OPT_DFF pass (perform DFF optimizations).

128. Executing OPT_CLEAN pass (remove unused cells and wires).
Finding unused cells or wires in module \i2c_controller..

129. Executing ABC pass (technology mapping using ABC).

129.1. Extracting gate netlist of module `\i2c_controller' to `<abc-temp-dir>/input.blif'..
Replacing 9 occurrences of constant undef bits with constant zero bits

129.1.1. Executed ABC.
Extracted 476 gates and 550 wires to a netlist network with 71 inputs and 70 outputs.
Running ABC script: <abc-temp-dir>/abc.script
ABC: UC Berkeley, ABC 1.01 (compiled Apr 16 2026 21:01:18)
ABC: abc 01> empty
ABC: abc 01> source <abc-temp-dir>/abc.script
ABC: + read_blif <abc-temp-dir>/input.blif 
ABC: + read_library <abc-temp-dir>/stdcells.genlib 
ABC: + strash 
ABC: + dretime 
ABC: + map 
ABC: + write_blif <abc-temp-dir>/output.blif 
ABC: 
ABC: YOSYS_ABC_DONE 

129.1.2. Re-integrating ABC results.
ABC RESULTS:               AND cells:       16
ABC RESULTS:            ANDNOT cells:      128
ABC RESULTS:               MUX cells:       82
ABC RESULTS:              NAND cells:       17
ABC RESULTS:               NOR cells:       14
ABC RESULTS:               NOT cells:       18
ABC RESULTS:                OR cells:       96
ABC RESULTS:             ORNOT cells:       42
ABC RESULTS:              XNOR cells:        6
ABC RESULTS:               XOR cells:       12
ABC RESULTS:        internal signals:      409
ABC RESULTS:           input signals:       71
ABC RESULTS:          output signals:       70
Removing temp directory.
Removing global temp directory.

130. Executing OPT pass (performing simple optimizations).

130.1. Executing OPT_EXPR pass (perform const folding).
Optimizing module i2c_controller.
<suppressed ~25 debug messages>

130.2. Executing OPT_MERGE pass (detect identical cells).
Finding identical cells in module `\i2c_controller'.
Computing hashes of 516 cells of `\i2c_controller'.
Finding duplicate cells in `\i2c_controller'.
Computing hashes of 515 cells of `\i2c_controller'.
Finding duplicate cells in `\i2c_controller'.
<suppressed ~3 debug messages>
Removed a total of 1 cells.

130.3. Executing OPT_DFF pass (perform DFF optimizations).

130.4. Executing OPT_CLEAN pass (remove unused cells and wires).
Finding unused cells or wires in module \i2c_controller..
Removed 3 unused cells and 349 unused wires.
<suppressed ~6 debug messages>

130.5. Finished fast OPT passes.

131. Executing HIERARCHY pass (managing design hierarchy).

131.1. Analyzing design hierarchy..
Top module:  \i2c_controller

131.2. Analyzing design hierarchy..
Top module:  \i2c_controller
Removed 0 unused modules.

132. Executing CHECK pass (checking for obvious problems).
Checking module i2c_controller...
Found and reported 0 problems.

133. Printing statistics.

=== i2c_controller ===

        +----------Local Count, excluding submodules.
        | 
      462 wires
      533 wire bits
       39 public wires
      106 public wire bits
       15 ports
       36 port bits
      512 cells
      128   $_ANDNOT_
       16   $_AND_
       33   $_DFFE_PP_
        6   $_DFF_P_
       82   $_MUX_
       16   $_NAND_
       14   $_NOR_
       15   $_NOT_
       42   $_ORNOT_
       96   $_OR_
        2   $_SDFFCE_PP1P_
       34   $_SDFFE_PP0P_
        4   $_SDFFE_PP1P_
        6   $_SDFF_PP0_
        6   $_XNOR_
       12   $_XOR_

134. Executing OPT pass (performing simple optimizations).

134.1. Executing OPT_EXPR pass (perform const folding).
Optimizing module i2c_controller.

134.2. Executing OPT_MERGE pass (detect identical cells).
Finding identical cells in module `\i2c_controller'.
Computing hashes of 512 cells of `\i2c_controller'.
Finding duplicate cells in `\i2c_controller'.
Removed a total of 0 cells.

134.3. Executing OPT_MUXTREE pass (detect dead branches in mux trees).
Running muxtree optimizer on module \i2c_controller..
  Creating internal representation of mux trees.
  No muxes found in this module.
Removed 0 multiplexer ports.

134.4. Executing OPT_REDUCE pass (consolidate $*mux and $reduce_* inputs).
  Optimizing cells in module \i2c_controller.
Performed a total of 0 changes.

134.5. Executing OPT_MERGE pass (detect identical cells).
Finding identical cells in module `\i2c_controller'.
Computing hashes of 512 cells of `\i2c_controller'.
Finding duplicate cells in `\i2c_controller'.
Removed a total of 0 cells.

134.6. Executing OPT_DFF pass (perform DFF optimizations).

134.7. Executing OPT_CLEAN pass (remove unused cells and wires).
Finding unused cells or wires in module \i2c_controller..

134.8. Executing OPT_EXPR pass (perform const folding).
Optimizing module i2c_controller.

134.9. Finished fast OPT passes. (There is nothing left to do.)

135. Executing OPT_CLEAN pass (remove unused cells and wires).
Finding unused cells or wires in module \i2c_controller..
Removed 0 unused cells and 1 unused wires.
<suppressed ~1 debug messages>
{
   "creator": "Yosys 0.64 (git sha1 6d2c445ae, g++ 13.3.0-6ubuntu2~24.04.1 -fPIC -O3)",
   "invocation": "stat -json -liberty /foss/designs/acoustic-ranger-dvl-processor/layout/digital/i2c_wb_master/runs/RUN_2026-08-31_17-24-00/tmp/cf88651721444c71b7204611d7b1b7df.lib ",
   "modules": {
      "\\i2c_controller": {
         "num_wires":         461,
         "num_wire_bits":     531,
         "num_pub_wires":     38,
         "num_pub_wire_bits": 104,
         "num_ports":         15,
         "num_port_bits":     36,
         "num_memories":      0,
         "num_memory_bits":   0,
         "num_processes":     0,
         "num_cells":         512,
         "num_submodules":       0,
         "num_cells_by_type": {
            "$_ANDNOT_": 128,
            "$_AND_": 16,
            "$_DFFE_PP_": 33,
            "$_DFF_P_": 6,
            "$_MUX_": 82,
            "$_NAND_": 16,
            "$_NOR_": 14,
            "$_NOT_": 15,
            "$_ORNOT_": 42,
            "$_OR_": 96,
            "$_SDFFCE_PP1P_": 2,
            "$_SDFFE_PP0P_": 34,
            "$_SDFFE_PP1P_": 4,
            "$_SDFF_PP0_": 6,
            "$_XNOR_": 6,
            "$_XOR_": 12
         }
      }
   },
      "design": {
         "num_wires":         461,
         "num_wire_bits":     531,
         "num_pub_wires":     38,
         "num_pub_wire_bits": 104,
         "num_ports":         15,
         "num_port_bits":     36,
         "num_memories":      0,
         "num_memory_bits":   0,
         "num_processes":     0,
         "num_cells":         512,
         "num_submodules":       0,
         "num_cells_by_type": {
            "$_ANDNOT_": 128,
            "$_AND_": 16,
            "$_DFFE_PP_": 33,
            "$_DFF_P_": 6,
            "$_MUX_": 82,
            "$_NAND_": 16,
            "$_NOR_": 14,
            "$_NOT_": 15,
            "$_ORNOT_": 42,
            "$_OR_": 96,
            "$_SDFFCE_PP1P_": 2,
            "$_SDFFE_PP0P_": 34,
            "$_SDFFE_PP1P_": 4,
            "$_SDFF_PP0_": 6,
            "$_XNOR_": 6,
            "$_XOR_": 12
         }
      }
}

136. Printing statistics.

=== i2c_controller ===

        +----------Local Count, excluding submodules.
        | 
      461 wires
      531 wire bits
       38 public wires
      104 public wire bits
       15 ports
       36 port bits
      512 cells
      128   $_ANDNOT_
       16   $_AND_
       33   $_DFFE_PP_
        6   $_DFF_P_
       82   $_MUX_
       16   $_NAND_
       14   $_NOR_
       15   $_NOT_
       42   $_ORNOT_
       96   $_OR_
        2   $_SDFFCE_PP1P_
       34   $_SDFFE_PP0P_
        4   $_SDFFE_PP1P_
        6   $_SDFF_PP0_
        6   $_XNOR_
       12   $_XOR_

   Area for cell type $_ANDNOT_ is unknown!
   Area for cell type $_AND_ is unknown!
   Area for cell type $_DFFE_PP_ is unknown!
   Area for cell type $_DFF_P_ is unknown!
   Area for cell type $_MUX_ is unknown!
   Area for cell type $_NAND_ is unknown!
   Area for cell type $_NOR_ is unknown!
   Area for cell type $_NOT_ is unknown!
   Area for cell type $_ORNOT_ is unknown!
   Area for cell type $_OR_ is unknown!
   Area for cell type $_SDFFCE_PP1P_ is unknown!
   Area for cell type $_SDFFE_PP0P_ is unknown!
   Area for cell type $_SDFFE_PP1P_ is unknown!
   Area for cell type $_SDFF_PP0_ is unknown!
   Area for cell type $_XNOR_ is unknown!
   Area for cell type $_XOR_ is unknown!

137. Executing DFFLIBMAP pass (mapping DFF cells to sequential cells from liberty file).
  cell gf180mcu_fd_sc_mcu7t5v0__dffnq_1 (noninv, pins=3, area=65.86) is a direct match for cell type $_DFF_N_.
  cell gf180mcu_fd_sc_mcu7t5v0__dffq_1 (noninv, pins=3, area=63.66) is a direct match for cell type $_DFF_P_.
  cell gf180mcu_fd_sc_mcu7t5v0__dffnrnq_1 (noninv, pins=4, area=74.64) is a direct match for cell type $_DFF_NN0_.
  cell gf180mcu_fd_sc_mcu7t5v0__dffnsnq_1 (noninv, pins=4, area=79.03) is a direct match for cell type $_DFF_NN1_.
  cell gf180mcu_fd_sc_mcu7t5v0__dffrnq_1 (noninv, pins=4, area=74.64) is a direct match for cell type $_DFF_PN0_.
  cell gf180mcu_fd_sc_mcu7t5v0__dffsnq_1 (noninv, pins=4, area=79.03) is a direct match for cell type $_DFF_PN1_.
  cell gf180mcu_fd_sc_mcu7t5v0__dffnrsnq_1 (noninv, pins=5, area=94.39) is a direct match for cell type $_DFFSR_NNN_.
  cell gf180mcu_fd_sc_mcu7t5v0__dffrsnq_1 (noninv, pins=5, area=85.61) is a direct match for cell type $_DFFSR_PNN_.
  final dff cell mappings:
    \gf180mcu_fd_sc_mcu7t5v0__dffnq_1 _DFF_N_ (.CLKN( C), .D( D), .Q( Q));
    \gf180mcu_fd_sc_mcu7t5v0__dffq_1 _DFF_P_ (.CLK( C), .D( D), .Q( Q));
    \gf180mcu_fd_sc_mcu7t5v0__dffnrnq_1 _DFF_NN0_ (.CLKN( C), .D( D), .Q( Q), .RN( R));
    \gf180mcu_fd_sc_mcu7t5v0__dffnsnq_1 _DFF_NN1_ (.CLKN( C), .D( D), .Q( Q), .SETN( R));
    unmapped dff cell: $_DFF_NP0_
    unmapped dff cell: $_DFF_NP1_
    \gf180mcu_fd_sc_mcu7t5v0__dffrnq_1 _DFF_PN0_ (.CLK( C), .D( D), .Q( Q), .RN( R));
    \gf180mcu_fd_sc_mcu7t5v0__dffsnq_1 _DFF_PN1_ (.CLK( C), .D( D), .Q( Q), .SETN( R));
    unmapped dff cell: $_DFF_PP0_
    unmapped dff cell: $_DFF_PP1_
    unmapped dff cell: $_DFFE_NN_
    unmapped dff cell: $_DFFE_NP_
    unmapped dff cell: $_DFFE_PN_
    unmapped dff cell: $_DFFE_PP_
    \gf180mcu_fd_sc_mcu7t5v0__dffnrsnq_1 _DFFSR_NNN_ (.CLKN( C), .D( D), .Q( Q), .RN( R), .SETN( S));
    unmapped dff cell: $_DFFSR_NNP_
    unmapped dff cell: $_DFFSR_NPN_
    unmapped dff cell: $_DFFSR_NPP_
    \gf180mcu_fd_sc_mcu7t5v0__dffrsnq_1 _DFFSR_PNN_ (.CLK( C), .D( D), .Q( Q), .RN( R), .SETN( S));
    unmapped dff cell: $_DFFSR_PNP_
    unmapped dff cell: $_DFFSR_PPN_
    unmapped dff cell: $_DFFSR_PPP_

137.1. Executing DFFLEGALIZE pass (convert FFs to types supported by the target).
Mapping DFF cells in module `\i2c_controller':
  mapped 85 $_DFF_P_ cells to \gf180mcu_fd_sc_mcu7t5v0__dffq_1 cells.
{
   "creator": "Yosys 0.64 (git sha1 6d2c445ae, g++ 13.3.0-6ubuntu2~24.04.1 -fPIC -O3)",
   "invocation": "stat -json -liberty /foss/designs/acoustic-ranger-dvl-processor/layout/digital/i2c_wb_master/runs/RUN_2026-08-31_17-24-00/tmp/cf88651721444c71b7204611d7b1b7df.lib ",
   "modules": {
      "\\i2c_controller": {
         "num_wires":         580,
         "num_wire_bits":     650,
         "num_pub_wires":     38,
         "num_pub_wire_bits": 104,
         "num_ports":         15,
         "num_port_bits":     36,
         "num_memories":      0,
         "num_memory_bits":   0,
         "num_processes":     0,
         "num_cells":         631,
         "num_submodules":       0,
         "area":              5411.168000,
         "sequential_area":    5411.168000,
         "num_cells_by_type": {
            "$_ANDNOT_": 128,
            "$_AND_": 16,
            "$_MUX_": 201,
            "$_NAND_": 16,
            "$_NOR_": 14,
            "$_NOT_": 15,
            "$_ORNOT_": 42,
            "$_OR_": 96,
            "$_XNOR_": 6,
            "$_XOR_": 12,
            "gf180mcu_fd_sc_mcu7t5v0__dffq_1": 85
         }
      }
   },
      "design": {
         "num_wires":         580,
         "num_wire_bits":     650,
         "num_pub_wires":     38,
         "num_pub_wire_bits": 104,
         "num_ports":         15,
         "num_port_bits":     36,
         "num_memories":      0,
         "num_memory_bits":   0,
         "num_processes":     0,
         "num_cells":         631,
         "num_submodules":       0,
         "area":              5411.168000,
         "sequential_area":    5411.168000,
         "num_cells_by_type": {
            "$_ANDNOT_": 128,
            "$_AND_": 16,
            "$_MUX_": 201,
            "$_NAND_": 16,
            "$_NOR_": 14,
            "$_NOT_": 15,
            "$_ORNOT_": 42,
            "$_OR_": 96,
            "$_XNOR_": 6,
            "$_XOR_": 12,
            "gf180mcu_fd_sc_mcu7t5v0__dffq_1": 85
         }
      }
}

138. Printing statistics.

=== i2c_controller ===

        +----------Local Count, excluding submodules.
        |        +-Local Area, excluding submodules.
        |        | 
      580        - wires
      650        - wire bits
       38        - public wires
      104        - public wire bits
       15        - ports
       36        - port bits
      631 5.41E+03 cells
      128        -   $_ANDNOT_
       16        -   $_AND_
      201        -   $_MUX_
       16        -   $_NAND_
       14        -   $_NOR_
       15        -   $_NOT_
       42        -   $_ORNOT_
       96        -   $_OR_
        6        -   $_XNOR_
       12        -   $_XOR_
       85 5.41E+03   gf180mcu_fd_sc_mcu7t5v0__dffq_1

   Area for cell type $_ANDNOT_ is unknown!
   Area for cell type $_AND_ is unknown!
   Area for cell type $_MUX_ is unknown!
   Area for cell type $_NAND_ is unknown!
   Area for cell type $_NOR_ is unknown!
   Area for cell type $_NOT_ is unknown!
   Area for cell type $_ORNOT_ is unknown!
   Area for cell type $_OR_ is unknown!
   Area for cell type $_XNOR_ is unknown!
   Area for cell type $_XOR_ is unknown!

   Chip area for module '\i2c_controller': 5411.168000
     of which used for sequential elements: 5411.168000 (100.00%)

[INFO] Using generated ABC script '/foss/designs/acoustic-ranger-dvl-processor/layout/digital/i2c_wb_master/runs/RUN_2026-08-31_17-24-00/06-yosys-synthesis/DELAY_2.abc'…

139. Executing ABC pass (technology mapping using ABC).

139.1. Extracting gate netlist of module `\i2c_controller' to `/tmp/yosys-abc-0g9GMk/input.blif'..

139.1.1. Executed ABC.
Extracted 546 gates and 641 wires to a netlist network with 93 inputs and 82 outputs.
Running ABC script: /tmp/yosys-abc-0g9GMk/abc.script
ABC: UC Berkeley, ABC 1.01 (compiled Apr 16 2026 21:01:18)
ABC: abc 01> empty
ABC: abc 01> source /tmp/yosys-abc-0g9GMk/abc.script
ABC: + read_blif /tmp/yosys-abc-0g9GMk/input.blif 
ABC: + read_lib -w /foss/designs/acoustic-ranger-dvl-processor/layout/digital/i2c_wb_master/runs/RUN_2026-08-31_17-24-00/tmp/cf88651721444c71b7204611d7b1b7df.lib 
ABC: Parsing finished successfully.  Parsing time =     0.13 sec
ABC: Scl_LibertyReadGenlib() skipped cell "gf180mcu_fd_sc_mcu7t5v0__antenna" without logic function.
ABC: Scl_LibertyReadGenlib() skipped three-state cell "gf180mcu_fd_sc_mcu7t5v0__bufz_1".
ABC: Scl_LibertyReadGenlib() skipped three-state cell "gf180mcu_fd_sc_mcu7t5v0__bufz_2".
ABC: Scl_LibertyReadGenlib() skipped three-state cell "gf180mcu_fd_sc_mcu7t5v0__bufz_3".
ABC: Scl_LibertyReadGenlib() skipped three-state cell "gf180mcu_fd_sc_mcu7t5v0__bufz_4".
ABC: Scl_LibertyReadGenlib() skipped three-state cell "gf180mcu_fd_sc_mcu7t5v0__bufz_8".
ABC: Scl_LibertyReadGenlib() skipped three-state cell "gf180mcu_fd_sc_mcu7t5v0__bufz_12".
ABC: Scl_LibertyReadGenlib() skipped three-state cell "gf180mcu_fd_sc_mcu7t5v0__bufz_16".
ABC: Scl_LibertyReadGenlib() skipped sequential cell "gf180mcu_fd_sc_mcu7t5v0__dffnq_1".
ABC: Scl_LibertyReadGenlib() skipped sequential cell "gf180mcu_fd_sc_mcu7t5v0__dffnq_2".
ABC: Scl_LibertyReadGenlib() skipped sequential cell "gf180mcu_fd_sc_mcu7t5v0__dffnq_4".
ABC: Scl_LibertyReadGenlib() skipped sequential cell "gf180mcu_fd_sc_mcu7t5v0__dffnrnq_1".
ABC: Scl_LibertyReadGenlib() skipped sequential cell "gf180mcu_fd_sc_mcu7t5v0__dffnrnq_2".
ABC: Scl_LibertyReadGenlib() skipped sequential cell "gf180mcu_fd_sc_mcu7t5v0__dffnrnq_4".
ABC: Scl_LibertyReadGenlib() skipped sequential cell "gf180mcu_fd_sc_mcu7t5v0__dffnrsnq_1".
ABC: Scl_LibertyReadGenlib() skipped sequential cell "gf180mcu_fd_sc_mcu7t5v0__dffnrsnq_2".
ABC: Scl_LibertyReadGenlib() skipped sequential cell "gf180mcu_fd_sc_mcu7t5v0__dffnrsnq_4".
ABC: Scl_LibertyReadGenlib() skipped sequential cell "gf180mcu_fd_sc_mcu7t5v0__dffnsnq_1".
ABC: Scl_LibertyReadGenlib() skipped sequential cell "gf180mcu_fd_sc_mcu7t5v0__dffnsnq_2".
ABC: Scl_LibertyReadGenlib() skipped sequential cell "gf180mcu_fd_sc_mcu7t5v0__dffnsnq_4".
ABC: Scl_LibertyReadGenlib() skipped sequential cell "gf180mcu_fd_sc_mcu7t5v0__dffq_1".
ABC: Scl_LibertyReadGenlib() skipped sequential cell "gf180mcu_fd_sc_mcu7t5v0__dffq_2".
ABC: Scl_LibertyReadGenlib() skipped sequential cell "gf180mcu_fd_sc_mcu7t5v0__dffq_4".
ABC: Scl_LibertyReadGenlib() skipped sequential cell "gf180mcu_fd_sc_mcu7t5v0__dffrnq_1".
ABC: Scl_LibertyReadGenlib() skipped sequential cell "gf180mcu_fd_sc_mcu7t5v0__dffrnq_2".
ABC: Scl_LibertyReadGenlib() skipped sequential cell "gf180mcu_fd_sc_mcu7t5v0__dffrnq_4".
ABC: Scl_LibertyReadGenlib() skipped sequential cell "gf180mcu_fd_sc_mcu7t5v0__dffrsnq_1".
ABC: Scl_LibertyReadGenlib() skipped sequential cell "gf180mcu_fd_sc_mcu7t5v0__dffrsnq_2".
ABC: Scl_LibertyReadGenlib() skipped sequential cell "gf180mcu_fd_sc_mcu7t5v0__dffrsnq_4".
ABC: Scl_LibertyReadGenlib() skipped sequential cell "gf180mcu_fd_sc_mcu7t5v0__dffsnq_1".
ABC: Scl_LibertyReadGenlib() skipped sequential cell "gf180mcu_fd_sc_mcu7t5v0__dffsnq_2".
ABC: Scl_LibertyReadGenlib() skipped sequential cell "gf180mcu_fd_sc_mcu7t5v0__dffsnq_4".
ABC: Scl_LibertyReadGenlib() skipped cell "gf180mcu_fd_sc_mcu7t5v0__endcap" without logic function.
ABC: Scl_LibertyReadGenlib() skipped cell "gf180mcu_fd_sc_mcu7t5v0__fill_1" without logic function.
ABC: Scl_LibertyReadGenlib() skipped cell "gf180mcu_fd_sc_mcu7t5v0__fill_2" without logic function.
ABC: Scl_LibertyReadGenlib() skipped cell "gf180mcu_fd_sc_mcu7t5v0__fill_4" without logic function.
ABC: Scl_LibertyReadGenlib() skipped cell "gf180mcu_fd_sc_mcu7t5v0__fill_8" without logic function.
ABC: Scl_LibertyReadGenlib() skipped cell "gf180mcu_fd_sc_mcu7t5v0__fill_16" without logic function.
ABC: Scl_LibertyReadGenlib() skipped cell "gf180mcu_fd_sc_mcu7t5v0__fill_32" without logic function.
ABC: Scl_LibertyReadGenlib() skipped cell "gf180mcu_fd_sc_mcu7t5v0__fill_64" without logic function.
ABC: Scl_LibertyReadGenlib() skipped cell "gf180mcu_fd_sc_mcu7t5v0__fillcap_4" without logic function.
ABC: Scl_LibertyReadGenlib() skipped cell "gf180mcu_fd_sc_mcu7t5v0__fillcap_8" without logic function.
ABC: Scl_LibertyReadGenlib() skipped cell "gf180mcu_fd_sc_mcu7t5v0__fillcap_16" without logic function.
ABC: Scl_LibertyReadGenlib() skipped cell "gf180mcu_fd_sc_mcu7t5v0__fillcap_32" without logic function.
ABC: Scl_LibertyReadGenlib() skipped cell "gf180mcu_fd_sc_mcu7t5v0__fillcap_64" without logic function.
ABC: Scl_LibertyReadGenlib() skipped cell "gf180mcu_fd_sc_mcu7t5v0__filltie" without logic function.
ABC: Scl_LibertyReadGenlib() skipped three-state cell "gf180mcu_fd_sc_mcu7t5v0__hold".
ABC: Scl_LibertyReadGenlib() skipped cell "gf180mcu_fd_sc_mcu7t5v0__icgtn_1" without logic function.
ABC: Scl_LibertyReadGenlib() skipped cell "gf180mcu_fd_sc_mcu7t5v0__icgtn_2" without logic function.
ABC: Scl_LibertyReadGenlib() skipped cell "gf180mcu_fd_sc_mcu7t5v0__icgtn_4" without logic function.
ABC: Scl_LibertyReadGenlib() skipped cell "gf180mcu_fd_sc_mcu7t5v0__icgtp_1" without logic function.
ABC: Scl_LibertyReadGenlib() skipped cell "gf180mcu_fd_sc_mcu7t5v0__icgtp_2" without logic function.
ABC: Scl_LibertyReadGenlib() skipped cell "gf180mcu_fd_sc_mcu7t5v0__icgtp_4" without logic function.
ABC: Scl_LibertyReadGenlib() skipped three-state cell "gf180mcu_fd_sc_mcu7t5v0__invz_1".
ABC: Scl_LibertyReadGenlib() skipped three-state cell "gf180mcu_fd_sc_mcu7t5v0__invz_2".
ABC: Scl_LibertyReadGenlib() skipped three-state cell "gf180mcu_fd_sc_mcu7t5v0__invz_3".
ABC: Scl_LibertyReadGenlib() skipped three-state cell "gf180mcu_fd_sc_mcu7t5v0__invz_4".
ABC: Scl_LibertyReadGenlib() skipped three-state cell "gf180mcu_fd_sc_mcu7t5v0__invz_8".
ABC: Scl_LibertyReadGenlib() skipped three-state cell "gf180mcu_fd_sc_mcu7t5v0__invz_12".
ABC: Scl_LibertyReadGenlib() skipped three-state cell "gf180mcu_fd_sc_mcu7t5v0__invz_16".
ABC: Scl_LibertyReadGenlib() skipped sequential cell "gf180mcu_fd_sc_mcu7t5v0__latq_1".
ABC: Scl_LibertyReadGenlib() skipped sequential cell "gf180mcu_fd_sc_mcu7t5v0__latq_2".
ABC: Scl_LibertyReadGenlib() skipped sequential cell "gf180mcu_fd_sc_mcu7t5v0__latq_4".
ABC: Scl_LibertyReadGenlib() skipped sequential cell "gf180mcu_fd_sc_mcu7t5v0__latrnq_1".
ABC: Scl_LibertyReadGenlib() skipped sequential cell "gf180mcu_fd_sc_mcu7t5v0__latrnq_2".
ABC: Scl_LibertyReadGenlib() skipped sequential cell "gf180mcu_fd_sc_mcu7t5v0__latrnq_4".
ABC: Scl_LibertyReadGenlib() skipped sequential cell "gf180mcu_fd_sc_mcu7t5v0__latrsnq_1".
ABC: Scl_LibertyReadGenlib() skipped sequential cell "gf180mcu_fd_sc_mcu7t5v0__latrsnq_2".
ABC: Scl_LibertyReadGenlib() skipped sequential cell "gf180mcu_fd_sc_mcu7t5v0__latrsnq_4".
ABC: Scl_LibertyReadGenlib() skipped sequential cell "gf180mcu_fd_sc_mcu7t5v0__latsnq_1".
ABC: Scl_LibertyReadGenlib() skipped sequential cell "gf180mcu_fd_sc_mcu7t5v0__latsnq_2".
ABC: Scl_LibertyReadGenlib() skipped sequential cell "gf180mcu_fd_sc_mcu7t5v0__latsnq_4".
ABC: Library "gf180mcu_fd_sc_mcu7t5v0__tt_025C_5v00" from "/foss/designs/acoustic-ranger-dvl-processor/layout/digital/i2c_wb_master/runs/RUN_2026-08-31_17-24-00/tmp/cf88651721444c71b7204611d7b1b7df.lib" has 143 cells (72 skipped: 36 seq; 15 tri-state; 21 no func; 0 dont_use; 0 with 2 outputs; 0 with 3+ outputs).  Time =     0.23 sec
ABC: Memory =   23.83 MB. Time =     0.23 sec
ABC: Warning: Detected 6 multi-output cells (for example, "gf180mcu_fd_sc_mcu7t5v0__addf_1").
ABC: + read_constr -v /foss/designs/acoustic-ranger-dvl-processor/layout/digital/i2c_wb_master/runs/RUN_2026-08-31_17-24-00/06-yosys-synthesis/synthesis.abc.sdc 
ABC: Setting driving cell to be "gf180mcu_fd_sc_mcu7t5v0__inv_1/ZN".
ABC: Setting output load to be 72.910004.
ABC: + source /foss/designs/acoustic-ranger-dvl-processor/layout/digital/i2c_wb_master/runs/RUN_2026-08-31_17-24-00/06-yosys-synthesis/DELAY_2.abc 
ABC: Error: The network is combinational.
ABC: The cell areas are multiplied by the factor: <num_fanins> ^ (0.90).
ABC: The cell delays are multiplied by the factor: <num_fanins> ^ (0.20).
ABC: Cannot find the default PI driving cell (gf180mcu_fd_sc_mcu7t5v0__inv_1/ZN) in the library.
ABC: WireLoad = "none"  Gates =    409 (  8.1 %)   Cap = 22.3 ff (  2.5 %)   Area =     7145.38 ( 95.1 %)   Delay =  5651.80 ps  (  5.4 %)               
ABC: Path  0 --      62 : 0   12 pi                                A =   0.00  Df =   0.0   -0.0 ps  S =   0.0 ps  Cin =  0.0 ff  Cout =  55.4 ff  Cmax =   0.0 ff  G =    0  
ABC: Path  1 --     196 : 1   14 gf180mcu_fd_sc_mcu7t5v0__clkinv_1 A =   8.78  Df = 593.5  -21.6 ps  S =1003.4 ps  Cin =  4.2 ff  Cout =  58.0 ff  Cmax = 228.4 ff  G = 1374  
ABC: Path  2 --     216 : 2   11 gf180mcu_fd_sc_mcu7t5v0__nand2_1  A =  10.98  Df =1372.4 -198.6 ps  S = 918.0 ps  Cin =  4.7 ff  Cout =  43.5 ff  Cmax = 212.6 ff  G =  931  
ABC: Path  3 --     314 : 2    7 gf180mcu_fd_sc_mcu7t5v0__nand2_1  A =  10.98  Df =1841.2  -73.7 ps  S = 716.8 ps  Cin =  4.7 ff  Cout =  31.0 ff  Cmax = 212.6 ff  G =  663  
ABC: Path  4 --     360 : 2    9 gf180mcu_fd_sc_mcu7t5v0__nor2_1   A =  13.17  Df =2791.8 -479.2 ps  S =1413.2 ps  Cin =  4.4 ff  Cout =  43.1 ff  Cmax = 125.1 ff  G =  988  
ABC: Path  5 --     544 : 4    1 gf180mcu_fd_sc_mcu7t5v0__aoi22_1  A =  19.76  Df =4448.6 -233.2 ps  S = 797.0 ps  Cin =  4.8 ff  Cout =   4.2 ff  Cmax = 163.3 ff  G =   88  
ABC: Path  6 --     545 : 2    1 gf180mcu_fd_sc_mcu7t5v0__nor2_1   A =  13.17  Df =5651.8 -428.3 ps  S =2308.1 ps  Cin =  4.4 ff  Cout =  72.9 ff  Cmax = 125.1 ff  G = 1671  
ABC: Start-point = pi61 (\wb_master_state [1]).  End-point = po62 ($auto$rtlil.cc:3501:MuxGate$3450).
ABC: netlist                       : i/o =   93/   82  lat =    0  nd =   409  edge =   1181  area =2829.29  delay =1984.59  lev = 7
ABC: + write_blif /tmp/yosys-abc-0g9GMk/output.blif 
ABC:                                                                                
ABC: YOSYS_ABC_DONE 

139.1.2. Re-integrating ABC results.
ABC RESULTS:   gf180mcu_fd_sc_mcu7t5v0__and2_1 cells:        7
ABC RESULTS:   gf180mcu_fd_sc_mcu7t5v0__and3_1 cells:        2
ABC RESULTS:   gf180mcu_fd_sc_mcu7t5v0__and4_1 cells:       12
ABC RESULTS:   gf180mcu_fd_sc_mcu7t5v0__aoi211_1 cells:       13
ABC RESULTS:   gf180mcu_fd_sc_mcu7t5v0__aoi21_1 cells:       32
ABC RESULTS:   gf180mcu_fd_sc_mcu7t5v0__aoi221_1 cells:        1
ABC RESULTS:   gf180mcu_fd_sc_mcu7t5v0__aoi222_1 cells:        1
ABC RESULTS:   gf180mcu_fd_sc_mcu7t5v0__aoi22_1 cells:       26
ABC RESULTS:   gf180mcu_fd_sc_mcu7t5v0__clkinv_1 cells:       33
ABC RESULTS:   gf180mcu_fd_sc_mcu7t5v0__mux2_2 cells:       19
ABC RESULTS:   gf180mcu_fd_sc_mcu7t5v0__mux4_1 cells:        2
ABC RESULTS:   gf180mcu_fd_sc_mcu7t5v0__nand2_1 cells:       62
ABC RESULTS:   gf180mcu_fd_sc_mcu7t5v0__nand3_1 cells:       24
ABC RESULTS:   gf180mcu_fd_sc_mcu7t5v0__nand4_1 cells:       39
ABC RESULTS:   gf180mcu_fd_sc_mcu7t5v0__nor2_1 cells:       55
ABC RESULTS:   gf180mcu_fd_sc_mcu7t5v0__nor3_1 cells:        8
ABC RESULTS:   gf180mcu_fd_sc_mcu7t5v0__nor4_1 cells:       10
ABC RESULTS:   gf180mcu_fd_sc_mcu7t5v0__oai211_1 cells:        5
ABC RESULTS:   gf180mcu_fd_sc_mcu7t5v0__oai21_1 cells:       26
ABC RESULTS:   gf180mcu_fd_sc_mcu7t5v0__oai221_1 cells:        6
ABC RESULTS:   gf180mcu_fd_sc_mcu7t5v0__oai22_1 cells:        8
ABC RESULTS:   gf180mcu_fd_sc_mcu7t5v0__oai31_1 cells:        3
ABC RESULTS:   gf180mcu_fd_sc_mcu7t5v0__oai32_1 cells:        4
ABC RESULTS:   gf180mcu_fd_sc_mcu7t5v0__oai33_1 cells:        1
ABC RESULTS:   gf180mcu_fd_sc_mcu7t5v0__or2_1 cells:        7
ABC RESULTS:   gf180mcu_fd_sc_mcu7t5v0__or4_1 cells:        2
ABC RESULTS:   gf180mcu_fd_sc_mcu7t5v0__xor2_1 cells:        1
ABC RESULTS:        internal signals:      466
ABC RESULTS:           input signals:       93
ABC RESULTS:          output signals:       82
Removing temp directory.
Removing global temp directory.

140. Executing SETUNDEF pass (replace undef values with defined constants).

141. Executing HILOMAP pass (mapping to constant drivers).

142. Executing SPLITNETS pass (splitting up multi-bit signals).

143. Executing OPT_CLEAN pass (remove unused cells and wires).
Finding unused cells or wires in module \i2c_controller..
Removed 0 unused cells and 642 unused wires.
<suppressed ~3 debug messages>

144. Executing INSBUF pass (insert buffer cells for connected wires).
Add i2c_controller/$auto$insbuf.cc:97:execute$3937: \CYC_O -> \STB_O

145. Executing CHECK pass (checking for obvious problems).
Checking module i2c_controller...
Found and reported 0 problems.
{
   "creator": "Yosys 0.64 (git sha1 6d2c445ae, g++ 13.3.0-6ubuntu2~24.04.1 -fPIC -O3)",
   "invocation": "stat -json -liberty /foss/designs/acoustic-ranger-dvl-processor/layout/digital/i2c_wb_master/runs/RUN_2026-08-31_17-24-00/tmp/cf88651721444c71b7204611d7b1b7df.lib ",
   "modules": {
      "\\i2c_controller": {
         "num_wires":         489,
         "num_wire_bits":     510,
         "num_pub_wires":     81,
         "num_pub_wire_bits": 102,
         "num_ports":         15,
         "num_port_bits":     36,
         "num_memories":      0,
         "num_memory_bits":   0,
         "num_processes":     0,
         "num_cells":         495,
         "num_submodules":       0,
         "area":              12569.715200,
         "sequential_area":    5411.168000,
         "num_cells_by_type": {
            "gf180mcu_fd_sc_mcu7t5v0__and2_1": 7,
            "gf180mcu_fd_sc_mcu7t5v0__and3_1": 2,
            "gf180mcu_fd_sc_mcu7t5v0__and4_1": 12,
            "gf180mcu_fd_sc_mcu7t5v0__aoi211_1": 13,
            "gf180mcu_fd_sc_mcu7t5v0__aoi21_1": 32,
            "gf180mcu_fd_sc_mcu7t5v0__aoi221_1": 1,
            "gf180mcu_fd_sc_mcu7t5v0__aoi222_1": 1,
            "gf180mcu_fd_sc_mcu7t5v0__aoi22_1": 26,
            "gf180mcu_fd_sc_mcu7t5v0__buf_1": 1,
            "gf180mcu_fd_sc_mcu7t5v0__clkinv_1": 33,
            "gf180mcu_fd_sc_mcu7t5v0__dffq_1": 85,
            "gf180mcu_fd_sc_mcu7t5v0__mux2_2": 19,
            "gf180mcu_fd_sc_mcu7t5v0__mux4_1": 2,
            "gf180mcu_fd_sc_mcu7t5v0__nand2_1": 62,
            "gf180mcu_fd_sc_mcu7t5v0__nand3_1": 24,
            "gf180mcu_fd_sc_mcu7t5v0__nand4_1": 39,
            "gf180mcu_fd_sc_mcu7t5v0__nor2_1": 55,
            "gf180mcu_fd_sc_mcu7t5v0__nor3_1": 8,
            "gf180mcu_fd_sc_mcu7t5v0__nor4_1": 10,
            "gf180mcu_fd_sc_mcu7t5v0__oai211_1": 5,
            "gf180mcu_fd_sc_mcu7t5v0__oai21_1": 26,
            "gf180mcu_fd_sc_mcu7t5v0__oai221_1": 6,
            "gf180mcu_fd_sc_mcu7t5v0__oai22_1": 8,
            "gf180mcu_fd_sc_mcu7t5v0__oai31_1": 3,
            "gf180mcu_fd_sc_mcu7t5v0__oai32_1": 4,
            "gf180mcu_fd_sc_mcu7t5v0__oai33_1": 1,
            "gf180mcu_fd_sc_mcu7t5v0__or2_1": 7,
            "gf180mcu_fd_sc_mcu7t5v0__or4_1": 2,
            "gf180mcu_fd_sc_mcu7t5v0__xor2_1": 1
         }
      }
   },
      "design": {
         "num_wires":         489,
         "num_wire_bits":     510,
         "num_pub_wires":     81,
         "num_pub_wire_bits": 102,
         "num_ports":         15,
         "num_port_bits":     36,
         "num_memories":      0,
         "num_memory_bits":   0,
         "num_processes":     0,
         "num_cells":         495,
         "num_submodules":       0,
         "area":              12569.715200,
         "sequential_area":    5411.168000,
         "num_cells_by_type": {
            "gf180mcu_fd_sc_mcu7t5v0__and2_1": 7,
            "gf180mcu_fd_sc_mcu7t5v0__and3_1": 2,
            "gf180mcu_fd_sc_mcu7t5v0__and4_1": 12,
            "gf180mcu_fd_sc_mcu7t5v0__aoi211_1": 13,
            "gf180mcu_fd_sc_mcu7t5v0__aoi21_1": 32,
            "gf180mcu_fd_sc_mcu7t5v0__aoi221_1": 1,
            "gf180mcu_fd_sc_mcu7t5v0__aoi222_1": 1,
            "gf180mcu_fd_sc_mcu7t5v0__aoi22_1": 26,
            "gf180mcu_fd_sc_mcu7t5v0__buf_1": 1,
            "gf180mcu_fd_sc_mcu7t5v0__clkinv_1": 33,
            "gf180mcu_fd_sc_mcu7t5v0__dffq_1": 85,
            "gf180mcu_fd_sc_mcu7t5v0__mux2_2": 19,
            "gf180mcu_fd_sc_mcu7t5v0__mux4_1": 2,
            "gf180mcu_fd_sc_mcu7t5v0__nand2_1": 62,
            "gf180mcu_fd_sc_mcu7t5v0__nand3_1": 24,
            "gf180mcu_fd_sc_mcu7t5v0__nand4_1": 39,
            "gf180mcu_fd_sc_mcu7t5v0__nor2_1": 55,
            "gf180mcu_fd_sc_mcu7t5v0__nor3_1": 8,
            "gf180mcu_fd_sc_mcu7t5v0__nor4_1": 10,
            "gf180mcu_fd_sc_mcu7t5v0__oai211_1": 5,
            "gf180mcu_fd_sc_mcu7t5v0__oai21_1": 26,
            "gf180mcu_fd_sc_mcu7t5v0__oai221_1": 6,
            "gf180mcu_fd_sc_mcu7t5v0__oai22_1": 8,
            "gf180mcu_fd_sc_mcu7t5v0__oai31_1": 3,
            "gf180mcu_fd_sc_mcu7t5v0__oai32_1": 4,
            "gf180mcu_fd_sc_mcu7t5v0__oai33_1": 1,
            "gf180mcu_fd_sc_mcu7t5v0__or2_1": 7,
            "gf180mcu_fd_sc_mcu7t5v0__or4_1": 2,
            "gf180mcu_fd_sc_mcu7t5v0__xor2_1": 1
         }
      }
}

146. Printing statistics.

=== i2c_controller ===

        +----------Local Count, excluding submodules.
        |        +-Local Area, excluding submodules.
        |        | 
      489        - wires
      510        - wire bits
       81        - public wires
      102        - public wire bits
       15        - ports
       36        - port bits
      495 1.26E+04 cells
        7  122.931   gf180mcu_fd_sc_mcu7t5v0__and2_1
        2   43.904   gf180mcu_fd_sc_mcu7t5v0__and3_1
       12  289.766   gf180mcu_fd_sc_mcu7t5v0__and4_1
       13  285.376   gf180mcu_fd_sc_mcu7t5v0__aoi211_1
       32  561.971   gf180mcu_fd_sc_mcu7t5v0__aoi21_1
        1   24.147   gf180mcu_fd_sc_mcu7t5v0__aoi221_1
        1   30.733   gf180mcu_fd_sc_mcu7t5v0__aoi222_1
       26  513.677   gf180mcu_fd_sc_mcu7t5v0__aoi22_1
        1   13.171   gf180mcu_fd_sc_mcu7t5v0__buf_1
       33  289.766   gf180mcu_fd_sc_mcu7t5v0__clkinv_1
       85 5.41E+03   gf180mcu_fd_sc_mcu7t5v0__dffq_1
       19  625.632   gf180mcu_fd_sc_mcu7t5v0__mux2_2
        2  140.493   gf180mcu_fd_sc_mcu7t5v0__mux4_1
       62  680.512   gf180mcu_fd_sc_mcu7t5v0__nand2_1
       24  368.794   gf180mcu_fd_sc_mcu7t5v0__nand3_1
       39  770.515   gf180mcu_fd_sc_mcu7t5v0__nand4_1
       55  724.416   gf180mcu_fd_sc_mcu7t5v0__nor2_1
        8  140.493   gf180mcu_fd_sc_mcu7t5v0__nor3_1
       10   219.52   gf180mcu_fd_sc_mcu7t5v0__nor4_1
        5   109.76   gf180mcu_fd_sc_mcu7t5v0__oai211_1
       26  456.602   gf180mcu_fd_sc_mcu7t5v0__oai21_1
        6  158.054   gf180mcu_fd_sc_mcu7t5v0__oai221_1
        8  175.616   gf180mcu_fd_sc_mcu7t5v0__oai22_1
        3   72.442   gf180mcu_fd_sc_mcu7t5v0__oai31_1
        4   105.37   gf180mcu_fd_sc_mcu7t5v0__oai32_1
        1   32.928   gf180mcu_fd_sc_mcu7t5v0__oai33_1
        7  122.931   gf180mcu_fd_sc_mcu7t5v0__or2_1
        2   52.685   gf180mcu_fd_sc_mcu7t5v0__or4_1
        1   26.342   gf180mcu_fd_sc_mcu7t5v0__xor2_1

   Chip area for module '\i2c_controller': 12569.715200
     of which used for sequential elements: 5411.168000 (43.05%)

147. Executing Verilog backend.
Dumping module `\i2c_controller'.

148. Executing JSON backend.
