
===========================================================================
report_checks -unconstrained
===========================================================================
======================= max_ff_n40C_5v50 Corner ===================================

Startpoint: RST_I (input port clocked by system_clock)
Endpoint: _879_ (rising edge-triggered flip-flop clocked by system_clock)
Path Group: system_clock
Path Type: max

Fanout         Cap        Slew       Delay        Time   Description
---------------------------------------------------------------------------------------------
                                  0.000000    0.000000   clock system_clock (rise edge)
                                  0.000000    0.000000   clock network delay (propagated)
                                 20.000000   20.000000 ^ input external delay
     1    0.010229    0.000000    0.000000   20.000000 ^ RST_I (in)
                                                         RST_I (net)
                      0.000401    0.000163   20.000164 ^ input10/I (gf180mcu_fd_sc_mcu7t5v0__dlyb_1)
    31    0.268669    2.892321    2.161473   22.161636 ^ input10/Z (gf180mcu_fd_sc_mcu7t5v0__dlyb_1)
                                                         net10 (net)
                      2.892672    0.018177   22.179813 ^ _430_/I (gf180mcu_fd_sc_mcu7t5v0__clkinv_1)
    16    0.132262    1.770241    1.424203   23.604017 v _430_/ZN (gf180mcu_fd_sc_mcu7t5v0__clkinv_1)
                                                         _103_ (net)
                      1.770489    0.011640   23.615658 v _491_/A1 (gf180mcu_fd_sc_mcu7t5v0__nand2_1)
     2    0.010921    0.460381    0.459407   24.075064 ^ _491_/ZN (gf180mcu_fd_sc_mcu7t5v0__nand2_1)
                                                         _155_ (net)
                      0.460381    0.000112   24.075176 ^ _502_/C (gf180mcu_fd_sc_mcu7t5v0__aoi211_1)
     5    0.039085    0.635608    0.434664   24.509840 v _502_/ZN (gf180mcu_fd_sc_mcu7t5v0__aoi211_1)
                                                         _166_ (net)
                      0.635608    0.000597   24.510437 v _505_/B (gf180mcu_fd_sc_mcu7t5v0__oai211_1)
     8    0.100548    1.929829    1.047908   25.558346 ^ _505_/ZN (gf180mcu_fd_sc_mcu7t5v0__oai211_1)
                                                         _169_ (net)
                      1.929844    0.002958   25.561302 ^ _534_/B1 (gf180mcu_fd_sc_mcu7t5v0__aoi22_1)
     1    0.004512    0.569095    0.168081   25.729383 v _534_/ZN (gf180mcu_fd_sc_mcu7t5v0__aoi22_1)
                                                         _013_ (net)
                      0.569095    0.000092   25.729477 v _879_/D (gf180mcu_fd_sc_mcu7t5v0__dffq_1)
                                             25.729477   data arrival time

                                100.000000  100.000000   clock system_clock (rise edge)
                                  0.000000  100.000000   clock source latency
     1    0.041657    0.000000    0.000000  100.000000 ^ CLK_I (in)
                                                         CLK_I (net)
                      0.005019    0.002053  100.002052 ^ clkbuf_0_CLK_I/I (gf180mcu_fd_sc_mcu7t5v0__clkbuf_16)
     8    0.204256    0.164828    0.208559  100.210609 ^ clkbuf_0_CLK_I/Z (gf180mcu_fd_sc_mcu7t5v0__clkbuf_16)
                                                         clknet_0_CLK_I (net)
                      0.164859    0.003361  100.213966 ^ clkbuf_3_6__f_CLK_I/I (gf180mcu_fd_sc_mcu7t5v0__clkbuf_16)
    13    0.090231    0.096843    0.194603  100.408577 ^ clkbuf_3_6__f_CLK_I/Z (gf180mcu_fd_sc_mcu7t5v0__clkbuf_16)
                                                         clknet_3_6__leaf_CLK_I (net)
                      0.096853    0.001684  100.410255 ^ _879_/CLK (gf180mcu_fd_sc_mcu7t5v0__dffq_1)
                                 -0.500000   99.910255   clock uncertainty
                                  0.000000   99.910255   clock reconvergence pessimism
                                 -0.299082   99.611176   library setup time
                                             99.611176   data required time
---------------------------------------------------------------------------------------------
                                             99.611176   data required time
                                            -25.729477   data arrival time
---------------------------------------------------------------------------------------------
                                             73.881699   slack (MET)




===========================================================================
report_checks --slack_max -0.01
============================================================================
======================= max_ff_n40C_5v50 Corner ===================================

No paths found.


===========================================================================
 report_check_types -max_slew -max_cap -max_fanout -violators
============================================================================
======================= max_ff_n40C_5v50 Corner ===================================

max slew

Pin                                        Limit        Slew       Slack
------------------------------------------------------------------------
_806_/A1                                2.600000    2.892695   -0.292695 (VIOLATED)
_812_/A1                                2.600000    2.892694   -0.292694 (VIOLATED)
_802_/A1                                2.600000    2.892693   -0.292693 (VIOLATED)
_773_/A2                                2.600000    2.892676   -0.292676 (VIOLATED)
_430_/I                                 2.600000    2.892672   -0.292673 (VIOLATED)
_641_/B                                 2.600000    2.892640   -0.292640 (VIOLATED)
_808_/A1                                2.600000    2.892628   -0.292628 (VIOLATED)
_804_/A1                                2.600000    2.892625   -0.292625 (VIOLATED)
_796_/A1                                2.600000    2.892608   -0.292608 (VIOLATED)
_800_/A1                                2.600000    2.892607   -0.292608 (VIOLATED)
_798_/A1                                2.600000    2.892595   -0.292595 (VIOLATED)
_596_/A2                                2.600000    2.892575   -0.292575 (VIOLATED)
_600_/A2                                2.600000    2.892561   -0.292561 (VIOLATED)
_601_/B2                                2.600000    2.892558   -0.292558 (VIOLATED)
_794_/A1                                2.600000    2.892554   -0.292554 (VIOLATED)
_605_/B                                 2.600000    2.892504   -0.292504 (VIOLATED)
_603_/C                                 2.600000    2.892500   -0.292500 (VIOLATED)
_787_/A1                                2.600000    2.892448   -0.292448 (VIOLATED)
_789_/A1                                2.600000    2.892446   -0.292446 (VIOLATED)
_781_/A1                                2.600000    2.892364   -0.292364 (VIOLATED)
_772_/A2                                2.600000    2.892344   -0.292344 (VIOLATED)
_679_/A1                                2.600000    2.892342   -0.292342 (VIOLATED)
_710_/A1                                2.600000    2.892341   -0.292342 (VIOLATED)
_712_/C                                 2.600000    2.892340   -0.292341 (VIOLATED)
_599_/A3                                2.600000    2.892340   -0.292340 (VIOLATED)
_779_/A1                                2.600000    2.892336   -0.292336 (VIOLATED)
_783_/A1                                2.600000    2.892336   -0.292336 (VIOLATED)
_777_/A1                                2.600000    2.892321   -0.292321 (VIOLATED)
_785_/A1                                2.600000    2.892321   -0.292321 (VIOLATED)
_791_/A1                                2.600000    2.892321   -0.292321 (VIOLATED)
_810_/B                                 2.600000    2.892321   -0.292321 (VIOLATED)
input10/Z                               2.600000    2.892321   -0.292321 (VIOLATED)

max capacitance

Pin                                        Limit         Cap       Slack
------------------------------------------------------------------------
input10/Z                               0.234200    0.268669   -0.034469 (VIOLATED)
_775_/ZN                                0.129500    0.136102   -0.006602 (VIOLATED)



===========================================================================
report_parasitic_annotation -report_unannotated
============================================================================
Found 9 unannotated drivers.
 ERR_I
 RTY_I
 clkload0/ZN
 clkload1/ZN
 clkload2/ZN
 clkload3/ZN
 clkload4/ZN
 clkload5/ZN
 clkload6/ZN
Found 0 partially unannotated drivers.

===========================================================================
max slew violation count 32
max fanout violation count 0
max cap violation count 2
============================================================================

===========================================================================
check_setup -verbose -unconstrained_endpoints -multiple_clock -no_clock -no_input_delay -loops -generated_clocks
===========================================================================
