Clock: system_clock
Sources: CLK_I 
Generated: no
Virtual: yes
Propagated: no
Period: 100.000000

===========================================================================
report_clock_properties
============================================================================
Clock                   Period          Waveform
----------------------------------------------------
system_clock        100.000000    0.000000 50.000000

===========================================================================
report_clock_latency
============================================================================
Clock system_clock
rise -> rise
    min     max
0.000000 0.000000 source latency
0.397354         network latency _894_/CLK
        0.410755 network latency _825_/CLK
---------------
0.397354 0.410755 latency
        0.013401 skew

fall -> fall
    min     max
0.000000 0.000000 source latency
0.398856         network latency _894_/CLK
        0.412999 network latency _825_/CLK
---------------
0.398856 0.412999 latency
        0.014143 skew



===========================================================================
report_clock_min_period
============================================================================
system_clock period_min = 7.14 fmax = 140.10
