
===========================================================================
 report_power
============================================================================
======================= max_ff_n40C_5v50 Corner ===================================

Group                    Internal    Switching      Leakage        Total
                            Power        Power        Power        Power (Watts)
------------------------------------------------------------------------
Sequential           5.581502e-04 4.835363e-05 4.140170e-08 6.065452e-04  42.4%
Combinational        8.637162e-05 6.069750e-05 6.948436e-08 1.471386e-04  10.3%
Clock                4.302618e-04 2.469179e-04 4.847690e-08 6.772283e-04  47.3%
Macro                0.000000e+00 0.000000e+00 0.000000e+00 0.000000e+00   0.0%
Pad                  0.000000e+00 0.000000e+00 0.000000e+00 0.000000e+00   0.0%
------------------------------------------------------------------------
Total                1.074784e-03 3.559690e-04 1.593629e-07 1.430912e-03 100.0%
                            75.1%        24.9%         0.0%

