Reading timing models for corner nom_tt_025C_5v00…
Reading timing library for the 'nom_tt_025C_5v00' corner at '/foss/pdks/gf180mcuD/libs.ref/gf180mcu_fd_sc_mcu7t5v0/lib/gf180mcu_fd_sc_mcu7t5v0__tt_025C_5v00.lib'…
Reading OpenROAD database at '/foss/designs/acoustic-ranger-dvl-processor/layout/digital/TDC/runs/RUN_2026-08-31_14-43-30/42-openroad-repairantennas/1-openroad-diodeinsertion/frequency_counter.odb'…
Reading design constraints file at '/foss/designs/acoustic-ranger-dvl-processor/layout/digital/TDC/constraint.sdc'…
[INFO] No information on clock propagation in input SDC file-- propagating all clocks.
[INFO ORD-0030] Using 16 thread(s).
+ detailed_route -droute_end_iter 64 -or_seed 42 -verbose 1 -output_drc /foss/designs/acoustic-ranger-dvl-processor/layout/digital/TDC/runs/RUN_2026-08-31_14-43-30/44-openroad-detailedrouting/drt-run-0/frequency_counter.drc
[INFO DRT-0149] Reading tech and libs.
[WARNING DRT-0349] LEF58_ENCLOSURE with no CUTCLASS is not supported. Skipping for layer Via1
[WARNING DRT-0349] LEF58_ENCLOSURE with no CUTCLASS is not supported. Skipping for layer Via1
[WARNING DRT-0349] LEF58_ENCLOSURE with no CUTCLASS is not supported. Skipping for layer Via2
[WARNING DRT-0349] LEF58_ENCLOSURE with no CUTCLASS is not supported. Skipping for layer Via2
[WARNING DRT-0349] LEF58_ENCLOSURE with no CUTCLASS is not supported. Skipping for layer Via3
[WARNING DRT-0349] LEF58_ENCLOSURE with no CUTCLASS is not supported. Skipping for layer Via3
[WARNING DRT-0349] LEF58_ENCLOSURE with no CUTCLASS is not supported. Skipping for layer Via4
[WARNING DRT-0349] LEF58_ENCLOSURE with no CUTCLASS is not supported. Skipping for layer Via4

Units:                2000
Number of layers:     11
Number of macros:     229
Number of vias:       60
Number of viarulegen: 16

[INFO DRT-0150] Reading design.

Design:                   frequency_counter
Die area:                 ( 0 0 ) ( 422570 458410 )
Number of track patterns: 10
Number of DEF vias:       0
Number of components:     1316
Number of terminals:      43
Number of snets:          2
Number of nets:           964

[INFO DRT-0167] List of default vias:
  Layer Via2
    default via: Via2_VH
  Layer Via3
    default via: Via3_HV
  Layer Via4
    default via: Via4_VH
[INFO DRT-0162] Library cell analysis.
[INFO DRT-0163] Instance analysis.
[INFO DRT-0164] Number of unique instances = 130.
[INFO DRT-0168] Init region query.
[INFO DRT-0024]   Complete Poly2.
[INFO DRT-0024]   Complete CON.
[INFO DRT-0024]   Complete Metal1.
[INFO DRT-0024]   Complete Via1.
[INFO DRT-0024]   Complete Metal2.
[INFO DRT-0024]   Complete Via2.
[INFO DRT-0024]   Complete Metal3.
[INFO DRT-0024]   Complete Via3.
[INFO DRT-0024]   Complete Metal4.
[INFO DRT-0024]   Complete Via4.
[INFO DRT-0024]   Complete Metal5.
[INFO DRT-0033] Poly2 shape region query size = 0.
[INFO DRT-0033] CON shape region query size = 0.
[INFO DRT-0033] Metal1 shape region query size = 23635.
[INFO DRT-0033] Via1 shape region query size = 306.
[INFO DRT-0033] Metal2 shape region query size = 204.
[INFO DRT-0033] Via2 shape region query size = 306.
[INFO DRT-0033] Metal3 shape region query size = 245.
[INFO DRT-0033] Via3 shape region query size = 306.
[INFO DRT-0033] Metal4 shape region query size = 118.
[INFO DRT-0033] Via4 shape region query size = 72.
[INFO DRT-0033] Metal5 shape region query size = 16.
[INFO DRT-0165] Start pin access.
[INFO DRT-0076]   Complete 1000 pins.
[INFO DRT-0078]   Complete 1028 pins.
[INFO DRT-0079]   Complete 100 unique inst patterns.
[INFO DRT-0081]   Complete 141 unique inst patterns.
[INFO DRT-0084]   Complete 566 groups.
#scanned instances     = 1316
#unique  instances     = 145
#stdCellGenAp          = 2865
#stdCellValidPlanarAp  = 0
#stdCellValidViaAp     = 2405
#stdCellPinNoAp        = 0
#stdCellPinCnt         = 3146
#instTermValidViaApCnt = 0
#macroGenAp            = 0
#macroValidPlanarAp    = 0
#macroValidViaAp       = 0
#macroNoAp             = 0
[INFO DRT-0166] Complete pin access.
[INFO DRT-0267] cpu time = 00:00:26, elapsed time = 00:00:02, memory = 137.30 (MB), peak = 136.19 (MB)

[INFO DRT-0157] Number of guides:     7456

[INFO DRT-0169] Post process guides.
[INFO DRT-0176] GCELLGRID X 0 DO 25 STEP 16800 ;
[INFO DRT-0177] GCELLGRID Y 0 DO 27 STEP 16800 ;
[INFO DRT-0028]   Complete Poly2.
[INFO DRT-0028]   Complete CON.
[INFO DRT-0028]   Complete Metal1.
[INFO DRT-0028]   Complete Via1.
[INFO DRT-0028]   Complete Metal2.
[INFO DRT-0028]   Complete Via2.
[INFO DRT-0028]   Complete Metal3.
[INFO DRT-0028]   Complete Via3.
[INFO DRT-0028]   Complete Metal4.
[INFO DRT-0028]   Complete Via4.
[INFO DRT-0028]   Complete Metal5.
[INFO DRT-0178] Init guide query.
[INFO DRT-0035]   Complete Poly2 (guide).
[INFO DRT-0035]   Complete CON (guide).
[INFO DRT-0035]   Complete Metal1 (guide).
[INFO DRT-0035]   Complete Via1 (guide).
[INFO DRT-0035]   Complete Metal2 (guide).
[INFO DRT-0035]   Complete Via2 (guide).
[INFO DRT-0035]   Complete Metal3 (guide).
[INFO DRT-0035]   Complete Via3 (guide).
[INFO DRT-0035]   Complete Metal4 (guide).
[INFO DRT-0035]   Complete Via4 (guide).
[INFO DRT-0035]   Complete Metal5 (guide).
[INFO DRT-0036] Poly2 guide region query size = 0.
[INFO DRT-0036] CON guide region query size = 0.
[INFO DRT-0036] Metal1 guide region query size = 2747.
[INFO DRT-0036] Via1 guide region query size = 0.
[INFO DRT-0036] Metal2 guide region query size = 2400.
[INFO DRT-0036] Via2 guide region query size = 0.
[INFO DRT-0036] Metal3 guide region query size = 1143.
[INFO DRT-0036] Via3 guide region query size = 0.
[INFO DRT-0036] Metal4 guide region query size = 20.
[INFO DRT-0036] Via4 guide region query size = 0.
[INFO DRT-0036] Metal5 guide region query size = 3.
[INFO DRT-0179] Init gr pin query.
[INFO DRT-0267] cpu time = 00:00:00, elapsed time = 00:00:00, memory = 139.68 (MB), peak = 138.32 (MB)
[INFO DRT-0245] skipped writing guide updates to database.
[INFO DRT-0185] Post process initialize RPin region query.
[INFO DRT-0181] Start track assignment.
[INFO DRT-0184] Done with 2420 vertical wires in 1 frboxes and 3893 horizontal wires in 1 frboxes.
[INFO DRT-0186] Done with 588 vertical wires in 1 frboxes and 636 horizontal wires in 1 frboxes.
[INFO DRT-0182] Complete track assignment.
[INFO DRT-0267] cpu time = 00:00:00, elapsed time = 00:00:00, memory = 157.98 (MB), peak = 156.64 (MB)
[INFO DRT-0187] Start routing data preparation.
[INFO DRT-0267] cpu time = 00:00:00, elapsed time = 00:00:00, memory = 158.85 (MB), peak = 157.56 (MB)
[INFO DRT-0194] Start detail routing.
[INFO DRT-0195] Start 0th optimization iteration.
    Completing 10% with 0 violations.
    elapsed time = 00:00:00, memory = 180.32 (MB).
    Completing 20% with 0 violations.
    elapsed time = 00:00:00, memory = 180.80 (MB).
    Completing 30% with 34 violations.
    elapsed time = 00:00:01, memory = 196.25 (MB).
    Completing 40% with 34 violations.
    elapsed time = 00:00:01, memory = 207.75 (MB).
    Completing 50% with 34 violations.
    elapsed time = 00:00:01, memory = 205.34 (MB).
    Completing 60% with 73 violations.
    elapsed time = 00:00:01, memory = 219.55 (MB).
    Completing 70% with 73 violations.
    elapsed time = 00:00:02, memory = 221.92 (MB).
    Completing 80% with 91 violations.
    elapsed time = 00:00:02, memory = 232.86 (MB).
    Completing 90% with 91 violations.
    elapsed time = 00:00:02, memory = 234.71 (MB).
    Completing 100% with 143 violations.
    elapsed time = 00:00:03, memory = 232.93 (MB).
[INFO DRT-0199]   Number of violations = 194.
Viol/Layer      Metal2 Metal3
Metal Spacing       24      4
Recheck             45      6
Short              102     13
[INFO DRT-0267] cpu time = 00:00:09, elapsed time = 00:00:03, memory = 535.01 (MB), peak = 545.71 (MB)
Total wire length = 34251 um.
Total wire length on LAYER Metal1 = 0 um.
Total wire length on LAYER Metal2 = 18038 um.
Total wire length on LAYER Metal3 = 15255 um.
Total wire length on LAYER Metal4 = 728 um.
Total wire length on LAYER Metal5 = 228 um.
Total number of vias = 6002.
Up-via summary (total 6002):

---------------
  Poly2       0
 Metal1    3180
 Metal2    2747
 Metal3      69
 Metal4       6
---------------
       6002


[INFO DRT-0195] Start 1st optimization iteration.
    Completing 10% with 194 violations.
    elapsed time = 00:00:00, memory = 535.18 (MB).
    Completing 20% with 194 violations.
    elapsed time = 00:00:00, memory = 537.23 (MB).
    Completing 30% with 194 violations.
    elapsed time = 00:00:00, memory = 540.93 (MB).
    Completing 40% with 163 violations.
    elapsed time = 00:00:00, memory = 549.04 (MB).
    Completing 50% with 163 violations.
    elapsed time = 00:00:01, memory = 552.15 (MB).
    Completing 60% with 99 violations.
    elapsed time = 00:00:01, memory = 552.15 (MB).
    Completing 70% with 99 violations.
    elapsed time = 00:00:01, memory = 552.15 (MB).
    Completing 80% with 99 violations.
    elapsed time = 00:00:01, memory = 554.04 (MB).
    Completing 90% with 74 violations.
    elapsed time = 00:00:02, memory = 570.00 (MB).
    Completing 100% with 26 violations.
    elapsed time = 00:00:02, memory = 570.00 (MB).
[INFO DRT-0199]   Number of violations = 26.
Viol/Layer      Metal2
Metal Spacing        5
Short               21
[INFO DRT-0267] cpu time = 00:00:08, elapsed time = 00:00:02, memory = 583.04 (MB), peak = 581.75 (MB)
Total wire length = 33911 um.
Total wire length on LAYER Metal1 = 0 um.
Total wire length on LAYER Metal2 = 17788 um.
Total wire length on LAYER Metal3 = 15149 um.
Total wire length on LAYER Metal4 = 744 um.
Total wire length on LAYER Metal5 = 229 um.
Total number of vias = 5977.
Up-via summary (total 5977):

---------------
  Poly2       0
 Metal1    3186
 Metal2    2718
 Metal3      67
 Metal4       6
---------------
       5977


[INFO DRT-0195] Start 2nd optimization iteration.
    Completing 10% with 26 violations.
    elapsed time = 00:00:00, memory = 583.04 (MB).
    Completing 20% with 26 violations.
    elapsed time = 00:00:00, memory = 583.04 (MB).
    Completing 30% with 26 violations.
    elapsed time = 00:00:00, memory = 583.04 (MB).
    Completing 40% with 23 violations.
    elapsed time = 00:00:00, memory = 583.65 (MB).
    Completing 50% with 23 violations.
    elapsed time = 00:00:00, memory = 583.65 (MB).
    Completing 60% with 23 violations.
    elapsed time = 00:00:01, memory = 589.12 (MB).
    Completing 70% with 21 violations.
    elapsed time = 00:00:01, memory = 589.12 (MB).
    Completing 80% with 21 violations.
    elapsed time = 00:00:01, memory = 591.98 (MB).
    Completing 90% with 31 violations.
    elapsed time = 00:00:01, memory = 592.12 (MB).
    Completing 100% with 22 violations.
    elapsed time = 00:00:02, memory = 595.38 (MB).
[INFO DRT-0199]   Number of violations = 22.
Viol/Layer      Metal2
Metal Spacing        8
Short               14
[INFO DRT-0267] cpu time = 00:00:05, elapsed time = 00:00:02, memory = 595.39 (MB), peak = 594.12 (MB)
Total wire length = 33852 um.
Total wire length on LAYER Metal1 = 0 um.
Total wire length on LAYER Metal2 = 17795 um.
Total wire length on LAYER Metal3 = 15120 um.
Total wire length on LAYER Metal4 = 709 um.
Total wire length on LAYER Metal5 = 226 um.
Total number of vias = 5951.
Up-via summary (total 5951):

---------------
  Poly2       0
 Metal1    3183
 Metal2    2698
 Metal3      64
 Metal4       6
---------------
       5951


[INFO DRT-0195] Start 3rd guides tiles iteration.
    Completing 10% with 22 violations.
    elapsed time = 00:00:00, memory = 595.39 (MB).
    Completing 20% with 22 violations.
    elapsed time = 00:00:00, memory = 595.39 (MB).
    Completing 30% with 22 violations.
    elapsed time = 00:00:01, memory = 602.52 (MB).
    Completing 40% with 0 violations.
    elapsed time = 00:00:01, memory = 602.52 (MB).
    Completing 50% with 0 violations.
    elapsed time = 00:00:01, memory = 602.52 (MB).
    Completing 60% with 0 violations.
    elapsed time = 00:00:01, memory = 602.52 (MB).
    Completing 70% with 0 violations.
    elapsed time = 00:00:01, memory = 602.52 (MB).
    Completing 80% with 0 violations.
    elapsed time = 00:00:01, memory = 602.52 (MB).
    Completing 90% with 0 violations.
    elapsed time = 00:00:01, memory = 602.52 (MB).
    Completing 100% with 0 violations.
    elapsed time = 00:00:01, memory = 602.52 (MB).
[INFO DRT-0199]   Number of violations = 0.
[INFO DRT-0267] cpu time = 00:00:02, elapsed time = 00:00:01, memory = 602.52 (MB), peak = 601.25 (MB)
Total wire length = 33823 um.
Total wire length on LAYER Metal1 = 0 um.
Total wire length on LAYER Metal2 = 17200 um.
Total wire length on LAYER Metal3 = 15132 um.
Total wire length on LAYER Metal4 = 1263 um.
Total wire length on LAYER Metal5 = 226 um.
Total number of vias = 6001.
Up-via summary (total 6001):

---------------
  Poly2       0
 Metal1    3183
 Metal2    2704
 Metal3     108
 Metal4       6
---------------
       6001


[INFO DRT-0198] Complete detail routing.
Total wire length = 33823 um.
Total wire length on LAYER Metal1 = 0 um.
Total wire length on LAYER Metal2 = 17200 um.
Total wire length on LAYER Metal3 = 15132 um.
Total wire length on LAYER Metal4 = 1263 um.
Total wire length on LAYER Metal5 = 226 um.
Total number of vias = 6001.
Up-via summary (total 6001):

---------------
  Poly2       0
 Metal1    3183
 Metal2    2704
 Metal3     108
 Metal4       6
---------------
       6001


[INFO DRT-0267] cpu time = 00:00:24, elapsed time = 00:00:10, memory = 602.58 (MB), peak = 601.25 (MB)

[INFO DRT-0180] Post processing.
+ check_antennas 
[INFO ANT-0002] Found 0 net violations.
[INFO ANT-0001] Found 0 pin violations.
Setting global connections for newly added cells…
[INFO] Setting global connections...
[INFO ODB-0403] 0 connections made, 0 conflicts skipped.
Updating metrics…
Cell type report:                       Count       Area
  Endcap cell                             100     439.04
  Tap cell                                260    1141.50
  Tie cell                                  1       8.78
  Buffer                                    6      79.03
  Clock buffer                             27    1804.45
  Timing Repair Buffer                    101    4675.78
  Inverter                                 49     434.65
  Clock inverter                           13     245.86
  Sequential cell                         166   10567.69
  Multi-Input combinational cell          593   10429.40
  Total                                  1316   29826.18
Writing OpenROAD database to '/foss/designs/acoustic-ranger-dvl-processor/layout/digital/TDC/runs/RUN_2026-08-31_14-43-30/44-openroad-detailedrouting/frequency_counter.odb'…
Writing netlist to '/foss/designs/acoustic-ranger-dvl-processor/layout/digital/TDC/runs/RUN_2026-08-31_14-43-30/44-openroad-detailedrouting/frequency_counter.nl.v'…
Writing powered netlist to '/foss/designs/acoustic-ranger-dvl-processor/layout/digital/TDC/runs/RUN_2026-08-31_14-43-30/44-openroad-detailedrouting/frequency_counter.pnl.v'…
Writing layout to '/foss/designs/acoustic-ranger-dvl-processor/layout/digital/TDC/runs/RUN_2026-08-31_14-43-30/44-openroad-detailedrouting/frequency_counter.def'…
Writing timing constraints to '/foss/designs/acoustic-ranger-dvl-processor/layout/digital/TDC/runs/RUN_2026-08-31_14-43-30/44-openroad-detailedrouting/frequency_counter.sdc'…
