Reading timing models for corner nom_tt_025C_5v00…
Reading timing library for the 'nom_tt_025C_5v00' corner at '/foss/pdks/gf180mcuD/libs.ref/gf180mcu_fd_sc_mcu7t5v0/lib/gf180mcu_fd_sc_mcu7t5v0__tt_025C_5v00.lib'…
Reading OpenROAD database at '/foss/designs/acoustic-ranger-dvl-processor/layout/digital/TDC/runs/RUN_2026-09-01_09-22-52/39-openroad-globalrouting/frequency_counter.odb'…
Reading design constraints file at '/foss/designs/acoustic-ranger-dvl-processor/layout/digital/TDC/constraint.sdc'…
[WARNING STA-0441] set_input_delay relative to a clock defined on the same port/pin not allowed.
[INFO] No information on clock propagation in input SDC file-- propagating all clocks.
+ repair_antennas gf180mcu_fd_sc_mcu7t5v0__antenna -iterations 3 -ratio_margin 10
[INFO GRT-0012] Found 0 antenna violations.
Setting global connections for newly added cells…
[INFO] Setting global connections...
[INFO ODB-0403] 0 connections made, 0 conflicts skipped.
Updating metrics…
Cell type report:                       Count       Area
  Endcap cell                              74     324.89
  Tap cell                                275    1207.36
  Tie cell                                  1       8.78
  Buffer                                    6      79.03
  Clock buffer                             28    1808.84
  Timing Repair Buffer                    132    5751.42
  Inverter                                 49     430.26
  Clock inverter                           12     180.01
  Sequential cell                         166   10567.69
  Multi-Input combinational cell          593   10433.79
  Total                                  1336   30792.07
Writing OpenROAD database to '/foss/designs/acoustic-ranger-dvl-processor/layout/digital/TDC/runs/RUN_2026-09-01_09-22-52/42-openroad-repairantennas/1-openroad-diodeinsertion/frequency_counter.odb'…
Writing layout to '/foss/designs/acoustic-ranger-dvl-processor/layout/digital/TDC/runs/RUN_2026-09-01_09-22-52/42-openroad-repairantennas/1-openroad-diodeinsertion/frequency_counter.def'…
