147. Printing statistics.

=== top_level ===

        +----------Local Count, excluding submodules.
        | 
     2393 wires
     2807 wire bits
      104 public wires
      466 public wire bits
       45 ports
       61 port bits
     2733 cells
      823   $_ANDNOT_
      100   $_AND_
       41   $_DFFE_PP_
       15   $_DFF_P_
      157   $_MUX_
      114   $_NAND_
       87   $_NOR_
       91   $_NOT_
      297   $_ORNOT_
      423   $_OR_
        2   $_SDFFCE_PP1P_
       24   $_SDFFE_PP0N_
      279   $_SDFFE_PP0P_
       10   $_SDFFE_PP1P_
       42   $_SDFF_PP0_
       63   $_XNOR_
      165   $_XOR_

   Area for cell type $_ANDNOT_ is unknown!
   Area for cell type $_AND_ is unknown!
   Area for cell type $_DFFE_PP_ is unknown!
   Area for cell type $_DFF_P_ is unknown!
   Area for cell type $_MUX_ is unknown!
   Area for cell type $_NAND_ is unknown!
   Area for cell type $_NOR_ is unknown!
   Area for cell type $_NOT_ is unknown!
   Area for cell type $_ORNOT_ is unknown!
   Area for cell type $_OR_ is unknown!
   Area for cell type $_SDFFCE_PP1P_ is unknown!
   Area for cell type $_SDFFE_PP0N_ is unknown!
   Area for cell type $_SDFFE_PP0P_ is unknown!
   Area for cell type $_SDFFE_PP1P_ is unknown!
   Area for cell type $_SDFF_PP0_ is unknown!
   Area for cell type $_XNOR_ is unknown!
   Area for cell type $_XOR_ is unknown!

