157. Printing statistics.

=== top_level ===

        +----------Local Count, excluding submodules.
        |        +-Local Area, excluding submodules.
        |        | 
     2323        - wires
     2339        - wire bits
      447        - public wires
      463        - public wire bits
       45        - ports
       61        - port bits
     2325 5.74E+04 cells
       46  807.834   gf180mcu_fd_sc_mcu7t5v0__and2_1
       21  460.992   gf180mcu_fd_sc_mcu7t5v0__and3_1
       16  386.355   gf180mcu_fd_sc_mcu7t5v0__and4_1
       34  746.368   gf180mcu_fd_sc_mcu7t5v0__aoi211_1
      208 3.65E+03   gf180mcu_fd_sc_mcu7t5v0__aoi21_1
       20  482.944   gf180mcu_fd_sc_mcu7t5v0__aoi221_1
       18   553.19   gf180mcu_fd_sc_mcu7t5v0__aoi222_1
      153  3022.79   gf180mcu_fd_sc_mcu7t5v0__aoi22_1
        6   79.027   gf180mcu_fd_sc_mcu7t5v0__buf_1
      254 2.23E+03   gf180mcu_fd_sc_mcu7t5v0__clkinv_1
      413 2.63E+04   gf180mcu_fd_sc_mcu7t5v0__dffq_1
       24  790.272   gf180mcu_fd_sc_mcu7t5v0__mux2_2
        1   70.246   gf180mcu_fd_sc_mcu7t5v0__mux4_1
      187 2.05E+03   gf180mcu_fd_sc_mcu7t5v0__nand2_1
       62  952.717   gf180mcu_fd_sc_mcu7t5v0__nand3_1
       16  316.109   gf180mcu_fd_sc_mcu7t5v0__nand4_1
      311  4.1E+03   gf180mcu_fd_sc_mcu7t5v0__nor2_1
       59 1.04E+03   gf180mcu_fd_sc_mcu7t5v0__nor3_1
       15   329.28   gf180mcu_fd_sc_mcu7t5v0__nor4_1
       23  504.896   gf180mcu_fd_sc_mcu7t5v0__oai211_1
      271 4.76E+03   gf180mcu_fd_sc_mcu7t5v0__oai21_1
       10  263.424   gf180mcu_fd_sc_mcu7t5v0__oai221_1
        2   65.856   gf180mcu_fd_sc_mcu7t5v0__oai222_1
       25    548.8   gf180mcu_fd_sc_mcu7t5v0__oai22_1
       12  289.766   gf180mcu_fd_sc_mcu7t5v0__oai31_1
        4   105.37   gf180mcu_fd_sc_mcu7t5v0__oai32_1
       13  228.301   gf180mcu_fd_sc_mcu7t5v0__or2_1
        6  131.712   gf180mcu_fd_sc_mcu7t5v0__or3_1
        1   26.342   gf180mcu_fd_sc_mcu7t5v0__or4_1
       14  122.931   gf180mcu_fd_sc_mcu7t5v0__tieh
       10   87.808   gf180mcu_fd_sc_mcu7t5v0__tiel
       17  485.139   gf180mcu_fd_sc_mcu7t5v0__xnor2_1
       50  1317.12   gf180mcu_fd_sc_mcu7t5v0__xor2_1
        3  151.469   gf180mcu_fd_sc_mcu7t5v0__xor3_1

   Chip area for module '\top_level': 57446.188800
     of which used for sequential elements: 26291.910400 (45.77%)

