[WARNING ORD-0039] .openroad ignored with -python
Top-level design name: frequency_counter
Block boundaries: 0 0 623740 361150
Horizontal Tracks Origin: 560, Count: 322, Step: 1120
Vertical Tracks Origin: 560, Count: 557, Step: 1120
Placement details for the E side
Virtual pin count:  0
Actual pin count:  32
Total pin count:  32
Tracks count:  161
Tracks per pin:  5
Used tracks count:  156
Unused track count:  5
Starting track index:  2
Placement details for the W side
Virtual pin count:  0
Actual pin count:  9
Total pin count:  9
Tracks count:  161
Tracks per pin:  17
Used tracks count:  137
Unused track count:  24
Starting track index:  12
