Reading timing models for corner nom_tt_025C_5v00…
Reading timing library for the 'nom_tt_025C_5v00' corner at '/foss/pdks/gf180mcuD/libs.ref/gf180mcu_fd_sc_mcu7t5v0/lib/gf180mcu_fd_sc_mcu7t5v0__tt_025C_5v00.lib'…
Reading OpenROAD database at '/foss/designs/acoustic-ranger-dvl-processor/layout/digital/TDC/runs/RUN_2026-09-01_09-22-52/48-odb-reportdisconnectedpins/frequency_counter.odb'…
Reading design constraints file at '/foss/designs/acoustic-ranger-dvl-processor/layout/digital/TDC/constraint.sdc'…
[WARNING STA-0441] set_input_delay relative to a clock defined on the same port/pin not allowed.
[INFO] No information on clock propagation in input SDC file-- propagating all clocks.
gf180mcu_fd_sc_mcu7t5v0__fillcap_* gf180mcu_fd_sc_mcu7t5v0__fill_*
[INFO DPL-0001] Placed 1096 filler instances.
Setting global connections for newly added cells…
[INFO] Setting global connections...
[INFO ODB-0403] 4384 connections made, 0 conflicts skipped.
Updating metrics…
Cell type report:                       Count       Area
  Endcap cell                              74     324.89
  Fill cell                              1096   11768.47
  Tap cell                                275    1207.36
  Tie cell                                  1       8.78
  Buffer                                    6      79.03
  Clock buffer                             28    1808.84
  Timing Repair Buffer                    132    5751.42
  Inverter                                 49     430.26
  Clock inverter                           12     180.01
  Sequential cell                         166   10567.69
  Multi-Input combinational cell          593   10433.79
  Total                                  2432   42560.54
Writing OpenROAD database to '/foss/designs/acoustic-ranger-dvl-processor/layout/digital/TDC/runs/RUN_2026-09-01_09-22-52/52-openroad-fillinsertion/frequency_counter.odb'…
Writing netlist to '/foss/designs/acoustic-ranger-dvl-processor/layout/digital/TDC/runs/RUN_2026-09-01_09-22-52/52-openroad-fillinsertion/frequency_counter.nl.v'…
Writing powered netlist to '/foss/designs/acoustic-ranger-dvl-processor/layout/digital/TDC/runs/RUN_2026-09-01_09-22-52/52-openroad-fillinsertion/frequency_counter.pnl.v'…
Writing layout to '/foss/designs/acoustic-ranger-dvl-processor/layout/digital/TDC/runs/RUN_2026-09-01_09-22-52/52-openroad-fillinsertion/frequency_counter.def'…
Writing timing constraints to '/foss/designs/acoustic-ranger-dvl-processor/layout/digital/TDC/runs/RUN_2026-09-01_09-22-52/52-openroad-fillinsertion/frequency_counter.sdc'…
