
===========================================================================
 report_power
============================================================================
======================= nom_tt_025C_5v00 Corner ===================================

Group                    Internal    Switching      Leakage        Total
                            Power        Power        Power        Power (Watts)
------------------------------------------------------------------------
Sequential           8.317376e-04 9.338727e-07 6.564650e-08 8.327372e-04  97.3%
Combinational        8.112112e-06 9.352899e-06 6.451789e-08 1.752953e-05   2.0%
Clock                2.404533e-06 3.405385e-06 5.766513e-09 5.815684e-06   0.7%
Macro                0.000000e+00 0.000000e+00 0.000000e+00 0.000000e+00   0.0%
Pad                  0.000000e+00 0.000000e+00 0.000000e+00 0.000000e+00   0.0%
------------------------------------------------------------------------
Total                8.422542e-04 1.369216e-05 1.359310e-07 8.560822e-04 100.0%
                            98.4%         1.6%         0.0%

