Clock: system_clock
Sources: CLK_I 
Generated: no
Virtual: yes
Propagated: no
Period: 100.000000

===========================================================================
report_clock_properties
============================================================================
Clock                   Period          Waveform
----------------------------------------------------
system_clock        100.000000    0.000000 50.000000

===========================================================================
report_clock_latency
============================================================================
Clock system_clock
rise -> rise
    min     max
0.000000 0.000000 source latency
0.596794         network latency _894_/CLK
        0.605029 network latency _884_/CLK
---------------
0.596794 0.605029 latency
        0.008235 skew

fall -> fall
    min     max
0.000000 0.000000 source latency
0.600973         network latency _894_/CLK
        0.609926 network latency _884_/CLK
---------------
0.600973 0.609926 latency
        0.008953 skew



===========================================================================
report_clock_min_period
============================================================================
system_clock period_min = 7.89 fmax = 126.81
