
===========================================================================
report_checks -unconstrained
===========================================================================
======================= nom_tt_025C_5v00 Corner ===================================

Startpoint: RST_I (input port clocked by system_clock)
Endpoint: _822_ (rising edge-triggered flip-flop clocked by system_clock)
Path Group: system_clock
Path Type: max

Fanout         Cap        Slew       Delay        Time   Description
---------------------------------------------------------------------------------------------
                                  0.000000    0.000000   clock system_clock (rise edge)
                                  0.000000    0.000000   clock network delay (propagated)
                                 20.000000   20.000000 v input external delay
    31    0.169660    0.000000    0.000000   20.000000 v RST_I (in)
                                                         RST_I (net)
                      0.009668    0.003954   20.003954 v _430_/I (gf180mcu_fd_sc_mcu7t5v0__clkinv_1)
    16    0.094562    1.557902    0.914065   20.918020 ^ _430_/ZN (gf180mcu_fd_sc_mcu7t5v0__clkinv_1)
                                                         _103_ (net)
                      1.557902    0.000842   20.918861 ^ _678_/B (gf180mcu_fd_sc_mcu7t5v0__oai21_1)
     2    0.009296    0.492463    0.244848   21.163710 v _678_/ZN (gf180mcu_fd_sc_mcu7t5v0__oai21_1)
                                                         _319_ (net)
                      0.492463    0.000027   21.163736 v _681_/A3 (gf180mcu_fd_sc_mcu7t5v0__nor4_1)
     8    0.080159    4.757169    2.843821   24.007557 ^ _681_/ZN (gf180mcu_fd_sc_mcu7t5v0__nor4_1)
                                                         _322_ (net)
                      4.757169    0.002311   24.009869 ^ _689_/A2 (gf180mcu_fd_sc_mcu7t5v0__oai21_1)
     1    0.002856    0.977651    0.021966   24.031836 v _689_/ZN (gf180mcu_fd_sc_mcu7t5v0__oai21_1)
                                                         _035_ (net)
                      0.977651    0.000005   24.031839 v _822_/D (gf180mcu_fd_sc_mcu7t5v0__dffq_1)
                                             24.031839   data arrival time

                                100.000000  100.000000   clock system_clock (rise edge)
                                  0.000000  100.000000   clock source latency
    85    0.343428    0.000000    0.000000  100.000000 ^ CLK_I (in)
                                                         CLK_I (net)
                      0.017968    0.007347  100.007347 ^ _822_/CLK (gf180mcu_fd_sc_mcu7t5v0__dffq_1)
                                 -0.500000   99.507339   clock uncertainty
                                  0.000000   99.507339   clock reconvergence pessimism
                                 -0.549584   98.957756   library setup time
                                             98.957756   data required time
---------------------------------------------------------------------------------------------
                                             98.957756   data required time
                                            -24.031839   data arrival time
---------------------------------------------------------------------------------------------
                                             74.925919   slack (MET)




===========================================================================
report_checks --slack_max -0.01
============================================================================
======================= nom_tt_025C_5v00 Corner ===================================

No paths found.


===========================================================================
 report_check_types -max_slew -max_cap -max_fanout -violators
============================================================================
======================= nom_tt_025C_5v00 Corner ===================================

max slew

Pin                                        Limit        Slew       Slack
------------------------------------------------------------------------
_760_/ZN                                4.000000    4.785529   -0.785529 (VIOLATED)
_761_/S                                 4.000000    4.785529   -0.785529 (VIOLATED)
_763_/A1                                4.000000    4.785529   -0.785529 (VIOLATED)
_765_/A1                                4.000000    4.785529   -0.785529 (VIOLATED)
_766_/S                                 4.000000    4.785529   -0.785529 (VIOLATED)
_767_/S                                 4.000000    4.785529   -0.785529 (VIOLATED)
_768_/S                                 4.000000    4.785529   -0.785529 (VIOLATED)
_769_/S                                 4.000000    4.785529   -0.785529 (VIOLATED)
_770_/S                                 4.000000    4.785529   -0.785529 (VIOLATED)
_681_/ZN                                4.000000    4.757169   -0.757169 (VIOLATED)
_683_/A2                                4.000000    4.757169   -0.757169 (VIOLATED)
_685_/A2                                4.000000    4.757169   -0.757169 (VIOLATED)
_686_/S                                 4.000000    4.757169   -0.757169 (VIOLATED)
_687_/S                                 4.000000    4.757169   -0.757169 (VIOLATED)
_689_/A2                                4.000000    4.757169   -0.757169 (VIOLATED)
_690_/S                                 4.000000    4.757169   -0.757169 (VIOLATED)
_691_/S                                 4.000000    4.757169   -0.757169 (VIOLATED)
_692_/S                                 4.000000    4.757169   -0.757169 (VIOLATED)

max capacitance

Pin                                        Limit         Cap       Slack
------------------------------------------------------------------------
_760_/ZN                                0.062220    0.080658   -0.018438 (VIOLATED)
_681_/ZN                                0.062220    0.080159   -0.017939 (VIOLATED)



===========================================================================
report_parasitic_annotation -report_unannotated
============================================================================
Found 2 unannotated drivers.
 ERR_I
 RTY_I
Found 0 partially unannotated drivers.

===========================================================================
max slew violation count 18
Writing metric design__max_slew_violation__count__corner:nom_tt_025C_5v00: 18
max fanout violation count 0
Writing metric design__max_fanout_violation__count__corner:nom_tt_025C_5v00: 0
max cap violation count 2
Writing metric design__max_cap_violation__count__corner:nom_tt_025C_5v00: 2
============================================================================

===========================================================================
check_setup -verbose -unconstrained_endpoints -multiple_clock -no_clock -no_input_delay -loops -generated_clocks
===========================================================================
