Clock: system_clock
Sources: CLK_I 
Generated: no
Virtual: yes
Propagated: no
Period: 100.000000

===========================================================================
report_clock_properties
============================================================================
Clock                   Period          Waveform
----------------------------------------------------
system_clock        100.000000    0.000000 50.000000

===========================================================================
report_clock_latency
============================================================================
Clock system_clock
rise -> rise
    min     max
0.000000 0.000000 source latency
0.002601         network latency _850_/CLK
        0.008620 network latency _898_/CLK
---------------
0.002601 0.008620 latency
        0.006019 skew

fall -> fall
    min     max
0.000000 0.000000 source latency
0.002601         network latency _850_/CLK
        0.008619 network latency _898_/CLK
---------------
0.002601 0.008619 latency
        0.006018 skew



===========================================================================
report_clock_min_period
============================================================================
system_clock period_min = 7.59 fmax = 131.69
