
===========================================================================
 report_power
============================================================================
======================= nom_tt_025C_5v00 Corner ===================================

Group                    Internal    Switching      Leakage        Total
                            Power        Power        Power        Power (Watts)
------------------------------------------------------------------------
Sequential           4.537921e-04 2.686887e-05 3.395683e-08 4.806950e-04  85.8%
Combinational        4.765143e-05 3.165361e-05 4.685424e-08 7.935190e-05  14.2%
Clock                0.000000e+00 0.000000e+00 1.080000e-08 1.080000e-08   0.0%
Macro                0.000000e+00 0.000000e+00 0.000000e+00 0.000000e+00   0.0%
Pad                  0.000000e+00 0.000000e+00 0.000000e+00 0.000000e+00   0.0%
------------------------------------------------------------------------
Total                5.014437e-04 5.852248e-05 9.161131e-08 5.600578e-04 100.0%
                            89.5%        10.4%         0.0%
Writing metric power__internal__total: 0.0005014436901547015
Writing metric power__switching__total: 5.85224806854967e-5
Writing metric power__leakage__total: 9.161131231394393e-8
Writing metric power__total: 0.0005600578151643276

