Clock: system_clock
Sources: CLK_I 
Generated: no
Virtual: yes
Propagated: no
Period: 100.000000

===========================================================================
report_clock_properties
============================================================================
Clock                   Period          Waveform
----------------------------------------------------
system_clock        100.000000    0.000000 50.000000

===========================================================================
report_clock_latency
============================================================================
Clock system_clock
rise -> rise
    min     max
0.000000 0.000000 source latency
0.612015         network latency _827_/CLK
        0.616953 network latency _835_/CLK
---------------
0.612015 0.616953 latency
        0.004938 skew

fall -> fall
    min     max
0.000000 0.000000 source latency
0.617071         network latency _827_/CLK
        0.622336 network latency _835_/CLK
---------------
0.617071 0.622336 latency
        0.005265 skew



===========================================================================
report_clock_min_period
============================================================================
system_clock period_min = 7.66 fmax = 130.50
