
===========================================================================
report_checks -unconstrained
===========================================================================
======================= nom_tt_025C_5v00 Corner ===================================

Startpoint: RST_I (input port clocked by system_clock)
Endpoint: _1378_ (rising edge-triggered flip-flop clocked by signal_clock)
Path Group: signal_clock
Path Type: max

Fanout         Cap        Slew       Delay        Time   Description
---------------------------------------------------------------------------------------------
                               3899.999756 3899.999756   clock system_clock (rise edge)
                                  0.000000 3899.999756   clock network delay (propagated)
                                 20.000000 3919.999512 ^ input external delay
     1    0.009947    0.000000    0.000000 3919.999512 ^ RST_I (in)
                                                         RST_I (net)
                      0.000472    0.000455 3920.000000 ^ input18/I (gf180mcu_fd_sc_mcu7t5v0__buf_2)
    47    0.264924    2.156307    1.358785 3921.358887 ^ input18/Z (gf180mcu_fd_sc_mcu7t5v0__buf_2)
                                                         net18 (net)
                      2.156386    0.007276 3921.366211 ^ _0876_/A2 (gf180mcu_fd_sc_mcu7t5v0__nor2_1)
     8    0.066857    1.314786    1.009994 3922.375977 v _0876_/ZN (gf180mcu_fd_sc_mcu7t5v0__nor2_1)
                                                         _0328_ (net)
                      1.314801    0.002274 3922.378418 v _0987_/B (gf180mcu_fd_sc_mcu7t5v0__oai31_1)
     9    0.053676    2.944902    1.080480 3923.458740 ^ _0987_/ZN (gf180mcu_fd_sc_mcu7t5v0__oai31_1)
                                                         _0413_ (net)
                      2.944902    0.000455 3923.459229 ^ _0988_/I (gf180mcu_fd_sc_mcu7t5v0__clkinv_1)
     7    0.044370    1.250308    0.929049 3924.388428 v _0988_/ZN (gf180mcu_fd_sc_mcu7t5v0__clkinv_1)
                                                         _0414_ (net)
                      1.250308    0.000909 3924.389160 v _1027_/B (gf180mcu_fd_sc_mcu7t5v0__oai21_1)
     1    0.008098    0.553778    0.543878 3924.933105 ^ _1027_/ZN (gf180mcu_fd_sc_mcu7t5v0__oai21_1)
                                                         _0439_ (net)
                      0.553778    0.000000 3924.933105 ^ _1028_/B (gf180mcu_fd_sc_mcu7t5v0__aoi21_1)
     1    0.003655    0.310141    0.230102 3925.163330 v _1028_/ZN (gf180mcu_fd_sc_mcu7t5v0__aoi21_1)
                                                         _0109_ (net)
                      0.310141    0.000455 3925.163574 v _1378_/D (gf180mcu_fd_sc_mcu7t5v0__dffq_1)
                                           3925.163574   data arrival time

                               4000.000000 4000.000000   clock signal_clock (rise edge)
                                  0.000000 4000.000000   clock source latency
     2    0.059627    0.000000    0.000000 4000.000000 ^ signal_input (in)
                                                         signal_input (net)
                      0.005391    0.002274 4000.002441 ^ clkbuf_regs_0_signal_clock/I (gf180mcu_fd_sc_mcu7t5v0__clkbuf_16)
     1    0.023786    0.091714    0.209184 4000.211670 ^ clkbuf_regs_0_signal_clock/Z (gf180mcu_fd_sc_mcu7t5v0__clkbuf_16)
                                                         signal_input_regs (net)
                      0.091714    0.000455 4000.211914 ^ clkbuf_0_signal_input_regs/I (gf180mcu_fd_sc_mcu7t5v0__clkbuf_16)
     2    0.048850    0.114061    0.241471 4000.453369 ^ clkbuf_0_signal_input_regs/Z (gf180mcu_fd_sc_mcu7t5v0__clkbuf_16)
                                                         clknet_0_signal_input_regs (net)
                      0.114064    0.000909 4000.454346 ^ clkbuf_1_1__f_signal_input_regs/I (gf180mcu_fd_sc_mcu7t5v0__clkbuf_16)
     9    0.043322    0.109318    0.242835 4000.697266 ^ clkbuf_1_1__f_signal_input_regs/Z (gf180mcu_fd_sc_mcu7t5v0__clkbuf_16)
                                                         clknet_1_1__leaf_signal_input_regs (net)
                      0.109319    0.000909 4000.698242 ^ _1378_/CLK (gf180mcu_fd_sc_mcu7t5v0__dffq_1)
                                  0.000000 4000.698242   clock reconvergence pessimism
                                 -0.289195 4000.408936   library setup time
                                           4000.408936   data required time
---------------------------------------------------------------------------------------------
                                           4000.408936   data required time
                                           -3925.163574   data arrival time
---------------------------------------------------------------------------------------------
                                             75.245232   slack (MET)


Startpoint: RST_I (input port clocked by system_clock)
Endpoint: _1288_ (rising edge-triggered flip-flop clocked by system_clock)
Path Group: system_clock
Path Type: max

Fanout         Cap        Slew       Delay        Time   Description
---------------------------------------------------------------------------------------------
                                  0.000000    0.000000   clock system_clock (rise edge)
                                  0.000000    0.000000   clock network delay (propagated)
                                 20.000000   20.000000 ^ input external delay
     1    0.009947    0.000000    0.000000   20.000000 ^ RST_I (in)
                                                         RST_I (net)
                      0.000472    0.000194   20.000195 ^ input18/I (gf180mcu_fd_sc_mcu7t5v0__buf_2)
    47    0.264924    2.156307    1.358634   21.358828 ^ input18/Z (gf180mcu_fd_sc_mcu7t5v0__buf_2)
                                                         net18 (net)
                      2.156328    0.003833   21.362661 ^ _0679_/I (gf180mcu_fd_sc_mcu7t5v0__clkinv_2)
    40    0.249272    2.069727    1.679929   23.042591 v _0679_/ZN (gf180mcu_fd_sc_mcu7t5v0__clkinv_2)
                                                         _0200_ (net)
                      2.069727    0.001290   23.043880 v _0687_/A2 (gf180mcu_fd_sc_mcu7t5v0__nand3_1)
     3    0.028270    0.999575    0.992758   24.036638 ^ _0687_/ZN (gf180mcu_fd_sc_mcu7t5v0__nand3_1)
                                                         _0208_ (net)
                      0.999575    0.000346   24.036985 ^ _0688_/A3 (gf180mcu_fd_sc_mcu7t5v0__nor3_1)
     3    0.016910    0.579946    0.436499   24.473484 v _0688_/ZN (gf180mcu_fd_sc_mcu7t5v0__nor3_1)
                                                         _0209_ (net)
                      0.579946    0.000476   24.473959 v _0689_/A2 (gf180mcu_fd_sc_mcu7t5v0__and2_1)
     8    0.047219    0.495379    0.676680   25.150640 v _0689_/Z (gf180mcu_fd_sc_mcu7t5v0__and2_1)
                                                         _0210_ (net)
                      0.495394    0.001540   25.152180 v _0707_/A1 (gf180mcu_fd_sc_mcu7t5v0__and2_1)
     9    0.060230    0.615391    0.702645   25.854824 v _0707_/Z (gf180mcu_fd_sc_mcu7t5v0__and2_1)
                                                         _0223_ (net)
                      0.615398    0.001235   25.856060 v _0747_/A1 (gf180mcu_fd_sc_mcu7t5v0__oai221_1)
     2    0.014438    0.983123    0.535984   26.392042 ^ _0747_/ZN (gf180mcu_fd_sc_mcu7t5v0__oai221_1)
                                                         _0249_ (net)
                      0.983123    0.000306   26.392349 ^ _0748_/B1 (gf180mcu_fd_sc_mcu7t5v0__aoi221_1)
     1    0.003828    0.775044    0.319606   26.711954 v _0748_/ZN (gf180mcu_fd_sc_mcu7t5v0__aoi221_1)
                                                         _0019_ (net)
                      0.775044    0.000078   26.712032 v _1288_/D (gf180mcu_fd_sc_mcu7t5v0__dffq_1)
                                             26.712032   data arrival time

                                100.000000  100.000000   clock system_clock (rise edge)
                                  0.000000  100.000000   clock source latency
     1    0.038807    0.000000    0.000000  100.000000 ^ CLK_I (in)
                                                         CLK_I (net)
                      0.003778    0.001542  100.001541 ^ clkbuf_0_CLK_I/I (gf180mcu_fd_sc_mcu7t5v0__clkbuf_16)
    16    0.217523    0.265142    0.328477  100.330017 ^ clkbuf_0_CLK_I/Z (gf180mcu_fd_sc_mcu7t5v0__clkbuf_16)
                                                         clknet_0_CLK_I (net)
                      0.265196    0.005514  100.335533 ^ clkbuf_4_3_0_CLK_I/I (gf180mcu_fd_sc_mcu7t5v0__clkbuf_8)
    12    0.057124    0.169338    0.315154  100.650681 ^ clkbuf_4_3_0_CLK_I/Z (gf180mcu_fd_sc_mcu7t5v0__clkbuf_8)
                                                         clknet_4_3_0_CLK_I (net)
                      0.169338    0.000504  100.651192 ^ _1288_/CLK (gf180mcu_fd_sc_mcu7t5v0__dffq_1)
                                 -0.500000  100.151184   clock uncertainty
                                  0.000000  100.151184   clock reconvergence pessimism
                                 -0.446600   99.704590   library setup time
                                             99.704590   data required time
---------------------------------------------------------------------------------------------
                                             99.704590   data required time
                                            -26.712032   data arrival time
---------------------------------------------------------------------------------------------
                                             72.992561   slack (MET)




===========================================================================
report_checks --slack_max -0.01
============================================================================
======================= nom_tt_025C_5v00 Corner ===================================

No paths found.


===========================================================================
 report_check_types -max_slew -max_cap -max_fanout -violators
============================================================================
======================= nom_tt_025C_5v00 Corner ===================================

max slew

Pin                                        Limit        Slew       Slack
------------------------------------------------------------------------
_1055_/A2                               4.000000    4.588670   -0.588670 (VIOLATED)
_1063_/A2                               4.000000    4.588669   -0.588669 (VIOLATED)
_1059_/A2                               4.000000    4.588668   -0.588668 (VIOLATED)
_1049__45/I                             4.000000    4.588667   -0.588667 (VIOLATED)
_1071_/A2                               4.000000    4.588665   -0.588666 (VIOLATED)
_1067_/A2                               4.000000    4.588664   -0.588664 (VIOLATED)
_1074_/A2                               4.000000    4.588663   -0.588662 (VIOLATED)
_1078_/A2                               4.000000    4.588658   -0.588658 (VIOLATED)
_1082_/A2                               4.000000    4.588656   -0.588656 (VIOLATED)
_1085_/A2                               4.000000    4.588649   -0.588649 (VIOLATED)
_1090_/A2                               4.000000    4.588642   -0.588642 (VIOLATED)
_1094_/A2                               4.000000    4.588634   -0.588634 (VIOLATED)
_1098_/A2                               4.000000    4.588632   -0.588632 (VIOLATED)
_1128_/A3                               4.000000    4.588625   -0.588625 (VIOLATED)
_1102_/A2                               4.000000    4.588624   -0.588624 (VIOLATED)
_1106_/A2                               4.000000    4.588624   -0.588624 (VIOLATED)
_1127_/A3                               4.000000    4.588624   -0.588624 (VIOLATED)
_1129_/A3                               4.000000    4.588624   -0.588623 (VIOLATED)
_1130_/A3                               4.000000    4.588623   -0.588623 (VIOLATED)
_1109_/A2                               4.000000    4.588621   -0.588621 (VIOLATED)
_1114_/A2                               4.000000    4.588617   -0.588617 (VIOLATED)
_1118_/A2                               4.000000    4.588610   -0.588610 (VIOLATED)
_1048_/ZN                               4.000000    4.588595   -0.588595 (VIOLATED)
_1122_/A2                               4.000000    4.588595   -0.588595 (VIOLATED)
_1125_/A2                               4.000000    4.588595   -0.588595 (VIOLATED)

max capacitance

Pin                                        Limit         Cap       Slack
------------------------------------------------------------------------
_1048_/ZN                               0.124200    0.150777   -0.026577 (VIOLATED)



===========================================================================
report_parasitic_annotation -report_unannotated
============================================================================
Found 16 unannotated drivers.
 ext_rst_i
 clkload0/Z
 clkload1/Z
 clkload10/ZN
 clkload11/ZN
 clkload12/Z
 clkload13/ZN
 clkload14/ZN
 clkload2/ZN
 clkload3/Z
 clkload4/ZN
 clkload5/ZN
 clkload6/ZN
 clkload7/ZN
 clkload8/ZN
 clkload9/ZN
Found 0 partially unannotated drivers.

===========================================================================
max slew violation count 25
Writing metric design__max_slew_violation__count__corner:nom_tt_025C_5v00: 25
max fanout violation count 0
Writing metric design__max_fanout_violation__count__corner:nom_tt_025C_5v00: 0
max cap violation count 1
Writing metric design__max_cap_violation__count__corner:nom_tt_025C_5v00: 1
============================================================================

===========================================================================
check_setup -verbose -unconstrained_endpoints -multiple_clock -no_clock -no_input_delay -loops -generated_clocks
===========================================================================
