Clock: system_clock
Sources: CLK_I 
Generated: no
Virtual: yes
Propagated: no
Period: 100.000000

===========================================================================
report_clock_properties
============================================================================
Clock                   Period          Waveform
----------------------------------------------------
system_clock        100.000000    0.000000 50.000000

===========================================================================
report_clock_latency
============================================================================
Clock system_clock
rise -> rise
    min     max
0.000000 0.000000 source latency
0.642925         network latency _1322_/CLK
        20.701189 network latency _1367_/CLK
---------------
0.642925 20.701189 latency
        20.058264 skew

rise -> fall
    min     max
0.000000 0.000000 source latency
20.682606         network latency _1375_/CLK
        20.686424 network latency _1367_/CLK
---------------
20.682606 20.686424 latency
        0.003817 skew

fall -> fall
    min     max
0.000000 0.000000 source latency
0.664578         network latency _1322_/CLK
        0.679375 network latency _1381_/CLK
---------------
0.664578 0.679375 latency
        0.014797 skew



===========================================================================
report_clock_min_period
============================================================================
system_clock period_min = 7.27 fmax = 137.53
Clock: signal_clock
Sources: signal_input 
Generated: no
Virtual: yes
Propagated: no
Period: 4000.000000

===========================================================================
report_clock_properties
============================================================================
Clock                   Period          Waveform
----------------------------------------------------
signal_clock        4000.000000    0.0000002000.000000

===========================================================================
report_clock_latency
============================================================================
Clock signal_clock
rise -> rise
    min     max
0.000000 0.000000 source latency
0.697633         network latency _1375_/CLK
        0.701189 network latency _1367_/CLK
---------------
0.697633 0.701189 latency
        0.003556 skew

fall -> fall
    min     max
0.000000 0.000000 source latency
0.682348         network latency _1375_/CLK
        0.686441 network latency _1367_/CLK
---------------
0.682348 0.686441 latency
        0.004093 skew



===========================================================================
report_clock_min_period
============================================================================
signal_clock period_min = 6.72 fmax = 148.79
