
===========================================================================
 report_power
============================================================================
======================= nom_tt_025C_5v00 Corner ===================================

Group                    Internal    Switching      Leakage        Total
                            Power        Power        Power        Power (Watts)
------------------------------------------------------------------------
Sequential           8.443777e-04 1.473671e-06 6.564650e-08 8.459170e-04  47.3%
Combinational        1.809240e-05 2.292619e-05 8.362921e-08 4.110222e-05   2.3%
Clock                5.691203e-04 3.321885e-04 3.634313e-08 9.013452e-04  50.4%
Macro                0.000000e+00 0.000000e+00 0.000000e+00 0.000000e+00   0.0%
Pad                  0.000000e+00 0.000000e+00 0.000000e+00 0.000000e+00   0.0%
------------------------------------------------------------------------
Total                1.431590e-03 3.565883e-04 1.856173e-07 1.788364e-03 100.0%
                            80.1%        19.9%         0.0%
Writing metric power__internal__total: 0.001431590411812067
Writing metric power__switching__total: 0.00035658833803609014
Writing metric power__leakage__total: 1.8561728154509183e-7
Writing metric power__total: 0.0017883642576634884

