Clock: system_clock
Sources: CLK_I 
Generated: no
Virtual: yes
Propagated: no
Period: 100.000000

===========================================================================
report_clock_properties
============================================================================
Clock                   Period          Waveform
----------------------------------------------------
system_clock        100.000000    0.000000 50.000000

===========================================================================
report_clock_latency
============================================================================
Clock system_clock
rise -> rise
    min     max
0.000000 0.000000 source latency
0.650379         network latency _1428_/CLK
        20.705620 network latency _1362_/CLK
---------------
0.650379 20.705620 latency
        20.055241 skew

rise -> fall
    min     max
0.000000 0.000000 source latency
20.686613         network latency _1373_/CLK
        20.691246 network latency _1362_/CLK
---------------
20.686613 20.691246 latency
        0.004633 skew

fall -> fall
    min     max
0.000000 0.000000 source latency
0.672333         network latency _1428_/CLK
        0.688306 network latency _1316_/CLK
---------------
0.672333 0.688306 latency
        0.015973 skew



===========================================================================
report_clock_min_period
============================================================================
system_clock period_min = 7.27 fmax = 137.62
Clock: signal_clock
Sources: signal_input 
Generated: no
Virtual: yes
Propagated: no
Period: 4000.000000

===========================================================================
report_clock_properties
============================================================================
Clock                   Period          Waveform
----------------------------------------------------
signal_clock        4000.000000    0.0000002000.000000

===========================================================================
report_clock_latency
============================================================================
Clock signal_clock
rise -> rise
    min     max
0.000000 0.000000 source latency
0.701243         network latency _1374_/CLK
        0.705619 network latency _1362_/CLK
---------------
0.701243 0.705619 latency
        0.004376 skew

fall -> fall
    min     max
0.000000 0.000000 source latency
0.686441         network latency _1373_/CLK
        0.691216 network latency _1362_/CLK
---------------
0.686441 0.691216 latency
        0.004775 skew



===========================================================================
report_clock_min_period
============================================================================
signal_clock period_min = 6.01 fmax = 166.42
