
===========================================================================
 report_power
============================================================================
======================= nom_tt_025C_5v00 Corner ===================================

Group                    Internal    Switching      Leakage        Total
                            Power        Power        Power        Power (Watts)
------------------------------------------------------------------------
Sequential           8.430656e-04 1.852431e-06 6.564650e-08 8.449837e-04  47.8%
Combinational        1.946949e-05 2.352104e-05 8.877967e-08 4.307931e-05   2.4%
Clock                5.564607e-04 3.242883e-04 3.544379e-08 8.807845e-04  49.8%
Macro                0.000000e+00 0.000000e+00 0.000000e+00 0.000000e+00   0.0%
Pad                  0.000000e+00 0.000000e+00 0.000000e+00 0.000000e+00   0.0%
------------------------------------------------------------------------
Total                1.418996e-03 3.496618e-04 1.898685e-07 1.768848e-03 100.0%
                            80.2%        19.8%         0.0%
Writing metric power__internal__total: 0.0014189959038048983
Writing metric power__switching__total: 0.00034966180101037025
Writing metric power__leakage__total: 1.8986851557656337e-7
Writing metric power__total: 0.0017688475782051682

