                                                                        Cells by Master                                                                         
┏━━━━━━━━━━━━━━━━━━━━━━━━━━━━━━━━━━━━━━━━━━━━━━━━━━━━━━━━━━━━━━━━━━━━━━━━━━━━━━━━━━━━━━━━━━━━━━━━━━━━━━━━━━━━━━━━━━━━━━━━━━━━━━━━━━━━━┳━━━━━━━━━━━━━━━━━━━━━━━━┓
┃ Cell                                                                                                                                ┃ Count                  ┃
┡━━━━━━━━━━━━━━━━━━━━━━━━━━━━━━━━━━━━━━━━━━━━━━━━━━━━━━━━━━━━━━━━━━━━━━━━━━━━━━━━━━━━━━━━━━━━━━━━━━━━━━━━━━━━━━━━━━━━━━━━━━━━━━━━━━━━━╇━━━━━━━━━━━━━━━━━━━━━━━━┩
│ gf180mcu_fd_sc_mcu7t5v0__and2_1                                                                                                     │ 7                      │
│ gf180mcu_fd_sc_mcu7t5v0__and3_1                                                                                                     │ 2                      │
│ gf180mcu_fd_sc_mcu7t5v0__and4_1                                                                                                     │ 12                     │
│ gf180mcu_fd_sc_mcu7t5v0__aoi211_1                                                                                                   │ 13                     │
│ gf180mcu_fd_sc_mcu7t5v0__aoi21_1                                                                                                    │ 32                     │
│ gf180mcu_fd_sc_mcu7t5v0__aoi221_1                                                                                                   │ 1                      │
│ gf180mcu_fd_sc_mcu7t5v0__aoi222_1                                                                                                   │ 1                      │
│ gf180mcu_fd_sc_mcu7t5v0__aoi22_1                                                                                                    │ 26                     │
│ gf180mcu_fd_sc_mcu7t5v0__buf_1                                                                                                      │ 1                      │
│ gf180mcu_fd_sc_mcu7t5v0__buf_2                                                                                                      │ 2                      │
│ gf180mcu_fd_sc_mcu7t5v0__buf_4                                                                                                      │ 1                      │
│ gf180mcu_fd_sc_mcu7t5v0__clkbuf_16                                                                                                  │ 9                      │
│ gf180mcu_fd_sc_mcu7t5v0__clkbuf_4                                                                                                   │ 2                      │
│ gf180mcu_fd_sc_mcu7t5v0__clkinv_1                                                                                                   │ 33                     │
│ gf180mcu_fd_sc_mcu7t5v0__clkinv_4                                                                                                   │ 2                      │
│ gf180mcu_fd_sc_mcu7t5v0__dffq_1                                                                                                     │ 85                     │
│ gf180mcu_fd_sc_mcu7t5v0__dlyb_1                                                                                                     │ 33                     │
│ gf180mcu_fd_sc_mcu7t5v0__dlyc_1                                                                                                     │ 28                     │
│ gf180mcu_fd_sc_mcu7t5v0__endcap                                                                                                     │ 76                     │
│ gf180mcu_fd_sc_mcu7t5v0__fill_1                                                                                                     │ 182                    │
│ gf180mcu_fd_sc_mcu7t5v0__fill_2                                                                                                     │ 155                    │
│ gf180mcu_fd_sc_mcu7t5v0__fillcap_16                                                                                                 │ 29                     │
│ gf180mcu_fd_sc_mcu7t5v0__fillcap_32                                                                                                 │ 3                      │
│ gf180mcu_fd_sc_mcu7t5v0__fillcap_4                                                                                                  │ 144                    │
│ gf180mcu_fd_sc_mcu7t5v0__fillcap_8                                                                                                  │ 82                     │
│ gf180mcu_fd_sc_mcu7t5v0__filltie                                                                                                    │ 140                    │
│ gf180mcu_fd_sc_mcu7t5v0__inv_2                                                                                                      │ 1                      │
│ gf180mcu_fd_sc_mcu7t5v0__inv_3                                                                                                      │ 1                      │
│ gf180mcu_fd_sc_mcu7t5v0__inv_4                                                                                                      │ 1                      │
│ gf180mcu_fd_sc_mcu7t5v0__mux2_2                                                                                                     │ 19                     │
│ gf180mcu_fd_sc_mcu7t5v0__mux4_1                                                                                                     │ 2                      │
│ gf180mcu_fd_sc_mcu7t5v0__nand2_1                                                                                                    │ 62                     │
│ gf180mcu_fd_sc_mcu7t5v0__nand3_1                                                                                                    │ 24                     │
│ gf180mcu_fd_sc_mcu7t5v0__nand4_1                                                                                                    │ 39                     │
│ gf180mcu_fd_sc_mcu7t5v0__nor2_1                                                                                                     │ 55                     │
│ gf180mcu_fd_sc_mcu7t5v0__nor3_1                                                                                                     │ 8                      │
│ gf180mcu_fd_sc_mcu7t5v0__nor4_1                                                                                                     │ 10                     │
│ gf180mcu_fd_sc_mcu7t5v0__oai211_1                                                                                                   │ 5                      │
│ gf180mcu_fd_sc_mcu7t5v0__oai21_1                                                                                                    │ 26                     │
│ gf180mcu_fd_sc_mcu7t5v0__oai221_1                                                                                                   │ 6                      │
│ gf180mcu_fd_sc_mcu7t5v0__oai22_1                                                                                                    │ 8                      │
│ gf180mcu_fd_sc_mcu7t5v0__oai31_1                                                                                                    │ 3                      │
│ gf180mcu_fd_sc_mcu7t5v0__oai32_1                                                                                                    │ 4                      │
│ gf180mcu_fd_sc_mcu7t5v0__oai33_1                                                                                                    │ 1                      │
│ gf180mcu_fd_sc_mcu7t5v0__or2_1                                                                                                      │ 7                      │
│ gf180mcu_fd_sc_mcu7t5v0__or4_1                                                                                                      │ 2                      │
│ gf180mcu_fd_sc_mcu7t5v0__xor2_1                                                                                                     │ 1                      │
└─────────────────────────────────────────────────────────────────────────────────────────────────────────────────────────────────────┴────────────────────────┘
