Clock: system_clock
Sources: 
Generated: no
Virtual: yes
Propagated: no
Period: 100.000000

===========================================================================
report_clock_properties
============================================================================
Clock                   Period          Waveform
----------------------------------------------------
system_clock        100.000000    0.000000 50.000000

===========================================================================
report_clock_latency
============================================================================
Clock system_clock
rise -> rise
    min     max
0.000000 0.000000 source latency
21.711315         network latency _4016_/CLK
        21.786160 network latency _3841_/CLK
---------------
21.711315 21.786160 latency
        0.074845 skew

rise -> fall
    min     max
0.000000 0.000000 source latency
21.766815         network latency _4016_/CLK
        21.852551 network latency _3841_/CLK
---------------
21.766815 21.852551 latency
        0.085736 skew



===========================================================================
report_clock_min_period
============================================================================
system_clock period_min = 0.00 fmax = inf
Clock: signal_clock
Sources: signal_input 
Generated: no
Virtual: yes
Propagated: no
Period: 4000.000000

===========================================================================
report_clock_properties
============================================================================
Clock                   Period          Waveform
----------------------------------------------------
signal_clock        4000.000000    0.0000002000.000000

===========================================================================
report_clock_latency
============================================================================
Clock signal_clock
rise -> rise
    min     max
0.000000 0.000000 source latency
1.246218         network latency _4066_/CLK
        1.250184 network latency _4079_/CLK
---------------
1.246218 1.250184 latency
        0.003965 skew

fall -> fall
    min     max
0.000000 0.000000 source latency
1.218723         network latency _4066_/CLK
        1.223043 network latency _4077_/CLK
---------------
1.218723 1.223043 latency
        0.004320 skew



===========================================================================
report_clock_min_period
============================================================================
signal_clock period_min = 12.74 fmax = 78.51
