Clock: system_clock
Sources: CLK_I 
Generated: no
Virtual: yes
Propagated: no
Period: 100.000000

===========================================================================
report_clock_properties
============================================================================
Clock                   Period          Waveform
----------------------------------------------------
system_clock        100.000000    0.000000 50.000000

===========================================================================
report_clock_latency
============================================================================
Clock system_clock
rise -> rise
    min     max
0.000000 0.000000 source latency
0.399502         network latency _827_/CLK
        0.406350 network latency _894_/CLK
---------------
0.399502 0.406350 latency
        0.006848 skew

fall -> fall
    min     max
0.000000 0.000000 source latency
0.401098         network latency _827_/CLK
        0.408345 network latency _894_/CLK
---------------
0.401098 0.408345 latency
        0.007248 skew



===========================================================================
report_clock_min_period
============================================================================
system_clock period_min = 5.70 fmax = 175.34
