
===========================================================================
report_checks -unconstrained
===========================================================================
======================= nom_ff_n40C_5v50 Corner ===================================

Startpoint: RST_I (input port clocked by system_clock)
Endpoint: _836_ (rising edge-triggered flip-flop clocked by system_clock)
Path Group: system_clock
Path Type: max

Fanout         Cap        Slew       Delay        Time   Description
---------------------------------------------------------------------------------------------
                      0.000000    0.000000    0.000000   clock system_clock (rise edge)
                                  0.000000    0.000000   clock network delay (ideal)
                                 20.000000   20.000000 v input external delay
    31    0.133592    0.000000    0.000000   20.000000 v RST_I (in)
                                                         RST_I (net)
                      0.000000    0.000000   20.000000 v _430_/I (gf180mcu_fd_sc_mcu7t5v0__clkinv_1)
    16    0.069233    0.789549    0.459600   20.459600 ^ _430_/ZN (gf180mcu_fd_sc_mcu7t5v0__clkinv_1)
                                                         _103_ (net)
                      0.789549    0.000000   20.459600 ^ _680_/A2 (gf180mcu_fd_sc_mcu7t5v0__nand2_1)
     3    0.011698    0.272128    0.128056   20.587656 v _680_/ZN (gf180mcu_fd_sc_mcu7t5v0__nand2_1)
                                                         _321_ (net)
                      0.272128    0.000000   20.587656 v _760_/A2 (gf180mcu_fd_sc_mcu7t5v0__nor4_1)
     8    0.069474    2.581074    1.461661   22.049318 ^ _760_/ZN (gf180mcu_fd_sc_mcu7t5v0__nor4_1)
                                                         _383_ (net)
                      2.581074    0.000000   22.049318 ^ _761_/S (gf180mcu_fd_sc_mcu7t5v0__mux2_2)
     1    0.002439    0.096506    0.170321   22.219639 v _761_/Z (gf180mcu_fd_sc_mcu7t5v0__mux2_2)
                                                         _049_ (net)
                      0.096506    0.000000   22.219639 v _836_/D (gf180mcu_fd_sc_mcu7t5v0__dffq_1)
                                             22.219639   data arrival time

                      0.000000  100.000000  100.000000   clock system_clock (rise edge)
                                  0.000000  100.000000   clock network delay (ideal)
                                 -0.500000   99.499992   clock uncertainty
                                  0.000000   99.499992   clock reconvergence pessimism
                                             99.499992 ^ _836_/CLK (gf180mcu_fd_sc_mcu7t5v0__dffq_1)
                                 -0.146817   99.353172   library setup time
                                             99.353172   data required time
---------------------------------------------------------------------------------------------
                                             99.353172   data required time
                                            -22.219639   data arrival time
---------------------------------------------------------------------------------------------
                                             77.133537   slack (MET)




===========================================================================
report_checks --slack_max -0.01
============================================================================
======================= nom_ff_n40C_5v50 Corner ===================================

No paths found.


===========================================================================
 report_check_types -max_slew -max_cap -max_fanout -violators
============================================================================
======================= nom_ff_n40C_5v50 Corner ===================================

max capacitance

Pin                                        Limit         Cap       Slack
------------------------------------------------------------------------
_760_/ZN                                0.067990    0.069474   -0.001484 (VIOLATED)



===========================================================================
report_parasitic_annotation -report_unannotated
============================================================================
Found 510 unannotated drivers.
 ACK_I
 CLK_I
 DAT_I[0]
 DAT_I[1]
 DAT_I[2]
 DAT_I[3]
 DAT_I[4]
 DAT_I[5]
 DAT_I[6]
 DAT_I[7]
 ERR_I
 RST_I
 RTY_I
 i2c_scl_in
 i2c_sda_in
 _408_/ZN
 _409_/ZN
 _410_/ZN
 _411_/ZN
 _412_/ZN
 _413_/ZN
 _414_/ZN
 _415_/ZN
 _416_/ZN
 _417_/ZN
 _418_/ZN
 _419_/ZN
 _420_/ZN
 _421_/ZN
 _422_/ZN
 _423_/ZN
 _424_/ZN
 _425_/ZN
 _426_/ZN
 _427_/ZN
 _428_/ZN
 _429_/ZN
 _430_/ZN
 _431_/ZN
 _432_/ZN
 _433_/ZN
 _434_/ZN
 _435_/ZN
 _436_/ZN
 _437_/ZN
 _438_/ZN
 _439_/Z
 _440_/ZN
 _441_/ZN
 _442_/ZN
 _443_/ZN
 _444_/ZN
 _445_/ZN
 _446_/ZN
 _447_/ZN
 _448_/ZN
 _449_/ZN
 _450_/Z
 _451_/ZN
 _452_/Z
 _453_/ZN
 _454_/ZN
 _455_/ZN
 _456_/ZN
 _457_/ZN
 _458_/ZN
 _459_/ZN
 _460_/ZN
 _461_/ZN
 _462_/ZN
 _463_/ZN
 _464_/ZN
 _465_/ZN
 _466_/ZN
 _467_/ZN
 _468_/ZN
 _469_/Z
 _470_/ZN
 _471_/Z
 _472_/ZN
 _473_/ZN
 _474_/Z
 _475_/ZN
 _476_/ZN
 _477_/ZN
 _478_/ZN
 _479_/ZN
 _480_/ZN
 _481_/ZN
 _482_/ZN
 _483_/ZN
 _484_/ZN
 _485_/Z
 _486_/ZN
 _487_/ZN
 _488_/ZN
 _489_/ZN
 _490_/ZN
 _491_/ZN
 _492_/ZN
 _493_/ZN
 _494_/ZN
 _495_/ZN
 _496_/ZN
 _497_/ZN
 _498_/ZN
 _499_/ZN
 _500_/ZN
 _501_/ZN
 _502_/ZN
 _503_/ZN
 _504_/ZN
 _505_/ZN
 _506_/Z
 _507_/ZN
 _508_/ZN
 _509_/Z
 _510_/ZN
 _511_/ZN
 _512_/ZN
 _513_/Z
 _514_/Z
 _515_/ZN
 _516_/ZN
 _517_/ZN
 _518_/Z
 _519_/ZN
 _520_/ZN
 _521_/ZN
 _522_/ZN
 _523_/Z
 _524_/ZN
 _525_/ZN
 _526_/ZN
 _527_/ZN
 _528_/Z
 _529_/ZN
 _530_/ZN
 _531_/ZN
 _532_/Z
 _533_/ZN
 _534_/ZN
 _535_/ZN
 _536_/ZN
 _537_/ZN
 _538_/ZN
 _539_/Z
 _540_/ZN
 _541_/ZN
 _542_/ZN
 _543_/ZN
 _544_/Z
 _545_/Z
 _546_/ZN
 _547_/ZN
 _548_/Z
 _549_/ZN
 _550_/ZN
 _551_/ZN
 _552_/ZN
 _553_/ZN
 _554_/ZN
 _555_/ZN
 _556_/ZN
 _557_/ZN
 _558_/ZN
 _559_/ZN
 _560_/ZN
 _561_/Z
 _562_/ZN
 _563_/ZN
 _564_/ZN
 _565_/Z
 _566_/Z
 _567_/ZN
 _568_/ZN
 _569_/ZN
 _570_/Z
 _571_/ZN
 _572_/ZN
 _573_/ZN
 _574_/Z
 _575_/ZN
 _576_/ZN
 _577_/ZN
 _578_/ZN
 _579_/ZN
 _580_/ZN
 _581_/ZN
 _582_/ZN
 _583_/ZN
 _584_/ZN
 _585_/ZN
 _586_/ZN
 _587_/ZN
 _588_/ZN
 _589_/ZN
 _590_/ZN
 _591_/ZN
 _592_/ZN
 _593_/ZN
 _594_/ZN
 _595_/ZN
 _596_/ZN
 _597_/ZN
 _598_/ZN
 _599_/ZN
 _600_/ZN
 _601_/ZN
 _602_/ZN
 _603_/ZN
 _604_/ZN
 _605_/ZN
 _606_/ZN
 _607_/ZN
 _608_/ZN
 _609_/ZN
 _610_/ZN
 _611_/ZN
 _612_/ZN
 _613_/ZN
 _614_/ZN
 _615_/ZN
 _616_/ZN
 _617_/ZN
 _618_/ZN
 _619_/ZN
 _620_/ZN
 _621_/ZN
 _622_/ZN
 _623_/ZN
 _624_/ZN
 _625_/ZN
 _626_/ZN
 _627_/ZN
 _628_/ZN
 _629_/ZN
 _630_/ZN
 _631_/ZN
 _632_/ZN
 _633_/ZN
 _634_/ZN
 _635_/ZN
 _636_/ZN
 _637_/ZN
 _638_/ZN
 _639_/ZN
 _640_/ZN
 _641_/ZN
 _642_/Z
 _643_/Z
 _644_/ZN
 _645_/ZN
 _646_/ZN
 _647_/ZN
 _648_/Z
 _649_/Z
 _650_/ZN
 _651_/Z
 _652_/ZN
 _653_/ZN
 _654_/Z
 _655_/ZN
 _656_/Z
 _657_/ZN
 _658_/ZN
 _659_/ZN
 _660_/ZN
 _661_/ZN
 _662_/ZN
 _663_/ZN
 _664_/ZN
 _665_/Z
 _666_/ZN
 _667_/ZN
 _668_/ZN
 _669_/ZN
 _670_/ZN
 _671_/ZN
 _672_/ZN
 _673_/ZN
 _674_/Z
 _675_/ZN
 _676_/ZN
 _677_/ZN
 _678_/ZN
 _679_/ZN
 _680_/ZN
 _681_/ZN
 _682_/ZN
 _683_/ZN
 _684_/ZN
 _685_/ZN
 _686_/Z
 _687_/Z
 _688_/ZN
 _689_/ZN
 _690_/Z
 _691_/Z
 _692_/Z
 _693_/ZN
 _694_/ZN
 _695_/ZN
 _696_/Z
 _697_/ZN
 _698_/ZN
 _699_/ZN
 _700_/ZN
 _701_/ZN
 _702_/ZN
 _703_/ZN
 _704_/ZN
 _705_/ZN
 _706_/Z
 _707_/ZN
 _708_/Z
 _709_/ZN
 _710_/ZN
 _711_/ZN
 _712_/ZN
 _713_/ZN
 _714_/ZN
 _715_/ZN
 _716_/ZN
 _717_/ZN
 _718_/ZN
 _719_/ZN
 _720_/ZN
 _721_/ZN
 _722_/Z
 _723_/ZN
 _724_/Z
 _725_/ZN
 _726_/ZN
 _727_/ZN
 _728_/ZN
 _729_/ZN
 _730_/ZN
 _731_/Z
 _732_/ZN
 _733_/ZN
 _734_/ZN
 _735_/ZN
 _736_/ZN
 _737_/ZN
 _738_/ZN
 _739_/ZN
 _740_/ZN
 _741_/ZN
 _742_/ZN
 _743_/ZN
 _744_/ZN
 _745_/ZN
 _746_/ZN
 _747_/ZN
 _748_/ZN
 _749_/ZN
 _750_/ZN
 _751_/ZN
 _752_/ZN
 _753_/ZN
 _754_/ZN
 _755_/ZN
 _756_/ZN
 _757_/ZN
 _758_/ZN
 _759_/ZN
 _760_/ZN
 _761_/Z
 _762_/ZN
 _763_/ZN
 _764_/ZN
 _765_/ZN
 _766_/Z
 _767_/Z
 _768_/Z
 _769_/Z
 _770_/Z
 _771_/Z
 _772_/ZN
 _773_/ZN
 _774_/Z
 _775_/ZN
 _776_/ZN
 _777_/ZN
 _778_/ZN
 _779_/ZN
 _780_/ZN
 _781_/ZN
 _782_/ZN
 _783_/ZN
 _784_/ZN
 _785_/ZN
 _786_/ZN
 _787_/ZN
 _788_/ZN
 _789_/ZN
 _790_/ZN
 _791_/ZN
 _792_/ZN
 _793_/ZN
 _794_/ZN
 _795_/ZN
 _796_/ZN
 _797_/ZN
 _798_/ZN
 _799_/ZN
 _800_/ZN
 _801_/ZN
 _802_/ZN
 _803_/ZN
 _804_/ZN
 _805_/ZN
 _806_/ZN
 _807_/ZN
 _808_/ZN
 _809_/ZN
 _810_/ZN
 _811_/ZN
 _812_/ZN
 _813_/ZN
 _814_/ZN
 _815_/ZN
 _816_/ZN
 _817_/Q
 _818_/Q
 _819_/Q
 _820_/Q
 _821_/Q
 _822_/Q
 _823_/Q
 _824_/Q
 _825_/Q
 _826_/Q
 _827_/Q
 _828_/Q
 _829_/Q
 _830_/Q
 _831_/Q
 _832_/Q
 _833_/Q
 _834_/Q
 _835_/Q
 _836_/Q
 _837_/Q
 _838_/Q
 _839_/Q
 _840_/Q
 _841_/Q
 _842_/Q
 _843_/Q
 _844_/Q
 _845_/Q
 _846_/Q
 _847_/Q
 _848_/Q
 _849_/Q
 _850_/Q
 _851_/Q
 _852_/Q
 _853_/Q
 _854_/Q
 _855_/Q
 _856_/Q
 _857_/Q
 _858_/Q
 _859_/Q
 _860_/Q
 _861_/Q
 _862_/Q
 _863_/Q
 _864_/Q
 _865_/Q
 _866_/Q
 _867_/Q
 _868_/Q
 _869_/Q
 _870_/Q
 _871_/Q
 _872_/Q
 _873_/Q
 _874_/Q
 _875_/Q
 _876_/Q
 _877_/Q
 _878_/Q
 _879_/Q
 _880_/Q
 _881_/Q
 _882_/Q
 _883_/Q
 _884_/Q
 _885_/Q
 _886_/Q
 _887_/Q
 _888_/Q
 _889_/Q
 _890_/Q
 _891_/Q
 _892_/Q
 _893_/Q
 _894_/Q
 _895_/Q
 _896_/Q
 _897_/Q
 _898_/Q
 _899_/Q
 _900_/Q
 _901_/Q
 _902_/Z
Found 0 partially unannotated drivers.

===========================================================================
max slew violation count 0
max fanout violation count 0
max cap violation count 1
============================================================================

===========================================================================
check_setup -verbose -unconstrained_endpoints -multiple_clock -no_clock -no_input_delay -loops -generated_clocks
===========================================================================
