Reading timing models for corner nom_tt_025C_5v00…
Reading timing library for the 'nom_tt_025C_5v00' corner at '/foss/pdks/gf180mcuD/libs.ref/gf180mcu_fd_sc_mcu7t5v0/lib/gf180mcu_fd_sc_mcu7t5v0__tt_025C_5v00.lib'…
Reading OpenROAD database at '/foss/designs/acoustic-ranger-dvl-processor/layout/digital/i2c_wb_master/runs/RUN_2026-08-31_17-24-00/42-openroad-repairantennas/1-openroad-diodeinsertion/i2c_controller.odb'…
Reading design constraints file at '/foss/designs/acoustic-ranger-dvl-processor/layout/digital/i2c_wb_master/constraint.sdc'…
[INFO] No information on clock propagation in input SDC file-- propagating all clocks.
[INFO ORD-0030] Using 16 thread(s).
+ detailed_route -droute_end_iter 64 -or_seed 42 -verbose 1 -output_drc /foss/designs/acoustic-ranger-dvl-processor/layout/digital/i2c_wb_master/runs/RUN_2026-08-31_17-24-00/44-openroad-detailedrouting/drt-run-0/i2c_controller.drc
[INFO DRT-0149] Reading tech and libs.
[WARNING DRT-0349] LEF58_ENCLOSURE with no CUTCLASS is not supported. Skipping for layer Via1
[WARNING DRT-0349] LEF58_ENCLOSURE with no CUTCLASS is not supported. Skipping for layer Via1
[WARNING DRT-0349] LEF58_ENCLOSURE with no CUTCLASS is not supported. Skipping for layer Via2
[WARNING DRT-0349] LEF58_ENCLOSURE with no CUTCLASS is not supported. Skipping for layer Via2
[WARNING DRT-0349] LEF58_ENCLOSURE with no CUTCLASS is not supported. Skipping for layer Via3
[WARNING DRT-0349] LEF58_ENCLOSURE with no CUTCLASS is not supported. Skipping for layer Via3
[WARNING DRT-0349] LEF58_ENCLOSURE with no CUTCLASS is not supported. Skipping for layer Via4
[WARNING DRT-0349] LEF58_ENCLOSURE with no CUTCLASS is not supported. Skipping for layer Via4

Units:                2000
Number of layers:     11
Number of macros:     229
Number of vias:       60
Number of viarulegen: 16

[INFO DRT-0150] Reading design.

Design:                   i2c_controller
Die area:                 ( 0 0 ) ( 316360 352200 )
Number of track patterns: 10
Number of DEF vias:       0
Number of components:     776
Number of terminals:      38
Number of snets:          2
Number of nets:           579

[INFO DRT-0167] List of default vias:
  Layer Via2
    default via: Via2_VH
  Layer Via3
    default via: Via3_HV
  Layer Via4
    default via: Via4_VH
[INFO DRT-0162] Library cell analysis.
[INFO DRT-0163] Instance analysis.
[INFO DRT-0164] Number of unique instances = 111.
[INFO DRT-0168] Init region query.
[INFO DRT-0024]   Complete Poly2.
[INFO DRT-0024]   Complete CON.
[INFO DRT-0024]   Complete Metal1.
[INFO DRT-0024]   Complete Via1.
[INFO DRT-0024]   Complete Metal2.
[INFO DRT-0024]   Complete Via2.
[INFO DRT-0024]   Complete Metal3.
[INFO DRT-0024]   Complete Via3.
[INFO DRT-0024]   Complete Metal4.
[INFO DRT-0024]   Complete Via4.
[INFO DRT-0024]   Complete Metal5.
[INFO DRT-0033] Poly2 shape region query size = 0.
[INFO DRT-0033] CON shape region query size = 0.
[INFO DRT-0033] Metal1 shape region query size = 13761.
[INFO DRT-0033] Via1 shape region query size = 111.
[INFO DRT-0033] Metal2 shape region query size = 74.
[INFO DRT-0033] Via2 shape region query size = 111.
[INFO DRT-0033] Metal3 shape region query size = 110.
[INFO DRT-0033] Via3 shape region query size = 111.
[INFO DRT-0033] Metal4 shape region query size = 43.
[INFO DRT-0033] Via4 shape region query size = 18.
[INFO DRT-0033] Metal5 shape region query size = 6.
[INFO DRT-0165] Start pin access.
[INFO DRT-0078]   Complete 871 pins.
[INFO DRT-0079]   Complete 100 unique inst patterns.
[INFO DRT-0081]   Complete 113 unique inst patterns.
[INFO DRT-0084]   Complete 311 groups.
#scanned instances     = 776
#unique  instances     = 117
#stdCellGenAp          = 2324
#stdCellValidPlanarAp  = 0
#stdCellValidViaAp     = 2164
#stdCellPinNoAp        = 0
#stdCellPinCnt         = 1992
#instTermValidViaApCnt = 0
#macroGenAp            = 0
#macroValidPlanarAp    = 0
#macroValidViaAp       = 0
#macroNoAp             = 0
[INFO DRT-0166] Complete pin access.
[INFO DRT-0267] cpu time = 00:00:29, elapsed time = 00:00:02, memory = 135.43 (MB), peak = 134.38 (MB)

[INFO DRT-0157] Number of guides:     4769

[INFO DRT-0169] Post process guides.
[INFO DRT-0176] GCELLGRID X 0 DO 18 STEP 16800 ;
[INFO DRT-0177] GCELLGRID Y 0 DO 20 STEP 16800 ;
[INFO DRT-0028]   Complete Poly2.
[INFO DRT-0028]   Complete CON.
[INFO DRT-0028]   Complete Metal1.
[INFO DRT-0028]   Complete Via1.
[INFO DRT-0028]   Complete Metal2.
[INFO DRT-0028]   Complete Via2.
[INFO DRT-0028]   Complete Metal3.
[INFO DRT-0028]   Complete Via3.
[INFO DRT-0028]   Complete Metal4.
[INFO DRT-0028]   Complete Via4.
[INFO DRT-0028]   Complete Metal5.
[INFO DRT-0178] Init guide query.
[INFO DRT-0035]   Complete Poly2 (guide).
[INFO DRT-0035]   Complete CON (guide).
[INFO DRT-0035]   Complete Metal1 (guide).
[INFO DRT-0035]   Complete Via1 (guide).
[INFO DRT-0035]   Complete Metal2 (guide).
[INFO DRT-0035]   Complete Via2 (guide).
[INFO DRT-0035]   Complete Metal3 (guide).
[INFO DRT-0035]   Complete Via3 (guide).
[INFO DRT-0035]   Complete Metal4 (guide).
[INFO DRT-0035]   Complete Via4 (guide).
[INFO DRT-0035]   Complete Metal5 (guide).
[INFO DRT-0036] Poly2 guide region query size = 0.
[INFO DRT-0036] CON guide region query size = 0.
[INFO DRT-0036] Metal1 guide region query size = 1712.
[INFO DRT-0036] Via1 guide region query size = 0.
[INFO DRT-0036] Metal2 guide region query size = 1528.
[INFO DRT-0036] Via2 guide region query size = 0.
[INFO DRT-0036] Metal3 guide region query size = 745.
[INFO DRT-0036] Via3 guide region query size = 0.
[INFO DRT-0036] Metal4 guide region query size = 35.
[INFO DRT-0036] Via4 guide region query size = 0.
[INFO DRT-0036] Metal5 guide region query size = 10.
[INFO DRT-0179] Init gr pin query.
[INFO DRT-0267] cpu time = 00:00:00, elapsed time = 00:00:00, memory = 136.83 (MB), peak = 135.63 (MB)
[INFO DRT-0245] skipped writing guide updates to database.
[INFO DRT-0185] Post process initialize RPin region query.
[INFO DRT-0181] Start track assignment.
[INFO DRT-0184] Done with 1563 vertical wires in 1 frboxes and 2467 horizontal wires in 1 frboxes.
[INFO DRT-0186] Done with 483 vertical wires in 1 frboxes and 407 horizontal wires in 1 frboxes.
[INFO DRT-0182] Complete track assignment.
[INFO DRT-0267] cpu time = 00:00:00, elapsed time = 00:00:00, memory = 146.90 (MB), peak = 145.84 (MB)
[INFO DRT-0187] Start routing data preparation.
[INFO DRT-0267] cpu time = 00:00:00, elapsed time = 00:00:00, memory = 147.41 (MB), peak = 146.34 (MB)
[INFO DRT-0194] Start detail routing.
[INFO DRT-0195] Start 0th optimization iteration.
    Completing 10% with 0 violations.
    elapsed time = 00:00:00, memory = 161.59 (MB).
    Completing 20% with 0 violations.
    elapsed time = 00:00:00, memory = 160.06 (MB).
    Completing 30% with 0 violations.
    elapsed time = 00:00:00, memory = 159.23 (MB).
    Completing 40% with 0 violations.
    elapsed time = 00:00:00, memory = 158.28 (MB).
    Completing 50% with 19 violations.
    elapsed time = 00:00:00, memory = 169.43 (MB).
    Completing 60% with 19 violations.
    elapsed time = 00:00:01, memory = 167.52 (MB).
    Completing 70% with 51 violations.
    elapsed time = 00:00:01, memory = 172.53 (MB).
    Completing 80% with 51 violations.
    elapsed time = 00:00:01, memory = 170.15 (MB).
    Completing 100% with 115 violations.
    elapsed time = 00:00:03, memory = 175.73 (MB).
[INFO DRT-0199]   Number of violations = 153.
Viol/Layer      Metal1 Metal2 Metal3
Metal Spacing        0     18      7
Recheck              2     32      4
Short                0     86      4
[INFO DRT-0267] cpu time = 00:00:06, elapsed time = 00:00:03, memory = 475.11 (MB), peak = 486.21 (MB)
Total wire length = 24508 um.
Total wire length on LAYER Metal1 = 0 um.
Total wire length on LAYER Metal2 = 12276 um.
Total wire length on LAYER Metal3 = 10929 um.
Total wire length on LAYER Metal4 = 847 um.
Total wire length on LAYER Metal5 = 455 um.
Total number of vias = 3968.
Up-via summary (total 3968):

---------------
  Poly2       0
 Metal1    2020
 Metal2    1846
 Metal3      82
 Metal4      20
---------------
       3968


[INFO DRT-0195] Start 1st optimization iteration.
    Completing 10% with 153 violations.
    elapsed time = 00:00:00, memory = 486.80 (MB).
    Completing 20% with 153 violations.
    elapsed time = 00:00:00, memory = 488.05 (MB).
    Completing 30% with 153 violations.
    elapsed time = 00:00:00, memory = 492.99 (MB).
    Completing 40% with 139 violations.
    elapsed time = 00:00:00, memory = 493.04 (MB).
    Completing 50% with 139 violations.
    elapsed time = 00:00:00, memory = 493.06 (MB).
    Completing 60% with 139 violations.
    elapsed time = 00:00:01, memory = 504.66 (MB).
    Completing 70% with 90 violations.
    elapsed time = 00:00:01, memory = 506.72 (MB).
    Completing 80% with 90 violations.
    elapsed time = 00:00:02, memory = 508.93 (MB).
    Completing 90% with 66 violations.
    elapsed time = 00:00:02, memory = 508.93 (MB).
    Completing 100% with 33 violations.
    elapsed time = 00:00:03, memory = 521.13 (MB).
[INFO DRT-0199]   Number of violations = 33.
Viol/Layer      Metal2
Metal Spacing        8
Short               25
[INFO DRT-0267] cpu time = 00:00:06, elapsed time = 00:00:03, memory = 533.17 (MB), peak = 531.98 (MB)
Total wire length = 24305 um.
Total wire length on LAYER Metal1 = 0 um.
Total wire length on LAYER Metal2 = 12148 um.
Total wire length on LAYER Metal3 = 10818 um.
Total wire length on LAYER Metal4 = 914 um.
Total wire length on LAYER Metal5 = 423 um.
Total number of vias = 3947.
Up-via summary (total 3947):

---------------
  Poly2       0
 Metal1    2017
 Metal2    1824
 Metal3      88
 Metal4      18
---------------
       3947


[INFO DRT-0195] Start 2nd optimization iteration.
    Completing 10% with 33 violations.
    elapsed time = 00:00:00, memory = 533.18 (MB).
    Completing 20% with 33 violations.
    elapsed time = 00:00:00, memory = 544.10 (MB).
    Completing 30% with 37 violations.
    elapsed time = 00:00:00, memory = 544.10 (MB).
    Completing 40% with 37 violations.
    elapsed time = 00:00:00, memory = 544.10 (MB).
    Completing 50% with 37 violations.
    elapsed time = 00:00:01, memory = 545.94 (MB).
    Completing 60% with 36 violations.
    elapsed time = 00:00:01, memory = 545.94 (MB).
    Completing 70% with 36 violations.
    elapsed time = 00:00:02, memory = 546.10 (MB).
    Completing 80% with 27 violations.
    elapsed time = 00:00:02, memory = 546.10 (MB).
    Completing 90% with 27 violations.
    elapsed time = 00:00:02, memory = 549.24 (MB).
    Completing 100% with 20 violations.
    elapsed time = 00:00:03, memory = 552.42 (MB).
[INFO DRT-0199]   Number of violations = 20.
Viol/Layer      Metal2 Metal3
Metal Spacing        6      0
Short               13      1
[INFO DRT-0267] cpu time = 00:00:04, elapsed time = 00:00:03, memory = 553.47 (MB), peak = 552.23 (MB)
Total wire length = 24293 um.
Total wire length on LAYER Metal1 = 0 um.
Total wire length on LAYER Metal2 = 12155 um.
Total wire length on LAYER Metal3 = 10746 um.
Total wire length on LAYER Metal4 = 967 um.
Total wire length on LAYER Metal5 = 423 um.
Total number of vias = 3934.
Up-via summary (total 3934):

---------------
  Poly2       0
 Metal1    2015
 Metal2    1805
 Metal3      96
 Metal4      18
---------------
       3934


[INFO DRT-0195] Start 3rd guides tiles iteration.
    Completing 10% with 20 violations.
    elapsed time = 00:00:00, memory = 556.24 (MB).
    Completing 20% with 20 violations.
    elapsed time = 00:00:00, memory = 556.36 (MB).
    Completing 30% with 20 violations.
    elapsed time = 00:00:00, memory = 556.63 (MB).
    Completing 40% with 20 violations.
    elapsed time = 00:00:00, memory = 558.56 (MB).
    Completing 50% with 20 violations.
    elapsed time = 00:00:00, memory = 558.91 (MB).
    Completing 60% with 20 violations.
    elapsed time = 00:00:00, memory = 558.91 (MB).
    Completing 70% with 20 violations.
    elapsed time = 00:00:00, memory = 558.91 (MB).
    Completing 80% with 1 violations.
    elapsed time = 00:00:00, memory = 558.91 (MB).
    Completing 90% with 1 violations.
    elapsed time = 00:00:00, memory = 558.91 (MB).
    Completing 100% with 0 violations.
    elapsed time = 00:00:00, memory = 558.91 (MB).
[INFO DRT-0199]   Number of violations = 0.
[INFO DRT-0267] cpu time = 00:00:01, elapsed time = 00:00:00, memory = 558.91 (MB), peak = 557.61 (MB)
Total wire length = 24296 um.
Total wire length on LAYER Metal1 = 0 um.
Total wire length on LAYER Metal2 = 11973 um.
Total wire length on LAYER Metal3 = 10749 um.
Total wire length on LAYER Metal4 = 1123 um.
Total wire length on LAYER Metal5 = 450 um.
Total number of vias = 4032.
Up-via summary (total 4032):

---------------
  Poly2       0
 Metal1    2015
 Metal2    1845
 Metal3     146
 Metal4      26
---------------
       4032


[INFO DRT-0198] Complete detail routing.
Total wire length = 24296 um.
Total wire length on LAYER Metal1 = 0 um.
Total wire length on LAYER Metal2 = 11973 um.
Total wire length on LAYER Metal3 = 10749 um.
Total wire length on LAYER Metal4 = 1123 um.
Total wire length on LAYER Metal5 = 450 um.
Total number of vias = 4032.
Up-via summary (total 4032):

---------------
  Poly2       0
 Metal1    2015
 Metal2    1845
 Metal3     146
 Metal4      26
---------------
       4032


[INFO DRT-0267] cpu time = 00:00:19, elapsed time = 00:00:10, memory = 559.04 (MB), peak = 557.73 (MB)

[INFO DRT-0180] Post processing.
+ check_antennas 
[INFO ANT-0002] Found 0 net violations.
[INFO ANT-0001] Found 0 pin violations.
Setting global connections for newly added cells…
[INFO] Setting global connections...
[INFO ODB-0403] 0 connections made, 0 conflicts skipped.
Updating metrics…
Cell type report:                       Count       Area
  Endcap cell                              72     316.11
  Tap cell                                133     583.92
  Buffer                                    1      13.17
  Clock buffer                              9     987.84
  Timing Repair Buffer                     60    2566.19
  Inverter                                 33     289.77
  Clock inverter                            7     175.62
  Sequential cell                          85    5411.17
  Multi-Input combinational cell          376    6855.61
  Total                                   776   17199.39
Writing OpenROAD database to '/foss/designs/acoustic-ranger-dvl-processor/layout/digital/i2c_wb_master/runs/RUN_2026-08-31_17-24-00/44-openroad-detailedrouting/i2c_controller.odb'…
Writing netlist to '/foss/designs/acoustic-ranger-dvl-processor/layout/digital/i2c_wb_master/runs/RUN_2026-08-31_17-24-00/44-openroad-detailedrouting/i2c_controller.nl.v'…
Writing powered netlist to '/foss/designs/acoustic-ranger-dvl-processor/layout/digital/i2c_wb_master/runs/RUN_2026-08-31_17-24-00/44-openroad-detailedrouting/i2c_controller.pnl.v'…
Writing layout to '/foss/designs/acoustic-ranger-dvl-processor/layout/digital/i2c_wb_master/runs/RUN_2026-08-31_17-24-00/44-openroad-detailedrouting/i2c_controller.def'…
Writing timing constraints to '/foss/designs/acoustic-ranger-dvl-processor/layout/digital/i2c_wb_master/runs/RUN_2026-08-31_17-24-00/44-openroad-detailedrouting/i2c_controller.sdc'…
