Clock: system_clock
Sources: CLK_I 
Generated: no
Virtual: yes
Propagated: no
Period: 100.000000

===========================================================================
report_clock_properties
============================================================================
Clock                   Period          Waveform
----------------------------------------------------
system_clock        100.000000    0.000000 50.000000

===========================================================================
report_clock_latency
============================================================================
Clock system_clock
rise -> rise
    min     max
0.000000 0.000000 source latency
0.613049         network latency _827_/CLK
        0.622038 network latency _894_/CLK
---------------
0.613049 0.622038 latency
        0.008989 skew

fall -> fall
    min     max
0.000000 0.000000 source latency
0.618538         network latency _827_/CLK
        0.628280 network latency _894_/CLK
---------------
0.618538 0.628280 latency
        0.009742 skew



===========================================================================
report_clock_min_period
============================================================================
system_clock period_min = 8.35 fmax = 119.80
