Clock: system_clock
Sources: ext_clk_in 
Generated: no
Virtual: yes
Propagated: no
Period: 100.000000

===========================================================================
report_clock_properties
============================================================================
Clock                   Period          Waveform
----------------------------------------------------
system_clock        100.000000    0.000000 50.000000

===========================================================================
report_clock_latency
============================================================================
Clock system_clock
rise -> rise
    min     max
0.000000 0.000000 source latency
0.897808         network latency _4012_/CLK
        0.925710 network latency _4105_/CLK
---------------
0.897808 0.925710 latency
        0.027902 skew

fall -> fall
    min     max
0.000000 0.000000 source latency
0.921368         network latency _4012_/CLK
        0.953257 network latency _4105_/CLK
---------------
0.921368 0.953257 latency
        0.031889 skew



===========================================================================
report_clock_min_period
============================================================================
system_clock period_min = 8.95 fmax = 111.79
Clock: signal_clock
Sources: signal_input 
Generated: no
Virtual: yes
Propagated: no
Period: 4000.000000

===========================================================================
report_clock_properties
============================================================================
Clock                   Period          Waveform
----------------------------------------------------
signal_clock        4000.000000    0.0000002000.000000

===========================================================================
report_clock_latency
============================================================================
Clock signal_clock
rise -> rise
    min     max
0.000000 0.000000 source latency
0.690168         network latency _4066_/CLK
        0.690885 network latency _4079_/CLK
---------------
0.690168 0.690885 latency
        0.000717 skew

fall -> fall
    min     max
0.000000 0.000000 source latency
0.674163         network latency _4066_/CLK
        0.675300 network latency _4076_/CLK
---------------
0.674163 0.675300 latency
        0.001137 skew



===========================================================================
report_clock_min_period
============================================================================
signal_clock period_min = 6.41 fmax = 156.03
