Clock: system_clock
Sources: ext_clk_in 
Generated: no
Virtual: yes
Propagated: no
Period: 100.000000

===========================================================================
report_clock_properties
============================================================================
Clock                   Period          Waveform
----------------------------------------------------
system_clock        100.000000    0.000000 50.000000

===========================================================================
report_clock_latency
============================================================================
Clock system_clock
rise -> rise
    min     max
0.000000 0.000000 source latency
0.897871         network latency _4016_/CLK
        0.923610 network latency _4105_/CLK
---------------
0.897871 0.923610 latency
        0.025739 skew

fall -> fall
    min     max
0.000000 0.000000 source latency
0.921446         network latency _4016_/CLK
        0.950848 network latency _4105_/CLK
---------------
0.921446 0.950848 latency
        0.029402 skew



===========================================================================
report_clock_min_period
============================================================================
system_clock period_min = 8.94 fmax = 111.91
Clock: signal_clock
Sources: signal_input 
Generated: no
Virtual: yes
Propagated: no
Period: 4000.000000

===========================================================================
report_clock_properties
============================================================================
Clock                   Period          Waveform
----------------------------------------------------
signal_clock        4000.000000    0.0000002000.000000

===========================================================================
report_clock_latency
============================================================================
Clock signal_clock
rise -> rise
    min     max
0.000000 0.000000 source latency
0.690168         network latency _4066_/CLK
        0.690885 network latency _4079_/CLK
---------------
0.690168 0.690885 latency
        0.000717 skew

fall -> fall
    min     max
0.000000 0.000000 source latency
0.674163         network latency _4066_/CLK
        0.675300 network latency _4076_/CLK
---------------
0.674163 0.675300 latency
        0.001137 skew



===========================================================================
report_clock_min_period
============================================================================
signal_clock period_min = 6.41 fmax = 156.08
