
===========================================================================
 report_power
============================================================================
======================= nom_tt_025C_5v00 Corner ===================================

Group                    Internal    Switching      Leakage        Total
                            Power        Power        Power        Power (Watts)
------------------------------------------------------------------------
Sequential           2.086367e-03 3.562312e-05 1.635878e-07 2.122154e-03  58.1%
Combinational        1.009138e-04 1.025303e-04 2.205893e-07 2.036648e-04   5.6%
Clock                7.040338e-04 6.209926e-04 1.013596e-07 1.325128e-03  36.3%
Macro                0.000000e+00 0.000000e+00 0.000000e+00 0.000000e+00   0.0%
Pad                  0.000000e+00 0.000000e+00 0.000000e+00 0.000000e+00   0.0%
------------------------------------------------------------------------
Total                2.891315e-03 7.591462e-04 4.855271e-07 3.650947e-03 100.0%
                            79.2%        20.8%         0.0%
Writing metric power__internal__total: 0.0028913149144500494
Writing metric power__switching__total: 0.0007591461762785912
Writing metric power__leakage__total: 4.85527095861471e-7
Writing metric power__total: 0.003650946542620659

