2026-08-31 17:25:26 +0200: Memory Usage (449292K) : Starting running GF180MCU Klayout DRC runset on /foss/designs/acoustic-ranger-dvl-processor/layout/digital/i2c_wb_master/runs/RUN_2026-08-31_17-24-00/57-magic-streamout/i2c_controller.gds
2026-08-31 17:25:26 +0200: Memory Usage (449292K) : Ruby Version for klayout: 3.2.3
2026-08-31 17:25:26 +0200: Memory Usage (450948K) : Loading database to memory is complete.
2026-08-31 17:25:26 +0200: Memory Usage (450948K) : GF180MCU Klayout DRC runset output at: /foss/designs/acoustic-ranger-dvl-processor/layout/digital/i2c_wb_master/runs/RUN_2026-08-31_17-24-00/65-klayout-drc/reports/drc.klayout.lyrdb
2026-08-31 17:25:26 +0200: Memory Usage (450948K) : Evaluate switches.
2026-08-31 17:25:26 +0200: Memory Usage (450948K) : table_name selected  main
2026-08-31 17:25:26 +0200: Memory Usage (450948K) : CONNECTIVITY_RULES enabled: false
2026-08-31 17:25:26 +0200: Memory Usage (450948K) : Wedge enabled: false
2026-08-31 17:25:26 +0200: Memory Usage (450948K) : Ball enabled: false
2026-08-31 17:25:26 +0200: Memory Usage (450948K) : Gold enabled: false
2026-08-31 17:25:26 +0200: Memory Usage (450948K) : MIM Option selected: B
2026-08-31 17:25:26 +0200: Memory Usage (450948K) : Offgrid enabled:  false
2026-08-31 17:25:26 +0200: Memory Usage (450948K) : Number of threads to use 16
2026-08-31 17:25:26 +0200: Memory Usage (450948K) : Verbose mode: 
2026-08-31 17:25:26 +0200: Memory Usage (450948K) : flat  mode is enabled for main table
2026-08-31 17:25:26 +0200: Memory Usage (450948K) : METAL_TOP Selected is 11K
2026-08-31 17:25:26 +0200: Memory Usage (450948K) : METAL_STACK Selected is 5LM
2026-08-31 17:25:26 +0200: Memory Usage (450948K) : FEOL enabled: false
2026-08-31 17:25:26 +0200: Memory Usage (450948K) : BEOL enabled: false
2026-08-31 17:25:26 +0200: Memory Usage (450948K) : DUMMY enabled: false
2026-08-31 17:25:26 +0200: Memory Usage (450948K) : DUMMY_SUB_PREV enabled: true
2026-08-31 17:25:26 +0200: Memory Usage (450948K) : SLOW_VIA enabled: false
2026-08-31 17:25:26 +0200: Memory Usage (450948K) : Read in polygons from layers.
2026-08-31 17:25:26 +0200: Memory Usage (451960K) : comp has 2590 polygons
2026-08-31 17:25:26 +0200: Memory Usage (451960K) : dnwell has 0 polygons
2026-08-31 17:25:26 +0200: Memory Usage (451960K) : nwell has 18 polygons
2026-08-31 17:25:26 +0200: Memory Usage (451960K) : lvpwell has 19 polygons
2026-08-31 17:25:26 +0200: Memory Usage (451960K) : dualgate has 1 polygons
2026-08-31 17:25:26 +0200: Memory Usage (451960K) : poly2 has 3232 polygons
2026-08-31 17:25:26 +0200: Memory Usage (452088K) : nplus has 19 polygons
2026-08-31 17:25:26 +0200: Memory Usage (452088K) : pplus has 223 polygons
2026-08-31 17:25:26 +0200: Memory Usage (452088K) : sab has 0 polygons
2026-08-31 17:25:26 +0200: Memory Usage (452088K) : esd has 0 polygons
2026-08-31 17:25:26 +0200: Memory Usage (452088K) : resistor has 0 polygons
2026-08-31 17:25:26 +0200: Memory Usage (452088K) : fhres has 0 polygons
2026-08-31 17:25:26 +0200: Memory Usage (452088K) : fusetop has 0 polygons
2026-08-31 17:25:26 +0200: Memory Usage (452088K) : fusewindow_d has 0 polygons
2026-08-31 17:25:26 +0200: Memory Usage (452088K) : polyfuse has 0 polygons
2026-08-31 17:25:26 +0200: Memory Usage (452088K) : mvsd has 0 polygons
2026-08-31 17:25:26 +0200: Memory Usage (452472K) : mvpsd has 0 polygons
2026-08-31 17:25:26 +0200: Memory Usage (452472K) : nat has 0 polygons
2026-08-31 17:25:26 +0200: Memory Usage (452472K) : comp_dummy has 0 polygons
2026-08-31 17:25:26 +0200: Memory Usage (452472K) : poly2_dummy has 0 polygons
2026-08-31 17:25:26 +0200: Memory Usage (452472K) : schottky_diode has 0 polygons
2026-08-31 17:25:26 +0200: Memory Usage (452600K) : zener has 0 polygons
2026-08-31 17:25:26 +0200: Memory Usage (452728K) : res_mk has 0 polygons
2026-08-31 17:25:26 +0200: Memory Usage (452856K) : opc_drc has 0 polygons
2026-08-31 17:25:26 +0200: Memory Usage (453112K) : v5_xtor has 1 polygons
2026-08-31 17:25:26 +0200: Memory Usage (453112K) : cap_mk has 0 polygons
2026-08-31 17:25:26 +0200: Memory Usage (453240K) : mos_cap_mk has 0 polygons
2026-08-31 17:25:26 +0200: Memory Usage (453368K) : ind_mk has 0 polygons
2026-08-31 17:25:26 +0200: Memory Usage (453368K) : diode_mk has 0 polygons
2026-08-31 17:25:26 +0200: Memory Usage (453496K) : drc_bjt has 0 polygons
2026-08-31 17:25:26 +0200: Memory Usage (453624K) : lvs_bjt has 0 polygons
2026-08-31 17:25:26 +0200: Memory Usage (453752K) : mim_l_mk has 0 polygons
2026-08-31 17:25:26 +0200: Memory Usage (453880K) : latchup_mk has 0 polygons
2026-08-31 17:25:26 +0200: Memory Usage (453880K) : guard_ring_mk has 0 polygons
2026-08-31 17:25:27 +0200: Memory Usage (454008K) : otp_mk has 0 polygons
2026-08-31 17:25:27 +0200: Memory Usage (454136K) : mtpmark has 0 polygons
2026-08-31 17:25:27 +0200: Memory Usage (454264K) : neo_ee_mk has 0 polygons
2026-08-31 17:25:27 +0200: Memory Usage (454392K) : sramcore has 0 polygons
2026-08-31 17:25:27 +0200: Memory Usage (454520K) : lvs_rf has 0 polygons
2026-08-31 17:25:27 +0200: Memory Usage (454648K) : lvs_drain has 0 polygons
2026-08-31 17:25:27 +0200: Memory Usage (454776K) : ind_mk has 0 polygons
2026-08-31 17:25:27 +0200: Memory Usage (454904K) : hvpolyrs has 0 polygons
2026-08-31 17:25:27 +0200: Memory Usage (455032K) : lvs_io has 0 polygons
2026-08-31 17:25:27 +0200: Memory Usage (455160K) : probe_mk has 0 polygons
2026-08-31 17:25:27 +0200: Memory Usage (455160K) : esd_mk has 0 polygons
2026-08-31 17:25:27 +0200: Memory Usage (455288K) : lvs_source has 0 polygons
2026-08-31 17:25:27 +0200: Memory Usage (455416K) : well_diode_mk has 0 polygons
2026-08-31 17:25:27 +0200: Memory Usage (455544K) : ldmos_xtor has 0 polygons
2026-08-31 17:25:27 +0200: Memory Usage (455672K) : plfuse has 0 polygons
2026-08-31 17:25:27 +0200: Memory Usage (455800K) : efuse_mk has 0 polygons
2026-08-31 17:25:27 +0200: Memory Usage (455928K) : mcell_feol_mk has 0 polygons
2026-08-31 17:25:27 +0200: Memory Usage (455928K) : ymtp_mk has 0 polygons
2026-08-31 17:25:27 +0200: Memory Usage (455928K) : dev_wf_mk has 0 polygons
2026-08-31 17:25:27 +0200: Memory Usage (456056K) : comp_label has 0 polygons
2026-08-31 17:25:27 +0200: Memory Usage (456184K) : poly2_label has 0 polygons
2026-08-31 17:25:27 +0200: Memory Usage (456312K) : mdiode has 0 polygons
2026-08-31 17:25:27 +0200: Memory Usage (456312K) : ndmy has 0 polygons
2026-08-31 17:25:27 +0200: Memory Usage (456440K) : pmndmy has 0 polygons
2026-08-31 17:25:27 +0200: Memory Usage (459896K) : contact has 14347 polygons
2026-08-31 17:25:27 +0200: Memory Usage (461816K) : metal1_drawn has 3532 polygons
2026-08-31 17:25:27 +0200: Memory Usage (461816K) : metal1_dummy has 0 polygons
2026-08-31 17:25:27 +0200: Memory Usage (461816K) : metal1_label has 0 polygons
2026-08-31 17:25:27 +0200: Memory Usage (461816K) : metal1_slot has 0 polygons
2026-08-31 17:25:27 +0200: Memory Usage (461816K) : metal1_blk has 0 polygons
2026-08-31 17:25:27 +0200: Memory Usage (461816K) : via1 has 2126 polygons
2026-08-31 17:25:27 +0200: Memory Usage (461816K) : metal2_drawn has 1708 polygons
2026-08-31 17:25:27 +0200: Memory Usage (461816K) : metal2_dummy has 0 polygons
2026-08-31 17:25:27 +0200: Memory Usage (461816K) : metal2_label has 0 polygons
2026-08-31 17:25:27 +0200: Memory Usage (461816K) : metal2_slot has 0 polygons
2026-08-31 17:25:27 +0200: Memory Usage (461816K) : metal2_blk has 0 polygons
2026-08-31 17:25:27 +0200: Memory Usage (461816K) : via2 has 1956 polygons
2026-08-31 17:25:27 +0200: Memory Usage (461816K) : metal3_drawn has 890 polygons
2026-08-31 17:25:27 +0200: Memory Usage (461816K) : metal3_dummy has 0 polygons
2026-08-31 17:25:27 +0200: Memory Usage (461816K) : metal3_label has 36 polygons
2026-08-31 17:25:27 +0200: Memory Usage (461816K) : metal3_slot has 0 polygons
2026-08-31 17:25:27 +0200: Memory Usage (461816K) : metal3_blk has 0 polygons
2026-08-31 17:25:27 +0200: Memory Usage (461816K) : via3 has 257 polygons
2026-08-31 17:25:27 +0200: Memory Usage (461816K) : metal4_drawn has 84 polygons
2026-08-31 17:25:27 +0200: Memory Usage (461816K) : metal4_dummy has 0 polygons
2026-08-31 17:25:27 +0200: Memory Usage (461816K) : metal4_label has 2 polygons
2026-08-31 17:25:27 +0200: Memory Usage (461816K) : metal4_slot has 0 polygons
2026-08-31 17:25:27 +0200: Memory Usage (461944K) : metal4_blk has 0 polygons
2026-08-31 17:25:27 +0200: Memory Usage (462072K) : via4 has 44 polygons
2026-08-31 17:25:27 +0200: Memory Usage (462200K) : metal5_drawn has 15 polygons
2026-08-31 17:25:27 +0200: Memory Usage (462328K) : metal5_dummy has 0 polygons
2026-08-31 17:25:27 +0200: Memory Usage (462456K) : metal5_label has 2 polygons
2026-08-31 17:25:27 +0200: Memory Usage (462584K) : metal5_slot has 0 polygons
2026-08-31 17:25:27 +0200: Memory Usage (462712K) : metal5_blk has 0 polygons
2026-08-31 17:25:27 +0200: Memory Usage (462840K) : pad has 0 polygons
2026-08-31 17:25:27 +0200: Memory Usage (462968K) : ubmpperi has 0 polygons
2026-08-31 17:25:27 +0200: Memory Usage (463096K) : ubmparray has 0 polygons
2026-08-31 17:25:27 +0200: Memory Usage (463224K) : ubmeplate has 0 polygons
2026-08-31 17:25:27 +0200: Memory Usage (463352K) : metal1_res has 0 polygons
2026-08-31 17:25:27 +0200: Memory Usage (463480K) : metal2_res has 0 polygons
2026-08-31 17:25:27 +0200: Memory Usage (463608K) : metal3_res has 0 polygons
2026-08-31 17:25:27 +0200: Memory Usage (463736K) : metal4_res has 0 polygons
2026-08-31 17:25:27 +0200: Memory Usage (463864K) : metal5_res has 0 polygons
2026-08-31 17:25:27 +0200: Memory Usage (463992K) : metal6_res has 0 polygons
2026-08-31 17:25:27 +0200: Memory Usage (464120K) : pr_bndry has 1 polygons
2026-08-31 17:25:27 +0200: Memory Usage (464120K) : border has 0 polygons
2026-08-31 17:25:27 +0200: Memory Usage (464120K) : Total no. of polygons in the design is 31103
2026-08-31 17:25:27 +0200: Memory Usage (464120K) : Starting deriving base layers.
2026-08-31 17:25:27 +0200: Memory Usage (471320K) : Total area of the design is 27855.498 um^2.
2026-08-31 17:25:27 +0200: Memory Usage (471320K) : Starting GF180MCU DRC rules.
2026-08-31 17:25:27 +0200: Memory Usage (471320K) : MIM Capacitor Option B section
2026-08-31 17:25:27 +0200: Memory Usage (471320K) : Executing rule MIMTM.1
2026-08-31 17:25:27 +0200: Memory Usage (471468K) : Executing rule MIMTM.2
2026-08-31 17:25:27 +0200: Memory Usage (471468K) : Executing rule MIMTM.3
2026-08-31 17:25:27 +0200: Memory Usage (471468K) : Executing rule MIMTM.4
2026-08-31 17:25:27 +0200: Memory Usage (471468K) : Executing rule MIMTM.5
2026-08-31 17:25:27 +0200: Memory Usage (471468K) : Executing rule MIMTM.6
2026-08-31 17:25:27 +0200: Memory Usage (471468K) : Executing rule MIMTM.7
2026-08-31 17:25:27 +0200: Memory Usage (471468K) : Executing rule MIMTM.8a
2026-08-31 17:25:27 +0200: Memory Usage (471468K) : Executing rule MIMTM.8b
2026-08-31 17:25:27 +0200: Memory Usage (471468K) : Executing rule MIMTM.9
2026-08-31 17:25:27 +0200: Memory Usage (471468K) : Executing rule MIMTM.10
2026-08-31 17:25:27 +0200: Memory Usage (471468K) : Executing rule MIMTM.11
2026-08-31 17:25:27 +0200: Memory Usage (471468K) :  DRC Total Run time 0.715707583 seconds
2026-08-31 17:25:27 +0200: Memory Usage (471468K) : Executing rule DE.2
2026-08-31 17:25:27 +0200: Memory Usage (471468K) : Executing rule DE.3
2026-08-31 17:25:27 +0200: Memory Usage (471468K) : Executing rule DE.4
2026-08-31 17:25:27 +0200: Memory Usage (471468K) :  DRC Total Run time 0.723808276 seconds
