
===========================================================================
report_checks -unconstrained
===========================================================================
======================= max_ff_n40C_5v50 Corner ===================================

Startpoint: RST_I (input port clocked by system_clock)
Endpoint: _1375_ (rising edge-triggered flip-flop clocked by signal_clock)
Path Group: signal_clock
Path Type: max

Fanout         Cap        Slew       Delay        Time   Description
---------------------------------------------------------------------------------------------
                               3899.999756 3899.999756   clock system_clock (rise edge)
                                  0.000000 3899.999756   clock network delay (propagated)
                                 20.000000 3919.999512 ^ input external delay
     1    0.013281    0.000000    0.000000 3919.999512 ^ RST_I (in)
                                                         RST_I (net)
                      0.000558    0.000455 3920.000000 ^ input18/I (gf180mcu_fd_sc_mcu7t5v0__buf_2)
    47    0.325991    1.748470    1.093667 3921.093750 ^ input18/Z (gf180mcu_fd_sc_mcu7t5v0__buf_2)
                                                         net18 (net)
                      1.749478    0.024102 3921.117920 ^ _0876_/A2 (gf180mcu_fd_sc_mcu7t5v0__nor2_1)
     8    0.091176    1.127339    0.846740 3921.964600 v _0876_/ZN (gf180mcu_fd_sc_mcu7t5v0__nor2_1)
                                                         _0328_ (net)
                      1.127396    0.004093 3921.968750 v _0987_/B (gf180mcu_fd_sc_mcu7t5v0__oai31_1)
     9    0.061329    1.937953    0.846740 3922.815430 ^ _0987_/ZN (gf180mcu_fd_sc_mcu7t5v0__oai31_1)
                                                         _0413_ (net)
                      1.937953    0.000455 3922.815918 ^ _0988_/I (gf180mcu_fd_sc_mcu7t5v0__clkinv_1)
     7    0.052213    0.893694    0.678938 3923.494873 v _0988_/ZN (gf180mcu_fd_sc_mcu7t5v0__clkinv_1)
                                                         _0414_ (net)
                      0.893700    0.001364 3923.496094 v _1019_/B (gf180mcu_fd_sc_mcu7t5v0__oai21_1)
     1    0.009037    0.395323    0.385171 3923.881348 ^ _1019_/ZN (gf180mcu_fd_sc_mcu7t5v0__oai21_1)
                                                         _0434_ (net)
                      0.395323    0.000455 3923.881836 ^ _1020_/B (gf180mcu_fd_sc_mcu7t5v0__aoi21_1)
     1    0.005750    0.231107    0.167802 3924.049561 v _1020_/ZN (gf180mcu_fd_sc_mcu7t5v0__aoi21_1)
                                                         _0106_ (net)
                      0.231107    0.000455 3924.050049 v _1375_/D (gf180mcu_fd_sc_mcu7t5v0__dffq_1)
                                           3924.050049   data arrival time

                               4000.000000 4000.000000   clock signal_clock (rise edge)
                                  0.000000 4000.000000   clock source latency
     2    0.062458    0.000000    0.000000 4000.000000 ^ signal_input (in)
                                                         signal_input (net)
                      0.006698    0.002728 4000.002930 ^ clkbuf_regs_0_signal_clock/I (gf180mcu_fd_sc_mcu7t5v0__clkbuf_16)
     1    0.023689    0.059011    0.135515 4000.138428 ^ clkbuf_regs_0_signal_clock/Z (gf180mcu_fd_sc_mcu7t5v0__clkbuf_16)
                                                         signal_input_regs (net)
                      0.059011    0.000455 4000.138916 ^ clkbuf_0_signal_input_regs/I (gf180mcu_fd_sc_mcu7t5v0__clkbuf_16)
     2    0.045984    0.071461    0.154159 4000.292969 ^ clkbuf_0_signal_input_regs/Z (gf180mcu_fd_sc_mcu7t5v0__clkbuf_16)
                                                         clknet_0_signal_input_regs (net)
                      0.071461    0.000455 4000.293457 ^ clkbuf_1_1__f_signal_input_regs/I (gf180mcu_fd_sc_mcu7t5v0__clkbuf_16)
     9    0.045598    0.071241    0.156433 4000.449951 ^ clkbuf_1_1__f_signal_input_regs/Z (gf180mcu_fd_sc_mcu7t5v0__clkbuf_16)
                                                         clknet_1_1__leaf_signal_input_regs (net)
                      0.071241    0.000000 4000.449951 ^ _1375_/CLK (gf180mcu_fd_sc_mcu7t5v0__dffq_1)
                                  0.000000 4000.449951   clock reconvergence pessimism
                                 -0.178096 4000.271484   library setup time
                                           4000.271484   data required time
---------------------------------------------------------------------------------------------
                                           4000.271484   data required time
                                           -3924.050049   data arrival time
---------------------------------------------------------------------------------------------
                                             76.221718   slack (MET)


Startpoint: RST_I (input port clocked by system_clock)
Endpoint: _1289_ (rising edge-triggered flip-flop clocked by system_clock)
Path Group: system_clock
Path Type: max

Fanout         Cap        Slew       Delay        Time   Description
---------------------------------------------------------------------------------------------
                                  0.000000    0.000000   clock system_clock (rise edge)
                                  0.000000    0.000000   clock network delay (propagated)
                                 20.000000   20.000000 ^ input external delay
     1    0.013281    0.000000    0.000000   20.000000 ^ RST_I (in)
                                                         RST_I (net)
                      0.000558    0.000227   20.000227 ^ input18/I (gf180mcu_fd_sc_mcu7t5v0__buf_2)
    47    0.325991    1.748470    1.093680   21.093908 ^ input18/Z (gf180mcu_fd_sc_mcu7t5v0__buf_2)
                                                         net18 (net)
                      1.749002    0.017485   21.111393 ^ _0679_/I (gf180mcu_fd_sc_mcu7t5v0__clkinv_2)
    40    0.296706    1.621737    1.296170   22.407562 v _0679_/ZN (gf180mcu_fd_sc_mcu7t5v0__clkinv_2)
                                                         _0200_ (net)
                      1.621737    0.001458   22.409021 v _0687_/A2 (gf180mcu_fd_sc_mcu7t5v0__nand3_1)
     3    0.047797    0.918005    0.888683   23.297705 ^ _0687_/ZN (gf180mcu_fd_sc_mcu7t5v0__nand3_1)
                                                         _0208_ (net)
                      0.918006    0.001400   23.299105 ^ _0688_/A3 (gf180mcu_fd_sc_mcu7t5v0__nor3_1)
     3    0.022898    0.514761    0.351562   23.650665 v _0688_/ZN (gf180mcu_fd_sc_mcu7t5v0__nor3_1)
                                                         _0209_ (net)
                      0.514761    0.000783   23.651449 v _0689_/A2 (gf180mcu_fd_sc_mcu7t5v0__and2_1)
     8    0.058061    0.399010    0.517780   24.169230 v _0689_/Z (gf180mcu_fd_sc_mcu7t5v0__and2_1)
                                                         _0210_ (net)
                      0.399059    0.002526   24.171755 v _0707_/A1 (gf180mcu_fd_sc_mcu7t5v0__and2_1)
     9    0.074067    0.501253    0.530822   24.702578 v _0707_/Z (gf180mcu_fd_sc_mcu7t5v0__and2_1)
                                                         _0223_ (net)
                      0.501287    0.002364   24.704941 v _0747_/A1 (gf180mcu_fd_sc_mcu7t5v0__oai221_1)
     2    0.017471    0.682094    0.397081   25.102022 ^ _0747_/ZN (gf180mcu_fd_sc_mcu7t5v0__oai221_1)
                                                         _0249_ (net)
                      0.682094    0.000570   25.102592 ^ _0749_/B1 (gf180mcu_fd_sc_mcu7t5v0__aoi22_1)
     1    0.007357    0.325763    0.190299   25.292892 v _0749_/ZN (gf180mcu_fd_sc_mcu7t5v0__aoi22_1)
                                                         _0250_ (net)
                      0.325763    0.000162   25.293055 v _0750_/A2 (gf180mcu_fd_sc_mcu7t5v0__nor2_1)
     1    0.005744    0.328211    0.176923   25.469976 ^ _0750_/ZN (gf180mcu_fd_sc_mcu7t5v0__nor2_1)
                                                         _0020_ (net)
                      0.328211    0.000126   25.470102 ^ _1289_/D (gf180mcu_fd_sc_mcu7t5v0__dffq_1)
                                             25.470102   data arrival time

                                100.000000  100.000000   clock system_clock (rise edge)
                                  0.000000  100.000000   clock source latency
     1    0.045134    0.000000    0.000000  100.000000 ^ CLK_I (in)
                                                         CLK_I (net)
                      0.006701    0.002743  100.002739 ^ clkbuf_0_CLK_I/I (gf180mcu_fd_sc_mcu7t5v0__clkbuf_16)
    16    0.233595    0.182563    0.219586  100.222328 ^ clkbuf_0_CLK_I/Z (gf180mcu_fd_sc_mcu7t5v0__clkbuf_16)
                                                         clknet_0_CLK_I (net)
                      0.182737    0.004469  100.226791 ^ clkbuf_4_3_0_CLK_I/I (gf180mcu_fd_sc_mcu7t5v0__clkbuf_8)
    12    0.062611    0.115999    0.208821  100.435616 ^ clkbuf_4_3_0_CLK_I/Z (gf180mcu_fd_sc_mcu7t5v0__clkbuf_8)
                                                         clknet_4_3_0_CLK_I (net)
                      0.116000    0.000739  100.436356 ^ _1289_/CLK (gf180mcu_fd_sc_mcu7t5v0__dffq_1)
                                 -0.500000   99.936356   clock uncertainty
                                  0.000000   99.936356   clock reconvergence pessimism
                                 -0.133033   99.803322   library setup time
                                             99.803322   data required time
---------------------------------------------------------------------------------------------
                                             99.803322   data required time
                                            -25.470102   data arrival time
---------------------------------------------------------------------------------------------
                                             74.333214   slack (MET)




===========================================================================
report_checks --slack_max -0.01
============================================================================
======================= max_ff_n40C_5v50 Corner ===================================

No paths found.


===========================================================================
 report_check_types -max_slew -max_cap -max_fanout -violators
============================================================================
======================= max_ff_n40C_5v50 Corner ===================================

max slew

Pin                                        Limit        Slew       Slack
------------------------------------------------------------------------
_1055_/A2                               2.600000    3.599893   -0.999893 (VIOLATED)
_1063_/A2                               2.600000    3.599889   -0.999889 (VIOLATED)
_1049__45/I                             2.600000    3.599888   -0.999888 (VIOLATED)
_1059_/A2                               2.600000    3.599886   -0.999886 (VIOLATED)
_1071_/A2                               2.600000    3.599876   -0.999876 (VIOLATED)
_1067_/A2                               2.600000    3.599869   -0.999869 (VIOLATED)
_1074_/A2                               2.600000    3.599864   -0.999864 (VIOLATED)
_1078_/A2                               2.600000    3.599853   -0.999853 (VIOLATED)
_1082_/A2                               2.600000    3.599838   -0.999839 (VIOLATED)
_1085_/A2                               2.600000    3.599827   -0.999827 (VIOLATED)
_1090_/A2                               2.600000    3.599812   -0.999812 (VIOLATED)
_1094_/A2                               2.600000    3.599779   -0.999779 (VIOLATED)
_1098_/A2                               2.600000    3.599762   -0.999762 (VIOLATED)
_1102_/A2                               2.600000    3.599745   -0.999745 (VIOLATED)
_1128_/A3                               2.600000    3.599737   -0.999738 (VIOLATED)
_1127_/A3                               2.600000    3.599736   -0.999736 (VIOLATED)
_1106_/A2                               2.600000    3.599734   -0.999735 (VIOLATED)
_1129_/A3                               2.600000    3.599731   -0.999731 (VIOLATED)
_1130_/A3                               2.600000    3.599724   -0.999724 (VIOLATED)
_1109_/A2                               2.600000    3.599718   -0.999718 (VIOLATED)
_1114_/A2                               2.600000    3.599707   -0.999707 (VIOLATED)
_1118_/A2                               2.600000    3.599692   -0.999692 (VIOLATED)
_1122_/A2                               2.600000    3.599670   -0.999670 (VIOLATED)
_1125_/A2                               2.600000    3.599666   -0.999666 (VIOLATED)
_1048_/ZN                               2.600000    3.599648   -0.999648 (VIOLATED)
_1192_/A2                               2.600000    2.831102   -0.231102 (VIOLATED)
_1208_/A2                               2.600000    2.831102   -0.231102 (VIOLATED)
_1183_/A2                               2.600000    2.831101   -0.231102 (VIOLATED)
_1244_/A2                               2.600000    2.831101   -0.231101 (VIOLATED)
_1199_/B1                               2.600000    2.831084   -0.231085 (VIOLATED)
_1223_/B1                               2.600000    2.831071   -0.231071 (VIOLATED)
_1232_/B1                               2.600000    2.831067   -0.231067 (VIOLATED)
_1215_/B1                               2.600000    2.831067   -0.231067 (VIOLATED)
_1180_/ZN                               2.600000    2.831033   -0.231033 (VIOLATED)

max capacitance

Pin                                        Limit         Cap       Slack
------------------------------------------------------------------------
_1048_/ZN                               0.129500    0.191395   -0.061895 (VIOLATED)
_1180_/ZN                               0.090110    0.105314   -0.015204 (VIOLATED)



===========================================================================
report_parasitic_annotation -report_unannotated
============================================================================
Found 16 unannotated drivers.
 ext_rst_i
 clkload0/Z
 clkload1/Z
 clkload10/ZN
 clkload11/ZN
 clkload12/Z
 clkload13/ZN
 clkload14/ZN
 clkload2/ZN
 clkload3/Z
 clkload4/ZN
 clkload5/ZN
 clkload6/ZN
 clkload7/ZN
 clkload8/ZN
 clkload9/ZN
Found 0 partially unannotated drivers.

===========================================================================
max slew violation count 34
max fanout violation count 0
max cap violation count 2
============================================================================

===========================================================================
check_setup -verbose -unconstrained_endpoints -multiple_clock -no_clock -no_input_delay -loops -generated_clocks
===========================================================================
