Clock: system_clock
Sources: CLK_I 
Generated: no
Virtual: yes
Propagated: no
Period: 100.000000

===========================================================================
report_clock_properties
============================================================================
Clock                   Period          Waveform
----------------------------------------------------
system_clock        100.000000    0.000000 50.000000

===========================================================================
report_clock_latency
============================================================================
Clock system_clock
rise -> rise
    min     max
0.000000 0.000000 source latency
0.428373         network latency _1436_/CLK
        20.453487 network latency _1367_/CLK
---------------
0.428373 20.453487 latency
        20.025114 skew

rise -> fall
    min     max
0.000000 0.000000 source latency
20.440027         network latency _1375_/CLK
        20.444048 network latency _1367_/CLK
---------------
20.440027 20.444048 latency
        0.004022 skew

fall -> fall
    min     max
0.000000 0.000000 source latency
0.440924         network latency _1436_/CLK
        0.457778 network latency _1421_/CLK
---------------
0.440924 0.457778 latency
        0.016854 skew



===========================================================================
report_clock_min_period
============================================================================
system_clock period_min = 5.23 fmax = 191.27
Clock: signal_clock
Sources: signal_input 
Generated: no
Virtual: yes
Propagated: no
Period: 4000.000000

===========================================================================
report_clock_properties
============================================================================
Clock                   Period          Waveform
----------------------------------------------------
signal_clock        4000.000000    0.0000002000.000000

===========================================================================
report_clock_latency
============================================================================
Clock signal_clock
rise -> rise
    min     max
0.000000 0.000000 source latency
0.449665         network latency _1375_/CLK
        0.453486 network latency _1367_/CLK
---------------
0.449665 0.453486 latency
        0.003822 skew

fall -> fall
    min     max
0.000000 0.000000 source latency
0.439968         network latency _1375_/CLK
        0.444061 network latency _1362_/CLK
---------------
0.439968 0.444061 latency
        0.004093 skew



===========================================================================
report_clock_min_period
============================================================================
signal_clock period_min = 4.44 fmax = 225.43
