
===========================================================================
 report_power
============================================================================
======================= max_ff_n40C_5v50 Corner ===================================

Group                    Internal    Switching      Leakage        Total
                            Power        Power        Power        Power (Watts)
------------------------------------------------------------------------
Sequential           1.038161e-03 2.509408e-06 8.096454e-08 1.040752e-03  45.7%
Combinational        2.516532e-05 3.511847e-05 1.009748e-07 6.038476e-05   2.7%
Clock                7.334054e-04 4.418986e-04 1.014373e-07 1.175405e-03  51.6%
Macro                0.000000e+00 0.000000e+00 0.000000e+00 0.000000e+00   0.0%
Pad                  0.000000e+00 0.000000e+00 0.000000e+00 0.000000e+00   0.0%
------------------------------------------------------------------------
Total                1.796732e-03 4.795266e-04 2.833751e-07 2.276542e-03 100.0%
                            78.9%        21.1%         0.0%

