Reading timing models for corner nom_tt_025C_5v00…
Reading timing library for the 'nom_tt_025C_5v00' corner at '/foss/pdks/gf180mcuD/libs.ref/gf180mcu_fd_sc_mcu7t5v0/lib/gf180mcu_fd_sc_mcu7t5v0__tt_025C_5v00.lib'…
Reading technology LEF file at '/foss/pdks/gf180mcuD/libs.ref/gf180mcu_fd_sc_mcu7t5v0/techlef/gf180mcu_fd_sc_mcu7t5v0__nom.tlef'…
[INFO ODB-0388] unsupported LEF58_EOLENCLOSURE property for layer Via1 :"
  	EOLENCLOSURE 0.34 0.06 ;"
[INFO ODB-0388] unsupported LEF58_EOLENCLOSURE property for layer Via2 :" EOLENCLOSURE 0.34 0.06 ; "
[INFO ODB-0388] unsupported LEF58_EOLENCLOSURE property for layer Via3 :" EOLENCLOSURE 0.34 0.06 ; "
[INFO ODB-0388] unsupported LEF58_EOLENCLOSURE property for layer Via4 :" EOLENCLOSURE 0.34 0.06 ; "
[INFO ODB-0227] LEF file: /foss/pdks/gf180mcuD/libs.ref/gf180mcu_fd_sc_mcu7t5v0/techlef/gf180mcu_fd_sc_mcu7t5v0__nom.tlef, created 15 layers, 56 vias
Reading cell LEF file at '/foss/pdks/gf180mcuD/libs.ref/gf180mcu_fd_sc_mcu7t5v0/lef/gf180mcu_fd_sc_mcu7t5v0.lef'…
[WARNING ODB-0220] WARNING (LEFPARS-2008): NOWIREEXTENSIONATPIN statement is obsolete in version 5.6 or later.
The NOWIREEXTENSIONATPIN statement will be ignored. See file /foss/pdks/gf180mcuD/libs.ref/gf180mcu_fd_sc_mcu7t5v0/lef/gf180mcu_fd_sc_mcu7t5v0.lef at line 2.

[INFO ODB-0227] LEF file: /foss/pdks/gf180mcuD/libs.ref/gf180mcu_fd_sc_mcu7t5v0/lef/gf180mcu_fd_sc_mcu7t5v0.lef, created 229 library cells
Reading top-level netlist at '/foss/designs/acoustic-ranger-dvl-processor/layout/digital/TDC/runs/RUN_2026-08-31_17-52-20/06-yosys-synthesis/frequency_counter.nl.v'…
Linking design 'frequency_counter' from netlist…
Reading design constraints file at '/foss/designs/acoustic-ranger-dvl-processor/layout/digital/TDC/constraint.sdc'…
[INFO] No information on clock propagation in input SDC file-- propagating all clocks.
Using site height: 3.92 and site width: 0.56…
[INFO] Using relative sizing for the floorplan.
+ initialize_floorplan -site GF018hv5v_mcu_sc7 -utilization 55 -aspect_ratio 0.5 -core_space 15.68 15.68 6.720000000000001 6.720000000000001
[INFO IFP-0107] Defining die area using utilization: 55.00% and aspect ratio: 0.5.
[INFO IFP-0001] Added 38 rows of 532 site GF018hv5v_mcu_sc7.
[INFO IFP-0100] Die BBox:  (  0.000  0.000 ) ( 311.870 180.575 ) um
[INFO IFP-0101] Core BBox: (  6.720 15.680 ) ( 304.640 164.640 ) um
[INFO IFP-0102] Core area:                        44378.163 um^2
[INFO IFP-0103] Total instances area:             24491.846 um^2
[INFO IFP-0104] Effective utilization:                0.552
[INFO IFP-0105] Number of instances:                    942
[INFO IFP-0030] Inserted 0 tiecells using gf180mcu_fd_sc_mcu7t5v0__tiel/ZN.
[INFO IFP-0030] Inserted 0 tiecells using gf180mcu_fd_sc_mcu7t5v0__tieh/Z.
[INFO] Extracting DIE_AREA and CORE_AREA from the floorplan
[INFO] Floorplanned on a die area of 0.0 0.0 311.87 180.575 (µm).
[INFO] Floorplanned on a core area of 6.72 15.68 304.64 164.64 (µm).
Writing metric design__die__bbox: 0.0 0.0 311.87 180.575
Writing metric design__core__bbox: 6.72 15.68 304.64 164.64
Setting global connections for newly added cells…
[INFO] Setting global connections...
[INFO ODB-0403] 0 connections made, 0 conflicts skipped.
Updating metrics…
Cell type report:                       Count       Area
  Tie cell                                  1       8.78
  Buffer                                    6      79.03
  Inverter                                 32     280.99
  Sequential cell                         166   10567.69
  Multi-Input combinational cell          737   13555.36
  Total                                   942   24491.85
Writing OpenROAD database to '/foss/designs/acoustic-ranger-dvl-processor/layout/digital/TDC/runs/RUN_2026-08-31_17-52-20/13-openroad-floorplan/frequency_counter.odb'…
Writing netlist to '/foss/designs/acoustic-ranger-dvl-processor/layout/digital/TDC/runs/RUN_2026-08-31_17-52-20/13-openroad-floorplan/frequency_counter.nl.v'…
Writing powered netlist to '/foss/designs/acoustic-ranger-dvl-processor/layout/digital/TDC/runs/RUN_2026-08-31_17-52-20/13-openroad-floorplan/frequency_counter.pnl.v'…
Writing layout to '/foss/designs/acoustic-ranger-dvl-processor/layout/digital/TDC/runs/RUN_2026-08-31_17-52-20/13-openroad-floorplan/frequency_counter.def'…
Writing timing constraints to '/foss/designs/acoustic-ranger-dvl-processor/layout/digital/TDC/runs/RUN_2026-08-31_17-52-20/13-openroad-floorplan/frequency_counter.sdc'…
