Reading timing models for corner nom_tt_025C_5v00…
Reading timing library for the 'nom_tt_025C_5v00' corner at '/foss/pdks/gf180mcuD/libs.ref/gf180mcu_fd_sc_mcu7t5v0/lib/gf180mcu_fd_sc_mcu7t5v0__tt_025C_5v00.lib'…
Reading OpenROAD database at '/foss/designs/acoustic-ranger-dvl-processor/layout/digital/TDC/runs/RUN_2026-08-31_14-43-30/32-openroad-repairdesignpostgpl/frequency_counter.odb'…
Reading design constraints file at '/foss/designs/acoustic-ranger-dvl-processor/layout/digital/TDC/constraint.sdc'…
[INFO] No information on clock propagation in input SDC file-- propagating all clocks.
+ detailed_placement -max_displacement  500 100 
Placement Analysis
---------------------------------
total displacement          0.0 u
average displacement        0.0 u
max displacement            0.0 u
original HPWL           24720.1 u
legalized HPWL          25745.7 u
delta HPWL                    4 %

[INFO DPL-0020] Mirrored 379 instances
[INFO DPL-0021] HPWL before           25745.7 u
[INFO DPL-0022] HPWL after            24720.1 u
[INFO DPL-0023] HPWL delta               -4.0 %
Setting global connections for newly added cells…
[INFO] Setting global connections...
[INFO ODB-0403] 0 connections made, 0 conflicts skipped.
Updating metrics…
Cell type report:                       Count       Area
  Endcap cell                             100     439.04
  Tap cell                                260    1141.50
  Tie cell                                  1       8.78
  Buffer                                    6      79.03
  Timing Repair Buffer                     43    1492.74
  Inverter                                 51     452.21
  Sequential cell                         166   10567.69
  Multi-Input combinational cell          593   10429.40
  Total                                  1220   24610.39
Writing OpenROAD database to '/foss/designs/acoustic-ranger-dvl-processor/layout/digital/TDC/runs/RUN_2026-08-31_14-43-30/34-openroad-detailedplacement/frequency_counter.odb'…
Writing netlist to '/foss/designs/acoustic-ranger-dvl-processor/layout/digital/TDC/runs/RUN_2026-08-31_14-43-30/34-openroad-detailedplacement/frequency_counter.nl.v'…
Writing powered netlist to '/foss/designs/acoustic-ranger-dvl-processor/layout/digital/TDC/runs/RUN_2026-08-31_14-43-30/34-openroad-detailedplacement/frequency_counter.pnl.v'…
Writing layout to '/foss/designs/acoustic-ranger-dvl-processor/layout/digital/TDC/runs/RUN_2026-08-31_14-43-30/34-openroad-detailedplacement/frequency_counter.def'…
Writing timing constraints to '/foss/designs/acoustic-ranger-dvl-processor/layout/digital/TDC/runs/RUN_2026-08-31_14-43-30/34-openroad-detailedplacement/frequency_counter.sdc'…
