Using 16 threads…
Using a tile size of (500 µm)²…
Reading /foss/designs/acoustic-ranger-dvl-processor/layout/digital/i2c_wb_master/runs/RUN_2026-08-31_15-54-07/57-magic-streamout/i2c_controller.magic.gds ..
Reading /foss/designs/acoustic-ranger-dvl-processor/layout/digital/i2c_wb_master/runs/RUN_2026-08-31_15-54-07/58-klayout-streamout/i2c_controller.klayout.gds ..
--- Running XOR for layer 0/0 ---
"input" in: xor.drc:109
    Polygons (raw): 1387 (flat)  48 (hierarchical)
    Elapsed: 0.000s  Memory: 436.00M
"input" in: xor.drc:109
    Polygons (raw): 1387 (flat)  48 (hierarchical)
    Elapsed: 0.000s  Memory: 436.00M
"^" in: xor.drc:109
    Polygons (raw): 1 (flat)  1 (hierarchical)
    Elapsed: 0.030s  Memory: 439.00M
XOR differences: 1
"output" in: xor.drc:86
    Polygons (raw): 1 (flat)  1 (hierarchical)
    Elapsed: 0.000s  Memory: 439.00M
--- Running XOR for layer 112/1 ---
"input" in: xor.drc:109
    Polygons (raw): 1386 (flat)  47 (hierarchical)
    Elapsed: 0.000s  Memory: 439.00M
"input" in: xor.drc:109
    Polygons (raw): 1386 (flat)  47 (hierarchical)
    Elapsed: 0.000s  Memory: 440.00M
"^" in: xor.drc:109
    Polygons (raw): 0 (flat)  0 (hierarchical)
    Elapsed: 0.020s  Memory: 441.00M
XOR differences: 0
"output" in: xor.drc:86
    Polygons (raw): 0 (flat)  0 (hierarchical)
    Elapsed: 0.000s  Memory: 441.00M
--- Running XOR for layer 204/0 ---
"input" in: xor.drc:109
    Polygons (raw): 1386 (flat)  47 (hierarchical)
    Elapsed: 0.000s  Memory: 441.00M
"input" in: xor.drc:109
    Polygons (raw): 1386 (flat)  47 (hierarchical)
    Elapsed: 0.000s  Memory: 441.00M
"^" in: xor.drc:109
    Polygons (raw): 0 (flat)  0 (hierarchical)
    Elapsed: 0.020s  Memory: 442.00M
XOR differences: 0
"output" in: xor.drc:86
    Polygons (raw): 0 (flat)  0 (hierarchical)
    Elapsed: 0.000s  Memory: 442.00M
--- Running XOR for layer 204/10 ---
"input" in: xor.drc:109
    Polygons (raw): 0 (flat)  0 (hierarchical)
    Elapsed: 0.000s  Memory: 442.00M
"input" in: xor.drc:109
    Polygons (raw): 0 (flat)  0 (hierarchical)
    Elapsed: 0.000s  Memory: 442.00M
"^" in: xor.drc:109
    Polygons (raw): 0 (flat)  0 (hierarchical)
    Elapsed: 0.000s  Memory: 443.00M
XOR differences: 0
"output" in: xor.drc:86
    Polygons (raw): 0 (flat)  0 (hierarchical)
    Elapsed: 0.000s  Memory: 443.00M
--- Running XOR for layer 21/0 ---
"input" in: xor.drc:109
    Polygons (raw): 1386 (flat)  47 (hierarchical)
    Elapsed: 0.000s  Memory: 443.00M
"input" in: xor.drc:109
    Polygons (raw): 1386 (flat)  47 (hierarchical)
    Elapsed: 0.000s  Memory: 443.00M
"^" in: xor.drc:109
    Polygons (raw): 0 (flat)  0 (hierarchical)
    Elapsed: 0.030s  Memory: 444.00M
XOR differences: 0
"output" in: xor.drc:86
    Polygons (raw): 0 (flat)  0 (hierarchical)
    Elapsed: 0.000s  Memory: 445.00M
--- Running XOR for layer 21/10 ---
"input" in: xor.drc:109
    Polygons (raw): 0 (flat)  0 (hierarchical)
    Elapsed: 0.000s  Memory: 445.00M
"input" in: xor.drc:109
    Polygons (raw): 0 (flat)  0 (hierarchical)
    Elapsed: 0.000s  Memory: 445.00M
"^" in: xor.drc:109
    Polygons (raw): 0 (flat)  0 (hierarchical)
    Elapsed: 0.010s  Memory: 445.00M
XOR differences: 0
"output" in: xor.drc:86
    Polygons (raw): 0 (flat)  0 (hierarchical)
    Elapsed: 0.000s  Memory: 445.00M
--- Running XOR for layer 22/0 ---
"input" in: xor.drc:109
    Polygons (raw): 3016 (flat)  129 (hierarchical)
    Elapsed: 0.000s  Memory: 445.00M
"input" in: xor.drc:109
    Polygons (raw): 3016 (flat)  129 (hierarchical)
    Elapsed: 0.000s  Memory: 445.00M
"^" in: xor.drc:109
    Polygons (raw): 0 (flat)  0 (hierarchical)
    Elapsed: 0.030s  Memory: 446.00M
XOR differences: 0
"output" in: xor.drc:86
    Polygons (raw): 0 (flat)  0 (hierarchical)
    Elapsed: 0.000s  Memory: 446.00M
--- Running XOR for layer 30/0 ---
"input" in: xor.drc:109
    Polygons (raw): 3636 (flat)  182 (hierarchical)
    Elapsed: 0.000s  Memory: 446.00M
"input" in: xor.drc:109
    Polygons (raw): 3636 (flat)  182 (hierarchical)
    Elapsed: 0.000s  Memory: 447.00M
"^" in: xor.drc:109
    Polygons (raw): 0 (flat)  0 (hierarchical)
    Elapsed: 0.050s  Memory: 447.00M
XOR differences: 0
"output" in: xor.drc:86
    Polygons (raw): 0 (flat)  0 (hierarchical)
    Elapsed: 0.000s  Memory: 447.00M
--- Running XOR for layer 31/0 ---
"input" in: xor.drc:109
    Polygons (raw): 1602 (flat)  49 (hierarchical)
    Elapsed: 0.000s  Memory: 447.00M
"input" in: xor.drc:109
    Polygons (raw): 1602 (flat)  49 (hierarchical)
    Elapsed: 0.000s  Memory: 447.00M
"^" in: xor.drc:109
    Polygons (raw): 0 (flat)  0 (hierarchical)
    Elapsed: 0.030s  Memory: 448.00M
XOR differences: 0
"output" in: xor.drc:86
    Polygons (raw): 0 (flat)  0 (hierarchical)
    Elapsed: 0.000s  Memory: 448.00M
--- Running XOR for layer 32/0 ---
"input" in: xor.drc:109
    Polygons (raw): 1386 (flat)  47 (hierarchical)
    Elapsed: 0.000s  Memory: 448.00M
"input" in: xor.drc:109
    Polygons (raw): 1386 (flat)  47 (hierarchical)
    Elapsed: 0.000s  Memory: 448.00M
"^" in: xor.drc:109
    Polygons (raw): 0 (flat)  0 (hierarchical)
    Elapsed: 0.030s  Memory: 449.00M
XOR differences: 0
"output" in: xor.drc:86
    Polygons (raw): 0 (flat)  0 (hierarchical)
    Elapsed: 0.000s  Memory: 449.00M
--- Running XOR for layer 33/0 ---
"input" in: xor.drc:109
    Polygons (raw): 16396 (flat)  903 (hierarchical)
    Elapsed: 0.000s  Memory: 449.00M
"input" in: xor.drc:109
    Polygons (raw): 16396 (flat)  903 (hierarchical)
    Elapsed: 0.000s  Memory: 450.00M
"^" in: xor.drc:109
    Polygons (raw): 0 (flat)  0 (hierarchical)
    Elapsed: 0.090s  Memory: 454.00M
XOR differences: 0
"output" in: xor.drc:86
    Polygons (raw): 0 (flat)  0 (hierarchical)
    Elapsed: 0.000s  Memory: 454.00M
--- Running XOR for layer 34/0 ---
"input" in: xor.drc:109
    Polygons (raw): 8739 (flat)  2395 (hierarchical)
    Elapsed: 0.010s  Memory: 454.00M
"input" in: xor.drc:109
    Polygons (raw): 8778 (flat)  372 (hierarchical)
    Elapsed: 0.000s  Memory: 455.00M
"^" in: xor.drc:109
    Polygons (raw): 0 (flat)  0 (hierarchical)
    Elapsed: 0.110s  Memory: 461.00M
XOR differences: 0
"output" in: xor.drc:86
    Polygons (raw): 0 (flat)  0 (hierarchical)
    Elapsed: 0.020s  Memory: 461.00M
--- Running XOR for layer 34/10 ---
"input" in: xor.drc:109
    Polygons (raw): 0 (flat)  0 (hierarchical)
    Elapsed: 0.000s  Memory: 461.00M
"input" in: xor.drc:109
    Polygons (raw): 0 (flat)  0 (hierarchical)
    Elapsed: 0.000s  Memory: 461.00M
"^" in: xor.drc:109
    Polygons (raw): 0 (flat)  0 (hierarchical)
    Elapsed: 0.020s  Memory: 461.00M
XOR differences: 0
"output" in: xor.drc:86
    Polygons (raw): 0 (flat)  0 (hierarchical)
    Elapsed: 0.000s  Memory: 461.00M
--- Running XOR for layer 35/0 ---
"input" in: xor.drc:109
    Polygons (raw): 2143 (flat)  2143 (hierarchical)
    Elapsed: 0.000s  Memory: 461.00M
"input" in: xor.drc:109
    Polygons (raw): 2143 (flat)  5 (hierarchical)
    Elapsed: 0.000s  Memory: 461.00M
"^" in: xor.drc:109
    Polygons (raw): 0 (flat)  0 (hierarchical)
    Elapsed: 0.020s  Memory: 461.00M
XOR differences: 0
"output" in: xor.drc:86
    Polygons (raw): 0 (flat)  0 (hierarchical)
    Elapsed: 0.000s  Memory: 461.00M
--- Running XOR for layer 36/0 ---
"input" in: xor.drc:109
    Polygons (raw): 1731 (flat)  1731 (hierarchical)
    Elapsed: 0.000s  Memory: 461.00M
"input" in: xor.drc:109
    Polygons (raw): 7091 (flat)  3161 (hierarchical)
    Elapsed: 0.000s  Memory: 461.00M
"^" in: xor.drc:109
    Polygons (raw): 0 (flat)  0 (hierarchical)
    Elapsed: 0.070s  Memory: 461.00M
XOR differences: 0
"output" in: xor.drc:86
    Polygons (raw): 0 (flat)  0 (hierarchical)
    Elapsed: 0.000s  Memory: 461.00M
--- Running XOR for layer 38/0 ---
"input" in: xor.drc:109
    Polygons (raw): 1948 (flat)  1948 (hierarchical)
    Elapsed: 0.000s  Memory: 461.00M
"input" in: xor.drc:109
    Polygons (raw): 1948 (flat)  4 (hierarchical)
    Elapsed: 0.000s  Memory: 461.00M
"^" in: xor.drc:109
    Polygons (raw): 0 (flat)  0 (hierarchical)
    Elapsed: 0.020s  Memory: 461.00M
XOR differences: 0
"output" in: xor.drc:86
    Polygons (raw): 0 (flat)  0 (hierarchical)
    Elapsed: 0.000s  Memory: 461.00M
--- Running XOR for layer 40/0 ---
"input" in: xor.drc:109
    Polygons (raw): 231 (flat)  231 (hierarchical)
    Elapsed: 0.000s  Memory: 461.00M
"input" in: xor.drc:109
    Polygons (raw): 231 (flat)  4 (hierarchical)
    Elapsed: 0.000s  Memory: 461.00M
"^" in: xor.drc:109
    Polygons (raw): 0 (flat)  0 (hierarchical)
    Elapsed: 0.010s  Memory: 461.00M
XOR differences: 0
"output" in: xor.drc:86
    Polygons (raw): 0 (flat)  0 (hierarchical)
    Elapsed: 0.010s  Memory: 461.00M
--- Running XOR for layer 41/0 ---
"input" in: xor.drc:109
    Polygons (raw): 20 (flat)  20 (hierarchical)
    Elapsed: 0.000s  Memory: 461.00M
"input" in: xor.drc:109
    Polygons (raw): 20 (flat)  10 (hierarchical)
    Elapsed: 0.000s  Memory: 461.00M
"^" in: xor.drc:109
    Polygons (raw): 0 (flat)  0 (hierarchical)
    Elapsed: 0.010s  Memory: 461.00M
XOR differences: 0
"output" in: xor.drc:86
    Polygons (raw): 0 (flat)  0 (hierarchical)
    Elapsed: 0.000s  Memory: 461.00M
--- Running XOR for layer 42/0 ---
"input" in: xor.drc:109
    Polygons (raw): 850 (flat)  850 (hierarchical)
    Elapsed: 0.000s  Memory: 461.00M
"input" in: xor.drc:109
    Polygons (raw): 3351 (flat)  1332 (hierarchical)
    Elapsed: 0.000s  Memory: 461.00M
"^" in: xor.drc:109
    Polygons (raw): 0 (flat)  0 (hierarchical)
    Elapsed: 0.020s  Memory: 462.00M
XOR differences: 0
"output" in: xor.drc:86
    Polygons (raw): 0 (flat)  0 (hierarchical)
    Elapsed: 0.000s  Memory: 462.00M
--- Running XOR for layer 42/10 ---
"input" in: xor.drc:109
    Polygons (raw): 36 (flat)  36 (hierarchical)
    Elapsed: 0.000s  Memory: 462.00M
"input" in: xor.drc:109
    Polygons (raw): 36 (flat)  36 (hierarchical)
    Elapsed: 0.000s  Memory: 462.00M
"^" in: xor.drc:109
    Polygons (raw): 0 (flat)  0 (hierarchical)
    Elapsed: 0.010s  Memory: 462.00M
XOR differences: 0
"output" in: xor.drc:86
    Polygons (raw): 0 (flat)  0 (hierarchical)
    Elapsed: 0.000s  Memory: 462.00M
--- Running XOR for layer 46/0 ---
"input" in: xor.drc:109
    Polygons (raw): 54 (flat)  54 (hierarchical)
    Elapsed: 0.000s  Memory: 462.00M
"input" in: xor.drc:109
    Polygons (raw): 227 (flat)  74 (hierarchical)
    Elapsed: 0.000s  Memory: 462.00M
"^" in: xor.drc:109
    Polygons (raw): 0 (flat)  0 (hierarchical)
    Elapsed: 0.010s  Memory: 462.00M
XOR differences: 0
"output" in: xor.drc:86
    Polygons (raw): 0 (flat)  0 (hierarchical)
    Elapsed: 0.000s  Memory: 462.00M
--- Running XOR for layer 46/10 ---
"input" in: xor.drc:109
    Polygons (raw): 2 (flat)  2 (hierarchical)
    Elapsed: 0.000s  Memory: 462.00M
"input" in: xor.drc:109
    Polygons (raw): 2 (flat)  2 (hierarchical)
    Elapsed: 0.000s  Memory: 462.00M
"^" in: xor.drc:109
    Polygons (raw): 0 (flat)  0 (hierarchical)
    Elapsed: 0.010s  Memory: 462.00M
XOR differences: 0
"output" in: xor.drc:86
    Polygons (raw): 0 (flat)  0 (hierarchical)
    Elapsed: 0.000s  Memory: 462.00M
--- Running XOR for layer 55/0 ---
"input" in: xor.drc:109
    Polygons (raw): 1386 (flat)  47 (hierarchical)
    Elapsed: 0.000s  Memory: 462.00M
"input" in: xor.drc:109
    Polygons (raw): 1386 (flat)  47 (hierarchical)
    Elapsed: 0.000s  Memory: 462.00M
"^" in: xor.drc:109
    Polygons (raw): 0 (flat)  0 (hierarchical)
    Elapsed: 0.020s  Memory: 464.00M
XOR differences: 0
"output" in: xor.drc:86
    Polygons (raw): 0 (flat)  0 (hierarchical)
    Elapsed: 0.000s  Memory: 464.00M
--- Running XOR for layer 63/63 ---
"input" in: xor.drc:109
    Polygons (raw): 0 (flat)  0 (hierarchical)
    Elapsed: 0.000s  Memory: 464.00M
"input" in: xor.drc:109
    Polygons (raw): 0 (flat)  0 (hierarchical)
    Elapsed: 0.000s  Memory: 464.00M
"^" in: xor.drc:109
    Polygons (raw): 0 (flat)  0 (hierarchical)
    Elapsed: 0.010s  Memory: 464.00M
XOR differences: 0
"output" in: xor.drc:86
    Polygons (raw): 0 (flat)  0 (hierarchical)
    Elapsed: 0.000s  Memory: 464.00M
--- Running XOR for layer 81/0 ---
"input" in: xor.drc:109
    Polygons (raw): 3 (flat)  3 (hierarchical)
    Elapsed: 0.000s  Memory: 464.00M
"input" in: xor.drc:109
    Polygons (raw): 9 (flat)  7 (hierarchical)
    Elapsed: 0.000s  Memory: 464.00M
"^" in: xor.drc:109
    Polygons (raw): 0 (flat)  0 (hierarchical)
    Elapsed: 0.010s  Memory: 464.00M
XOR differences: 0
"output" in: xor.drc:86
    Polygons (raw): 0 (flat)  0 (hierarchical)
    Elapsed: 0.000s  Memory: 464.00M
--- Running XOR for layer 81/10 ---
"input" in: xor.drc:109
    Polygons (raw): 2 (flat)  2 (hierarchical)
    Elapsed: 0.000s  Memory: 464.00M
"input" in: xor.drc:109
    Polygons (raw): 2 (flat)  2 (hierarchical)
    Elapsed: 0.000s  Memory: 464.00M
"^" in: xor.drc:109
    Polygons (raw): 0 (flat)  0 (hierarchical)
    Elapsed: 0.010s  Memory: 464.00M
XOR differences: 0
"output" in: xor.drc:86
    Polygons (raw): 0 (flat)  0 (hierarchical)
    Elapsed: 0.000s  Memory: 464.00M
---
Total XOR differences: 1
Writing report database: /foss/designs/acoustic-ranger-dvl-processor/layout/digital/i2c_wb_master/runs/RUN_2026-08-31_15-54-07/62-klayout-xor/xor.xml ..
Total elapsed: 0.920s  Memory: 465.00M
/foss/designs/acoustic-ranger-dvl-processor/layout/digital/i2c_wb_master/runs/RUN_2026-08-31_15-54-07/57-magic-streamout/i2c_controller.magic.gds
/foss/designs/acoustic-ranger-dvl-processor/layout/digital/i2c_wb_master/runs/RUN_2026-08-31_15-54-07/58-klayout-streamout/i2c_controller.klayout.gds
%OL_METRIC_I design__xor_difference__count 1
