Clock: system_clock
Sources: 
Generated: no
Virtual: yes
Propagated: no
Period: 100.000000

===========================================================================
report_clock_properties
============================================================================
Clock                   Period          Waveform
----------------------------------------------------
system_clock        100.000000    0.000000 50.000000

===========================================================================
report_clock_latency
============================================================================
Clock system_clock
rise -> rise
    min     max
0.000000 0.000000 source latency
20.643120         network latency _4016_/CLK
        20.680313 network latency _3841_/CLK
---------------
20.643120 20.680313 latency
        0.037193 skew

rise -> fall
    min     max
0.000000 0.000000 source latency
20.660221         network latency _4016_/CLK
        20.701149 network latency _3841_/CLK
---------------
20.660221 20.701149 latency
        0.040929 skew



===========================================================================
report_clock_min_period
============================================================================
system_clock period_min = 0.00 fmax = inf
Clock: signal_clock
Sources: signal_input 
Generated: no
Virtual: yes
Propagated: no
Period: 4000.000000

===========================================================================
report_clock_properties
============================================================================
Clock                   Period          Waveform
----------------------------------------------------
signal_clock        4000.000000    0.0000002000.000000

===========================================================================
report_clock_latency
============================================================================
Clock signal_clock
rise -> rise
    min     max
0.000000 0.000000 source latency
0.452133         network latency _4066_/CLK
        0.454568 network latency _4079_/CLK
---------------
0.452133 0.454568 latency
        0.002434 skew

fall -> fall
    min     max
0.000000 0.000000 source latency
0.442697         network latency _4066_/CLK
        0.445198 network latency _4077_/CLK
---------------
0.442697 0.445198 latency
        0.002501 skew



===========================================================================
report_clock_min_period
============================================================================
signal_clock period_min = 4.36 fmax = 229.45
