
===========================================================================
report_checks -unconstrained
===========================================================================
======================= nom_ff_n40C_5v50 Corner ===================================

Startpoint: RST_I (input port clocked by system_clock)
Endpoint: _1366_ (rising edge-triggered flip-flop clocked by signal_clock)
Path Group: signal_clock
Path Type: max

Fanout         Cap        Slew       Delay        Time   Description
---------------------------------------------------------------------------------------------
                      0.000000 3899.999756 3899.999756   clock system_clock (rise edge)
                                  0.000000 3899.999756   clock network delay (ideal)
                                 20.000000 3919.999512 v input external delay
    47    0.191156    0.000000    0.000000 3919.999512 v RST_I (in)
                                                         RST_I (net)
                      0.000000    0.000000 3919.999512 v _0876_/A2 (gf180mcu_fd_sc_mcu7t5v0__nor2_1)
    18    0.075772    1.491415    0.858108 3920.857666 ^ _0876_/ZN (gf180mcu_fd_sc_mcu7t5v0__nor2_1)
                                                         _0328_ (net)
                      1.491415    0.000000 3920.857666 ^ _0987_/B (gf180mcu_fd_sc_mcu7t5v0__oai31_1)
     9    0.037886    0.667106    0.402451 3921.260254 v _0987_/ZN (gf180mcu_fd_sc_mcu7t5v0__oai31_1)
                                                         _0413_ (net)
                      0.667106    0.000000 3921.260254 v _0988_/I (gf180mcu_fd_sc_mcu7t5v0__clkinv_1)
     7    0.033208    0.466029    0.406999 3921.667236 ^ _0988_/ZN (gf180mcu_fd_sc_mcu7t5v0__clkinv_1)
                                                         _0414_ (net)
                      0.466029    0.000000 3921.667236 ^ _0995_/B (gf180mcu_fd_sc_mcu7t5v0__oai21_1)
     1    0.004026    0.180855    0.114142 3921.781250 v _0995_/ZN (gf180mcu_fd_sc_mcu7t5v0__oai21_1)
                                                         _0419_ (net)
                      0.180855    0.000000 3921.781250 v _0996_/B (gf180mcu_fd_sc_mcu7t5v0__aoi21_1)
     1    0.002439    0.173055    0.152340 3921.933594 ^ _0996_/ZN (gf180mcu_fd_sc_mcu7t5v0__aoi21_1)
                                                         _0097_ (net)
                      0.173055    0.000000 3921.933594 ^ _1366_/D (gf180mcu_fd_sc_mcu7t5v0__dffq_1)
                                           3921.933594   data arrival time

                      0.000000 4000.000000 4000.000000   clock signal_clock (rise edge)
                                  0.000000 4000.000000   clock network delay (ideal)
                                  0.000000 4000.000000   clock reconvergence pessimism
                                           4000.000000 ^ _1366_/CLK (gf180mcu_fd_sc_mcu7t5v0__dffq_1)
                                 -0.135658 3999.864014   library setup time
                                           3999.864014   data required time
---------------------------------------------------------------------------------------------
                                           3999.864014   data required time
                                           -3921.933594   data arrival time
---------------------------------------------------------------------------------------------
                                             77.930573   slack (MET)


Startpoint: CYC_I (input port clocked by system_clock)
Endpoint: _1320_ (rising edge-triggered flip-flop clocked by system_clock)
Path Group: system_clock
Path Type: max

Fanout         Cap        Slew       Delay        Time   Description
---------------------------------------------------------------------------------------------
                      0.000000    0.000000    0.000000   clock system_clock (rise edge)
                                  0.000000    0.000000   clock network delay (ideal)
                                 20.000000   20.000000 v input external delay
     2    0.008746    0.000000    0.000000   20.000000 v CYC_I (in)
                                                         CYC_I (net)
                      0.000000    0.000000   20.000000 v _0685_/A2 (gf180mcu_fd_sc_mcu7t5v0__nand2_1)
     3    0.013541    0.224344    0.136019   20.136019 ^ _0685_/ZN (gf180mcu_fd_sc_mcu7t5v0__nand2_1)
                                                         _0206_ (net)
                      0.224344    0.000000   20.136019 ^ _0686_/A2 (gf180mcu_fd_sc_mcu7t5v0__nor2_1)
     3    0.013460    0.193063    0.156904   20.292923 v _0686_/ZN (gf180mcu_fd_sc_mcu7t5v0__nor2_1)
                                                         _0207_ (net)
                      0.193063    0.000000   20.292923 v _0741_/B (gf180mcu_fd_sc_mcu7t5v0__aoi21_1)
     2    0.009372    0.303133    0.227592   20.520515 ^ _0741_/ZN (gf180mcu_fd_sc_mcu7t5v0__aoi21_1)
                                                         _0243_ (net)
                      0.303133    0.000000   20.520515 ^ _0751_/A1 (gf180mcu_fd_sc_mcu7t5v0__nand2_1)
     2    0.007012    0.149895    0.105421   20.625937 v _0751_/ZN (gf180mcu_fd_sc_mcu7t5v0__nand2_1)
                                                         _0251_ (net)
                      0.149895    0.000000   20.625937 v _0752_/A2 (gf180mcu_fd_sc_mcu7t5v0__nor2_1)
    48    0.221342    4.216921    2.401761   23.027699 ^ _0752_/ZN (gf180mcu_fd_sc_mcu7t5v0__nor2_1)
                                                         _0252_ (net)
                      4.216921    0.000000   23.027699 ^ _0840_/A2 (gf180mcu_fd_sc_mcu7t5v0__nor2_1)
     1    0.004040    0.854357    0.011758   23.039455 v _0840_/ZN (gf180mcu_fd_sc_mcu7t5v0__nor2_1)
                                                         _0310_ (net)
                      0.854357    0.000000   23.039455 v _0841_/B (gf180mcu_fd_sc_mcu7t5v0__aoi211_1)
     1    0.002439    0.520124    0.357945   23.397400 ^ _0841_/ZN (gf180mcu_fd_sc_mcu7t5v0__aoi211_1)
                                                         _0051_ (net)
                      0.520124    0.000000   23.397400 ^ _1320_/D (gf180mcu_fd_sc_mcu7t5v0__dffq_1)
                                             23.397400   data arrival time

                      0.000000  100.000000  100.000000   clock system_clock (rise edge)
                                  0.000000  100.000000   clock network delay (ideal)
                                 -0.500000   99.499992   clock uncertainty
                                  0.000000   99.499992   clock reconvergence pessimism
                                             99.499992 ^ _1320_/CLK (gf180mcu_fd_sc_mcu7t5v0__dffq_1)
                                 -0.148157   99.351837   library setup time
                                             99.351837   data required time
---------------------------------------------------------------------------------------------
                                             99.351837   data required time
                                            -23.397400   data arrival time
---------------------------------------------------------------------------------------------
                                             75.954445   slack (MET)




===========================================================================
report_checks --slack_max -0.01
============================================================================
======================= nom_ff_n40C_5v50 Corner ===================================

No paths found.


===========================================================================
 report_check_types -max_slew -max_cap -max_fanout -violators
============================================================================
======================= nom_ff_n40C_5v50 Corner ===================================

max slew

Pin                                        Limit        Slew       Slack
------------------------------------------------------------------------
_0752_/ZN                               2.600000    4.216921   -1.616921 (VIOLATED)
_0755_/A2                               2.600000    4.216921   -1.616921 (VIOLATED)
_0758_/A2                               2.600000    4.216921   -1.616921 (VIOLATED)
_0761_/A2                               2.600000    4.216921   -1.616921 (VIOLATED)
_0764_/A2                               2.600000    4.216921   -1.616921 (VIOLATED)
_0767_/A2                               2.600000    4.216921   -1.616921 (VIOLATED)
_0770_/A2                               2.600000    4.216921   -1.616921 (VIOLATED)
_0772_/A2                               2.600000    4.216921   -1.616921 (VIOLATED)
_0773_/A2                               2.600000    4.216921   -1.616921 (VIOLATED)
_0774_/A2                               2.600000    4.216921   -1.616921 (VIOLATED)
_0775_/A2                               2.600000    4.216921   -1.616921 (VIOLATED)
_0777_/A2                               2.600000    4.216921   -1.616921 (VIOLATED)
_0780_/A2                               2.600000    4.216921   -1.616921 (VIOLATED)
_0783_/A2                               2.600000    4.216921   -1.616921 (VIOLATED)
_0786_/A2                               2.600000    4.216921   -1.616921 (VIOLATED)
_0789_/A2                               2.600000    4.216921   -1.616921 (VIOLATED)
_0792_/A2                               2.600000    4.216921   -1.616921 (VIOLATED)
_0795_/A2                               2.600000    4.216921   -1.616921 (VIOLATED)
_0798_/A2                               2.600000    4.216921   -1.616921 (VIOLATED)
_0801_/A2                               2.600000    4.216921   -1.616921 (VIOLATED)
_0804_/A2                               2.600000    4.216921   -1.616921 (VIOLATED)
_0807_/A2                               2.600000    4.216921   -1.616921 (VIOLATED)
_0810_/A2                               2.600000    4.216921   -1.616921 (VIOLATED)
_0813_/A2                               2.600000    4.216921   -1.616921 (VIOLATED)
_0816_/A2                               2.600000    4.216921   -1.616921 (VIOLATED)
_0819_/A2                               2.600000    4.216921   -1.616921 (VIOLATED)
_0822_/A2                               2.600000    4.216921   -1.616921 (VIOLATED)
_0825_/A2                               2.600000    4.216921   -1.616921 (VIOLATED)
_0828_/A2                               2.600000    4.216921   -1.616921 (VIOLATED)
_0831_/A2                               2.600000    4.216921   -1.616921 (VIOLATED)
_0834_/A2                               2.600000    4.216921   -1.616921 (VIOLATED)
_0836_/A2                               2.600000    4.216921   -1.616921 (VIOLATED)
_0837_/A2                               2.600000    4.216921   -1.616921 (VIOLATED)
_0840_/A2                               2.600000    4.216921   -1.616921 (VIOLATED)
_0841_/A2                               2.600000    4.216921   -1.616921 (VIOLATED)
_0842_/A2                               2.600000    4.216921   -1.616921 (VIOLATED)
_0843_/A2                               2.600000    4.216921   -1.616921 (VIOLATED)
_0844_/A2                               2.600000    4.216921   -1.616921 (VIOLATED)
_0845_/A2                               2.600000    4.216921   -1.616921 (VIOLATED)
_0848_/A2                               2.600000    4.216921   -1.616921 (VIOLATED)
_0849_/A2                               2.600000    4.216921   -1.616921 (VIOLATED)
_0854_/A2                               2.600000    4.216921   -1.616921 (VIOLATED)
_0855_/A2                               2.600000    4.216921   -1.616921 (VIOLATED)
_0856_/A2                               2.600000    4.216921   -1.616921 (VIOLATED)
_0857_/A2                               2.600000    4.216921   -1.616921 (VIOLATED)
_0860_/A2                               2.600000    4.216921   -1.616921 (VIOLATED)
_0861_/A2                               2.600000    4.216921   -1.616921 (VIOLATED)
_0866_/A2                               2.600000    4.216921   -1.616921 (VIOLATED)
_0867_/A2                               2.600000    4.216921   -1.616921 (VIOLATED)

max capacitance

Pin                                        Limit         Cap       Slack
------------------------------------------------------------------------
_0752_/ZN                               0.130400    0.221342   -0.090942 (VIOLATED)



===========================================================================
report_parasitic_annotation -report_unannotated
============================================================================
Found 840 unannotated drivers.
 ADDR_I[0]
 ADDR_I[1]
 ADDR_I[2]
 ADDR_I[3]
 ADDR_I[4]
 ADDR_I[5]
 ADDR_I[6]
 ADDR_I[7]
 CLK_I
 CYC_I
 DAT_I[0]
 DAT_I[1]
 DAT_I[2]
 DAT_I[3]
 DAT_I[4]
 DAT_I[5]
 DAT_I[6]
 DAT_I[7]
 RST_I
 STB_I
 WE_I
 ext_rst_i
 signal_input
 _0644_/ZN
 _0645_/ZN
 _0646_/ZN
 _0647_/ZN
 _0648_/ZN
 _0649_/ZN
 _0650_/ZN
 _0651_/ZN
 _0652_/ZN
 _0653_/ZN
 _0654_/ZN
 _0655_/ZN
 _0656_/ZN
 _0657_/ZN
 _0658_/ZN
 _0659_/ZN
 _0660_/ZN
 _0661_/ZN
 _0662_/ZN
 _0663_/ZN
 _0664_/ZN
 _0665_/ZN
 _0666_/ZN
 _0667_/ZN
 _0668_/ZN
 _0669_/ZN
 _0670_/ZN
 _0671_/ZN
 _0672_/ZN
 _0673_/ZN
 _0674_/ZN
 _0675_/ZN
 _0676_/ZN
 _0677_/ZN
 _0678_/ZN
 _0679_/ZN
 _0680_/ZN
 _0681_/ZN
 _0682_/Z
 _0683_/Z
 _0684_/ZN
 _0685_/ZN
 _0686_/ZN
 _0687_/ZN
 _0688_/ZN
 _0689_/Z
 _0690_/Z
 _0691_/ZN
 _0692_/ZN
 _0693_/ZN
 _0694_/ZN
 _0695_/ZN
 _0696_/ZN
 _0697_/ZN
 _0698_/ZN
 _0699_/ZN
 _0700_/ZN
 _0701_/ZN
 _0702_/ZN
 _0703_/ZN
 _0704_/ZN
 _0705_/Z
 _0706_/ZN
 _0707_/Z
 _0708_/ZN
 _0709_/ZN
 _0710_/ZN
 _0711_/ZN
 _0712_/ZN
 _0713_/ZN
 _0714_/ZN
 _0715_/ZN
 _0716_/ZN
 _0717_/ZN
 _0718_/ZN
 _0719_/ZN
 _0720_/ZN
 _0721_/ZN
 _0722_/ZN
 _0723_/ZN
 _0724_/ZN
 _0725_/ZN
 _0726_/ZN
 _0727_/ZN
 _0728_/ZN
 _0729_/ZN
 _0730_/ZN
 _0731_/Z
 _0732_/Z
 _0733_/Z
 _0734_/Z
 _0735_/Z
 _0736_/Z
 _0737_/Z
 _0738_/ZN
 _0739_/ZN
 _0740_/Z
 _0741_/ZN
 _0742_/ZN
 _0743_/ZN
 _0744_/ZN
 _0745_/ZN
 _0746_/ZN
 _0747_/ZN
 _0748_/ZN
 _0749_/ZN
 _0750_/ZN
 _0751_/ZN
 _0752_/ZN
 _0753_/Z
 _0754_/ZN
 _0755_/ZN
 _0756_/ZN
 _0757_/ZN
 _0758_/ZN
 _0759_/ZN
 _0760_/ZN
 _0761_/ZN
 _0762_/ZN
 _0763_/ZN
 _0764_/ZN
 _0765_/ZN
 _0766_/ZN
 _0767_/ZN
 _0768_/ZN
 _0769_/ZN
 _0770_/ZN
 _0771_/ZN
 _0772_/ZN
 _0773_/ZN
 _0774_/ZN
 _0775_/ZN
 _0776_/ZN
 _0777_/ZN
 _0778_/ZN
 _0779_/ZN
 _0780_/ZN
 _0781_/ZN
 _0782_/ZN
 _0783_/ZN
 _0784_/ZN
 _0785_/ZN
 _0786_/ZN
 _0787_/ZN
 _0788_/ZN
 _0789_/ZN
 _0790_/ZN
 _0791_/ZN
 _0792_/ZN
 _0793_/ZN
 _0794_/ZN
 _0795_/ZN
 _0796_/ZN
 _0797_/ZN
 _0798_/ZN
 _0799_/ZN
 _0800_/ZN
 _0801_/ZN
 _0802_/ZN
 _0803_/ZN
 _0804_/ZN
 _0805_/ZN
 _0806_/ZN
 _0807_/ZN
 _0808_/ZN
 _0809_/ZN
 _0810_/ZN
 _0811_/ZN
 _0812_/ZN
 _0813_/ZN
 _0814_/ZN
 _0815_/ZN
 _0816_/ZN
 _0817_/ZN
 _0818_/ZN
 _0819_/ZN
 _0820_/ZN
 _0821_/ZN
 _0822_/ZN
 _0823_/ZN
 _0824_/ZN
 _0825_/ZN
 _0826_/ZN
 _0827_/ZN
 _0828_/ZN
 _0829_/ZN
 _0830_/ZN
 _0831_/ZN
 _0832_/ZN
 _0833_/ZN
 _0834_/ZN
 _0835_/ZN
 _0836_/ZN
 _0837_/ZN
 _0838_/ZN
 _0839_/ZN
 _0840_/ZN
 _0841_/ZN
 _0842_/ZN
 _0843_/ZN
 _0844_/ZN
 _0845_/ZN
 _0846_/ZN
 _0847_/ZN
 _0848_/ZN
 _0849_/ZN
 _0850_/ZN
 _0851_/ZN
 _0852_/ZN
 _0853_/ZN
 _0854_/ZN
 _0855_/ZN
 _0856_/ZN
 _0857_/ZN
 _0858_/ZN
 _0859_/ZN
 _0860_/ZN
 _0861_/ZN
 _0862_/ZN
 _0863_/ZN
 _0864_/ZN
 _0865_/ZN
 _0866_/ZN
 _0867_/ZN
 _0868_/ZN
 _0869_/ZN
 _0870_/ZN
 _0871_/ZN
 _0872_/ZN
 _0873_/ZN
 _0874_/ZN
 _0875_/ZN
 _0876_/ZN
 _0877_/Z
 _0878_/ZN
 _0879_/ZN
 _0880_/Z
 _0881_/ZN
 _0882_/ZN
 _0883_/Z
 _0884_/ZN
 _0885_/Z
 _0886_/ZN
 _0887_/ZN
 _0888_/ZN
 _0889_/ZN
 _0890_/Z
 _0891_/ZN
 _0892_/ZN
 _0893_/Z
 _0894_/ZN
 _0895_/ZN
 _0896_/ZN
 _0897_/ZN
 _0898_/ZN
 _0899_/Z
 _0900_/ZN
 _0901_/ZN
 _0902_/ZN
 _0903_/ZN
 _0904_/ZN
 _0905_/ZN
 _0906_/ZN
 _0907_/ZN
 _0908_/ZN
 _0909_/Z
 _0910_/ZN
 _0911_/ZN
 _0912_/ZN
 _0913_/ZN
 _0914_/ZN
 _0915_/ZN
 _0916_/Z
 _0917_/ZN
 _0918_/ZN
 _0919_/Z
 _0920_/ZN
 _0921_/ZN
 _0922_/Z
 _0923_/ZN
 _0924_/ZN
 _0925_/Z
 _0926_/ZN
 _0927_/ZN
 _0928_/ZN
 _0929_/ZN
 _0930_/ZN
 _0931_/Z
 _0932_/ZN
 _0933_/ZN
 _0934_/Z
 _0935_/ZN
 _0936_/ZN
 _0937_/Z
 _0938_/ZN
 _0939_/ZN
 _0940_/Z
 _0941_/ZN
 _0942_/ZN
 _0943_/Z
 _0944_/ZN
 _0945_/ZN
 _0946_/Z
 _0947_/ZN
 _0948_/ZN
 _0949_/ZN
 _0950_/ZN
 _0951_/ZN
 _0952_/Z
 _0953_/ZN
 _0954_/Z
 _0955_/ZN
 _0956_/Z
 _0957_/Z
 _0958_/Z
 _0959_/Z
 _0960_/Z
 _0961_/Z
 _0962_/Z
 _0963_/ZN
 _0964_/Z
 _0965_/Z
 _0966_/Z
 _0967_/Z
 _0968_/ZN
 _0969_/Z
 _0970_/Z
 _0971_/Z
 _0972_/ZN
 _0973_/ZN
 _0974_/ZN
 _0975_/ZN
 _0976_/ZN
 _0977_/ZN
 _0978_/ZN
 _0979_/Z
 _0980_/ZN
 _0981_/ZN
 _0982_/ZN
 _0983_/ZN
 _0984_/ZN
 _0985_/Z
 _0986_/ZN
 _0987_/ZN
 _0988_/ZN
 _0989_/Z
 _0990_/ZN
 _0991_/ZN
 _0992_/Z
 _0993_/ZN
 _0994_/ZN
 _0995_/ZN
 _0996_/ZN
 _0997_/Z
 _0998_/ZN
 _0999_/ZN
 _1000_/ZN
 _1001_/ZN
 _1002_/Z
 _1003_/ZN
 _1004_/ZN
 _1005_/ZN
 _1006_/ZN
 _1007_/ZN
 _1008_/Z
 _1009_/ZN
 _1010_/ZN
 _1011_/Z
 _1012_/ZN
 _1013_/ZN
 _1014_/Z
 _1015_/ZN
 _1016_/Z
 _1017_/ZN
 _1018_/ZN
 _1019_/ZN
 _1020_/ZN
 _1021_/ZN
 _1022_/Z
 _1023_/ZN
 _1024_/Z
 _1025_/ZN
 _1026_/ZN
 _1027_/ZN
 _1028_/ZN
 _1029_/ZN
 _1030_/Z
 _1031_/ZN
 _1032_/ZN
 _1033_/ZN
 _1034_/ZN
 _1035_/ZN
 _1036_/ZN
 _1037_/ZN
 _1038_/ZN
 _1039_/ZN
 _1040_/ZN
 _1041_/ZN
 _1042_/ZN
 _1043_/ZN
 _1044_/Z
 _1045_/Z
 _1046_/ZN
 _1047_/ZN
 _1048_/ZN
 _1049_/ZN
 _1050_/Z
 _1051_/ZN
 _1052_/ZN
 _1053_/ZN
 _1054_/Z
 _1055_/ZN
 _1056_/ZN
 _1057_/ZN
 _1058_/ZN
 _1059_/ZN
 _1060_/ZN
 _1061_/Z
 _1062_/ZN
 _1063_/ZN
 _1064_/ZN
 _1065_/ZN
 _1066_/Z
 _1067_/ZN
 _1068_/ZN
 _1069_/ZN
 _1070_/ZN
 _1071_/ZN
 _1072_/ZN
 _1073_/ZN
 _1074_/ZN
 _1075_/ZN
 _1076_/ZN
 _1077_/ZN
 _1078_/ZN
 _1079_/ZN
 _1080_/ZN
 _1081_/ZN
 _1082_/ZN
 _1083_/ZN
 _1084_/ZN
 _1085_/ZN
 _1086_/ZN
 _1087_/ZN
 _1088_/ZN
 _1089_/ZN
 _1090_/ZN
 _1091_/ZN
 _1092_/Z
 _1093_/ZN
 _1094_/ZN
 _1095_/ZN
 _1096_/ZN
 _1097_/ZN
 _1098_/ZN
 _1099_/ZN
 _1100_/ZN
 _1101_/ZN
 _1102_/ZN
 _1103_/ZN
 _1104_/ZN
 _1105_/ZN
 _1106_/ZN
 _1107_/ZN
 _1108_/ZN
 _1109_/ZN
 _1110_/ZN
 _1111_/ZN
 _1112_/Z
 _1113_/ZN
 _1114_/ZN
 _1115_/ZN
 _1116_/Z
 _1117_/ZN
 _1118_/ZN
 _1119_/ZN
 _1120_/ZN
 _1121_/ZN
 _1122_/ZN
 _1123_/ZN
 _1124_/ZN
 _1125_/ZN
 _1126_/ZN
 _1127_/Z
 _1128_/Z
 _1129_/Z
 _1130_/Z
 _1131_/ZN
 _1132_/ZN
 _1133_/ZN
 _1134_/ZN
 _1135_/ZN
 _1136_/ZN
 _1137_/ZN
 _1138_/ZN
 _1139_/ZN
 _1140_/ZN
 _1141_/ZN
 _1142_/ZN
 _1143_/ZN
 _1144_/ZN
 _1145_/ZN
 _1146_/ZN
 _1147_/ZN
 _1148_/ZN
 _1149_/ZN
 _1150_/ZN
 _1151_/Z
 _1152_/Z
 _1153_/ZN
 _1154_/ZN
 _1155_/Z
 _1156_/ZN
 _1157_/Z
 _1158_/ZN
 _1159_/Z
 _1160_/ZN
 _1161_/Z
 _1162_/ZN
 _1163_/ZN
 _1164_/ZN
 _1165_/ZN
 _1166_/Z
 _1167_/ZN
 _1168_/ZN
 _1169_/ZN
 _1170_/ZN
 _1171_/Z
 _1172_/Z
 _1173_/ZN
 _1174_/ZN
 _1175_/ZN
 _1176_/Z
 _1177_/ZN
 _1178_/ZN
 _1179_/ZN
 _1180_/ZN
 _1181_/ZN
 _1182_/ZN
 _1183_/ZN
 _1184_/Z
 _1185_/ZN
 _1186_/ZN
 _1187_/ZN
 _1188_/ZN
 _1189_/ZN
 _1190_/ZN
 _1191_/ZN
 _1192_/ZN
 _1193_/Z
 _1194_/ZN
 _1195_/ZN
 _1196_/ZN
 _1197_/ZN
 _1198_/ZN
 _1199_/ZN
 _1200_/ZN
 _1201_/Z
 _1202_/ZN
 _1203_/ZN
 _1204_/ZN
 _1205_/ZN
 _1206_/ZN
 _1207_/ZN
 _1208_/ZN
 _1209_/Z
 _1210_/ZN
 _1211_/ZN
 _1212_/ZN
 _1213_/ZN
 _1214_/ZN
 _1215_/ZN
 _1216_/ZN
 _1217_/ZN
 _1218_/ZN
 _1219_/ZN
 _1220_/ZN
 _1221_/ZN
 _1222_/ZN
 _1223_/ZN
 _1224_/ZN
 _1225_/Z
 _1226_/ZN
 _1227_/ZN
 _1228_/ZN
 _1229_/ZN
 _1230_/ZN
 _1231_/ZN
 _1232_/ZN
 _1233_/ZN
 _1234_/ZN
 _1235_/ZN
 _1236_/ZN
 _1237_/ZN
 _1238_/ZN
 _1239_/ZN
 _1240_/ZN
 _1241_/ZN
 _1242_/ZN
 _1243_/ZN
 _1244_/ZN
 _1245_/ZN
 _1246_/ZN
 _1247_/ZN
 _1248_/ZN
 _1249_/ZN
 _1250_/ZN
 _1251_/ZN
 _1252_/ZN
 _1253_/ZN
 _1254_/ZN
 _1255_/Z
 _1256_/ZN
 _1257_/ZN
 _1258_/ZN
 _1259_/ZN
 _1260_/ZN
 _1261_/ZN
 _1262_/ZN
 _1263_/ZN
 _1264_/ZN
 _1265_/ZN
 _1266_/ZN
 _1267_/ZN
 _1268_/ZN
 _1269_/ZN
 _1270_/ZN
 _1271_/ZN
 _1272_/ZN
 _1273_/ZN
 _1274_/ZN
 _1275_/ZN
 _1276_/ZN
 _1277_/ZN
 _1278_/ZN
 _1279_/ZN
 _1280_/ZN
 _1281_/ZN
 _1282_/ZN
 _1283_/ZN
 _1284_/ZN
 _1285_/ZN
 _1286_/ZN
 _1287_/ZN
 _1288_/Q
 _1289_/Q
 _1290_/Q
 _1291_/Q
 _1292_/Q
 _1293_/Q
 _1294_/Q
 _1295_/Q
 _1296_/Q
 _1297_/Q
 _1298_/Q
 _1299_/Q
 _1300_/Q
 _1301_/Q
 _1302_/Q
 _1303_/Q
 _1304_/Q
 _1305_/Q
 _1306_/Q
 _1307_/Q
 _1308_/Q
 _1309_/Q
 _1310_/Q
 _1311_/Q
 _1312_/Q
 _1313_/Q
 _1314_/Q
 _1315_/Q
 _1316_/Q
 _1317_/Q
 _1318_/Q
 _1319_/Q
 _1320_/Q
 _1321_/Q
 _1322_/Q
 _1323_/Q
 _1324_/Q
 _1325_/Q
 _1326_/Q
 _1327_/Q
 _1328_/Q
 _1329_/Q
 _1330_/Q
 _1331_/Q
 _1332_/Q
 _1333_/Q
 _1334_/Q
 _1335_/Q
 _1336_/Q
 _1337_/Q
 _1338_/Q
 _1339_/Q
 _1340_/Q
 _1341_/Q
 _1342_/Q
 _1343_/Q
 _1344_/Q
 _1345_/Q
 _1346_/Q
 _1347_/Q
 _1348_/Q
 _1349_/Q
 _1350_/Q
 _1351_/Q
 _1352_/Q
 _1353_/Q
 _1354_/Q
 _1355_/Q
 _1356_/Q
 _1357_/Q
 _1358_/Q
 _1359_/Q
 _1360_/Q
 _1361_/Q
 _1362_/Q
 _1363_/Q
 _1364_/Q
 _1365_/Q
 _1366_/Q
 _1367_/Q
 _1368_/Q
 _1369_/Q
 _1370_/Q
 _1371_/Q
 _1372_/Q
 _1373_/Q
 _1374_/Q
 _1375_/Q
 _1376_/Q
 _1377_/Q
 _1378_/Q
 _1379_/Q
 _1380_/Q
 _1381_/Q
 _1382_/Q
 _1383_/Q
 _1384_/Q
 _1385_/Q
 _1386_/Q
 _1387_/Q
 _1388_/Q
 _1389_/Q
 _1390_/Q
 _1391_/Q
 _1392_/Q
 _1393_/Q
 _1394_/Q
 _1395_/Q
 _1396_/Q
 _1397_/Q
 _1398_/Q
 _1399_/Q
 _1400_/Q
 _1401_/Q
 _1402_/Q
 _1403_/Q
 _1404_/Q
 _1405_/Q
 _1406_/Q
 _1407_/Q
 _1408_/Q
 _1409_/Q
 _1410_/Q
 _1411_/Q
 _1412_/Q
 _1413_/Q
 _1414_/Q
 _1415_/Q
 _1416_/Q
 _1417_/Q
 _1418_/Q
 _1419_/Q
 _1420_/Q
 _1421_/Q
 _1422_/Q
 _1423_/Q
 _1424_/Q
 _1425_/Q
 _1426_/Q
 _1427_/Q
 _1428_/Q
 _1429_/Q
 _1430_/Q
 _1431_/Q
 _1432_/Q
 _1433_/Q
 _1434_/Q
 _1435_/Q
 _1436_/Q
 _1437_/Q
 _1438_/Q
 _1439_/Q
 _1440_/Q
 _1441_/Q
 _1442_/Q
 _1443_/Q
 _1444_/Q
 _1445_/Q
 _1446_/Q
 _1447_/Q
 _1448_/Q
 _1449_/Q
 _1450_/Q
 _1451_/Q
 _1452_/Q
 _1453_/Q
 _1454_/ZN
 _1455_/Z
 _1456_/Z
 _1457_/Z
 _1458_/Z
 _1459_/Z
 _1460_/Z
Found 0 partially unannotated drivers.

===========================================================================
max slew violation count 49
max fanout violation count 0
max cap violation count 1
============================================================================

===========================================================================
check_setup -verbose -unconstrained_endpoints -multiple_clock -no_clock -no_input_delay -loops -generated_clocks
===========================================================================
