
===========================================================================
report_checks -unconstrained
===========================================================================
======================= nom_tt_025C_5v00 Corner ===================================

Startpoint: _4063_ (rising edge-triggered flip-flop clocked by signal_clock)
Endpoint: _4079_ (rising edge-triggered flip-flop clocked by signal_clock)
Path Group: signal_clock
Path Type: max

Fanout         Cap        Slew       Delay        Time   Description
---------------------------------------------------------------------------------------------
                                  0.000000    0.000000   clock signal_clock (rise edge)
                                  0.000000    0.000000   clock source latency
    19    0.083632    0.000000    0.000000    0.000000 ^ signal_input (in)
                                                         signal_input (net)
                      0.006444    0.002636    0.002636 ^ _4063_/CLK (gf180mcu_fd_sc_mcu7t5v0__dffq_1)
     2    0.009293    0.155896    0.665377    0.668013 v _4063_/Q (gf180mcu_fd_sc_mcu7t5v0__dffq_1)
                                                         tdc_module.measurement_pulse_done_internal_flag (net)
                      0.155896    0.000009    0.668022 v _1906_/I (gf180mcu_fd_sc_mcu7t5v0__clkinv_1)
     6    0.030292    0.528864    0.353428    1.021450 ^ _1906_/ZN (gf180mcu_fd_sc_mcu7t5v0__clkinv_1)
                                                         _1726_ (net)
                      0.528864    0.000006    1.021455 ^ _3398_/A3 (gf180mcu_fd_sc_mcu7t5v0__and3_1)
     5    0.024406    0.470426    0.602394    1.623849 ^ _3398_/Z (gf180mcu_fd_sc_mcu7t5v0__and3_1)
                                                         _1428_ (net)
                      0.470426    0.000204    1.624053 ^ _3404_/A3 (gf180mcu_fd_sc_mcu7t5v0__and3_1)
     5    0.022972    0.462743    0.587010    2.211063 ^ _3404_/Z (gf180mcu_fd_sc_mcu7t5v0__and3_1)
                                                         _1432_ (net)
                      0.462743    0.000093    2.211156 ^ _3410_/A3 (gf180mcu_fd_sc_mcu7t5v0__and3_1)
     5    0.024132    0.466419    0.597680    2.808836 ^ _3410_/Z (gf180mcu_fd_sc_mcu7t5v0__and3_1)
                                                         _1436_ (net)
                      0.466419    0.000167    2.809004 ^ _3414_/A3 (gf180mcu_fd_sc_mcu7t5v0__and3_1)
     4    0.014789    0.335511    0.506541    3.315544 ^ _3414_/Z (gf180mcu_fd_sc_mcu7t5v0__and3_1)
                                                         _1438_ (net)
                      0.335511    0.000029    3.315573 ^ _3423_/A4 (gf180mcu_fd_sc_mcu7t5v0__and4_1)
     5    0.022508    0.475521    0.679952    3.995526 ^ _3423_/Z (gf180mcu_fd_sc_mcu7t5v0__and4_1)
                                                         _1444_ (net)
                      0.475521    0.000087    3.995612 ^ _3428_/A3 (gf180mcu_fd_sc_mcu7t5v0__and3_1)
     3    0.012530    0.301836    0.484056    4.479668 ^ _3428_/Z (gf180mcu_fd_sc_mcu7t5v0__and3_1)
                                                         _1447_ (net)
                      0.301836    0.000031    4.479699 ^ _3430_/A2 (gf180mcu_fd_sc_mcu7t5v0__and2_1)
     3    0.012718    0.281208    0.376598    4.856297 ^ _3430_/Z (gf180mcu_fd_sc_mcu7t5v0__and2_1)
                                                         _1448_ (net)
                      0.281208    0.000024    4.856321 ^ _3433_/A2 (gf180mcu_fd_sc_mcu7t5v0__and2_1)
     3    0.013438    0.290783    0.381655    5.237976 ^ _3433_/Z (gf180mcu_fd_sc_mcu7t5v0__and2_1)
                                                         _1450_ (net)
                      0.290783    0.000044    5.238019 ^ _3436_/A2 (gf180mcu_fd_sc_mcu7t5v0__and2_1)
     3    0.015037    0.316266    0.397686    5.635705 ^ _3436_/Z (gf180mcu_fd_sc_mcu7t5v0__and2_1)
                                                         _1452_ (net)
                      0.316266    0.000043    5.635748 ^ _3439_/A2 (gf180mcu_fd_sc_mcu7t5v0__oai21_1)
     1    0.004101    0.311563    0.156120    5.791869 v _3439_/ZN (gf180mcu_fd_sc_mcu7t5v0__oai21_1)
                                                         _1454_ (net)
                      0.311563    0.000002    5.791871 v _3440_/B (gf180mcu_fd_sc_mcu7t5v0__aoi21_1)
     1    0.002553    0.285031    0.255782    6.047652 ^ _3440_/ZN (gf180mcu_fd_sc_mcu7t5v0__aoi21_1)
                                                         _0325_ (net)
                      0.285031    0.000002    6.047654 ^ _4079_/D (gf180mcu_fd_sc_mcu7t5v0__dffq_1)
                                              6.047654   data arrival time

                               4000.000000 4000.000000   clock signal_clock (rise edge)
                                  0.000000 4000.000000   clock source latency
    19    0.083632    0.000000    0.000000 4000.000000 ^ signal_input (in)
                                                         signal_input (net)
                      0.004237    0.001819 4000.001953 ^ _4079_/CLK (gf180mcu_fd_sc_mcu7t5v0__dffq_1)
                                  0.000000 4000.001953   clock reconvergence pessimism
                                 -0.262258 3999.739502   library setup time
                                           3999.739502   data required time
---------------------------------------------------------------------------------------------
                                           3999.739502   data required time
                                             -6.047654   data arrival time
---------------------------------------------------------------------------------------------
                                           3993.691895   slack (MET)


Startpoint: _4157_ (rising edge-triggered flip-flop clocked by system_clock)
Endpoint: _3894_ (rising edge-triggered flip-flop clocked by system_clock)
Path Group: system_clock
Path Type: max

Fanout         Cap        Slew       Delay        Time   Description
---------------------------------------------------------------------------------------------
                                  0.000000    0.000000   clock system_clock (rise edge)
                                  0.000000    0.000000   clock source latency
   396    1.620453    0.000000    0.000000    0.000000 ^ ext_clk_in (in)
                                                         ext_clk_in (net)
                      0.022121    0.009048    0.009048 ^ _4157_/CLK (gf180mcu_fd_sc_mcu7t5v0__dffq_1)
    37    0.208447    3.379039    2.594756    2.603804 ^ _4157_/Q (gf180mcu_fd_sc_mcu7t5v0__dffq_1)
                                                         i2c_module.RST_I (net)
                      3.379039    0.000521    2.604325 ^ _2038_/I (gf180mcu_fd_sc_mcu7t5v0__clkinv_1)
   194    1.142407   16.094200   11.550967   14.155293 v _2038_/ZN (gf180mcu_fd_sc_mcu7t5v0__clkinv_1)
                                                         _1856_ (net)
                     16.094458    0.048120   14.203412 v _2700_/B (gf180mcu_fd_sc_mcu7t5v0__oai21_1)
    34    0.209738    6.260549    8.014036   22.217447 ^ _2700_/ZN (gf180mcu_fd_sc_mcu7t5v0__oai21_1)
                                                         _0909_ (net)
                      6.260589    0.009006   22.226454 ^ _2760_/C (gf180mcu_fd_sc_mcu7t5v0__aoi211_1)
     1    0.002749    1.712198    0.321661   22.548115 v _2760_/ZN (gf180mcu_fd_sc_mcu7t5v0__aoi211_1)
                                                         _0140_ (net)
                      1.712198    0.000004   22.548119 v _3894_/D (gf180mcu_fd_sc_mcu7t5v0__dffq_1)
                                             22.548119   data arrival time

                                100.000000  100.000000   clock system_clock (rise edge)
                                  0.000000  100.000000   clock source latency
   396    1.620453    0.000000    0.000000  100.000000 ^ ext_clk_in (in)
                                                         ext_clk_in (net)
                      0.014483    0.005926  100.005920 ^ _3894_/CLK (gf180mcu_fd_sc_mcu7t5v0__dffq_1)
                                 -0.500000   99.505920   clock uncertainty
                                  0.000000   99.505920   clock reconvergence pessimism
                                 -0.807687   98.698235   library setup time
                                             98.698235   data required time
---------------------------------------------------------------------------------------------
                                             98.698235   data required time
                                            -22.548119   data arrival time
---------------------------------------------------------------------------------------------
                                             76.150116   slack (MET)




===========================================================================
report_checks --slack_max -0.01
============================================================================
======================= nom_tt_025C_5v00 Corner ===================================

No paths found.


===========================================================================
 report_check_types -max_slew -max_cap -max_fanout -violators
============================================================================
======================= nom_tt_025C_5v00 Corner ===================================

max slew

Pin                                        Limit        Slew       Slack
------------------------------------------------------------------------
_3123_/B                                3.500000   18.120228  -14.620227 (VIOLATED)
_3125_/B                                3.500000   18.120226  -14.620226 (VIOLATED)
_3127_/B                                3.500000   18.120232  -14.620231 (VIOLATED)
_3129_/B                                3.500000   18.120232  -14.620231 (VIOLATED)
_3058_/B                                3.500000   18.120209  -14.620208 (VIOLATED)
_3063_/B                                3.500000   18.120214  -14.620214 (VIOLATED)
_3067_/B                                3.500000   18.120214  -14.620214 (VIOLATED)
_3071_/B                                3.500000   18.120218  -14.620218 (VIOLATED)
_3075_/B                                3.500000   18.120220  -14.620220 (VIOLATED)
_3079_/B                                3.500000   18.120220  -14.620220 (VIOLATED)
_3131_/B                                3.500000   18.120220  -14.620220 (VIOLATED)
_3133_/B                                3.500000   18.120224  -14.620224 (VIOLATED)
_3137_/B                                3.500000   18.120226  -14.620226 (VIOLATED)
_3140_/B                                3.500000   18.120220  -14.620220 (VIOLATED)
_3142_/B                                3.500000   18.120218  -14.620218 (VIOLATED)
_3144_/B                                3.500000   18.120218  -14.620218 (VIOLATED)
_3146_/B                                3.500000   18.120222  -14.620222 (VIOLATED)
_3210_/B                                3.500000   18.120214  -14.620214 (VIOLATED)
_3212_/B                                3.500000   18.120216  -14.620216 (VIOLATED)
_3214_/B                                3.500000   18.120213  -14.620213 (VIOLATED)
_3263_/B                                3.500000   18.120213  -14.620213 (VIOLATED)
_3282_/B                                3.500000   18.120226  -14.620226 (VIOLATED)
_3703_/A1                               3.500000   18.120226  -14.620226 (VIOLATED)
_3705_/C                                3.500000   18.120232  -14.620231 (VIOLATED)
_3708_/B                                3.500000   18.120232  -14.620231 (VIOLATED)
_3710_/B                                3.500000   18.120228  -14.620227 (VIOLATED)
_3713_/B                                3.500000   18.120228  -14.620227 (VIOLATED)
_3718_/B                                3.500000   18.120230  -14.620229 (VIOLATED)
_3265_/B                                3.500000   18.120205  -14.620204 (VIOLATED)
_3276_/B                                3.500000   18.120216  -14.620216 (VIOLATED)
_3278_/B                                3.500000   18.120216  -14.620216 (VIOLATED)
_3280_/B                                3.500000   18.120224  -14.620224 (VIOLATED)
_3073_/B                                3.500000   18.120173  -14.620173 (VIOLATED)
_3077_/B                                3.500000   18.120186  -14.620187 (VIOLATED)
_3081_/B                                3.500000   18.120188  -14.620188 (VIOLATED)
_3148_/B                                3.500000   18.120186  -14.620187 (VIOLATED)
_3197_/B                                3.500000   18.120192  -14.620192 (VIOLATED)
_3199_/B                                3.500000   18.120190  -14.620190 (VIOLATED)
_3201_/B                                3.500000   18.120180  -14.620179 (VIOLATED)
_3203_/B                                3.500000   18.120180  -14.620179 (VIOLATED)
_3208_/B                                3.500000   18.120186  -14.620187 (VIOLATED)
_3135_/B                                3.500000   18.120161  -14.620160 (VIOLATED)
_3150_/B                                3.500000   18.120161  -14.620161 (VIOLATED)
_3191_/B                                3.500000   18.120161  -14.620161 (VIOLATED)
_3193_/B                                3.500000   18.120161  -14.620161 (VIOLATED)
_3195_/B                                3.500000   18.120161  -14.620161 (VIOLATED)
_3205_/B                                3.500000   18.120176  -14.620175 (VIOLATED)
_3218_/B                                3.500000   18.120174  -14.620173 (VIOLATED)
_3216_/B                                3.500000   18.120159  -14.620158 (VIOLATED)
_3259_/B                                3.500000   18.120161  -14.620161 (VIOLATED)
_3261_/B                                3.500000   18.120171  -14.620171 (VIOLATED)
_3267_/B                                3.500000   18.120174  -14.620173 (VIOLATED)
_3269_/B                                3.500000   18.120161  -14.620160 (VIOLATED)
_3271_/B                                3.500000   18.120171  -14.620171 (VIOLATED)
_2700_/B                                3.500000   18.120155  -14.620154 (VIOLATED)
_3273_/B                                3.500000   18.120167  -14.620167 (VIOLATED)
_3284_/B                                3.500000   18.120159  -14.620158 (VIOLATED)
_3061_/B                                3.500000   18.120136  -14.620136 (VIOLATED)
_3065_/B                                3.500000   18.120152  -14.620151 (VIOLATED)
_3069_/B                                3.500000   18.120163  -14.620163 (VIOLATED)
_3220_/B                                3.500000   18.120148  -14.620148 (VIOLATED)
_3222_/B                                3.500000   18.120142  -14.620142 (VIOLATED)
_3286_/B                                3.500000   18.120148  -14.620148 (VIOLATED)
_3288_/B                                3.500000   18.120150  -14.620149 (VIOLATED)
_3290_/B                                3.500000   18.120153  -14.620152 (VIOLATED)
_2123_/B                                3.500000   18.120110  -14.620110 (VIOLATED)
_2129_/B                                3.500000   18.120110  -14.620110 (VIOLATED)
_2132_/B                                3.500000   18.120123  -14.620122 (VIOLATED)
_2135_/B                                3.500000   18.120125  -14.620124 (VIOLATED)
_2141_/B                                3.500000   18.120123  -14.620122 (VIOLATED)
_2144_/B                                3.500000   18.120125  -14.620124 (VIOLATED)
_2147_/B                                3.500000   18.120121  -14.620121 (VIOLATED)
_2150_/B                                3.500000   18.120123  -14.620122 (VIOLATED)
_2153_/B                                3.500000   18.120121  -14.620121 (VIOLATED)
_2156_/B                                3.500000   18.120123  -14.620122 (VIOLATED)
_2159_/B                                3.500000   18.120117  -14.620117 (VIOLATED)
_2162_/B                                3.500000   18.120117  -14.620117 (VIOLATED)
_2165_/B                                3.500000   18.120111  -14.620111 (VIOLATED)
_3152_/B                                3.500000   18.120123  -14.620122 (VIOLATED)
_3154_/B                                3.500000   18.120127  -14.620126 (VIOLATED)
_2168_/B                                3.500000   18.120108  -14.620109 (VIOLATED)
_2171_/B                                3.500000   18.120102  -14.620101 (VIOLATED)
_2114_/B                                3.500000   18.120073  -14.620072 (VIOLATED)
_2117_/B                                3.500000   18.120071  -14.620070 (VIOLATED)
_2120_/B                                3.500000   18.120071  -14.620070 (VIOLATED)
_2126_/B                                3.500000   18.120070  -14.620070 (VIOLATED)
_2138_/B                                3.500000   18.120070  -14.620070 (VIOLATED)
_2174_/B                                3.500000   18.120083  -14.620082 (VIOLATED)
_2180_/B                                3.500000   18.120092  -14.620092 (VIOLATED)
_2183_/B                                3.500000   18.120098  -14.620097 (VIOLATED)
_2177_/B                                3.500000   18.120075  -14.620074 (VIOLATED)
_2195_/B                                3.500000   18.120089  -14.620089 (VIOLATED)
_2186_/B                                3.500000   18.120066  -14.620066 (VIOLATED)
_2189_/B                                3.500000   18.120068  -14.620068 (VIOLATED)
_3084_/B                                3.500000   18.120079  -14.620078 (VIOLATED)
_3086_/B                                3.500000   18.120077  -14.620076 (VIOLATED)
_2192_/B                                3.500000   18.120056  -14.620055 (VIOLATED)
_2198_/B                                3.500000   18.120026  -14.620025 (VIOLATED)
_2201_/B                                3.500000   18.120026  -14.620025 (VIOLATED)
_2223_/B                                3.500000   18.120037  -14.620037 (VIOLATED)
_2243_/B                                3.500000   18.120052  -14.620051 (VIOLATED)
_2249_/B                                3.500000   18.120045  -14.620045 (VIOLATED)
_2240_/B                                3.500000   18.120026  -14.620025 (VIOLATED)
_2246_/B                                3.500000   18.120014  -14.620014 (VIOLATED)
_3157_/B                                3.500000   18.120024  -14.620023 (VIOLATED)
_3159_/B                                3.500000   18.120029  -14.620028 (VIOLATED)
_2204_/B                                3.500000   18.119995  -14.619994 (VIOLATED)
_2207_/B                                3.500000   18.119995  -14.619994 (VIOLATED)
_2220_/B                                3.500000   18.119995  -14.619994 (VIOLATED)
_2228_/B                                3.500000   18.119997  -14.619996 (VIOLATED)
_2237_/B                                3.500000   18.119995  -14.619994 (VIOLATED)
_2210_/B                                3.500000   18.119968  -14.619967 (VIOLATED)
_2213_/B                                3.500000   18.119968  -14.619967 (VIOLATED)
_2233_/B                                3.500000   18.119970  -14.619969 (VIOLATED)
_2235_/B                                3.500000   18.119972  -14.619971 (VIOLATED)
_3089_/B                                3.500000   18.119970  -14.619969 (VIOLATED)
_3167_/B                                3.500000   18.119978  -14.619977 (VIOLATED)
_3171_/B                                3.500000   18.119978  -14.619977 (VIOLATED)
_3174_/B                                3.500000   18.119980  -14.619980 (VIOLATED)
_3176_/B                                3.500000   18.119980  -14.619980 (VIOLATED)
_3178_/B                                3.500000   18.119980  -14.619979 (VIOLATED)
_3180_/B                                3.500000   18.119980  -14.619979 (VIOLATED)
_3182_/B                                3.500000   18.119980  -14.619980 (VIOLATED)
_3184_/B                                3.500000   18.119980  -14.619980 (VIOLATED)
_3186_/B                                3.500000   18.119980  -14.619980 (VIOLATED)
_3188_/B                                3.500000   18.119980  -14.619980 (VIOLATED)
_3225_/B                                3.500000   18.119976  -14.619975 (VIOLATED)
_3227_/B                                3.500000   18.119976  -14.619975 (VIOLATED)
_3231_/B                                3.500000   18.119974  -14.619973 (VIOLATED)
_3233_/B                                3.500000   18.119976  -14.619975 (VIOLATED)
_3237_/B                                3.500000   18.119976  -14.619975 (VIOLATED)
_3239_/B                                3.500000   18.119976  -14.619975 (VIOLATED)
_3242_/B                                3.500000   18.119978  -14.619977 (VIOLATED)
_2215_/B                                3.500000   18.119942  -14.619941 (VIOLATED)
_2217_/B                                3.500000   18.119942  -14.619941 (VIOLATED)
_2225_/B                                3.500000   18.119938  -14.619938 (VIOLATED)
_2230_/B                                3.500000   18.119949  -14.619948 (VIOLATED)
_3680_/B                                3.500000   18.119959  -14.619959 (VIOLATED)
_3682_/B                                3.500000   18.119959  -14.619959 (VIOLATED)
_3685_/B                                3.500000   18.119961  -14.619961 (VIOLATED)
_3688_/C                                3.500000   18.119961  -14.619961 (VIOLATED)
_3690_/B                                3.500000   18.119961  -14.619961 (VIOLATED)
_3694_/A1                               3.500000   18.119961  -14.619961 (VIOLATED)
_3696_/C                                3.500000   18.119961  -14.619961 (VIOLATED)
_3698_/C                                3.500000   18.119963  -14.619963 (VIOLATED)
_3706_/B                                3.500000   18.119963  -14.619963 (VIOLATED)
_3715_/B                                3.500000   18.119963  -14.619963 (VIOLATED)
_3735_/B                                3.500000   18.119953  -14.619952 (VIOLATED)
_3738_/B                                3.500000   18.119953  -14.619954 (VIOLATED)
_3741_/B                                3.500000   18.119955  -14.619955 (VIOLATED)
_3743_/B                                3.500000   18.119951  -14.619950 (VIOLATED)
_3746_/B                                3.500000   18.119949  -14.619948 (VIOLATED)
_2094_/A2                               3.500000   18.119921  -14.619920 (VIOLATED)
_3091_/B                                3.500000   18.119913  -14.619913 (VIOLATED)
_3229_/B                                3.500000   18.119919  -14.619918 (VIOLATED)
_3235_/B                                3.500000   18.119919  -14.619918 (VIOLATED)
_3676_/A3                               3.500000   18.119932  -14.619932 (VIOLATED)
_2432_/B                                3.500000   18.119904  -14.619904 (VIOLATED)
_2443_/B                                3.500000   18.119905  -14.619905 (VIOLATED)
_2446_/C                                3.500000   18.119890  -14.619889 (VIOLATED)
_2442_/A1                               3.500000   18.119850  -14.619850 (VIOLATED)
_2448_/B                                3.500000   18.119854  -14.619854 (VIOLATED)
_3161_/B                                3.500000   18.119864  -14.619864 (VIOLATED)
_3163_/B                                3.500000   18.119864  -14.619864 (VIOLATED)
_2436_/A1                               3.500000   18.119831  -14.619831 (VIOLATED)
_2438_/B                                3.500000   18.119825  -14.619825 (VIOLATED)
_2451_/C                                3.500000   18.119825  -14.619825 (VIOLATED)
_3093_/B                                3.500000   18.119820  -14.619819 (VIOLATED)
_2038_/ZN                               3.500000   18.119762  -14.619761 (VIOLATED)
_2272_/A1                               3.500000   18.119762  -14.619761 (VIOLATED)
_2374_/A2                               3.500000   18.119762  -14.619761 (VIOLATED)
_2375_/A2                               3.500000   18.119762  -14.619761 (VIOLATED)
_2553_/A2                               3.500000   18.119762  -14.619761 (VIOLATED)
_3095_/B                                3.500000   18.119762  -14.619761 (VIOLATED)
_3097_/B                                3.500000   18.119762  -14.619761 (VIOLATED)
_3099_/B                                3.500000   18.119762  -14.619761 (VIOLATED)
_3101_/B                                3.500000   18.119762  -14.619761 (VIOLATED)
_3103_/B                                3.500000   18.119762  -14.619761 (VIOLATED)
_3106_/B                                3.500000   18.119762  -14.619761 (VIOLATED)
_3108_/B                                3.500000   18.119762  -14.619761 (VIOLATED)
_3110_/B                                3.500000   18.119762  -14.619761 (VIOLATED)
_3112_/B                                3.500000   18.119762  -14.619761 (VIOLATED)
_3114_/B                                3.500000   18.119762  -14.619761 (VIOLATED)
_3116_/B                                3.500000   18.119762  -14.619761 (VIOLATED)
_3118_/B                                3.500000   18.119762  -14.619761 (VIOLATED)
_3120_/B                                3.500000   18.119762  -14.619761 (VIOLATED)
_3165_/B                                3.500000   18.119762  -14.619761 (VIOLATED)
_3169_/B                                3.500000   18.119762  -14.619761 (VIOLATED)
_3244_/B                                3.500000   18.119762  -14.619761 (VIOLATED)
_3246_/B                                3.500000   18.119762  -14.619761 (VIOLATED)
_3248_/B                                3.500000   18.119762  -14.619761 (VIOLATED)
_3250_/B                                3.500000   18.119762  -14.619761 (VIOLATED)
_3252_/B                                3.500000   18.119762  -14.619761 (VIOLATED)
_3254_/B                                3.500000   18.119762  -14.619761 (VIOLATED)
_3256_/B                                3.500000   18.119762  -14.619761 (VIOLATED)
_2724_/A1                               3.500000    6.615812   -3.115812 (VIOLATED)
_2739_/A1                               3.500000    6.615813   -3.115813 (VIOLATED)
_2745_/A1                               3.500000    6.615813   -3.115813 (VIOLATED)
_2786_/A1                               3.500000    6.615814   -3.115814 (VIOLATED)
_2713_/A1                               3.500000    6.615808   -3.115808 (VIOLATED)
_2717_/A1                               3.500000    6.615810   -3.115810 (VIOLATED)
_2729_/A1                               3.500000    6.615813   -3.115813 (VIOLATED)
_2754_/A1                               3.500000    6.615811   -3.115811 (VIOLATED)
_2760_/C                                3.500000    6.615811   -3.115811 (VIOLATED)
_2767_/A1                               3.500000    6.615814   -3.115814 (VIOLATED)
_2773_/A1                               3.500000    6.615814   -3.115814 (VIOLATED)
_2781_/A1                               3.500000    6.615814   -3.115814 (VIOLATED)
_2793_/A1                               3.500000    6.615812   -3.115812 (VIOLATED)
_2797_/A1                               3.500000    6.615812   -3.115812 (VIOLATED)
_2700_/ZN                               3.500000    6.615800   -3.115801 (VIOLATED)
_2703_/A1                               3.500000    6.615800   -3.115801 (VIOLATED)
_2707_/A1                               3.500000    6.615802   -3.115802 (VIOLATED)
_2812_/A1                               3.500000    6.615800   -3.115801 (VIOLATED)
_2817_/A1                               3.500000    6.615800   -3.115801 (VIOLATED)
_2825_/A1                               3.500000    6.615800   -3.115801 (VIOLATED)
_2830_/A1                               3.500000    6.615800   -3.115801 (VIOLATED)
_2840_/A1                               3.500000    6.615800   -3.115801 (VIOLATED)
_2846_/A1                               3.500000    6.615800   -3.115801 (VIOLATED)
_2854_/A1                               3.500000    6.615800   -3.115801 (VIOLATED)
_2860_/A1                               3.500000    6.615800   -3.115801 (VIOLATED)
_2871_/A1                               3.500000    6.615800   -3.115801 (VIOLATED)
_2878_/A1                               3.500000    6.615800   -3.115801 (VIOLATED)
_2886_/A1                               3.500000    6.615800   -3.115801 (VIOLATED)
_2892_/A1                               3.500000    6.615800   -3.115801 (VIOLATED)
_2901_/A1                               3.500000    6.615800   -3.115801 (VIOLATED)
_2905_/A1                               3.500000    6.615800   -3.115801 (VIOLATED)
_2914_/A1                               3.500000    6.615800   -3.115801 (VIOLATED)
_2921_/A1                               3.500000    6.615800   -3.115801 (VIOLATED)
_2927_/A1                               3.500000    6.615800   -3.115801 (VIOLATED)
_2929_/A1                               3.500000    6.615800   -3.115801 (VIOLATED)
_2132_/A2                               3.500000    4.978420   -1.478420 (VIOLATED)
_2135_/A2                               3.500000    4.978421   -1.478421 (VIOLATED)
_2141_/A2                               3.500000    4.978420   -1.478420 (VIOLATED)
_2144_/A2                               3.500000    4.978421   -1.478421 (VIOLATED)
_2147_/A2                               3.500000    4.978420   -1.478420 (VIOLATED)
_2150_/A2                               3.500000    4.978420   -1.478420 (VIOLATED)
_2153_/A2                               3.500000    4.978420   -1.478420 (VIOLATED)
_2156_/A2                               3.500000    4.978420   -1.478420 (VIOLATED)
_2159_/A2                               3.500000    4.978419   -1.478419 (VIOLATED)
_2162_/A2                               3.500000    4.978418   -1.478418 (VIOLATED)
_2111_/Z                                3.500000    4.978403   -1.478403 (VIOLATED)
_2114_/A2                               3.500000    4.978403   -1.478403 (VIOLATED)
_2117_/A2                               3.500000    4.978403   -1.478403 (VIOLATED)
_2120_/A2                               3.500000    4.978403   -1.478403 (VIOLATED)
_2123_/A2                               3.500000    4.978403   -1.478403 (VIOLATED)
_2126_/A2                               3.500000    4.978403   -1.478403 (VIOLATED)
_2129_/A2                               3.500000    4.978403   -1.478403 (VIOLATED)
_2138_/A2                               3.500000    4.978403   -1.478403 (VIOLATED)
_2165_/A2                               3.500000    4.978403   -1.478403 (VIOLATED)
_2168_/A2                               3.500000    4.978403   -1.478403 (VIOLATED)
_2171_/A2                               3.500000    4.978403   -1.478403 (VIOLATED)
_2174_/A2                               3.500000    4.978403   -1.478403 (VIOLATED)
_2177_/A2                               3.500000    4.978403   -1.478403 (VIOLATED)
_2180_/A2                               3.500000    4.978403   -1.478403 (VIOLATED)
_2183_/A2                               3.500000    4.978403   -1.478403 (VIOLATED)
_2186_/A2                               3.500000    4.978403   -1.478403 (VIOLATED)
_2189_/A2                               3.500000    4.978403   -1.478403 (VIOLATED)
_2192_/A2                               3.500000    4.978403   -1.478403 (VIOLATED)
_2195_/A2                               3.500000    4.978403   -1.478403 (VIOLATED)
_2198_/A2                               3.500000    4.978403   -1.478403 (VIOLATED)
_2201_/A2                               3.500000    4.978403   -1.478403 (VIOLATED)
_2204_/A2                               3.500000    4.978403   -1.478403 (VIOLATED)
_2207_/A2                               3.500000    4.978403   -1.478403 (VIOLATED)
_2210_/A2                               3.500000    4.978403   -1.478403 (VIOLATED)
_2213_/A2                               3.500000    4.978403   -1.478403 (VIOLATED)
_2215_/A2                               3.500000    4.978403   -1.478403 (VIOLATED)
_2216_/A2                               3.500000    4.978403   -1.478403 (VIOLATED)
_2217_/A2                               3.500000    4.978403   -1.478403 (VIOLATED)
_2218_/A2                               3.500000    4.978403   -1.478403 (VIOLATED)
_2220_/A2                               3.500000    4.978403   -1.478403 (VIOLATED)
_2223_/A2                               3.500000    4.978403   -1.478403 (VIOLATED)
_2225_/A2                               3.500000    4.978403   -1.478403 (VIOLATED)
_2226_/A2                               3.500000    4.978403   -1.478403 (VIOLATED)
_2228_/A2                               3.500000    4.978403   -1.478403 (VIOLATED)
_2230_/A2                               3.500000    4.978403   -1.478403 (VIOLATED)
_2231_/A2                               3.500000    4.978403   -1.478403 (VIOLATED)
_2233_/A2                               3.500000    4.978403   -1.478403 (VIOLATED)
_2235_/A2                               3.500000    4.978403   -1.478403 (VIOLATED)
_2236_/A2                               3.500000    4.978403   -1.478403 (VIOLATED)
_2237_/A2                               3.500000    4.978403   -1.478403 (VIOLATED)
_2238_/A2                               3.500000    4.978403   -1.478403 (VIOLATED)
_2240_/A2                               3.500000    4.978403   -1.478403 (VIOLATED)
_2243_/A2                               3.500000    4.978403   -1.478403 (VIOLATED)
_2246_/A2                               3.500000    4.978403   -1.478403 (VIOLATED)
_2249_/A2                               3.500000    4.978403   -1.478403 (VIOLATED)
_2385_/ZN                               3.500000    4.797744   -1.297744 (VIOLATED)
_2386_/B1                               3.500000    4.797744   -1.297744 (VIOLATED)
_2388_/B1                               3.500000    4.797744   -1.297744 (VIOLATED)
_2390_/B1                               3.500000    4.797744   -1.297744 (VIOLATED)
_2392_/B1                               3.500000    4.797744   -1.297744 (VIOLATED)
_2394_/B1                               3.500000    4.797744   -1.297744 (VIOLATED)
_2396_/B1                               3.500000    4.797744   -1.297744 (VIOLATED)
_2398_/B1                               3.500000    4.797744   -1.297744 (VIOLATED)
_2400_/B1                               3.500000    4.797744   -1.297744 (VIOLATED)
_2404_/A2                               3.500000    4.797744   -1.297744 (VIOLATED)
_2406_/A2                               3.500000    4.797744   -1.297744 (VIOLATED)
_2408_/A2                               3.500000    4.797744   -1.297744 (VIOLATED)
_2410_/A2                               3.500000    4.797744   -1.297744 (VIOLATED)
_2412_/A2                               3.500000    4.797744   -1.297744 (VIOLATED)
_2414_/A2                               3.500000    4.797744   -1.297744 (VIOLATED)
_2416_/A2                               3.500000    4.797744   -1.297744 (VIOLATED)
_2418_/A2                               3.500000    4.797744   -1.297744 (VIOLATED)
_2420_/A2                               3.500000    4.797744   -1.297744 (VIOLATED)
_2272_/ZN                               3.500000    4.754227   -1.254227 (VIOLATED)
_2277_/C                                3.500000    4.754227   -1.254227 (VIOLATED)
_2293_/A1                               3.500000    4.754227   -1.254227 (VIOLATED)
_2317_/A1                               3.500000    4.754227   -1.254227 (VIOLATED)
_2323_/B                                3.500000    4.754227   -1.254227 (VIOLATED)
_2327_/A1                               3.500000    4.754227   -1.254227 (VIOLATED)
_2329_/A1                               3.500000    4.754227   -1.254227 (VIOLATED)
_2348_/C                                3.500000    4.754227   -1.254227 (VIOLATED)
_2352_/A1                               3.500000    4.754227   -1.254227 (VIOLATED)
_2357_/C                                3.500000    4.754227   -1.254227 (VIOLATED)
_2359_/A1                               3.500000    4.754227   -1.254227 (VIOLATED)
_2362_/C                                3.500000    4.754227   -1.254227 (VIOLATED)
_2143_/A2                               3.500000    3.965973   -0.465973 (VIOLATED)
_2146_/A2                               3.500000    3.965973   -0.465973 (VIOLATED)
_2149_/A2                               3.500000    3.965973   -0.465973 (VIOLATED)
_2152_/A2                               3.500000    3.965973   -0.465973 (VIOLATED)
_2155_/A2                               3.500000    3.965973   -0.465973 (VIOLATED)
_2112_/ZN                               3.500000    3.965961   -0.465961 (VIOLATED)
_2113_/A2                               3.500000    3.965961   -0.465961 (VIOLATED)
_2116_/A2                               3.500000    3.965961   -0.465961 (VIOLATED)
_2119_/A2                               3.500000    3.965961   -0.465961 (VIOLATED)
_2122_/A2                               3.500000    3.965961   -0.465961 (VIOLATED)
_2125_/A2                               3.500000    3.965961   -0.465961 (VIOLATED)
_2128_/A2                               3.500000    3.965961   -0.465961 (VIOLATED)
_2131_/A2                               3.500000    3.965961   -0.465961 (VIOLATED)
_2134_/A2                               3.500000    3.965961   -0.465961 (VIOLATED)
_2137_/A2                               3.500000    3.965961   -0.465961 (VIOLATED)
_2140_/A2                               3.500000    3.965961   -0.465961 (VIOLATED)
_2158_/A2                               3.500000    3.965961   -0.465961 (VIOLATED)
_2161_/A2                               3.500000    3.965961   -0.465961 (VIOLATED)
_2164_/A2                               3.500000    3.965961   -0.465961 (VIOLATED)
_2167_/A2                               3.500000    3.965961   -0.465961 (VIOLATED)
_2170_/A2                               3.500000    3.965961   -0.465961 (VIOLATED)
_2173_/A2                               3.500000    3.965961   -0.465961 (VIOLATED)
_2176_/A2                               3.500000    3.965961   -0.465961 (VIOLATED)
_2179_/A2                               3.500000    3.965961   -0.465961 (VIOLATED)
_2182_/A2                               3.500000    3.965961   -0.465961 (VIOLATED)
_2185_/A2                               3.500000    3.965961   -0.465961 (VIOLATED)
_2188_/A2                               3.500000    3.965961   -0.465961 (VIOLATED)
_2191_/A2                               3.500000    3.965961   -0.465961 (VIOLATED)
_2194_/A2                               3.500000    3.965961   -0.465961 (VIOLATED)
_2197_/A2                               3.500000    3.965961   -0.465961 (VIOLATED)
_2200_/A2                               3.500000    3.965961   -0.465961 (VIOLATED)
_2203_/A2                               3.500000    3.965961   -0.465961 (VIOLATED)
_2206_/A2                               3.500000    3.965961   -0.465961 (VIOLATED)
_2209_/A2                               3.500000    3.965961   -0.465961 (VIOLATED)
_2212_/A2                               3.500000    3.965961   -0.465961 (VIOLATED)
_2219_/A2                               3.500000    3.965961   -0.465961 (VIOLATED)
_2222_/A2                               3.500000    3.965961   -0.465961 (VIOLATED)
_2227_/A2                               3.500000    3.965961   -0.465961 (VIOLATED)
_2232_/A2                               3.500000    3.965961   -0.465961 (VIOLATED)
_2239_/A2                               3.500000    3.965961   -0.465961 (VIOLATED)
_2242_/A2                               3.500000    3.965961   -0.465961 (VIOLATED)
_2245_/A2                               3.500000    3.965961   -0.465961 (VIOLATED)
_2248_/A2                               3.500000    3.965961   -0.465961 (VIOLATED)
_3513_/B1                               3.500000    3.960946   -0.460946 (VIOLATED)
_3517_/B1                               3.500000    3.960946   -0.460946 (VIOLATED)
_3522_/B1                               3.500000    3.960946   -0.460946 (VIOLATED)
_3524_/A1                               3.500000    3.960946   -0.460946 (VIOLATED)
_3527_/A1                               3.500000    3.960946   -0.460946 (VIOLATED)
_3529_/A1                               3.500000    3.960946   -0.460946 (VIOLATED)
_3509_/B1                               3.500000    3.960945   -0.460945 (VIOLATED)
_3501_/B1                               3.500000    3.960944   -0.460944 (VIOLATED)
_3505_/B1                               3.500000    3.960944   -0.460944 (VIOLATED)
_3498_/B1                               3.500000    3.960941   -0.460941 (VIOLATED)
_3493_/B1                               3.500000    3.960938   -0.460938 (VIOLATED)
_3463_/ZN                               3.500000    3.960925   -0.460925 (VIOLATED)
_3464_/A2                               3.500000    3.960925   -0.460925 (VIOLATED)
_3468_/B1                               3.500000    3.960925   -0.460925 (VIOLATED)
_3472_/B1                               3.500000    3.960925   -0.460925 (VIOLATED)
_3476_/B1                               3.500000    3.960925   -0.460925 (VIOLATED)
_3479_/B1                               3.500000    3.960925   -0.460925 (VIOLATED)
_3484_/B1                               3.500000    3.960925   -0.460925 (VIOLATED)
_3488_/B1                               3.500000    3.960925   -0.460925 (VIOLATED)
_3532_/A1                               3.500000    3.960925   -0.460925 (VIOLATED)
_3536_/A2                               3.500000    3.960925   -0.460925 (VIOLATED)
_3546_/A2                               3.500000    3.960925   -0.460925 (VIOLATED)
_3549_/B                                3.500000    3.960925   -0.460925 (VIOLATED)

max capacitance

Pin                                        Limit         Cap       Slack
------------------------------------------------------------------------
_2038_/ZN                               0.228400    1.142407   -0.914007 (VIOLATED)
_2700_/ZN                               0.124500    0.209738   -0.085238 (VIOLATED)
_2111_/Z                                0.237800    0.306013   -0.068213 (VIOLATED)
_2385_/ZN                               0.082420    0.101584   -0.019164 (VIOLATED)
_2112_/ZN                               0.212600    0.223826   -0.011226 (VIOLATED)
_3463_/ZN                               0.125100    0.132362   -0.007262 (VIOLATED)



===========================================================================
report_parasitic_annotation -report_unannotated
============================================================================
Found 7 unannotated drivers.
 BPF_OUT
 IN_BPF
 IN_SCHMITT
 JUNCTION
 OTA_IN_M
 RX_IN_N
 RX_IN_P
Found 0 partially unannotated drivers.

===========================================================================
max slew violation count 381
Writing metric design__max_slew_violation__count__corner:nom_tt_025C_5v00: 381
max fanout violation count 0
Writing metric design__max_fanout_violation__count__corner:nom_tt_025C_5v00: 0
max cap violation count 6
Writing metric design__max_cap_violation__count__corner:nom_tt_025C_5v00: 6
============================================================================

===========================================================================
check_setup -verbose -unconstrained_endpoints -multiple_clock -no_clock -no_input_delay -loops -generated_clocks
===========================================================================
