Clock: system_clock
Sources: ext_clk_in 
Generated: no
Virtual: yes
Propagated: no
Period: 100.000000

===========================================================================
report_clock_properties
============================================================================
Clock                   Period          Waveform
----------------------------------------------------
system_clock        100.000000    0.000000 50.000000

===========================================================================
report_clock_latency
============================================================================
Clock system_clock
rise -> rise
    min     max
0.000000 0.000000 source latency
0.003532         network latency _3944_/CLK
        0.030401 network latency _4052_/CLK
---------------
0.003532 0.030401 latency
        0.026869 skew

fall -> fall
    min     max
0.000000 0.000000 source latency
0.003531         network latency _3944_/CLK
        0.030401 network latency _4052_/CLK
---------------
0.003531 0.030401 latency
        0.026869 skew



===========================================================================
report_clock_min_period
============================================================================
system_clock period_min = 23.85 fmax = 41.93
Clock: signal_clock
Sources: signal_input 
Generated: no
Virtual: yes
Propagated: no
Period: 4000.000000

===========================================================================
report_clock_properties
============================================================================
Clock                   Period          Waveform
----------------------------------------------------
signal_clock        4000.000000    0.0000002000.000000

===========================================================================
report_clock_latency
============================================================================
Clock signal_clock
rise -> rise
    min     max
0.000000 0.000000 source latency
0.001655         network latency _4077_/CLK
        0.002641 network latency _4064_/CLK
---------------
0.001655 0.002641 latency
        0.000986 skew

fall -> fall
    min     max
0.000000 0.000000 source latency
0.001592         network latency _4077_/CLK
        0.002728 network latency _4063_/CLK
---------------
0.001592 0.002728 latency
        0.001137 skew



===========================================================================
report_clock_min_period
============================================================================
signal_clock period_min = 6.31 fmax = 158.52
