[WARNING ORD-0039] .openroad ignored with -python
Top-level design name: frequency_counter
Block boundaries: 0 0 422570 458410
Horizontal Tracks Origin: 560, Count: 409, Step: 1120
Vertical Tracks Origin: 560, Count: 377, Step: 1120
Placement details for the E side
Virtual pin count:  0
Actual pin count:  32
Total pin count:  32
Tracks count:  205
Tracks per pin:  6
Used tracks count:  187
Unused track count:  18
Starting track index:  9
Placement details for the W side
Virtual pin count:  0
Actual pin count:  9
Total pin count:  9
Tracks count:  205
Tracks per pin:  22
Used tracks count:  177
Unused track count:  28
Starting track index:  14
