┏━━━━━━━━━━━━━━━━━━━━━━┳━━━━━━━━━━┳━━━━━━━━━━┳━━━━━━━━━━┳━━━━━━━━━━┳━━━━━━━━━━━┳━━━━━━━━━━┳━━━━━━━━━━━┳━━━━━━━━━━┳━━━━━━━━━━━┳━━━━━━━━━━┳━━━━━━━━━━━┳━━━━━━━━━━┓
┃                      ┃ Hold     ┃ Reg to   ┃          ┃          ┃ of which  ┃ Setup    ┃           ┃          ┃           ┃ of which ┃           ┃          ┃
┃                      ┃ Worst    ┃ Reg      ┃          ┃ Hold Vio ┃ reg to    ┃ Worst    ┃ Reg to    ┃ Setup    ┃ Setup Vio ┃ reg to   ┃ Max Cap   ┃ Max Slew ┃
┃ Corner/Group         ┃ Slack    ┃ Paths    ┃ Hold TNS ┃ Count    ┃ reg       ┃ Slack    ┃ Reg Paths ┃ TNS      ┃ Count     ┃ reg      ┃ Violatio… ┃ Violati… ┃
┡━━━━━━━━━━━━━━━━━━━━━━╇━━━━━━━━━━╇━━━━━━━━━━╇━━━━━━━━━━╇━━━━━━━━━━╇━━━━━━━━━━━╇━━━━━━━━━━╇━━━━━━━━━━━╇━━━━━━━━━━╇━━━━━━━━━━━╇━━━━━━━━━━╇━━━━━━━━━━━╇━━━━━━━━━━┩
│ Overall              │ -0.0150  │ -0.0150  │ -0.0150  │ 1        │ 1         │ 68.8642  │ 3989.2363 │ 0.0000   │ 0         │ 0        │ 1         │ 201      │
│ nom_tt_025C_5v00     │ 0.2885   │ 0.2885   │ 0.0000   │ 0        │ 0         │ 73.7811  │ 3994.3350 │ 0.0000   │ 0         │ 0        │ 1         │ 49       │
│ nom_ss_125C_4v50     │ 0.9762   │ 0.9762   │ 0.0000   │ 0        │ 0         │ 68.8642  │ 3989.2363 │ 0.0000   │ 0         │ 0        │ 1         │ 201      │
│ nom_ff_n40C_5v50     │ -0.0150  │ -0.0150  │ -0.0150  │ 1        │ 1         │ 75.9544  │ 3996.5601 │ 0.0000   │ 0         │ 0        │ 1         │ 49       │
└──────────────────────┴──────────┴──────────┴──────────┴──────────┴───────────┴──────────┴───────────┴──────────┴───────────┴──────────┴───────────┴──────────┘
