
===========================================================================
report_checks -unconstrained
===========================================================================
======================= max_ss_125C_4v50 Corner ===================================

Startpoint: RST_I (input port clocked by system_clock)
Endpoint: _879_ (rising edge-triggered flip-flop clocked by system_clock)
Path Group: system_clock
Path Type: max

Fanout         Cap        Slew       Delay        Time   Description
---------------------------------------------------------------------------------------------
                                  0.000000    0.000000   clock system_clock (rise edge)
                                  0.000000    0.000000   clock network delay (propagated)
                                 20.000000   20.000000 ^ input external delay
     1    0.008729    0.000000    0.000000   20.000000 ^ RST_I (in)
                                                         RST_I (net)
                      0.000313    0.000128   20.000128 ^ input10/I (gf180mcu_fd_sc_mcu7t5v0__dlyb_1)
    31    0.254766    6.996237    5.544848   25.544977 ^ input10/Z (gf180mcu_fd_sc_mcu7t5v0__dlyb_1)
                                                         net10 (net)
                      6.996384    0.018197   25.563173 ^ _430_/I (gf180mcu_fd_sc_mcu7t5v0__clkinv_1)
    16    0.139876    4.701236    3.895823   29.458996 v _430_/ZN (gf180mcu_fd_sc_mcu7t5v0__clkinv_1)
                                                         _103_ (net)
                      4.701257    0.005691   29.464687 v _491_/A1 (gf180mcu_fd_sc_mcu7t5v0__nand2_1)
     2    0.010057    1.159590    1.200586   30.665274 ^ _491_/ZN (gf180mcu_fd_sc_mcu7t5v0__nand2_1)
                                                         _155_ (net)
                      1.159590    0.000131   30.665405 ^ _502_/C (gf180mcu_fd_sc_mcu7t5v0__aoi211_1)
     5    0.040378    1.620404    1.199382   31.864788 v _502_/ZN (gf180mcu_fd_sc_mcu7t5v0__aoi211_1)
                                                         _166_ (net)
                      1.620404    0.000327   31.865114 v _505_/B (gf180mcu_fd_sc_mcu7t5v0__oai211_1)
     8    0.100785    5.598436    2.756135   34.621250 ^ _505_/ZN (gf180mcu_fd_sc_mcu7t5v0__oai211_1)
                                                         _169_ (net)
                      5.598436    0.004594   34.625843 ^ _534_/B1 (gf180mcu_fd_sc_mcu7t5v0__aoi22_1)
     1    0.005720    1.559602    0.569674   35.195518 v _534_/ZN (gf180mcu_fd_sc_mcu7t5v0__aoi22_1)
                                                         _013_ (net)
                      1.559602    0.000124   35.195641 v _879_/D (gf180mcu_fd_sc_mcu7t5v0__dffq_1)
                                             35.195641   data arrival time

                                100.000000  100.000000   clock system_clock (rise edge)
                                  0.000000  100.000000   clock source latency
     1    0.039376    0.000000    0.000000  100.000000 ^ CLK_I (in)
                                                         CLK_I (net)
                      0.004409    0.001805  100.001801 ^ clkbuf_0_CLK_I/I (gf180mcu_fd_sc_mcu7t5v0__clkbuf_16)
     8    0.217057    0.461926    0.583192  100.584991 ^ clkbuf_0_CLK_I/Z (gf180mcu_fd_sc_mcu7t5v0__clkbuf_16)
                                                         clknet_0_CLK_I (net)
                      0.461950    0.005102  100.590096 ^ clkbuf_3_6__f_CLK_I/I (gf180mcu_fd_sc_mcu7t5v0__clkbuf_16)
    13    0.069066    0.234922    0.527194  101.117287 ^ clkbuf_3_6__f_CLK_I/Z (gf180mcu_fd_sc_mcu7t5v0__clkbuf_16)
                                                         clknet_3_6__leaf_CLK_I (net)
                      0.234922    0.000533  101.117821 ^ _879_/CLK (gf180mcu_fd_sc_mcu7t5v0__dffq_1)
                                 -0.500000  100.617821   clock uncertainty
                                  0.000000  100.617821   clock reconvergence pessimism
                                 -0.927582   99.690247   library setup time
                                             99.690247   data required time
---------------------------------------------------------------------------------------------
                                             99.690247   data required time
                                            -35.195641   data arrival time
---------------------------------------------------------------------------------------------
                                             64.494598   slack (MET)




===========================================================================
report_checks --slack_max -0.01
============================================================================
======================= max_ss_125C_4v50 Corner ===================================

No paths found.


===========================================================================
 report_check_types -max_slew -max_cap -max_fanout -violators
============================================================================
======================= max_ss_125C_4v50 Corner ===================================

max capacitance

Pin                                        Limit         Cap       Slack
------------------------------------------------------------------------
input10/Z                               0.246600    0.254766   -0.008166 (VIOLATED)
_681_/ZN                                0.058450    0.061039   -0.002589 (VIOLATED)



===========================================================================
report_parasitic_annotation -report_unannotated
============================================================================
Found 9 unannotated drivers.
 ERR_I
 RTY_I
 clkload0/ZN
 clkload1/ZN
 clkload2/ZN
 clkload3/ZN
 clkload4/ZN
 clkload5/Z
 clkload6/Z
Found 0 partially unannotated drivers.

===========================================================================
max slew violation count 0
max fanout violation count 0
max cap violation count 2
============================================================================

===========================================================================
check_setup -verbose -unconstrained_endpoints -multiple_clock -no_clock -no_input_delay -loops -generated_clocks
===========================================================================
