Clock: system_clock
Sources: CLK_I 
Generated: no
Virtual: yes
Propagated: no
Period: 100.000000

===========================================================================
report_clock_properties
============================================================================
Clock                   Period          Waveform
----------------------------------------------------
system_clock        100.000000    0.000000 50.000000

===========================================================================
report_clock_latency
============================================================================
Clock system_clock
rise -> rise
    min     max
0.000000 0.000000 source latency
1.108503         network latency _827_/CLK
        1.128366 network latency _894_/CLK
---------------
1.108503 1.128366 latency
        0.019862 skew

fall -> fall
    min     max
0.000000 0.000000 source latency
1.120466         network latency _827_/CLK
        1.141860 network latency _894_/CLK
---------------
1.120466 1.141860 latency
        0.021394 skew



===========================================================================
report_clock_min_period
============================================================================
system_clock period_min = 15.68 fmax = 63.78
