Reading timing models for corner nom_tt_025C_5v00…
Reading timing library for the 'nom_tt_025C_5v00' corner at '/foss/pdks/gf180mcuD/libs.ref/gf180mcu_fd_sc_mcu7t5v0/lib/gf180mcu_fd_sc_mcu7t5v0__tt_025C_5v00.lib'…
Reading OpenROAD database at '/foss/designs/acoustic-ranger-dvl-processor/layout/digital/TDC/runs/RUN_2026-08-31_14-43-30/37-openroad-resizertimingpostcts/frequency_counter.odb'…
Reading design constraints file at '/foss/designs/acoustic-ranger-dvl-processor/layout/digital/TDC/constraint.sdc'…
[INFO] No information on clock propagation in input SDC file-- propagating all clocks.
[INFO] Setting signal min routing layer to: Metal2 and clock min routing layer to Metal2. 
[INFO] Setting signal max routing layer to: Metal5 and clock max routing layer to Metal5. 
+ global_route -congestion_iterations 50 -verbose
[INFO GRT-0020] Min routing layer: Metal2
[INFO GRT-0021] Max routing layer: Metal5
[INFO GRT-0022] Global adjustment: 30%
[INFO GRT-0023] Grid origin: (0, 0)
[INFO GRT-0088] Layer Metal1  Track-Pitch = 0.5600  line-2-Via Pitch: 0.4750
[INFO GRT-0088] Layer Metal2  Track-Pitch = 0.5600  line-2-Via Pitch: 0.5600
[INFO GRT-0088] Layer Metal3  Track-Pitch = 0.5600  line-2-Via Pitch: 0.5600
[INFO GRT-0088] Layer Metal4  Track-Pitch = 0.5600  line-2-Via Pitch: 0.5600
[INFO GRT-0088] Layer Metal5  Track-Pitch = 0.9000  line-2-Via Pitch: 0.8200
[INFO GRT-0003] Macros: 0
[INFO GRT-0004] Blockages: 0
[INFO GRT-0019] Found 82 clock nets.
[INFO GRT-0001] Minimum degree: 2
[INFO GRT-0002] Maximum degree: 48

[INFO GRT-0053] Routing resources analysis:
          Routing      Original      Derated      Resource
Layer     Direction    Resources     Resources    Reduction (%)
---------------------------------------------------------------
Metal1     Horizontal          0             0          0.00%
Metal2     Vertical         9514          6334          33.42%
Metal3     Horizontal       9708          6456          33.50%
Metal4     Vertical         9508          6330          33.42%
Metal5     Horizontal       5880          3936          33.06%
---------------------------------------------------------------

[INFO GRT-0197] Via related to pin nodes: 5518
[INFO GRT-0198] Via related Steiner nodes: 88
[INFO GRT-0199] Via filling finished.
[INFO GRT-0111] Final number of vias: 6768
[INFO GRT-0112] Final usage 3D: 24376

[INFO GRT-0096] Final congestion report:
Layer         Resource        Demand        Usage (%)    Max H / Max V / Total Overflow
---------------------------------------------------------------------------------------
Metal1               0             0            0.00%             0 /  0 /  0
Metal2            6334          2094           33.06%             0 /  0 /  0
Metal3            6456          1871           28.98%             0 /  0 /  0
Metal4            6330            78            1.23%             0 /  0 /  0
Metal5            3936            29            0.74%             0 /  0 /  0
---------------------------------------------------------------------------------------
Total            23056          4072           17.66%             0 /  0 /  0

[INFO GRT-0018] Total wirelength: 54658 um
[INFO GRT-0014] Routed nets: 963
[INFO GRT-0303] Global routing runtime = 00:00:00
Setting global connections for newly added cells…
[INFO] Setting global connections...
[INFO ODB-0403] 0 connections made, 0 conflicts skipped.
Updating metrics…
Cell type report:                       Count       Area
  Endcap cell                             100     439.04
  Tap cell                                260    1141.50
  Tie cell                                  1       8.78
  Buffer                                    6      79.03
  Clock buffer                             27    1804.45
  Timing Repair Buffer                    101    4675.78
  Inverter                                 49     434.65
  Clock inverter                           13     245.86
  Sequential cell                         166   10567.69
  Multi-Input combinational cell          593   10429.40
  Total                                  1316   29826.18
Writing OpenROAD database to '/foss/designs/acoustic-ranger-dvl-processor/layout/digital/TDC/runs/RUN_2026-08-31_14-43-30/39-openroad-globalrouting/frequency_counter.odb'…
Writing layout to '/foss/designs/acoustic-ranger-dvl-processor/layout/digital/TDC/runs/RUN_2026-08-31_14-43-30/39-openroad-globalrouting/frequency_counter.def'…
